Source compile order for 'synthesis' with fileset 'sources_1' in source management mode 'None':
Index  File Name                 Used_In      File_Type  Library         Ngc Wrapper  Full Path Name
-----  ------------------------  -----------  ---------  --------------  -----------  -----------------------------------------------------------------------------------------------------------------------------------------


Constraint evaluation order for 'synthesis' with fileset 'sources_1' & with fileset 'constrs_1':
Index  File Name  Used_In  Scoped_To_Ref  Scoped_To_Cells  Processing_Order  Out_Of_Context  Full Path Name
-----  ---------  -------  -------------  ---------------  ----------------  --------------  --------------
< empty >


Constraint evaluation order for XPM Libraries. 
Index  File Name  Used_In  Scoped_To_Ref  Scoped_To_Cells  Processing_Order  Out_Of_Context  Full Path Name
-----  ---------  -------  -------------  ---------------  ----------------  --------------  --------------
< empty >


Missing instances for 'synthesis' with fileset 'sources_1':
< empty >


