#-----------------------------------------------------------
# Vivado v2020.2 (64-bit)
# SW Build 3064766 on Wed Nov 18 09:12:45 MST 2020
# IP Build 3064653 on Wed Nov 18 14:17:31 MST 2020
# Start of session at: Mon Sep 14 13:59:35 2026
# Process ID: 76152
# Current directory: C:/project/RTDS/DDR/RTDS_test_DDR4_64bit_batch_dev/regression/v201_runs/1g
# Command line: vivado.exe -mode batch -source C:\project\RTDS\DDR\RTDS_test_DDR4_64bit_batch_dev/regression/batch_1g/run_modules.tcl -tclargs 1g
# Log file: C:/project/RTDS/DDR/RTDS_test_DDR4_64bit_batch_dev/regression/v201_runs/1g/vivado.log
# Journal file: C:/project/RTDS/DDR/RTDS_test_DDR4_64bit_batch_dev/regression/v201_runs/1g\vivado.jou
#-----------------------------------------------------------
source {C:\project\RTDS\DDR\RTDS_test_DDR4_64bit_batch_dev/regression/batch_1g/run_modules.tcl}
# set root [file normalize [file join [file dirname [info script]] ../..]]
# set selected [lindex $argv 0]
# if {$selected ni {1g ring axi}} {error "expected 1g/ring/axi"}
# create_project -in_memory -part xcku040-ffva1156-2-e
# set_property XPM_LIBRARIES {XPM_CDC XPM_FIFO} [current_project]
# add_files [glob $root/rtl/rtds_*.v]
# if {$selected eq "axi"} {
#  add_files [file join $root RTDS_test_DDR4_64bit.srcs sources_1 new CONV_DMA.v]
#  add_files [file join $root rtl ddr4 rtds_axi_ram_model.sv]
# }
# add_files -fileset sim_1 [file join $root regression batch_1g rtds_${selected}_test_if.sv]
# add_files -fileset sim_1 [file join $root regression batch_1g tb_rtds_${selected}.sv]
# set_property top tb_rtds_${selected} [get_filesets sim_1]
# set_property xsim.simulate.runtime all [get_filesets sim_1]
# launch_simulation -mode behavioral
ERROR: [Common 17-53] User Exception: No open project. Please use Save Project As to save your work and re-do this operation.

INFO: [Common 17-206] Exiting Vivado at Mon Sep 14 13:59:42 2026...
