#-----------------------------------------------------------
# Vivado v2020.2 (64-bit)
# SW Build 3064766 on Wed Nov 18 09:12:45 MST 2020
# IP Build 3064653 on Wed Nov 18 14:17:31 MST 2020
# Start of session at: Mon Sep 14 14:00:56 2026
# Process ID: 88896
# Current directory: C:/project/RTDS/DDR/RTDS_test_DDR4_64bit_batch_dev/regression/v201_runs/1g
# Command line: vivado.exe -mode batch -source C:\project\RTDS\DDR\RTDS_test_DDR4_64bit_batch_dev/regression/batch_1g/run_modules.tcl -tclargs 1g
# Log file: C:/project/RTDS/DDR/RTDS_test_DDR4_64bit_batch_dev/regression/v201_runs/1g/vivado.log
# Journal file: C:/project/RTDS/DDR/RTDS_test_DDR4_64bit_batch_dev/regression/v201_runs/1g\vivado.jou
#-----------------------------------------------------------
source {C:\project\RTDS\DDR\RTDS_test_DDR4_64bit_batch_dev/regression/batch_1g/run_modules.tcl}
# set root [file normalize [file join [file dirname [info script]] ../..]]
# set selected [lindex $argv 0]
# if {$selected ni {1g ring axi}} {error "expected 1g/ring/axi"}
# create_project -force module_test ./project -part xcku040-ffva1156-2-e
INFO: [ProjectBase 1-489] The host OS only allows 260 characters in a normal path. The project is stored in a path with more than 80 characters. If you experience issues with IP, Block Designs, or files not being found, please consider moving the project to a location with a shorter path. Alternately consider using the OS subst command to map part of the path to a drive letter.
Current project path is 'C:/project/RTDS/DDR/RTDS_test_DDR4_64bit_batch_dev/regression/v201_runs/1g/project'
create_project: Time (s): cpu = 00:00:03 ; elapsed = 00:00:05 . Memory (MB): peak = 1110.711 ; gain = 0.000
# set_property XPM_LIBRARIES {XPM_CDC XPM_FIFO} [current_project]
# add_files [glob $root/rtl/rtds_*.v]
# if {$selected eq "axi"} {
#  add_files [file join $root RTDS_test_DDR4_64bit.srcs sources_1 new CONV_DMA.v]
#  add_files [file join $root rtl ddr4 rtds_axi_ram_model.sv]
# }
# add_files -fileset sim_1 [file join $root regression batch_1g rtds_${selected}_test_if.sv]
# add_files -fileset sim_1 [file join $root regression batch_1g tb_rtds_${selected}.sv]
# set_property top tb_rtds_${selected} [get_filesets sim_1]
# set_property xsim.simulate.runtime all [get_filesets sim_1]
# launch_simulation -mode behavioral
Command: launch_simulation -mode behavioral
INFO: [Vivado 12-5682] Launching behavioral simulation in 'C:/project/RTDS/DDR/RTDS_test_DDR4_64bit_batch_dev/regression/v201_runs/1g/project/module_test.sim/sim_1/behav/xsim'
INFO: [SIM-utils-51] Simulation object is 'sim_1'
INFO: [USF-XSim-7] Finding pre-compiled libraries...
INFO: [USF-XSim-11] File 'C:/Xilinx/Vivado/2020.2/data/xsim/xsim.ini' copied to run dir:'C:/project/RTDS/DDR/RTDS_test_DDR4_64bit_batch_dev/regression/v201_runs/1g/project/module_test.sim/sim_1/behav/xsim'
INFO: [SIM-utils-54] Inspecting design source files for 'tb_rtds_1g' in fileset 'sim_1'...
INFO: [USF-XSim-97] Finding global include files...
INFO: [USF-XSim-98] Fetching design files from 'sim_1'...
INFO: [USF-XSim-2] XSim::Compile design
INFO: [USF-XSim-61] Executing 'COMPILE and ANALYZE' step in 'C:/project/RTDS/DDR/RTDS_test_DDR4_64bit_batch_dev/regression/v201_runs/1g/project/module_test.sim/sim_1/behav/xsim'
"xvlog --incr --relax -L uvm -prj tb_rtds_1g_vlog.prj"
INFO: [VRFC 10-2263] Analyzing Verilog file "C:/project/RTDS/DDR/RTDS_test_DDR4_64bit_batch_dev/rtl/rtds_1g_periodic_tx.v" into library xil_defaultlib
INFO: [VRFC 10-311] analyzing module RTDS_1G_PERIODIC_TX
INFO: [VRFC 10-2263] Analyzing Verilog file "C:/project/RTDS/DDR/RTDS_test_DDR4_64bit_batch_dev/rtl/rtds_fpga_cfg_cdc.v" into library xil_defaultlib
INFO: [VRFC 10-311] analyzing module RTDS_FPGA_CFG_CDC
INFO: [VRFC 10-2263] Analyzing Verilog file "C:/project/RTDS/DDR/RTDS_test_DDR4_64bit_batch_dev/rtl/rtds_fpga_reset_sync.v" into library xil_defaultlib
INFO: [VRFC 10-311] analyzing module RTDS_FPGA_RESET_SYNC
INFO: [VRFC 10-2263] Analyzing SystemVerilog file "C:/project/RTDS/DDR/RTDS_test_DDR4_64bit_batch_dev/regression/batch_1g/rtds_1g_test_if.sv" into library xil_defaultlib
INFO: [VRFC 10-2263] Analyzing SystemVerilog file "C:/project/RTDS/DDR/RTDS_test_DDR4_64bit_batch_dev/regression/batch_1g/tb_rtds_1g.sv" into library xil_defaultlib
INFO: [VRFC 10-311] analyzing module tb_rtds_1g
INFO: [VRFC 10-2263] Analyzing Verilog file "C:/project/RTDS/DDR/RTDS_test_DDR4_64bit_batch_dev/regression/v201_runs/1g/project/module_test.sim/sim_1/behav/xsim/glbl.v" into library xil_defaultlib
INFO: [VRFC 10-311] analyzing module glbl
INFO: [USF-XSim-69] 'compile' step finished in '1' seconds
INFO: [USF-XSim-3] XSim::Elaborate design
INFO: [USF-XSim-61] Executing 'ELABORATE' step in 'C:/project/RTDS/DDR/RTDS_test_DDR4_64bit_batch_dev/regression/v201_runs/1g/project/module_test.sim/sim_1/behav/xsim'
"xelab -wto 3c938ffb0e764bc987e723e94006f91b --incr --debug typical --relax --mt 2 -L xil_defaultlib -L uvm -L unisims_ver -L unimacro_ver -L secureip -L xpm --snapshot tb_rtds_1g_behav xil_defaultlib.tb_rtds_1g xil_defaultlib.glbl -log elaborate.log"
Vivado Simulator 2020.2
Copyright 1986-1999, 2001-2020 Xilinx, Inc. All Rights Reserved.
Running: C:/Xilinx/Vivado/2020.2/bin/unwrapped/win64.o/xelab.exe -wto 3c938ffb0e764bc987e723e94006f91b --incr --debug typical --relax --mt 2 -L xil_defaultlib -L uvm -L unisims_ver -L unimacro_ver -L secureip -L xpm --snapshot tb_rtds_1g_behav xil_defaultlib.tb_rtds_1g xil_defaultlib.glbl -log elaborate.log 
Using 2 slave threads.
Starting static elaboration
Pass Through NonSizing Optimizer
Completed static elaboration
Starting simulation data flow analysis
Completed simulation data flow analysis
Time Resolution for simulation is 1ps
Compiling module xil_defaultlib.src_drv_cb
Compiling module xil_defaultlib.tx_drv_cb
Compiling module xil_defaultlib.tx_mon_cb
Compiling module xil_defaultlib.rtds_1g_test_if
Compiling module xpm.xpm_cdc_async_rst(INIT_SYNC_FF=1...
Compiling module xil_defaultlib.RTDS_FPGA_RESET_SYNC
Compiling module xpm.xpm_cdc_single(INIT_SYNC_FF=1,SR...
Compiling module xpm.xpm_cdc_handshake(INIT_SYNC_FF=1...
Compiling module xil_defaultlib.RTDS_FPGA_CFG_CDC
Compiling module xil_defaultlib.RTDS_1G_PERIODIC_TX
Compiling module xil_defaultlib.tb_rtds_1g
Compiling module xil_defaultlib.glbl
Built simulation snapshot tb_rtds_1g_behav

****** Webtalk v2020.2 (64-bit)
  **** SW Build 3064766 on Wed Nov 18 09:12:45 MST 2020
  **** IP Build 3064653 on Wed Nov 18 14:17:31 MST 2020
    ** Copyright 1986-2020 Xilinx, Inc. All Rights Reserved.

source C:/project/RTDS/DDR/RTDS_test_DDR4_64bit_batch_dev/regression/v201_runs/1g/project/module_test.sim/sim_1/behav/xsim/xsim.dir/tb_rtds_1g_behav/webtalk/xsim_webtalk.tcl -notrace
INFO: [Common 17-206] Exiting Webtalk at Mon Sep 14 14:01:14 2026...
run_program: Time (s): cpu = 00:00:00 ; elapsed = 00:00:06 . Memory (MB): peak = 1110.711 ; gain = 0.000
INFO: [USF-XSim-69] 'elaborate' step finished in '6' seconds
INFO: [USF-XSim-4] XSim::Simulate design
INFO: [USF-XSim-61] Executing 'SIMULATE' step in 'C:/project/RTDS/DDR/RTDS_test_DDR4_64bit_batch_dev/regression/v201_runs/1g/project/module_test.sim/sim_1/behav/xsim'
INFO: [USF-XSim-98] *** Running xsim
   with args "tb_rtds_1g_behav -key {Behavioral:sim_1:Functional:tb_rtds_1g} -tclbatch {tb_rtds_1g.tcl} -log {simulate.log}"
INFO: [USF-XSim-8] Loading simulator feature
Vivado Simulator 2020.2
Time resolution is 1 ps
source tb_rtds_1g.tcl
## current_wave_config
TEST PASS tb_rtds_1g completed_frames=60
$finish called at time : 283920 ns : File "C:/project/RTDS/DDR/RTDS_test_DDR4_64bit_batch_dev/regression/batch_1g/tb_rtds_1g.sv" Line 135
INFO: [USF-XSim-96] XSim completed. Design snapshot 'tb_rtds_1g_behav' loaded.
INFO: [USF-XSim-97] XSim simulation ran for all
launch_simulation: Time (s): cpu = 00:00:00 ; elapsed = 00:00:12 . Memory (MB): peak = 1110.711 ; gain = 0.000
# close_sim
INFO: [Simtcl 6-16] Simulation closed
close_sim: Time (s): cpu = 00:00:00 ; elapsed = 00:00:05 . Memory (MB): peak = 1110.711 ; gain = 0.000
# close_project
INFO: [Common 17-206] Exiting Vivado at Mon Sep 14 14:01:21 2026...
