Copyright 1986-2020 Xilinx, Inc. All Rights Reserved.
-----------------------------------------------------------------------------------------------------------------------------------------
| Tool Version : Vivado v.2020.2 (win64) Build 3064766 Wed Nov 18 09:12:45 MST 2020
| Date         : Tue Sep 15 17:11:21 2026
| Host         : DESKTOP-H0AB0MD running 64-bit major release  (build 9200)
| Command      : report_utilization -file TOP_AXI_DDR4_FULL_BIST_utilization_placed.rpt -pb TOP_AXI_DDR4_FULL_BIST_utilization_placed.pb
| Design       : TOP_AXI_DDR4_FULL_BIST
| Device       : xcku040ffva1156-2
| Design State : Fully Placed
-----------------------------------------------------------------------------------------------------------------------------------------

Utilization Design Information

Table of Contents
-----------------
1. CLB Logic
1.1 Summary of Registers by Type
2. CLB Logic Distribution
3. BLOCKRAM
4. ARITHMETIC
5. I/O
6. CLOCK
7. ADVANCED
8. CONFIGURATION
9. Primitives
10. Black Boxes
11. Instantiated Netlists

1. CLB Logic
------------

+----------------------------+-------+-------+-----------+-------+
|          Site Type         |  Used | Fixed | Available | Util% |
+----------------------------+-------+-------+-----------+-------+
| CLB LUTs                   | 19742 |     0 |    242400 |  8.14 |
|   LUT as Logic             | 17838 |     0 |    242400 |  7.36 |
|   LUT as Memory            |  1904 |     0 |    112800 |  1.69 |
|     LUT as Distributed RAM |   848 |     0 |           |       |
|     LUT as Shift Register  |  1056 |     0 |           |       |
| CLB Registers              | 25627 |     2 |    484800 |  5.29 |
|   Register as Flip Flop    | 25626 |     2 |    484800 |  5.29 |
|   Register as Latch        |     0 |     0 |    484800 |  0.00 |
|   Register as AND/OR       |     1 |     0 |    484800 | <0.01 |
| CARRY8                     |   178 |     0 |     30300 |  0.59 |
| F7 Muxes                   |   536 |     0 |    121200 |  0.44 |
| F8 Muxes                   |   110 |     0 |     60600 |  0.18 |
| F9 Muxes                   |     0 |     0 |     30300 |  0.00 |
+----------------------------+-------+-------+-----------+-------+


1.1 Summary of Registers by Type
--------------------------------

+-------+--------------+-------------+--------------+
| Total | Clock Enable | Synchronous | Asynchronous |
+-------+--------------+-------------+--------------+
| 1     |            _ |           - |            - |
| 0     |            _ |           - |          Set |
| 0     |            _ |           - |        Reset |
| 0     |            _ |         Set |            - |
| 0     |            _ |       Reset |            - |
| 0     |          Yes |           - |            - |
| 43    |          Yes |           - |          Set |
| 196   |          Yes |           - |        Reset |
| 426   |          Yes |         Set |            - |
| 24961 |          Yes |       Reset |            - |
+-------+--------------+-------------+--------------+


2. CLB Logic Distribution
-------------------------

+--------------------------------------------+-------+-------+-----------+-------+
|                  Site Type                 |  Used | Fixed | Available | Util% |
+--------------------------------------------+-------+-------+-----------+-------+
| CLB                                        |  4419 |     0 |     30300 | 14.58 |
|   CLBL                                     |  2214 |     0 |           |       |
|   CLBM                                     |  2205 |     0 |           |       |
| LUT as Logic                               | 17838 |     0 |    242400 |  7.36 |
|   using O5 output only                     |   421 |       |           |       |
|   using O6 output only                     | 12276 |       |           |       |
|   using O5 and O6                          |  5141 |       |           |       |
| LUT as Memory                              |  1904 |     0 |    112800 |  1.69 |
|   LUT as Distributed RAM                   |   848 |     0 |           |       |
|     using O5 output only                   |     0 |       |           |       |
|     using O6 output only                   |     0 |       |           |       |
|     using O5 and O6                        |   848 |       |           |       |
|   LUT as Shift Register                    |  1056 |     0 |           |       |
|     using O5 output only                   |     0 |       |           |       |
|     using O6 output only                   |   625 |       |           |       |
|     using O5 and O6                        |   431 |       |           |       |
| CLB Registers                              | 25627 |     0 |    484800 |  5.29 |
|   Register driven from within the CLB      | 14473 |       |           |       |
|   Register driven from outside the CLB     | 11154 |       |           |       |
|     LUT in front of the register is unused |  8257 |       |           |       |
|     LUT in front of the register is used   |  2897 |       |           |       |
| Unique Control Sets                        |   900 |       |     60600 |  1.49 |
+--------------------------------------------+-------+-------+-----------+-------+
* * Note: Available Control Sets calculated as Slices * 2, Review the Control Sets Report for more information regarding control sets.


3. BLOCKRAM
-----------

+-------------------+------+-------+-----------+-------+
|     Site Type     | Used | Fixed | Available | Util% |
+-------------------+------+-------+-----------+-------+
| Block RAM Tile    | 63.5 |     0 |       600 | 10.58 |
|   RAMB36/FIFO*    |   63 |     0 |       600 | 10.50 |
|     RAMB36E2 only |   63 |       |           |       |
|   RAMB18          |    1 |     0 |      1200 |  0.08 |
|     RAMB18E2 only |    1 |       |           |       |
+-------------------+------+-------+-----------+-------+
* Note: Each Block RAM Tile only has one FIFO logic available and therefore can accommodate only one FIFO36E2 or one FIFO18E2. However, if a FIFO18E2 occupies a Block RAM Tile, that tile can still accommodate a RAMB18E2


4. ARITHMETIC
-------------

+----------------+------+-------+-----------+-------+
|    Site Type   | Used | Fixed | Available | Util% |
+----------------+------+-------+-----------+-------+
| DSPs           |    3 |     0 |      1920 |  0.16 |
|   DSP48E2 only |    3 |       |           |       |
+----------------+------+-------+-----------+-------+


5. I/O
------

+------------------+------+-------+-----------+-------+
|     Site Type    | Used | Fixed | Available | Util% |
+------------------+------+-------+-----------+-------+
| Bonded IOB       |  120 |   120 |       520 | 23.08 |
| HPIOB            |  120 |   120 |       416 | 28.85 |
|   INPUT          |    3 |       |           |       |
|   OUTPUT         |   29 |       |           |       |
|   BIDIR          |   88 |       |           |       |
| HRIO             |    0 |     0 |       104 |  0.00 |
| HPIOBDIFFINBUF   |    9 |     9 |       192 |  4.69 |
|   DIFFINBUF      |    9 |     9 |           |       |
| HPIOBDIFFOUTBUF  |    0 |     0 |       192 |  0.00 |
| HRIODIFFINBUF    |    0 |     0 |        48 |  0.00 |
| HRIODIFFOUTBUF   |    0 |     0 |        48 |  0.00 |
| BITSLICE_CONTROL |   22 |     0 |        80 | 27.50 |
| BITSLICE_RX_TX   |  105 |   105 |       520 | 20.19 |
|   RXTX_BITSLICE  |  105 |   105 |           |       |
| BITSLICE_TX      |   22 |     0 |        80 | 27.50 |
| RIU_OR           |   11 |     0 |        40 | 27.50 |
+------------------+------+-------+-----------+-------+


6. CLOCK
--------

+----------------------+------+-------+-----------+-------+
|       Site Type      | Used | Fixed | Available | Util% |
+----------------------+------+-------+-----------+-------+
| GLOBAL CLOCK BUFFERs |    5 |     0 |       480 |  1.04 |
|   BUFGCE             |    5 |     0 |       240 |  2.08 |
|   BUFGCE_DIV         |    0 |     0 |        40 |  0.00 |
|   BUFG_GT            |    0 |     0 |       120 |  0.00 |
|   BUFGCTRL*          |    0 |     0 |        80 |  0.00 |
| PLLE3_ADV            |    3 |     0 |        20 | 15.00 |
| MMCME3_ADV           |    1 |     1 |        10 | 10.00 |
+----------------------+------+-------+-----------+-------+
* Note: Each used BUFGCTRL counts as two GLOBAL CLOCK BUFFERs. This table does not include global clocking resources, only buffer cell usage. See the Clock Utilization Report (report_clock_utilization) for detailed accounting of global clocking resource availability.


7. ADVANCED
-----------

+-----------------+------+-------+-----------+-------+
|    Site Type    | Used | Fixed | Available | Util% |
+-----------------+------+-------+-----------+-------+
| GTHE3_CHANNEL   |    0 |     0 |        20 |  0.00 |
| GTHE3_COMMON    |    0 |     0 |         5 |  0.00 |
| IBUFDS_GTE3     |    0 |     0 |        10 |  0.00 |
| OBUFDS_GTE3     |    0 |     0 |        10 |  0.00 |
| OBUFDS_GTE3_ADV |    0 |     0 |        10 |  0.00 |
| PCIE_3_1        |    0 |     0 |         3 |  0.00 |
| SYSMONE1        |    0 |     0 |         1 |  0.00 |
+-----------------+------+-------+-----------+-------+


8. CONFIGURATION
----------------

+-------------+------+-------+-----------+-------+
|  Site Type  | Used | Fixed | Available | Util% |
+-------------+------+-------+-----------+-------+
| BSCANE2     |    1 |     0 |         4 | 25.00 |
| DNA_PORTE2  |    0 |     0 |         1 |  0.00 |
| EFUSE_USR   |    0 |     0 |         1 |  0.00 |
| FRAME_ECCE3 |    0 |     0 |         1 |  0.00 |
| ICAPE3      |    0 |     0 |         2 |  0.00 |
| MASTER_JTAG |    0 |     0 |         1 |  0.00 |
| STARTUPE3   |    0 |     0 |         1 |  0.00 |
+-------------+------+-------+-----------+-------+


9. Primitives
-------------

+------------------+-------+---------------------+
|     Ref Name     |  Used | Functional Category |
+------------------+-------+---------------------+
| FDRE             | 24961 |            Register |
| LUT6             |  6845 |                 CLB |
| LUT3             |  6571 |                 CLB |
| LUT5             |  3897 |                 CLB |
| LUT4             |  3250 |                 CLB |
| LUT2             |  2055 |                 CLB |
| RAMD32           |  1280 |                 CLB |
| SRLC32E          |   830 |                 CLB |
| SRL16E           |   655 |                 CLB |
| MUXF7            |   536 |                 CLB |
| FDSE             |   426 |            Register |
| RAMS32           |   416 |                 CLB |
| LUT1             |   361 |                 CLB |
| FDCE             |   196 |            Register |
| CARRY8           |   178 |                 CLB |
| MUXF8            |   110 |                 CLB |
| RXTX_BITSLICE    |   105 |                 I/O |
| IBUFCTRL         |    82 |              Others |
| INBUF            |    73 |                 I/O |
| OBUFT_DCIEN      |    72 |                 I/O |
| RAMB36E2         |    63 |            BLOCKRAM |
| FDPE             |    43 |            Register |
| OBUF             |    29 |                 I/O |
| TX_BITSLICE_TRI  |    22 |                 I/O |
| BITSLICE_CONTROL |    22 |                 I/O |
| OBUFT            |    16 |                 I/O |
| RIU_OR           |    11 |                 I/O |
| INV              |     9 |                 CLB |
| DIFFINBUF        |     9 |                 I/O |
| HPIO_VREF        |     8 |                 I/O |
| BUFGCE           |     5 |               Clock |
| PLLE3_ADV        |     3 |               Clock |
| DSP48E2          |     3 |          Arithmetic |
| SRLC16E          |     2 |                 CLB |
| RAMB18E2         |     1 |            BLOCKRAM |
| MMCME3_ADV       |     1 |               Clock |
| BSCANE2          |     1 |       Configuration |
| AND2B1L          |     1 |              Others |
+------------------+-------+---------------------+


10. Black Boxes
---------------

+----------+------+
| Ref Name | Used |
+----------+------+


11. Instantiated Netlists
-------------------------

+-----------------+------+
|     Ref Name    | Used |
+-----------------+------+
| vio_bist_ctrl   |    1 |
| ila_bist_status |    1 |
| ddr4_axi_0_phy  |    1 |
| ddr4_axi_0      |    1 |
| dbg_hub         |    1 |
+-----------------+------+


