#-----------------------------------------------------------
# Vivado v2020.2 (64-bit)
# SW Build 3064766 on Wed Nov 18 09:12:45 MST 2020
# IP Build 3064653 on Wed Nov 18 14:17:31 MST 2020
# Start of session at: Mon Sep 21 07:16:37 2026
# Process ID: 7692
# Current directory: F:/RTDS_test_DDR4_64bit_batch_dev/regression/timing_xdc_fix_20260921
# Command line: vivado.exe -mode batch -source check_xdc.tcl -log check_xdc.log -journal check_xdc.jou
# Log file: F:/RTDS_test_DDR4_64bit_batch_dev/regression/timing_xdc_fix_20260921/check_xdc.log
# Journal file: F:/RTDS_test_DDR4_64bit_batch_dev/regression/timing_xdc_fix_20260921\check_xdc.jou
#-----------------------------------------------------------
source check_xdc.tcl
# set root F:/RTDS_test_DDR4_64bit_batch_dev
# set out [file dirname [file normalize [info script]]]
# open_checkpoint $root/RTDS_test_DDR4_64bit.runs/impl_1/TOP_routed.dcp
Command: open_checkpoint F:/RTDS_test_DDR4_64bit_batch_dev/RTDS_test_DDR4_64bit.runs/impl_1/TOP_routed.dcp

Starting open_checkpoint Task

Time (s): cpu = 00:00:00 ; elapsed = 00:00:00.157 . Memory (MB): peak = 921.000 ; gain = 0.000
INFO: [Device 21-403] Loading part xcku040-ffva1156-2-i
Netlist sorting complete. Time (s): cpu = 00:00:04 ; elapsed = 00:00:04 . Memory (MB): peak = 1180.656 ; gain = 4.891
INFO: [Netlist 29-17] Analyzing 2025 Unisim elements for replacement
INFO: [Netlist 29-28] Unisim Transformation completed in 2 CPU seconds
INFO: [Project 1-479] Netlist was created with Vivado 2020.2
INFO: [Project 1-570] Preparing netlist for logic optimization
WARNING: [Constraints 18-550] Could not create 'DRIVE' constraint because net 'u_pcie/u_rtds_ddr4_backend/u_ddr4_mig/inst/u_ddr4_mem_intfc/u_mig_ddr4_phy/cal_RESET_n[0]' is not directly connected to top level port. Synthesis is ignored for DRIVE but preserved for implementation.
WARNING: [Constraints 18-550] Could not create 'SLEW' constraint because net 'u_pcie/u_rtds_ddr4_backend/u_ddr4_mig/inst/u_ddr4_mem_intfc/u_mig_ddr4_phy/cal_RESET_n[0]' is not directly connected to top level port. Synthesis is ignored for SLEW but preserved for implementation.
INFO: [Timing 38-478] Restoring timing data from binary archive.
INFO: [Timing 38-479] Binary timing data restore complete.
INFO: [Project 1-856] Restoring constraints from binary archive.
INFO: [Project 1-853] Binary constraint restore complete.
Reading XDEF placement.
Reading placer database...
Reading XDEF routing.
Read XDEF File: Time (s): cpu = 00:00:25 ; elapsed = 00:00:29 . Memory (MB): peak = 1888.863 ; gain = 84.617
Restored from archive | CPU: 25.000000 secs | Memory: 0.000000 MB |
Finished XDEF File Restore: Time (s): cpu = 00:00:25 ; elapsed = 00:00:30 . Memory (MB): peak = 1888.863 ; gain = 84.617
INFO: [IP_Flow 19-234] Refreshing IP repositories
INFO: [IP_Flow 19-1704] No user IP repositories specified
INFO: [IP_Flow 19-2313] Loaded Vivado IP repository 'D:/Xilinx_2020_2/Vivado/2020.2/data/ip'.
Netlist sorting complete. Time (s): cpu = 00:00:00 ; elapsed = 00:00:00.060 . Memory (MB): peak = 2060.965 ; gain = 0.000
INFO: [Project 1-111] Unisim Transformation Summary:
  A total of 902 instances were transformed.
  CFGLUT5 => CFGLUT5 (SRL16E, SRLC32E): 244 instances
  DSP48E1 => DSP48E2 (DSP_ALU, DSP_A_B_DATA, DSP_C_DATA, DSP_MULTIPLIER, DSP_M_DATA, DSP_OUTPUT, DSP_PREADD, DSP_PREADD_DATA): 3 instances
  IBUF => IBUF (IBUFCTRL, INBUF): 1 instance 
  IBUFDS => IBUFDS (DIFFINBUF, IBUFCTRL): 1 instance 
  IOBUFDS => IOBUFDS (DIFFINBUF, IBUFCTRL, INV, OBUFT(x2)): 8 instances
  IOBUFE3 => IOBUFE3 (IBUFCTRL, INBUF, OBUFT_DCIEN): 72 instances
  LUT6_2 => LUT6_2 (LUT5, LUT6): 31 instances
  OBUFDS => OBUFDS_DUAL_BUF (INV, OBUF(x2)): 1 instance 
  RAM16X1D => RAM32X1D (RAMD32(x2)): 20 instances
  RAM32M => RAM32M (RAMD32(x6), RAMS32(x2)): 204 instances
  RAM32M16 => RAM32M16 (RAMD32(x14), RAMS32(x2)): 257 instances
  RAM32X1D => RAM32X1D (RAMD32(x2)): 10 instances
  RAM64X1S => RAM64X1S (RAMS64E): 9 instances
  SRLC32E => SRL16E: 41 instances

INFO: [Project 1-604] Checkpoint was created with Vivado v2020.2 (64-bit) build 3064766
open_checkpoint: Time (s): cpu = 00:01:36 ; elapsed = 00:03:27 . Memory (MB): peak = 2064.980 ; gain = 1143.980
# set stage0 [get_cells -hier -regexp {^u_pcie/u_rtds_ddr4_backend/ready_sync_reg\[0\]$}]
# set stage1 [get_cells -hier -regexp {^u_pcie/u_rtds_ddr4_backend/ready_sync_reg\[1\]$}]
# foreach cell_list [list $stage0 $stage1] {
#     if {[llength $cell_list] != 1} {error "Expected exactly one synchronizer cell"}
#     if {[get_property ASYNC_REG $cell_list] ne "TRUE"} {error "ASYNC_REG missing"}
# }
ASYNC_REG missing
    while executing
"error "ASYNC_REG missing""
    invoked from within
"if {[get_property ASYNC_REG $cell_list] ne "TRUE"} {error "ASYNC_REG missing"}"
    ("foreach" body line 3)
    invoked from within
"foreach cell_list [list $stage0 $stage1] {
    if {[llength $cell_list] != 1} {error "Expected exactly one synchronizer cell"}
    if {[get_property A..."
    (file "check_xdc.tcl" line 7)
INFO: [Common 17-206] Exiting Vivado at Mon Sep 21 07:22:44 2026...
