#-----------------------------------------------------------
# Vivado v2020.2 (64-bit)
# SW Build 3064766 on Wed Nov 18 09:12:45 MST 2020
# IP Build 3064653 on Wed Nov 18 14:17:31 MST 2020
# Start of session at: Mon Sep 21 07:25:34 2026
# Process ID: 9660
# Current directory: F:/RTDS_test_DDR4_64bit_batch_dev/regression/timing_xdc_fix_20260921
# Command line: vivado.exe -mode batch -source check_xdc.tcl -log check_xdc_retry.log -journal check_xdc_retry.jou
# Log file: F:/RTDS_test_DDR4_64bit_batch_dev/regression/timing_xdc_fix_20260921/check_xdc_retry.log
# Journal file: F:/RTDS_test_DDR4_64bit_batch_dev/regression/timing_xdc_fix_20260921\check_xdc_retry.jou
#-----------------------------------------------------------
source check_xdc.tcl
# set root F:/RTDS_test_DDR4_64bit_batch_dev
# set out [file dirname [file normalize [info script]]]
# open_checkpoint $root/RTDS_test_DDR4_64bit.runs/impl_1/TOP_routed.dcp
Command: open_checkpoint F:/RTDS_test_DDR4_64bit_batch_dev/RTDS_test_DDR4_64bit.runs/impl_1/TOP_routed.dcp

Starting open_checkpoint Task

Time (s): cpu = 00:00:00 ; elapsed = 00:00:00.298 . Memory (MB): peak = 1000.270 ; gain = 0.000
INFO: [Device 21-403] Loading part xcku040-ffva1156-2-i
ERROR: [Common 17-70] Application Exception: DcpReader - Could not open file 'TOP.xn' for reading in dcp: F:/RTDS_test_DDR4_64bit_batch_dev/RTDS_test_DDR4_64bit.runs/impl_1/TOP_routed.dcp
INFO: [Common 17-206] Exiting Vivado at Mon Sep 21 07:28:09 2026...
