#-----------------------------------------------------------
# Vivado v2020.2 (64-bit)
# SW Build 3064766 on Wed Nov 18 09:12:45 MST 2020
# IP Build 3064653 on Wed Nov 18 14:17:31 MST 2020
# Start of session at: Mon Sep 21 07:25:34 2026
# Process ID: 9208
# Current directory: F:/RTDS_test_DDR4_64bit_batch_dev/regression/timing_xdc_fix_20260921
# Command line: vivado.exe -mode batch -source run_smoke.tcl -log smoke_retry.log -journal smoke_retry.jou
# Log file: F:/RTDS_test_DDR4_64bit_batch_dev/regression/timing_xdc_fix_20260921/smoke_retry.log
# Journal file: F:/RTDS_test_DDR4_64bit_batch_dev/regression/timing_xdc_fix_20260921\smoke_retry.jou
#-----------------------------------------------------------
source run_smoke.tcl
# set root F:/RTDS_test_DDR4_64bit_batch_dev
# set out [file dirname [file normalize [info script]]]
# file mkdir $out/smoke
# cd $out/smoke
# create_project smoke $out/smoke/project -part xcku040-ffva1156-2-i
INFO: [ProjectBase 1-489] The host OS only allows 260 characters in a normal path. The project is stored in a path with more than 80 characters. If you experience issues with IP, Block Designs, or files not being found, please consider moving the project to a location with a shorter path. Alternately consider using the OS subst command to map part of the path to a drive letter.
Current project path is 'F:/RTDS_test_DDR4_64bit_batch_dev/regression/timing_xdc_fix_20260921/smoke/project'
create_project: Time (s): cpu = 00:00:02 ; elapsed = 00:00:32 . Memory (MB): peak = 1000.324 ; gain = 0.000
# add_files -fileset sim_1 [list $root/rtl/ddr4/rtds_axi_ram_model.sv $root/rtl/ddr4/rtds_ddr4_backend.sv $root/sim/ddr4_backend/tb_rtds_ddr4_backend_smoke.sv]
# set_property top tb_rtds_ddr4_backend_smoke [get_filesets sim_1]
# set_property verilog_define DDR4_SIM_RAM [get_filesets sim_1]
# set_property xsim.simulate.runtime all [get_filesets sim_1]
# launch_simulation -simset sim_1 -mode behavioral
Command: launch_simulation -simset sim_1 -mode behavioral
INFO: [Vivado 12-5682] Launching behavioral simulation in 'F:/RTDS_test_DDR4_64bit_batch_dev/regression/timing_xdc_fix_20260921/smoke/project/smoke.sim/sim_1/behav/xsim'
INFO: [SIM-utils-51] Simulation object is 'sim_1'
INFO: [SIM-utils-54] Inspecting design source files for 'tb_rtds_ddr4_backend_smoke' in fileset 'sim_1'...
INFO: [USF-XSim-97] Finding global include files...
INFO: [USF-XSim-98] Fetching design files from 'sim_1'...
INFO: [USF-XSim-2] XSim::Compile design
INFO: [USF-XSim-61] Executing 'COMPILE and ANALYZE' step in 'F:/RTDS_test_DDR4_64bit_batch_dev/regression/timing_xdc_fix_20260921/smoke/project/smoke.sim/sim_1/behav/xsim'
"xvlog --incr --relax -L uvm -prj tb_rtds_ddr4_backend_smoke_vlog.prj"
INFO: [VRFC 10-2263] Analyzing SystemVerilog file "F:/RTDS_test_DDR4_64bit_batch_dev/rtl/ddr4/rtds_axi_ram_model.sv" into library xil_defaultlib
INFO: [VRFC 10-311] analyzing module rtds_axi_ram_model
INFO: [VRFC 10-2263] Analyzing SystemVerilog file "F:/RTDS_test_DDR4_64bit_batch_dev/rtl/ddr4/rtds_ddr4_backend.sv" into library xil_defaultlib
INFO: [VRFC 10-311] analyzing module rtds_ddr4_backend
INFO: [VRFC 10-2263] Analyzing SystemVerilog file "F:/RTDS_test_DDR4_64bit_batch_dev/sim/ddr4_backend/tb_rtds_ddr4_backend_smoke.sv" into library xil_defaultlib
WARNING: [VRFC 10-3381] ignoring re-definition of command line macro 'DDR4_SIM_RAM' [F:/RTDS_test_DDR4_64bit_batch_dev/sim/ddr4_backend/tb_rtds_ddr4_backend_smoke.sv:2]
INFO: [VRFC 10-311] analyzing module tb_rtds_ddr4_backend_smoke
INFO: [VRFC 10-2263] Analyzing Verilog file "F:/RTDS_test_DDR4_64bit_batch_dev/regression/timing_xdc_fix_20260921/smoke/project/smoke.sim/sim_1/behav/xsim/glbl.v" into library xil_defaultlib
INFO: [VRFC 10-311] analyzing module glbl
run_program: Time (s): cpu = 00:00:00 ; elapsed = 00:00:17 . Memory (MB): peak = 1000.324 ; gain = 0.000
INFO: [USF-XSim-69] 'compile' step finished in '17' seconds
INFO: [USF-XSim-3] XSim::Elaborate design
INFO: [USF-XSim-61] Executing 'ELABORATE' step in 'F:/RTDS_test_DDR4_64bit_batch_dev/regression/timing_xdc_fix_20260921/smoke/project/smoke.sim/sim_1/behav/xsim'
"xelab -wto c4f8edf631374e4881ae53b45bb7947c --incr --debug typical --relax --mt 2 -d "DDR4_SIM_RAM=" -L xil_defaultlib -L uvm -L unisims_ver -L unimacro_ver -L secureip --snapshot tb_rtds_ddr4_backend_smoke_behav xil_defaultlib.tb_rtds_ddr4_backend_smoke xil_defaultlib.glbl -log elaborate.log"
Vivado Simulator 2020.2
Copyright 1986-1999, 2001-2020 Xilinx, Inc. All Rights Reserved.
Running: D:/Xilinx_2020_2/Vivado/2020.2/bin/unwrapped/win64.o/xelab.exe -wto c4f8edf631374e4881ae53b45bb7947c --incr --debug typical --relax --mt 2 -d DDR4_SIM_RAM= -L xil_defaultlib -L uvm -L unisims_ver -L unimacro_ver -L secureip --snapshot tb_rtds_ddr4_backend_smoke_behav xil_defaultlib.tb_rtds_ddr4_backend_smoke xil_defaultlib.glbl -log elaborate.log 
Using 2 slave threads.
Starting static elaboration
Pass Through NonSizing Optimizer
Completed static elaboration
Starting simulation data flow analysis
Completed simulation data flow analysis
Time Resolution for simulation is 1ps
Compiling module xil_defaultlib.rtds_axi_ram_model_default
Compiling module xil_defaultlib.rtds_ddr4_backend(TIMEOUT_CYCLES...
Compiling module xil_defaultlib.tb_rtds_ddr4_backend_smoke
Compiling module xil_defaultlib.glbl
Built simulation snapshot tb_rtds_ddr4_backend_smoke_behav

****** Webtalk v2020.2 (64-bit)
  **** SW Build 3064766 on Wed Nov 18 09:12:45 MST 2020
  **** IP Build 3064653 on Wed Nov 18 14:17:31 MST 2020
    ** Copyright 1986-2020 Xilinx, Inc. All Rights Reserved.

source F:/RTDS_test_DDR4_64bit_batch_dev/regression/timing_xdc_fix_20260921/smoke/project/smoke.sim/sim_1/behav/xsim/xsim.dir/tb_rtds_ddr4_backend_smoke_behav/webtalk/xsim_webtalk.tcl -notrace
INFO: [Common 17-206] Exiting Webtalk at Mon Sep 21 07:29:04 2026...
run_program: Time (s): cpu = 00:00:00 ; elapsed = 00:01:13 . Memory (MB): peak = 1000.324 ; gain = 0.000
INFO: [USF-XSim-69] 'elaborate' step finished in '73' seconds
INFO: [USF-XSim-4] XSim::Simulate design
INFO: [USF-XSim-61] Executing 'SIMULATE' step in 'F:/RTDS_test_DDR4_64bit_batch_dev/regression/timing_xdc_fix_20260921/smoke/project/smoke.sim/sim_1/behav/xsim'
INFO: [USF-XSim-98] *** Running xsim
   with args "tb_rtds_ddr4_backend_smoke_behav -key {Behavioral:sim_1:Functional:tb_rtds_ddr4_backend_smoke} -tclbatch {tb_rtds_ddr4_backend_smoke.tcl} -log {simulate.log}"
INFO: [USF-XSim-8] Loading simulator feature
Vivado Simulator 2020.2
Time resolution is 1 ps
source tb_rtds_ddr4_backend_smoke.tcl
## current_wave_config
DDR_READY_AFTER_TWO_CYCLES_PASS
W_FIRST_SINGLE_PASS
INCR16_8000_PASS
RTDS_DDR_BACKEND_SMOKE_PASS
$finish called at time : 344 ns : File "F:/RTDS_test_DDR4_64bit_batch_dev/sim/ddr4_backend/tb_rtds_ddr4_backend_smoke.sv" Line 96
INFO: [USF-XSim-96] XSim completed. Design snapshot 'tb_rtds_ddr4_backend_smoke_behav' loaded.
INFO: [USF-XSim-97] XSim simulation ran for all
launch_simulation: Time (s): cpu = 00:00:01 ; elapsed = 00:01:53 . Memory (MB): peak = 1000.324 ; gain = 0.000
# close_sim
INFO: [Simtcl 6-16] Simulation closed
close_sim: Time (s): cpu = 00:00:00 ; elapsed = 00:00:06 . Memory (MB): peak = 1000.324 ; gain = 0.000
# close_project
# exit 0
INFO: [Common 17-206] Exiting Vivado at Mon Sep 21 07:29:17 2026...
