#-----------------------------------------------------------
# Vivado v2020.2 (64-bit)
# SW Build 3064766 on Wed Nov 18 09:12:45 MST 2020
# IP Build 3064653 on Wed Nov 18 14:17:31 MST 2020
# Start of session at: Sun Sep 20 21:37:29 2026
# Process ID: 10376
# Current directory: F:/RTDS_test_DDR4_64bit_batch_dev
# Command line: vivado.exe -mode batch -source F:\RTDS_test_DDR4_64bit_batch_dev\scripts\resume_route_quick_no_bitstream_20260920.tcl -log F:\RTDS_test_DDR4_64bit_batch_dev\reports\route_quick_20260920\vivado.log -journal F:\RTDS_test_DDR4_64bit_batch_dev\reports\route_quick_20260920\vivado.jou
# Log file: F:/RTDS_test_DDR4_64bit_batch_dev/reports/route_quick_20260920/vivado.log
# Journal file: F:\RTDS_test_DDR4_64bit_batch_dev\reports\route_quick_20260920\vivado.jou
#-----------------------------------------------------------
source {F:\RTDS_test_DDR4_64bit_batch_dev\scripts\resume_route_quick_no_bitstream_20260920.tcl}
# set script_dir [file dirname [file normalize [info script]]]
# set root [file normalize [file join $script_dir ..]]
# set input_dcp [file join $root RTDS_test_DDR4_64bit.runs impl_1 TOP_physopt.dcp]
# set report_dir [file join $root reports route_quick_20260920]
# file mkdir $report_dir
# if {![file exists $input_dcp]} {
#     error "RTDS_PHYSOPT_DCP_MISSING: $input_dcp"
# }
# set_param general.maxThreads 1
# open_checkpoint $input_dcp
Command: open_checkpoint F:/RTDS_test_DDR4_64bit_batch_dev/RTDS_test_DDR4_64bit.runs/impl_1/TOP_physopt.dcp

Starting open_checkpoint Task

Time (s): cpu = 00:00:00 ; elapsed = 00:00:00.118 . Memory (MB): peak = 1000.473 ; gain = 0.000
INFO: [Device 21-403] Loading part xcku040-ffva1156-2-i
