#-----------------------------------------------------------
# Vivado v2020.2 (64-bit)
# SW Build 3064766 on Wed Nov 18 09:12:45 MST 2020
# IP Build 3064653 on Wed Nov 18 14:17:31 MST 2020
# Start of session at: Mon Sep 14 14:05:14 2026
# Process ID: 26948
# Current directory: C:/project/RTDS/DDR/RTDS_test_DDR4_64bit_batch_dev/regression/v201_runs/bd
# Command line: vivado.exe -mode batch -source C:\project\RTDS\DDR\RTDS_test_DDR4_64bit_batch_dev/scripts/refresh_batch_bd.tcl
# Log file: C:/project/RTDS/DDR/RTDS_test_DDR4_64bit_batch_dev/regression/v201_runs/bd/vivado.log
# Journal file: C:/project/RTDS/DDR/RTDS_test_DDR4_64bit_batch_dev/regression/v201_runs/bd\vivado.jou
#-----------------------------------------------------------
source {C:\project\RTDS\DDR\RTDS_test_DDR4_64bit_batch_dev/scripts/refresh_batch_bd.tcl}
# set project_dir [file normalize [file join [file dirname [info script]] ..]]
# open_project [file join $project_dir RTDS_test_DDR4_64bit.xpr]
Scanning sources...
Finished scanning sources
WARNING: [Project 1-509] GeneratedRun file for 'synth_1' not found
WARNING: [Project 1-509] GeneratedRun file for 'ila_FDMA_synth_1' not found
WARNING: [Project 1-509] GeneratedRun file for 'design_1_CONV_DMA_0_0_synth_1' not found
WARNING: [Project 1-509] GeneratedRun file for 'fifo_cdc_pcie_synth_1' not found
WARNING: [Project 1-509] GeneratedRun file for 'fifo_AURORA_DATA64_synth_1' not found
WARNING: [Project 1-509] GeneratedRun file for 'ila_temp_synth_1' not found
WARNING: [Project 1-509] GeneratedRun file for 'fifo_cdc_aurora_synth_1' not found
WARNING: [Project 1-509] GeneratedRun file for 'ila_0_synth_1' not found
WARNING: [Project 1-509] GeneratedRun file for 'impl_1' not found
INFO: [IP_Flow 19-234] Refreshing IP repositories
INFO: [IP_Flow 19-1704] No user IP repositories specified
INFO: [IP_Flow 19-2313] Loaded Vivado IP repository 'C:/Xilinx/Vivado/2020.2/data/ip'.
open_project: Time (s): cpu = 00:00:12 ; elapsed = 00:00:30 . Memory (MB): peak = 1106.508 ; gain = 0.000
# update_compile_order -fileset sources_1
# puts "MODULE_FILES=[get_files -all *CONV_DMA.v] [get_files -all *INFO_EXCH.v]"
MODULE_FILES=C:/project/RTDS/DDR/RTDS_test_DDR4_64bit_batch_dev/RTDS_test_DDR4_64bit.srcs/sources_1/new/CONV_DMA.v C:/project/RTDS/DDR/RTDS_test_DDR4_64bit_batch_dev/RTDS_test_DDR4_64bit.srcs/sources_1/new/INFO_EXCH.v
# open_bd_design [get_files design_1.bd]
Reading block design file <C:/project/RTDS/DDR/RTDS_test_DDR4_64bit_batch_dev/RTDS_test_DDR4_64bit.srcs/sources_1/bd/design_1/design_1.bd>...
Adding component instance block -- xilinx.com:module_ref:CONV_DMA:1.0 - CONV_DMA_0
Adding component instance block -- xilinx.com:ip:axi_interconnect:2.1 - axi_interconnect_0
Adding component instance block -- xilinx.com:ip:axi_crossbar:2.1 - xbar
Adding component instance block -- xilinx.com:ip:axi_clock_converter:2.1 - auto_cc
Adding component instance block -- xilinx.com:ip:axi_interconnect:2.1 - axi_interconnect_1
Adding component instance block -- xilinx.com:ip:axi_clock_converter:2.1 - auto_cc
Adding component instance block -- xilinx.com:ip:util_ds_buf:2.1 - util_ds_buf
Adding component instance block -- xilinx.com:ip:xdma:4.1 - xdma_0
Adding component instance block -- xilinx.com:module_ref:INFO_EXCH:1.0 - INFO_EXCH_0
CRITICAL WARNING: [BD 41-2162] Unable to find pin <RX_READY_BLOCKS> in cell <INFO_EXCH_0> while setting up net connections during loading of BD file.
CRITICAL WARNING: [BD 41-2162] Unable to find pin <RX_HEAD_SEQ> in cell <INFO_EXCH_0> while setting up net connections during loading of BD file.
CRITICAL WARNING: [BD 41-2162] Unable to find pin <RX_DROPPED_FRAMES> in cell <INFO_EXCH_0> while setting up net connections during loading of BD file.
CRITICAL WARNING: [BD 41-2162] Unable to find pin <fdma_wdone> in cell <CONV_DMA_0> while setting up net connections during loading of BD file.
CRITICAL WARNING: [BD 41-2162] Unable to find pin <fdma_werror> in cell <CONV_DMA_0> while setting up net connections during loading of BD file.
Successfully read diagram <design_1> from block design file <C:/project/RTDS/DDR/RTDS_test_DDR4_64bit_batch_dev/RTDS_test_DDR4_64bit.srcs/sources_1/bd/design_1/design_1.bd>
open_bd_design: Time (s): cpu = 00:00:02 ; elapsed = 00:00:06 . Memory (MB): peak = 1106.508 ; gain = 0.000
# foreach cell {CONV_DMA_0 INFO_EXCH_0} {
#     if {[catch {update_module_reference -verbose [get_bd_cells $cell]} message options]} {
#         puts "MODULE_UPDATE_FAILED $cell $message $options"
#         help update_module_reference
#         error "Module reference refresh failed: $cell"
#     }
# }
MODULE_UPDATE_FAILED CONV_DMA_0  -code 1 -level 0 -errorcode NONE -errorinfo {
    while executing
"update_module_reference -verbose [get_bd_cells $cell]"} -errorline 1
Module reference refresh failed: CONV_DMA_0
    while executing
"error "Module reference refresh failed: $cell""
    invoked from within
"if {[catch {update_module_reference -verbose [get_bd_cells $cell]} message options]} {
        puts "MODULE_UPDATE_FAILED $cell $message $options"
   ..."
    ("foreach" body line 2)
    invoked from within
"foreach cell {CONV_DMA_0 INFO_EXCH_0} {
    if {[catch {update_module_reference -verbose [get_bd_cells $cell]} message options]} {
        puts "MODUL..."
    (file "C:\project\RTDS\DDR\RTDS_test_DDR4_64bit_batch_dev/scripts/refresh_batch_bd.tcl" line 8)
INFO: [Common 17-206] Exiting Vivado at Mon Sep 14 14:05:55 2026...
