#-----------------------------------------------------------
# xsim v2020.2 (64-bit)
# SW Build 3064766 on Wed Nov 18 09:12:45 MST 2020
# IP Build 3064653 on Wed Nov 18 14:17:31 MST 2020
# Start of session at: Mon Sep 21 00:39:39 2026
# Process ID: 2072
# Current directory: F:/RTDS_test_DDR4_64bit_batch_dev/regression/timing_fix_smoke_20260921/ddr_backend
# Command line: xsim.exe -mode tcl -source {xsim.dir/timing_fix_ddr_smoke/xsim_script.tcl}
# Log file: F:/RTDS_test_DDR4_64bit_batch_dev/regression/timing_fix_smoke_20260921/ddr_backend/xsim.log
# Journal file: F:/RTDS_test_DDR4_64bit_batch_dev/regression/timing_fix_smoke_20260921/ddr_backend\xsim.jou
#-----------------------------------------------------------
source xsim.dir/timing_fix_ddr_smoke/xsim_script.tcl
# xsim {timing_fix_ddr_smoke} -autoloadwcfg -runall
Vivado Simulator 2020.2
Time resolution is 1 ps
run -all
DDR_READY_AFTER_TWO_CYCLES_PASS
W_FIRST_SINGLE_PASS
INCR16_8000_PASS
RTDS_DDR_BACKEND_SMOKE_PASS
$finish called at time : 344 ns : File "F:/RTDS_test_DDR4_64bit_batch_dev/sim/ddr4_backend/tb_rtds_ddr4_backend_smoke.sv" Line 96
exit
INFO: [Common 17-206] Exiting xsim at Mon Sep 21 00:40:29 2026...
