INFO: [VRFC 10-2263] Analyzing Verilog file "F:/RTDS_test_DDR4_64bit_batch_dev/external_snapshot/fdma_aurora_brg/fdma_aurora_brg.srcs/sources_1 - loop_validate/new/fdma_aurora_brg_tx.v" into library xil_defaultlib
INFO: [VRFC 10-311] analyzing module fdma_aurora_brg_tx
INFO: [VRFC 10-2263] Analyzing Verilog file "F:/RTDS_test_DDR4_64bit_batch_dev/RTDS_test_DDR4_64bit.srcs/sources_1/new/pcie_fdma_aurora_brg_adapter.v" into library xil_defaultlib
INFO: [VRFC 10-311] analyzing module pcie_fdma_aurora_brg_adapter
INFO: [VRFC 10-2263] Analyzing Verilog file "F:/RTDS_test_DDR4_64bit_batch_dev/rtl/rtds_1g_periodic_tx.v" into library xil_defaultlib
INFO: [VRFC 10-311] analyzing module RTDS_1G_PERIODIC_TX
INFO: [VRFC 10-2263] Analyzing Verilog file "F:/RTDS_test_DDR4_64bit_batch_dev/rtl/rtds_fpga_1g_init.v" into library xil_defaultlib
INFO: [VRFC 10-311] analyzing module RTDS_FPGA_1G_INIT
INFO: [VRFC 10-2263] Analyzing Verilog file "F:/RTDS_test_DDR4_64bit_batch_dev/rtl/rtds_fpga_cfg_cdc.v" into library xil_defaultlib
INFO: [VRFC 10-311] analyzing module RTDS_FPGA_CFG_CDC
INFO: [VRFC 10-2263] Analyzing Verilog file "F:/RTDS_test_DDR4_64bit_batch_dev/rtl/rtds_fpga_count_cdc.v" into library xil_defaultlib
INFO: [VRFC 10-311] analyzing module RTDS_FPGA_COUNT_CDC
INFO: [VRFC 10-2263] Analyzing Verilog file "F:/RTDS_test_DDR4_64bit_batch_dev/rtl/rtds_fpga_reset_sync.v" into library xil_defaultlib
INFO: [VRFC 10-311] analyzing module RTDS_FPGA_RESET_SYNC
INFO: [VRFC 10-2263] Analyzing Verilog file "F:/RTDS_test_DDR4_64bit_batch_dev/rtl/rtds_rx_block_writer.v" into library xil_defaultlib
INFO: [VRFC 10-311] analyzing module RTDS_RX_BLOCK_WRITER
INFO: [VRFC 10-2263] Analyzing Verilog file "F:/RTDS_test_DDR4_64bit_batch_dev/rtl/rtds_rx_frame_fifo.v" into library xil_defaultlib
INFO: [VRFC 10-311] analyzing module RTDS_RX_FRAME_FIFO
INFO: [VRFC 10-2263] Analyzing SystemVerilog file "F:/RTDS_test_DDR4_64bit_batch_dev/regression/board_cdc_smoke_20260921/tb_board_cdc_smoke.sv" into library xil_defaultlib
INFO: [VRFC 10-311] analyzing module tb_board_cdc_smoke
INFO: [VRFC 10-2263] Analyzing Verilog file "F:/RTDS_test_DDR4_64bit_batch_dev/regression/board_cdc_smoke_20260921/project/board_cdc_smoke.sim/sim_1/behav/xsim/glbl.v" into library xil_defaultlib
INFO: [VRFC 10-311] analyzing module glbl
