Vivado Simulator 2020.2
Copyright 1986-1999, 2001-2020 Xilinx, Inc. All Rights Reserved.
Running: D:/Xilinx_2020_2/Vivado/2020.2/bin/unwrapped/win64.o/xelab.exe -wto 28b075025ae14945943d82d35f625838 --incr --debug typical --relax --mt 2 -L xil_defaultlib -L uvm -L unisims_ver -L unimacro_ver -L secureip -L xpm --snapshot tb_board_cdc_smoke_behav xil_defaultlib.tb_board_cdc_smoke xil_defaultlib.glbl -log elaborate.log 
Using 2 slave threads.
Starting static elaboration
Pass Through NonSizing Optimizer
Completed static elaboration
Starting simulation data flow analysis
Completed simulation data flow analysis
Time Resolution for simulation is 1ps
Compiling module xpm.xpm_cdc_single(DEST_SYNC_FF=2,IN...
Compiling module xpm.xpm_cdc_single(DEST_SYNC_FF=2,SR...
Compiling module xpm.xpm_cdc_sync_rst(DEST_SYNC_FF=2,...
Compiling module xpm.xpm_fifo_rst(COMMON_CLOCK=0)
Compiling module xpm.xpm_fifo_reg_bit
Compiling module xpm.xpm_counter_updn(COUNTER_WIDTH=1...
Compiling module xpm.xpm_counter_updn(COUNTER_WIDTH=9...
Compiling module xpm.xpm_memory_base(MEMORY_TYPE=1,ME...
Compiling module xpm.xpm_cdc_gray(DEST_SYNC_FF=2,INIT...
Compiling module xpm.xpm_fifo_reg_vec(REG_WIDTH=9)
Compiling module xpm.xpm_cdc_gray(INIT_SYNC_FF=1,WIDT...
Compiling module xpm.xpm_fifo_reg_vec(REG_WIDTH=10)
Compiling module xpm.xpm_cdc_gray(DEST_SYNC_FF=2,INIT...
Compiling module xpm.xpm_counter_updn(COUNTER_WIDTH=2...
Compiling module xpm.xpm_fifo_base(COMMON_CLOCK=0,FIF...
Compiling module xpm.xpm_fifo_async(FIFO_WRITE_DEPTH=...
Compiling module xil_defaultlib.fdma_aurora_brg_tx(MEM_WINDOW_BY...
Compiling module xpm.xpm_cdc_async_rst(INIT_SYNC_FF=1...
Compiling module xil_defaultlib.RTDS_FPGA_RESET_SYNC
Compiling module xpm.xpm_cdc_gray(DEST_SYNC_FF=2,INIT...
Compiling module xil_defaultlib.RTDS_FPGA_COUNT_CDC
Compiling module xpm.xpm_counter_updn(COUNTER_WIDTH=1...
Compiling module xpm.xpm_counter_updn(COUNTER_WIDTH=1...
Compiling module xpm.xpm_memory_base(MEMORY_TYPE=1,ME...
Compiling module xpm.xpm_cdc_gray(DEST_SYNC_FF=2,INIT...
Compiling module xpm.xpm_fifo_reg_vec(REG_WIDTH=11)
Compiling module xpm.xpm_cdc_gray(INIT_SYNC_FF=1,WIDT...
Compiling module xpm.xpm_fifo_reg_vec(REG_WIDTH=12)
Compiling module xpm.xpm_cdc_gray(DEST_SYNC_FF=2,INIT...
Compiling module xpm.xpm_fifo_base(COMMON_CLOCK=0,FIF...
Compiling module xpm.xpm_fifo_async(FIFO_MEMORY_TYPE=...
Compiling module xil_defaultlib.RTDS_RX_FRAME_FIFO
Compiling module xil_defaultlib.RTDS_RX_BLOCK_WRITER(PERIOD_CYCL...
Compiling module xil_defaultlib.pcie_fdma_aurora_brg_adapter(RX_...
Compiling module xpm.xpm_cdc_single(INIT_SYNC_FF=1,SR...
Compiling module xpm.xpm_cdc_handshake(INIT_SYNC_FF=1...
Compiling module xil_defaultlib.RTDS_FPGA_CFG_CDC
Compiling module xil_defaultlib.RTDS_1G_PERIODIC_TX
Compiling module unisims_ver.BUFGCE_DIV(BUFGCE_DIVIDE=4)
Compiling module xil_defaultlib.RTDS_FPGA_1G_INIT
Compiling module xil_defaultlib.tb_board_cdc_smoke
Compiling module xil_defaultlib.glbl
Built simulation snapshot tb_board_cdc_smoke_behav
