#-----------------------------------------------------------
# Vivado v2020.2 (64-bit)
# SW Build 3064766 on Wed Nov 18 09:12:45 MST 2020
# IP Build 3064653 on Wed Nov 18 14:17:31 MST 2020
# Start of session at: Sun Sep 20 15:22:42 2026
# Process ID: 28556
# Current directory: C:/project/RTDS/DDR/RTDS_test_DDR4_64bit_batch_dev
# Command line: vivado.exe -mode batch -source C:\project\RTDS\DDR\RTDS_test_DDR4_64bit_batch_dev\scripts\run_synth_impl_retry_20260920.tcl -log C:\project\RTDS\DDR\RTDS_test_DDR4_64bit_batch_dev\reports\impl_20260920_retry\vivado.log -journal C:\project\RTDS\DDR\RTDS_test_DDR4_64bit_batch_dev\reports\impl_20260920_retry\vivado.jou
# Log file: C:/project/RTDS/DDR/RTDS_test_DDR4_64bit_batch_dev/reports/impl_20260920_retry/vivado.log
# Journal file: C:\project\RTDS\DDR\RTDS_test_DDR4_64bit_batch_dev\reports\impl_20260920_retry\vivado.jou
#-----------------------------------------------------------
source {C:\project\RTDS\DDR\RTDS_test_DDR4_64bit_batch_dev\scripts\run_synth_impl_retry_20260920.tcl}
# set script_dir [file dirname [file normalize [info script]]]
# set project_root [file normalize [file join $script_dir ..]]
# set report_dir [file join $project_root reports impl_20260920_retry]
# file mkdir $report_dir
# open_project [file join $project_root RTDS_test_DDR4_64bit.xpr]
Scanning sources...
Finished scanning sources
INFO: [IP_Flow 19-234] Refreshing IP repositories
INFO: [IP_Flow 19-1704] No user IP repositories specified
INFO: [IP_Flow 19-2313] Loaded Vivado IP repository 'C:/Xilinx/Vivado/2020.2/data/ip'.
open_project: Time (s): cpu = 00:00:10 ; elapsed = 00:00:12 . Memory (MB): peak = 1111.039 ; gain = 0.000
# set_property verilog_define {DDR4_REAL} [get_filesets sources_1]
# update_compile_order -fileset sources_1
# reset_run synth_1
WARNING: [Vivado 12-1017] Problems encountered:
1. PID not specified

# launch_runs synth_1 -jobs 4
INFO: [Vivado 12-4149] The synthesis checkpoint for IP 'C:/project/RTDS/DDR/RTDS_test_DDR4_64bit_batch_dev/RTDS_test_DDR4_64bit.srcs/sources_1/ip/sys_mon/sys_mon.xci' is already up-to-date
INFO: [Vivado 12-4149] The synthesis checkpoint for IP 'C:/project/RTDS/DDR/RTDS_test_DDR4_64bit_batch_dev/external_snapshot/fdma_aurora_brg/fdma_aurora_brg.srcs/sources_1 - loop_validate/ip/aurora_64b66b_0/aurora_64b66b_0.xci' is already up-to-date
INFO: [Vivado 12-4149] The synthesis checkpoint for IP 'C:/project/RTDS/DDR/RTDS_test_DDR4_64bit_batch_dev/RTDS_test_DDR4_64bit.srcs/sources_1/ip/clk_wiz_0/clk_wiz_0.xci' is already up-to-date
[Sun Sep 20 15:23:15 2026] Launched synth_1...
Run output will be captured here: C:/project/RTDS/DDR/RTDS_test_DDR4_64bit_batch_dev/RTDS_test_DDR4_64bit.runs/synth_1/runme.log
launch_runs: Time (s): cpu = 00:00:00 ; elapsed = 00:00:15 . Memory (MB): peak = 1111.039 ; gain = 0.000
# wait_on_run synth_1
[Sun Sep 20 15:23:15 2026] Waiting for synth_1 to finish...

*** Running vivado
    with args -log TOP.vds -m64 -product Vivado -mode batch -messageDb vivado.pb -notrace -source TOP.tcl


*** Running vivado
    with args -log TOP.vds -m64 -product Vivado -mode batch -messageDb vivado.pb -notrace -source TOP.tcl

