#-----------------------------------------------------------
# Vivado v2020.2 (64-bit)
# SW Build 3064766 on Wed Nov 18 09:12:45 MST 2020
# IP Build 3064653 on Wed Nov 18 14:17:31 MST 2020
# Start of session at: Sun Sep 20 19:49:50 2026
# Process ID: 12700
# Current directory: F:/RTDS_test_DDR4_64bit_batch_dev
# Command line: vivado.exe -mode batch -source F:\RTDS_test_DDR4_64bit_batch_dev\scripts\fix_pin_constraint_and_rerun_impl_20260920.tcl -log F:\RTDS_test_DDR4_64bit_batch_dev\reports\impl_after_pin_constraint_fix_20260920\vivado.log -journal F:\RTDS_test_DDR4_64bit_batch_dev\reports\impl_after_pin_constraint_fix_20260920\vivado.jou
# Log file: F:/RTDS_test_DDR4_64bit_batch_dev/reports/impl_after_pin_constraint_fix_20260920/vivado.log
# Journal file: F:\RTDS_test_DDR4_64bit_batch_dev\reports\impl_after_pin_constraint_fix_20260920\vivado.jou
#-----------------------------------------------------------
source {F:\RTDS_test_DDR4_64bit_batch_dev\scripts\fix_pin_constraint_and_rerun_impl_20260920.tcl}
