#-----------------------------------------------------------
# Vivado v2020.2 (64-bit)
# SW Build 3064766 on Wed Nov 18 09:12:45 MST 2020
# IP Build 3064653 on Wed Nov 18 14:17:31 MST 2020
# Start of session at: Sun Sep 20 21:07:18 2026
# Process ID: 6576
# Current directory: F:/RTDS_test_DDR4_64bit_batch_dev
# Command line: vivado.exe -mode batch -source F:\RTDS_test_DDR4_64bit_batch_dev\scripts\resume_route_from_physopt_20260920.tcl -log F:\RTDS_test_DDR4_64bit_batch_dev\reports\route_resume_20260920\vivado.log -journal F:\RTDS_test_DDR4_64bit_batch_dev\reports\route_resume_20260920\vivado.jou
# Log file: F:/RTDS_test_DDR4_64bit_batch_dev/reports/route_resume_20260920/vivado.log
# Journal file: F:\RTDS_test_DDR4_64bit_batch_dev\reports\route_resume_20260920\vivado.jou
#-----------------------------------------------------------
source {F:\RTDS_test_DDR4_64bit_batch_dev\scripts\resume_route_from_physopt_20260920.tcl}
# set script_dir [file dirname [file normalize [info script]]]
# set root [file normalize [file join $script_dir ..]]
# set run_dir [file join $root RTDS_test_DDR4_64bit.runs impl_1]
# set input_dcp [file join $run_dir TOP_physopt.dcp]
# set report_dir [file join $root reports route_resume_20260920]
# file mkdir $report_dir
# if {![file exists $input_dcp]} {
#     error "RTDS_PHYSOPT_DCP_MISSING: $input_dcp"
# }
# set_param general.maxThreads 1
# open_checkpoint $input_dcp
Command: open_checkpoint F:/RTDS_test_DDR4_64bit_batch_dev/RTDS_test_DDR4_64bit.runs/impl_1/TOP_physopt.dcp

Starting open_checkpoint Task

Time (s): cpu = 00:00:00 ; elapsed = 00:00:00.127 . Memory (MB): peak = 921.117 ; gain = 0.000
INFO: [Device 21-403] Loading part xcku040-ffva1156-2-i
Netlist sorting complete. Time (s): cpu = 00:00:04 ; elapsed = 00:00:05 . Memory (MB): peak = 1181.027 ; gain = 4.609
INFO: [Netlist 29-17] Analyzing 2025 Unisim elements for replacement
INFO: [Netlist 29-28] Unisim Transformation completed in 3 CPU seconds
INFO: [Project 1-479] Netlist was created with Vivado 2020.2
INFO: [Project 1-570] Preparing netlist for logic optimization
WARNING: [Constraints 18-550] Could not create 'DRIVE' constraint because net 'u_pcie/u_rtds_ddr4_backend/u_ddr4_mig/inst/u_ddr4_mem_intfc/u_mig_ddr4_phy/cal_RESET_n[0]' is not directly connected to top level port. Synthesis is ignored for DRIVE but preserved for implementation.
WARNING: [Constraints 18-550] Could not create 'SLEW' constraint because net 'u_pcie/u_rtds_ddr4_backend/u_ddr4_mig/inst/u_ddr4_mem_intfc/u_mig_ddr4_phy/cal_RESET_n[0]' is not directly connected to top level port. Synthesis is ignored for SLEW but preserved for implementation.
INFO: [Timing 38-478] Restoring timing data from binary archive.
INFO: [Timing 38-479] Binary timing data restore complete.
INFO: [Project 1-856] Restoring constraints from binary archive.
INFO: [Project 1-853] Binary constraint restore complete.
Reading XDEF placement.
Reading placer database...
Reading XDEF routing.
Read XDEF File: Time (s): cpu = 00:00:15 ; elapsed = 00:00:17 . Memory (MB): peak = 1882.707 ; gain = 79.738
Restored from archive | CPU: 15.000000 secs | Memory: 0.000000 MB |
Finished XDEF File Restore: Time (s): cpu = 00:00:15 ; elapsed = 00:00:18 . Memory (MB): peak = 1882.707 ; gain = 79.738
INFO: [IP_Flow 19-234] Refreshing IP repositories
INFO: [IP_Flow 19-1704] No user IP repositories specified
INFO: [IP_Flow 19-2313] Loaded Vivado IP repository 'D:/Xilinx_2020_2/Vivado/2020.2/data/ip'.
Netlist sorting complete. Time (s): cpu = 00:00:01 ; elapsed = 00:00:00.126 . Memory (MB): peak = 2024.258 ; gain = 0.000
INFO: [Project 1-111] Unisim Transformation Summary:
  A total of 902 instances were transformed.
  CFGLUT5 => CFGLUT5 (SRL16E, SRLC32E): 244 instances
  DSP48E1 => DSP48E2 (DSP_ALU, DSP_A_B_DATA, DSP_C_DATA, DSP_MULTIPLIER, DSP_M_DATA, DSP_OUTPUT, DSP_PREADD, DSP_PREADD_DATA): 3 instances
  IBUF => IBUF (IBUFCTRL, INBUF): 1 instance 
  IBUFDS => IBUFDS (DIFFINBUF, IBUFCTRL): 1 instance 
  IOBUFDS => IOBUFDS (DIFFINBUF, IBUFCTRL, INV, OBUFT(x2)): 8 instances
  IOBUFE3 => IOBUFE3 (IBUFCTRL, INBUF, OBUFT_DCIEN): 72 instances
  LUT6_2 => LUT6_2 (LUT5, LUT6): 31 instances
  OBUFDS => OBUFDS_DUAL_BUF (INV, OBUF(x2)): 1 instance 
  RAM16X1D => RAM32X1D (RAMD32(x2)): 20 instances
  RAM32M => RAM32M (RAMD32(x6), RAMS32(x2)): 204 instances
  RAM32M16 => RAM32M16 (RAMD32(x14), RAMS32(x2)): 257 instances
  RAM32X1D => RAM32X1D (RAMD32(x2)): 10 instances
  RAM64X1S => RAM64X1S (RAMS64E): 9 instances
  SRLC32E => SRL16E: 41 instances

INFO: [Project 1-604] Checkpoint was created with Vivado v2020.2 (64-bit) build 3064766
open_checkpoint: Time (s): cpu = 00:01:30 ; elapsed = 00:02:28 . Memory (MB): peak = 2028.266 ; gain = 1107.148
# route_design
Command: route_design
Attempting to get a license for feature 'Implementation' and/or device 'xcku040'
INFO: [Common 17-349] Got license for feature 'Implementation' and/or device 'xcku040'
Running DRC as a precondition to command route_design
INFO: [DRC PORTPROP-10] Incorrect IOStandard on MCAP reset: The PCI Express reset pin pcie_rst_n is driven by an IOB with a 1.8V IO standard.  This is incompatible with the 3.3V signal that is generated by the reset pin of the PCI Express edge connector.  If this pin cannot be driven at 3.3V, your  design will require an external level shifter to convert the incoming 3.3V reset signal from the edge connector to the 1.8V at the FPGA pin.
INFO: [Vivado_Tcl 4-198] DRC finished with 0 Errors, 1 Advisories
INFO: [Vivado_Tcl 4-199] Please refer to the DRC report (report_drc) for more information.


Starting Routing Task
Checksum: PlaceDB: 97196ae4 ConstDB: 0 ShapeSum: d01669e1 RouteDB: 90af6fe5

Phase 1 Build RT Design
