#-----------------------------------------------------------
# xsim v2020.2 (64-bit)
# SW Build 3064766 on Wed Nov 18 09:12:45 MST 2020
# IP Build 3064653 on Wed Nov 18 14:17:31 MST 2020
# Start of session at: Sun Sep 20 15:50:59 2026
# Process ID: 4652
# Current directory: C:/project/RTDS/DDR/RTDS_test_DDR4_64bit_batch_dev/regression/v201_runs/tx/project/module_test.sim/sim_1/behav/xsim
# Command line: xsim.exe -log C:\project\RTDS\DDR\RTDS_test_DDR4_64bit_batch_dev\evidence\v201_quick_wave_draft\raw\tx\xsim_tx.log -mode tcl -source {xsim.dir/tb_rtds_tx_behav/xsim_script.tcl}
# Log file: C:/project/RTDS/DDR/RTDS_test_DDR4_64bit_batch_dev/evidence/v201_quick_wave_draft/raw/tx/xsim_tx.log
# Journal file: C:/project/RTDS/DDR/RTDS_test_DDR4_64bit_batch_dev/regression/v201_runs/tx/project/module_test.sim/sim_1/behav/xsim\xsim.jou
#-----------------------------------------------------------
source xsim.dir/tb_rtds_tx_behav/xsim_script.tcl
# xsim {tb_rtds_tx_behav} -wdb {C:\project\RTDS\DDR\RTDS_test_DDR4_64bit_batch_dev\evidence\v201_quick_wave_draft\raw\tx\tx_full.wdb} -autoloadwcfg -tclbatch {C:/project/RTDS/DDR/RTDS_test_DDR4_64bit_batch_dev/regression/batch_1g/record_module_evidence.tcl}
Vivado Simulator 2020.2
Time resolution is 1 ps
source C:/project/RTDS/DDR/RTDS_test_DDR4_64bit_batch_dev/regression/batch_1g/record_module_evidence.tcl
## foreach required {RTDS_WAVE_TOP RTDS_VCD_PATH RTDS_WCFG_PATH} {
##     if {![info exists ::env($required)]} {
##         error "missing environment variable $required"
##     }
## }
## set top_scope /$::env(RTDS_WAVE_TOP)
## if {[string length [current_wave_config]] == 0} {
##     create_wave_config
## }
## log_wave -r ${top_scope}/*
WARNING: [Simtcl 6-197] One or more HDL objects could not be logged because of object type or size limitations.  To see details please rerun the command with -verbose (-v).
## add_wave -r ${top_scope}/*
WARNING: Simulation object /tb_rtds_tx/payload/payload was not traceable in the design for the following reason:
Vivado Simulator does not support tracing of automatic variables in Verilog/VHDL subprogram.
WARNING: Simulation object /tb_rtds_tx/payload/word_index was not traceable in the design for the following reason:
Vivado Simulator does not support tracing of automatic variables in Verilog/VHDL subprogram.
WARNING: Simulation object /tb_rtds_tx/produce/Block64_191/Block70_192/beat was not traceable in the design for the following reason:
Vivado Simulator does not support tracing of automatic variables in Verilog/VHDL subprogram.
WARNING: Simulation object /tb_rtds_tx/produce/Block64_191/frame_id was not traceable in the design for the following reason:
Vivado Simulator does not support tracing of automatic variables in Verilog/VHDL subprogram.
WARNING: Simulation object /tb_rtds_tx/produce/frames was not traceable in the design for the following reason:
Vivado Simulator does not support tracing of automatic variables in Verilog/VHDL subprogram.
WARNING: Simulation object /tb_rtds_tx/consume/Block85_193/cycle was not traceable in the design for the following reason:
Vivado Simulator does not support tracing of automatic variables in Verilog/VHDL subprogram.
WARNING: Simulation object /tb_rtds_tx/consume/frames was not traceable in the design for the following reason:
Vivado Simulator does not support tracing of automatic variables in Verilog/VHDL subprogram.
WARNING: Simulation object /tb_rtds_tx/consume/hold_cycles was not traceable in the design for the following reason:
Vivado Simulator does not support tracing of automatic variables in Verilog/VHDL subprogram.
WARNING: Simulation object /tb_rtds_tx/run_case/frames was not traceable in the design for the following reason:
Vivado Simulator does not support tracing of automatic variables in Verilog/VHDL subprogram.
WARNING: Simulation object /tb_rtds_tx/run_case/hold_cycles was not traceable in the design for the following reason:
Vivado Simulator does not support tracing of automatic variables in Verilog/VHDL subprogram.
## open_vcd $::env(RTDS_VCD_PATH)
## log_vcd [get_objects -r ${top_scope}/*]
INFO: HDL object /tb_rtds_tx/U_DUT/xpm_fifo_async_inst/\gnuram_async_fifo.xpm_fifo_base_inst /\gen_sdpram.xpm_memory_base_inst /mem is an unpacked array. VCD does not support unpacked array type according to IEEE LRM 1800-2009, section21.7.5.
INFO: HDL object /tb_rtds_tx/U_DUT/xpm_fifo_async_inst/\gnuram_async_fifo.xpm_fifo_base_inst /\gen_sdpram.xpm_memory_base_inst /\gen_rd_b.gen_doutb_pipe.enb_pipe  is an unpacked array. VCD does not support unpacked array type according to IEEE LRM 1800-2009, section21.7.5.
INFO: HDL object /tb_rtds_tx/U_DUT/xpm_fifo_async_inst/\gnuram_async_fifo.xpm_fifo_base_inst /\gen_sdpram.xpm_memory_base_inst /\gen_rd_b.gen_doutb_pipe.doutb_pipe  is an unpacked array. VCD does not support unpacked array type according to IEEE LRM 1800-2009, section21.7.5.
INFO: HDL object /tb_rtds_tx/U_DUT/xpm_fifo_async_inst/\gnuram_async_fifo.xpm_fifo_base_inst /\gen_cdc_pntr.wr_pntr_cdc_inst /dest_graysync_ff is an unpacked array. VCD does not support unpacked array type according to IEEE LRM 1800-2009, section21.7.5.
INFO: HDL object /tb_rtds_tx/U_DUT/xpm_fifo_async_inst/\gnuram_async_fifo.xpm_fifo_base_inst /\gen_cdc_pntr.wr_pntr_cdc_dc_inst /dest_graysync_ff is an unpacked array. VCD does not support unpacked array type according to IEEE LRM 1800-2009, section21.7.5.
INFO: HDL object /tb_rtds_tx/U_DUT/xpm_fifo_async_inst/\gnuram_async_fifo.xpm_fifo_base_inst /\gen_cdc_pntr.rd_pntr_cdc_inst /dest_graysync_ff is an unpacked array. VCD does not support unpacked array type according to IEEE LRM 1800-2009, section21.7.5.
INFO: HDL object /tb_rtds_tx/U_DUT/xpm_fifo_async_inst/\gnuram_async_fifo.xpm_fifo_base_inst /\gen_cdc_pntr.rd_pntr_cdc_dc_inst /dest_graysync_ff is an unpacked array. VCD does not support unpacked array type according to IEEE LRM 1800-2009, section21.7.5.
## run all
Info: [XPM_MEMORY 20-1] MEMORY_PRIMITIVE (0) instructs Vivado Synthesis to choose the memory primitive type. Depending on their values, other XPM_MEMORY parameters may preclude the choice of certain memory primitive types. Review XPM_MEMORY documentation and parameter values to understand any limitations, or set MEMORY_PRIMITIVE to a different value. tb_rtds_tx.U_DUT.xpm_fifo_async_inst.\gnuram_async_fifo.xpm_fifo_base_inst .\gen_sdpram.xpm_memory_base_inst .config_drc
Time: 1 ps  Iteration: 0  Process: /tb_rtds_tx/U_DUT/xpm_fifo_async_inst/gnuram_async_fifo.xpm_fifo_base_inst/gen_sdpram.xpm_memory_base_inst/Initial294_87  Scope: tb_rtds_tx.U_DUT.xpm_fifo_async_inst.\gnuram_async_fifo.xpm_fifo_base_inst .\gen_sdpram.xpm_memory_base_inst .config_drc  File: C:/Xilinx/Vivado/2020.2/data/ip/xpm/xpm_memory/hdl/xpm_memory.sv Line: 488
TX CASE PASS frames=1 peak=2
TX CASE PASS frames=300 peak=504
TEST PASS tb_rtds_tx single/batch/near_full/backpressure
$finish called at time : 28905600 ps : File "C:/project/RTDS/DDR/RTDS_test_DDR4_64bit_batch_dev/regression/batch_1g/tb_rtds_tx.sv" Line 123
## close_vcd
## catch {file delete -force $::env(RTDS_WCFG_PATH)}
## if {[catch {save_wave_config $::env(RTDS_WCFG_PATH)} save_error]} {
##     puts "RTDS_EVIDENCE_WCFG_WARNING=$save_error"
## }
## puts "RTDS_EVIDENCE_RECORDED=$top_scope"
RTDS_EVIDENCE_RECORDED=/tb_rtds_tx
