#-----------------------------------------------------------
# xsim v2020.2 (64-bit)
# SW Build 3064766 on Wed Nov 18 09:12:45 MST 2020
# IP Build 3064653 on Wed Nov 18 14:17:31 MST 2020
# Start of session at: Sun Sep 20 15:56:11 2026
# Process ID: 24104
# Current directory: C:/project/RTDS/DDR/RTDS_test_DDR4_64bit_batch_dev/regression/v201_runs/rx_fifo/project/module_test.sim/sim_1/behav/xsim
# Command line: xsim.exe -log C:\project\RTDS\DDR\RTDS_test_DDR4_64bit_batch_dev\evidence\v201_quick_wave_draft\raw\rx_fifo\xsim_rx_fifo.log -mode tcl -source {xsim.dir/tb_rtds_rx_fifo_behav/xsim_script.tcl}
# Log file: C:/project/RTDS/DDR/RTDS_test_DDR4_64bit_batch_dev/evidence/v201_quick_wave_draft/raw/rx_fifo/xsim_rx_fifo.log
# Journal file: C:/project/RTDS/DDR/RTDS_test_DDR4_64bit_batch_dev/regression/v201_runs/rx_fifo/project/module_test.sim/sim_1/behav/xsim\xsim.jou
#-----------------------------------------------------------
source xsim.dir/tb_rtds_rx_fifo_behav/xsim_script.tcl
source C:/project/RTDS/DDR/RTDS_test_DDR4_64bit_batch_dev/regression/batch_1g/record_module_evidence.tcl
