Copyright 1986-2020 Xilinx, Inc. All Rights Reserved.
------------------------------------------------------------------------------------------------------------------------------------------------------------------------
| Tool Version      : Vivado v.2020.2 (win64) Build 3064766 Wed Nov 18 09:12:45 MST 2020
| Date              : Tue Sep 15 15:10:08 2026
| Host              : DESKTOP-H0AB0MD running 64-bit major release  (build 9200)
| Design            : TOP_AXI_DDR4_FULL_BIST
| Device            : xcku040-ffva1156
| Speed File        : -2  PRODUCTION 1.25 12-04-2018
| Temperature Grade : I
------------------------------------------------------------------------------------------------------------------------------------------------------------------------

Clock Interaction Report

Clock Interaction Table
-----------------------

                                                                                                                                                                                        WNS                            TNS Failing  TNS Total    WNS Path         WHS                            THS Failing  THS Total    WHS Path         Clock-Pair           Inter-Clock              
From Clock                                                                                  To Clock                                                                                    Clock Edges  WNS(ns)  TNS(ns)    Endpoints    Endpoints  Requirement(ns)  Clock Edges  WHS(ns)  THS(ns)    Endpoints    Endpoints  Requirement(ns)  Classification       Constraints              
------------------------------------------------------------------------------------------  ------------------------------------------------------------------------------------------  -----------  -------  -------  -----------  -----------  ---------------  -----------  -------  -------  -----------  -----------  ---------------  -------------------  -----------------------  
dbg_hub/inst/BSCANID.u_xsdbm_id/SWITCH_N_EXT_BSCAN.bscan_inst/SERIES7_BSCAN.bscan_inst/TCK  dbg_hub/inst/BSCANID.u_xsdbm_id/SWITCH_N_EXT_BSCAN.bscan_inst/SERIES7_BSCAN.bscan_inst/TCK  rise - rise    28.44     0.00            0         1078            33.00  rise - rise     0.04     0.00            0         1078             0.00  Clean                Timed                    
dbg_hub/inst/BSCANID.u_xsdbm_id/SWITCH_N_EXT_BSCAN.bscan_inst/SERIES7_BSCAN.bscan_inst/TCK  mmcm_clkout5                                                                                rise - rise    32.27     0.00            0           88            33.00                                           0           88                   Ignored              Max Delay Datapath Only  
mmcm_clkout0                                                                                mmcm_clkout0                                                                                rise - rise    -0.92   -87.28          721        47939             3.33  rise - rise     0.03     0.00            0        47939             0.00  Clean                Timed                    
mmcm_clkout0                                                                                mmcm_clkout5                                                                                rise - rise    11.00     0.00            0          194            12.00                                           0          194                   Ignored              Max Delay Datapath Only  
mmcm_clkout0                                                                                mmcm_clkout6                                                                                rise - rise     1.86     0.00            0           36             3.33  rise - rise     0.05     0.00            0           36             0.00  Clean                Partial False Path       
mmcm_clkout0                                                                                pll_clk[0]_DIV                                                                              rise - rise     0.22     0.00            0          352             3.33  rise - rise     0.20     0.00            0          352             0.00  Clean                Timed                    
mmcm_clkout0                                                                                pll_clk[1]_DIV                                                                              rise - rise     0.97     0.00            0          216             3.33  rise - rise     0.18     0.00            0          216             0.00  Clean                Timed                    
mmcm_clkout0                                                                                pll_clk[2]_DIV                                                                              rise - rise     0.83     0.00            0          352             3.33  rise - rise     0.25     0.00            0          352             0.00  Clean                Timed                    
mmcm_clkout5                                                                                dbg_hub/inst/BSCANID.u_xsdbm_id/SWITCH_N_EXT_BSCAN.bscan_inst/SERIES7_BSCAN.bscan_inst/TCK  rise - rise    12.59     0.00            0          104            13.33                                           0          104                   Ignored              Max Delay Datapath Only  
mmcm_clkout5                                                                                mmcm_clkout0                                                                                rise - rise     2.22     0.00            0          307             3.00                                           0          307                   Ignored              Max Delay Datapath Only  
mmcm_clkout5                                                                                mmcm_clkout5                                                                                rise - rise     9.02     0.00            0         6203            13.33  rise - rise     0.00     0.00            0         6203             0.00  Clean                Partial False Path       
mmcm_clkout6                                                                                mmcm_clkout0                                                                                rise - rise     1.11     0.00            0          129             3.00                                           0          129                   Ignored              Max Delay Datapath Only  
mmcm_clkout6                                                                                mmcm_clkout6                                                                                rise - rise     1.22     0.00            0         5638             6.66  rise - rise     0.03     0.00            0         5638             0.00  Clean                Partial False Path       
sys_clk_p                                                                                   mmcm_clkout0                                                                                                                         0            1                                                            0            1                   Ignored              False Path               
sys_clk_p                                                                                   mmcm_clkout6                                                                                                                         0            2                                                            0            2                   Ignored              False Path               
sys_clk_p                                                                                   sys_clk_p                                                                                   rise - rise     6.74     0.00            0           23            10.00  rise - rise     0.06     0.00            0           23             0.00  Clean                Timed                    


