#-----------------------------------------------------------
# Vivado v2020.2 (64-bit)
# SW Build 3064766 on Wed Nov 18 09:12:45 MST 2020
# IP Build 3064653 on Wed Nov 18 14:17:31 MST 2020
# Start of session at: Mon Sep 14 17:24:52 2026
# Process ID: 80568
# Current directory: C:/Users/vivadoagent.DESKTOP-H0AB0MD
# Command line: vivado.exe -mode batch -source C:/project/RTDS/DDR/RTDS_test_DDR4_64bit_batch_dev/scripts/repair_project_references.tcl -log C:/project/RTDS/DDR/RTDS_test_DDR4_64bit_batch_dev/reports/repair_project_references.log -nojournal
# Log file: C:/project/RTDS/DDR/RTDS_test_DDR4_64bit_batch_dev/reports/repair_project_references.log
# Journal file: 
#-----------------------------------------------------------
source C:/project/RTDS/DDR/RTDS_test_DDR4_64bit_batch_dev/scripts/repair_project_references.tcl
# set root [file normalize [file join [file dirname [info script]] ..]]
# open_project [file join $root RTDS_test_DDR4_64bit.xpr]
Scanning sources...
Finished scanning sources
INFO: [IP_Flow 19-234] Refreshing IP repositories
INFO: [IP_Flow 19-1704] No user IP repositories specified
INFO: [IP_Flow 19-2313] Loaded Vivado IP repository 'C:/Xilinx/Vivado/2020.2/data/ip'.
open_project: Time (s): cpu = 00:00:17 ; elapsed = 00:01:00 . Memory (MB): peak = 1088.758 ; gain = 0.000
# set_property XPM_LIBRARIES {XPM_CDC XPM_FIFO} [current_project]
# set f [file join $root {external_snapshot/fdma_aurora_brg/fdma_aurora_brg.srcs/sources_1 - loop_validate/ip/aurora_64b66b_0/aurora_64b66b_0.xci}]
# if {![file exists $f]} {error "Missing required source: $f"}
# if {[llength [get_files -quiet [list $f]]] == 0} {add_files -norecurse -fileset sources_1 [list $f]}
# set f [file join $root {external_snapshot/fdma_aurora_brg/fdma_aurora_brg.srcs/sources_1 - loop_validate/imports/aurora_64b66b_0_ex/imports/aurora_64b66b_0_cdc_sync_exdes.v}]
# if {![file exists $f]} {error "Missing required source: $f"}
# if {[llength [get_files -quiet [list $f]]] == 0} {add_files -norecurse -fileset sources_1 [list $f]}
# set f [file join $root {external_snapshot/fdma_aurora_brg/fdma_aurora_brg.srcs/sources_1 - loop_validate/imports/aurora_64b66b_0_ex/imports/aurora_64b66b_0_example_axi_to_ll.v}]
# if {![file exists $f]} {error "Missing required source: $f"}
# if {[llength [get_files -quiet [list $f]]] == 0} {add_files -norecurse -fileset sources_1 [list $f]}
# set f [file join $root {external_snapshot/fdma_aurora_brg/fdma_aurora_brg.srcs/sources_1 - loop_validate/imports/aurora_64b66b_0_ex/imports/aurora_64b66b_0_example_ll_to_axi.v}]
# if {![file exists $f]} {error "Missing required source: $f"}
# if {[llength [get_files -quiet [list $f]]] == 0} {add_files -norecurse -fileset sources_1 [list $f]}
# set f [file join $root {external_snapshot/fdma_aurora_brg/fdma_aurora_brg.srcs/sources_1 - loop_validate/imports/aurora_64b66b_0_ex/imports/aurora_64b66b_0_exdes.v}]
# if {![file exists $f]} {error "Missing required source: $f"}
# if {[llength [get_files -quiet [list $f]]] == 0} {add_files -norecurse -fileset sources_1 [list $f]}
# set f [file join $root {external_snapshot/fdma_aurora_brg/fdma_aurora_brg.srcs/sources_1 - loop_validate/imports/aurora_64b66b_0_ex/aurora_64b66b_0_ex.srcs/sources_1/new/aurora_64b66b_top.v}]
# if {![file exists $f]} {error "Missing required source: $f"}
# if {[llength [get_files -quiet [list $f]]] == 0} {add_files -norecurse -fileset sources_1 [list $f]}
# set f [file join $root {rtl/rtds_1g_periodic_tx.v}]
# if {![file exists $f]} {error "Missing required source: $f"}
# if {[llength [get_files -quiet [list $f]]] == 0} {add_files -norecurse -fileset sources_1 [list $f]}
# set f [file join $root {rtl/rtds_fpga_1g_init.v}]
# if {![file exists $f]} {error "Missing required source: $f"}
# if {[llength [get_files -quiet [list $f]]] == 0} {add_files -norecurse -fileset sources_1 [list $f]}
# set f [file join $root {rtl/rtds_fpga_bit_cdc.v}]
# if {![file exists $f]} {error "Missing required source: $f"}
# if {[llength [get_files -quiet [list $f]]] == 0} {add_files -norecurse -fileset sources_1 [list $f]}
# set f [file join $root {rtl/rtds_fpga_cfg_cdc.v}]
# if {![file exists $f]} {error "Missing required source: $f"}
# if {[llength [get_files -quiet [list $f]]] == 0} {add_files -norecurse -fileset sources_1 [list $f]}
# set f [file join $root {rtl/rtds_fpga_count_cdc.v}]
# if {![file exists $f]} {error "Missing required source: $f"}
# if {[llength [get_files -quiet [list $f]]] == 0} {add_files -norecurse -fileset sources_1 [list $f]}
# set f [file join $root {rtl/rtds_fpga_reset_sync.v}]
# if {![file exists $f]} {error "Missing required source: $f"}
# if {[llength [get_files -quiet [list $f]]] == 0} {add_files -norecurse -fileset sources_1 [list $f]}
# set f [file join $root {rtl/rtds_rx_block_writer.v}]
# if {![file exists $f]} {error "Missing required source: $f"}
# if {[llength [get_files -quiet [list $f]]] == 0} {add_files -norecurse -fileset sources_1 [list $f]}
# set f [file join $root {rtl/rtds_rx_frame_fifo.v}]
# if {![file exists $f]} {error "Missing required source: $f"}
# if {[llength [get_files -quiet [list $f]]] == 0} {add_files -norecurse -fileset sources_1 [list $f]}
# set f [file join $root {external_snapshot/aurora1g_verified/rtl/aurora_8b10b_1p25g_axi_to_ll_exdes.v}]
# if {![file exists $f]} {error "Missing required source: $f"}
# if {[llength [get_files -quiet [list $f]]] == 0} {add_files -norecurse -fileset sources_1 [list $f]}
# set f [file join $root {external_snapshot/aurora1g_verified/rtl/aurora_8b10b_1p25g_design.v}]
# if {![file exists $f]} {error "Missing required source: $f"}
# if {[llength [get_files -quiet [list $f]]] == 0} {add_files -norecurse -fileset sources_1 [list $f]}
# set f [file join $root {external_snapshot/aurora1g_verified/rtl/aurora_8b10b_1p25g_ll_to_axi_exdes.v}]
# if {![file exists $f]} {error "Missing required source: $f"}
# if {[llength [get_files -quiet [list $f]]] == 0} {add_files -norecurse -fileset sources_1 [list $f]}
# set f [file join $root {external_snapshot/aurora1g_verified/ip/aurora_8b10b_1p25g.xci}]
# if {![file exists $f]} {error "Missing required source: $f"}
# if {[llength [get_files -quiet [list $f]]] == 0} {add_files -norecurse -fileset sources_1 [list $f]}
INFO: [Device 21-403] Loading part xcku040-ffva1156-2-i
add_files: Time (s): cpu = 00:00:10 ; elapsed = 00:00:34 . Memory (MB): peak = 1279.738 ; gain = 190.980
# update_compile_order -fileset sources_1
# foreach f [get_files -all *.xci] {
#  if {[string match *aurora* $f]} {generate_target simulation $f}
# }
xit::create_sub_core: Time (s): cpu = 00:00:03 ; elapsed = 00:00:09 . Memory (MB): peak = 1282.609 ; gain = 2.871
INFO: [IP_Flow 19-1686] Generating 'Simulation' target for IP 'aurora_8b10b_1p25g'...
generate_target: Time (s): cpu = 00:00:28 ; elapsed = 00:01:29 . Memory (MB): peak = 1315.832 ; gain = 36.094
INFO: [IP_Flow 19-1686] Generating 'Simulation' target for IP 'aurora_64b66b_0_reg_slice_2'...
INFO: [IP_Flow 19-1686] Generating 'Simulation' target for IP 'aurora_64b66b_0_reg_slice_0'...
INFO: [IP_Flow 19-1706] Not generating 'Simulation' target for IP 'aurora_64b66b_0'. Target already exists and is up to date.
ERROR: [Vivado 12-3563] The Nested sub-design 'c:/project/RTDS/DDR/RTDS_test_DDR4_64bit_batch_dev/external_snapshot/fdma_aurora_brg/fdma_aurora_brg.gen/sources_1/ip/aurora_64b66b_0/ip_1/aurora_64b66b_0_fifo_gen_master.xci' can only be generated by its parent sub-design.
INFO: [Common 17-206] Exiting Vivado at Mon Sep 14 17:28:05 2026...
