#-----------------------------------------------------------
# Vivado v2020.2 (64-bit)
# SW Build 3064766 on Wed Nov 18 09:12:45 MST 2020
# IP Build 3064653 on Wed Nov 18 14:17:31 MST 2020
# Start of session at: Mon Sep 14 19:28:34 2026
# Process ID: 4608
# Current directory: C:/Users/vivadoagent.DESKTOP-H0AB0MD
# Command line: vivado.exe -mode batch -source C:/project/RTDS/DDR/RTDS_test_DDR4_64bit_batch_dev/scripts/resume_rootport_v201.tcl -log C:/project/RTDS/DDR/RTDS_test_DDR4_64bit_batch_dev/reports/v201_rootport_resume.log -nojournal
# Log file: C:/project/RTDS/DDR/RTDS_test_DDR4_64bit_batch_dev/reports/v201_rootport_resume.log
# Journal file: 
#-----------------------------------------------------------
source C:/project/RTDS/DDR/RTDS_test_DDR4_64bit_batch_dev/scripts/resume_rootport_v201.tcl
# set root [file normalize [file join [file dirname [info script]] ..]]
# open_project [file join $root RTDS_test_DDR4_64bit.xpr]
Scanning sources...
Finished scanning sources
INFO: [IP_Flow 19-234] Refreshing IP repositories
INFO: [IP_Flow 19-1704] No user IP repositories specified
INFO: [IP_Flow 19-2313] Loaded Vivado IP repository 'C:/Xilinx/Vivado/2020.2/data/ip'.
open_project: Time (s): cpu = 00:00:16 ; elapsed = 00:00:47 . Memory (MB): peak = 1089.023 ; gain = 0.000
# current_fileset -simset [get_filesets sim_xdma_rootport]
# set_property xsim.simulate.runtime all [get_filesets sim_xdma_rootport]
# launch_simulation -simset sim_xdma_rootport -mode behavioral -step elaborate
Command: launch_simulation -simset sim_xdma_rootport -mode behavioral
INFO: [Vivado 12-5698] Checking validity of IPs in the design for the 'XSim' simulator...
INFO: [Vivado 12-5682] Launching behavioral simulation in 'C:/project/RTDS/DDR/RTDS_test_DDR4_64bit_batch_dev/RTDS_test_DDR4_64bit.sim/sim_xdma_rootport/behav/xsim'
INFO: [Vivado 12-4795] Using compiled simulation libraries for IPs
INFO: [USF-XSim-3] XSim::Elaborate design
can't read "::tclapp::xilinx::xsim::a_sim_vars(s_sim_top)": no such variable
    while executing
"set top $::tclapp::xilinx::xsim::a_sim_vars(s_sim_top)"
    (procedure "usf_xsim_write_elaborate_script" line 9)
    invoked from within
"usf_xsim_write_elaborate_script scr_filename"
    (procedure "tclapp::xilinx::xsim::elaborate" line 10)
    invoked from within
"tclapp::xilinx::xsim::elaborate { -simset sim_xdma_rootport -mode behavioral -run_dir C:/project/RTDS/DDR/RTDS_test_DDR4_64bit_batch_dev/RTDS_test_DDR..."
ERROR: [Vivado 12-4473] Detected error while running simulation. Please correct the issue and retry this operation.
launch_simulation: Time (s): cpu = 00:00:02 ; elapsed = 00:00:12 . Memory (MB): peak = 1089.023 ; gain = 0.000
ERROR: [Common 17-39] 'launch_simulation' failed due to earlier errors.

    while executing
"launch_simulation -simset sim_xdma_rootport -mode behavioral -step elaborate"
    (file "C:/project/RTDS/DDR/RTDS_test_DDR4_64bit_batch_dev/scripts/resume_rootport_v201.tcl" line 6)
INFO: [Common 17-206] Exiting Vivado at Mon Sep 14 19:29:35 2026...
