#-----------------------------------------------------------
# Vivado v2020.2 (64-bit)
# SW Build 3064766 on Wed Nov 18 09:12:45 MST 2020
# IP Build 3064653 on Wed Nov 18 14:17:31 MST 2020
# Start of session at: Mon Sep 21 19:37:56 2026
# Process ID: 13536
# Current directory: F:/RTDS_test_DDR4_64bit_batch_dev/regression/board_cdc_smoke_20260921
# Command line: vivado.exe -mode batch -source run.tcl -log smoke.log -journal smoke.jou
# Log file: F:/RTDS_test_DDR4_64bit_batch_dev/regression/board_cdc_smoke_20260921/smoke.log
# Journal file: F:/RTDS_test_DDR4_64bit_batch_dev/regression/board_cdc_smoke_20260921\smoke.jou
#-----------------------------------------------------------
source run.tcl
# set root F:/RTDS_test_DDR4_64bit_batch_dev
# set out [file dirname [file normalize [info script]]]
# create_project board_cdc_smoke $out/project -part xcku040-ffva1156-2-i
create_project: Time (s): cpu = 00:00:03 ; elapsed = 00:00:25 . Memory (MB): peak = 995.668 ; gain = 0.000
# set_property XPM_LIBRARIES {XPM_CDC XPM_FIFO} [current_project]
# add_files [glob $root/rtl/rtds_*.v]
# add_files $root/RTDS_test_DDR4_64bit.srcs/sources_1/new/pcie_fdma_aurora_brg_adapter.v
# add_files [list "$root/external_snapshot/fdma_aurora_brg/fdma_aurora_brg.srcs/sources_1 - loop_validate/new/fdma_aurora_brg_tx.v"]
# add_files -fileset sim_1 $out/tb_board_cdc_smoke.sv
# set_property top tb_board_cdc_smoke [get_filesets sim_1]
# set_property xsim.simulate.runtime all [get_filesets sim_1]
# launch_simulation -mode behavioral
Command: launch_simulation -mode behavioral
INFO: [Vivado 12-5682] Launching behavioral simulation in 'F:/RTDS_test_DDR4_64bit_batch_dev/regression/board_cdc_smoke_20260921/project/board_cdc_smoke.sim/sim_1/behav/xsim'
INFO: [SIM-utils-51] Simulation object is 'sim_1'
INFO: [USF-XSim-7] Finding pre-compiled libraries...
INFO: [USF-XSim-11] File 'D:/Xilinx_2020_2/Vivado/2020.2/data/xsim/xsim.ini' copied to run dir:'F:/RTDS_test_DDR4_64bit_batch_dev/regression/board_cdc_smoke_20260921/project/board_cdc_smoke.sim/sim_1/behav/xsim'
INFO: [SIM-utils-54] Inspecting design source files for 'tb_board_cdc_smoke' in fileset 'sim_1'...
INFO: [USF-XSim-97] Finding global include files...
INFO: [USF-XSim-98] Fetching design files from 'sim_1'...
INFO: [USF-XSim-2] XSim::Compile design
INFO: [USF-XSim-61] Executing 'COMPILE and ANALYZE' step in 'F:/RTDS_test_DDR4_64bit_batch_dev/regression/board_cdc_smoke_20260921/project/board_cdc_smoke.sim/sim_1/behav/xsim'
"xvlog --incr --relax -L uvm -prj tb_board_cdc_smoke_vlog.prj"
INFO: [VRFC 10-2263] Analyzing Verilog file "F:/RTDS_test_DDR4_64bit_batch_dev/external_snapshot/fdma_aurora_brg/fdma_aurora_brg.srcs/sources_1 - loop_validate/new/fdma_aurora_brg_tx.v" into library xil_defaultlib
INFO: [VRFC 10-311] analyzing module fdma_aurora_brg_tx
INFO: [VRFC 10-2263] Analyzing Verilog file "F:/RTDS_test_DDR4_64bit_batch_dev/RTDS_test_DDR4_64bit.srcs/sources_1/new/pcie_fdma_aurora_brg_adapter.v" into library xil_defaultlib
INFO: [VRFC 10-311] analyzing module pcie_fdma_aurora_brg_adapter
INFO: [VRFC 10-2263] Analyzing Verilog file "F:/RTDS_test_DDR4_64bit_batch_dev/rtl/rtds_1g_periodic_tx.v" into library xil_defaultlib
INFO: [VRFC 10-311] analyzing module RTDS_1G_PERIODIC_TX
INFO: [VRFC 10-2263] Analyzing Verilog file "F:/RTDS_test_DDR4_64bit_batch_dev/rtl/rtds_fpga_1g_init.v" into library xil_defaultlib
INFO: [VRFC 10-311] analyzing module RTDS_FPGA_1G_INIT
INFO: [VRFC 10-2263] Analyzing Verilog file "F:/RTDS_test_DDR4_64bit_batch_dev/rtl/rtds_fpga_cfg_cdc.v" into library xil_defaultlib
INFO: [VRFC 10-311] analyzing module RTDS_FPGA_CFG_CDC
INFO: [VRFC 10-2263] Analyzing Verilog file "F:/RTDS_test_DDR4_64bit_batch_dev/rtl/rtds_fpga_count_cdc.v" into library xil_defaultlib
INFO: [VRFC 10-311] analyzing module RTDS_FPGA_COUNT_CDC
INFO: [VRFC 10-2263] Analyzing Verilog file "F:/RTDS_test_DDR4_64bit_batch_dev/rtl/rtds_fpga_reset_sync.v" into library xil_defaultlib
INFO: [VRFC 10-311] analyzing module RTDS_FPGA_RESET_SYNC
INFO: [VRFC 10-2263] Analyzing Verilog file "F:/RTDS_test_DDR4_64bit_batch_dev/rtl/rtds_rx_block_writer.v" into library xil_defaultlib
INFO: [VRFC 10-311] analyzing module RTDS_RX_BLOCK_WRITER
INFO: [VRFC 10-2263] Analyzing Verilog file "F:/RTDS_test_DDR4_64bit_batch_dev/rtl/rtds_rx_frame_fifo.v" into library xil_defaultlib
INFO: [VRFC 10-311] analyzing module RTDS_RX_FRAME_FIFO
INFO: [VRFC 10-2263] Analyzing SystemVerilog file "F:/RTDS_test_DDR4_64bit_batch_dev/regression/board_cdc_smoke_20260921/tb_board_cdc_smoke.sv" into library xil_defaultlib
INFO: [VRFC 10-311] analyzing module tb_board_cdc_smoke
INFO: [VRFC 10-2263] Analyzing Verilog file "F:/RTDS_test_DDR4_64bit_batch_dev/regression/board_cdc_smoke_20260921/project/board_cdc_smoke.sim/sim_1/behav/xsim/glbl.v" into library xil_defaultlib
INFO: [VRFC 10-311] analyzing module glbl
run_program: Time (s): cpu = 00:00:00 ; elapsed = 00:00:19 . Memory (MB): peak = 995.668 ; gain = 0.000
INFO: [USF-XSim-69] 'compile' step finished in '20' seconds
INFO: [USF-XSim-3] XSim::Elaborate design
INFO: [USF-XSim-61] Executing 'ELABORATE' step in 'F:/RTDS_test_DDR4_64bit_batch_dev/regression/board_cdc_smoke_20260921/project/board_cdc_smoke.sim/sim_1/behav/xsim'
"xelab -wto 28b075025ae14945943d82d35f625838 --incr --debug typical --relax --mt 2 -L xil_defaultlib -L uvm -L unisims_ver -L unimacro_ver -L secureip -L xpm --snapshot tb_board_cdc_smoke_behav xil_defaultlib.tb_board_cdc_smoke xil_defaultlib.glbl -log elaborate.log"
Vivado Simulator 2020.2
Copyright 1986-1999, 2001-2020 Xilinx, Inc. All Rights Reserved.
Running: D:/Xilinx_2020_2/Vivado/2020.2/bin/unwrapped/win64.o/xelab.exe -wto 28b075025ae14945943d82d35f625838 --incr --debug typical --relax --mt 2 -L xil_defaultlib -L uvm -L unisims_ver -L unimacro_ver -L secureip -L xpm --snapshot tb_board_cdc_smoke_behav xil_defaultlib.tb_board_cdc_smoke xil_defaultlib.glbl -log elaborate.log 
Using 2 slave threads.
Starting static elaboration
Pass Through NonSizing Optimizer
Completed static elaboration
Starting simulation data flow analysis
Completed simulation data flow analysis
Time Resolution for simulation is 1ps
Compiling module xpm.xpm_cdc_single(DEST_SYNC_FF=2,IN...
Compiling module xpm.xpm_cdc_single(DEST_SYNC_FF=2,SR...
Compiling module xpm.xpm_cdc_sync_rst(DEST_SYNC_FF=2,...
Compiling module xpm.xpm_fifo_rst(COMMON_CLOCK=0)
Compiling module xpm.xpm_fifo_reg_bit
Compiling module xpm.xpm_counter_updn(COUNTER_WIDTH=1...
Compiling module xpm.xpm_counter_updn(COUNTER_WIDTH=9...
Compiling module xpm.xpm_memory_base(MEMORY_TYPE=1,ME...
Compiling module xpm.xpm_cdc_gray(DEST_SYNC_FF=2,INIT...
Compiling module xpm.xpm_fifo_reg_vec(REG_WIDTH=9)
Compiling module xpm.xpm_cdc_gray(INIT_SYNC_FF=1,WIDT...
Compiling module xpm.xpm_fifo_reg_vec(REG_WIDTH=10)
Compiling module xpm.xpm_cdc_gray(DEST_SYNC_FF=2,INIT...
Compiling module xpm.xpm_counter_updn(COUNTER_WIDTH=2...
Compiling module xpm.xpm_fifo_base(COMMON_CLOCK=0,FIF...
Compiling module xpm.xpm_fifo_async(FIFO_WRITE_DEPTH=...
Compiling module xil_defaultlib.fdma_aurora_brg_tx(MEM_WINDOW_BY...
Compiling module xpm.xpm_cdc_async_rst(INIT_SYNC_FF=1...
Compiling module xil_defaultlib.RTDS_FPGA_RESET_SYNC
Compiling module xpm.xpm_cdc_gray(DEST_SYNC_FF=2,INIT...
Compiling module xil_defaultlib.RTDS_FPGA_COUNT_CDC
Compiling module xpm.xpm_counter_updn(COUNTER_WIDTH=1...
Compiling module xpm.xpm_counter_updn(COUNTER_WIDTH=1...
Compiling module xpm.xpm_memory_base(MEMORY_TYPE=1,ME...
Compiling module xpm.xpm_cdc_gray(DEST_SYNC_FF=2,INIT...
Compiling module xpm.xpm_fifo_reg_vec(REG_WIDTH=11)
Compiling module xpm.xpm_cdc_gray(INIT_SYNC_FF=1,WIDT...
Compiling module xpm.xpm_fifo_reg_vec(REG_WIDTH=12)
Compiling module xpm.xpm_cdc_gray(DEST_SYNC_FF=2,INIT...
Compiling module xpm.xpm_fifo_base(COMMON_CLOCK=0,FIF...
Compiling module xpm.xpm_fifo_async(FIFO_MEMORY_TYPE=...
Compiling module xil_defaultlib.RTDS_RX_FRAME_FIFO
Compiling module xil_defaultlib.RTDS_RX_BLOCK_WRITER(PERIOD_CYCL...
Compiling module xil_defaultlib.pcie_fdma_aurora_brg_adapter(RX_...
Compiling module xpm.xpm_cdc_single(INIT_SYNC_FF=1,SR...
Compiling module xpm.xpm_cdc_handshake(INIT_SYNC_FF=1...
Compiling module xil_defaultlib.RTDS_FPGA_CFG_CDC
Compiling module xil_defaultlib.RTDS_1G_PERIODIC_TX
Compiling module unisims_ver.BUFGCE_DIV(BUFGCE_DIVIDE=4)
Compiling module xil_defaultlib.RTDS_FPGA_1G_INIT
Compiling module xil_defaultlib.tb_board_cdc_smoke
Compiling module xil_defaultlib.glbl
Built simulation snapshot tb_board_cdc_smoke_behav

****** Webtalk v2020.2 (64-bit)
  **** SW Build 3064766 on Wed Nov 18 09:12:45 MST 2020
  **** IP Build 3064653 on Wed Nov 18 14:17:31 MST 2020
    ** Copyright 1986-2020 Xilinx, Inc. All Rights Reserved.

source F:/RTDS_test_DDR4_64bit_batch_dev/regression/board_cdc_smoke_20260921/project/board_cdc_smoke.sim/sim_1/behav/xsim/xsim.dir/tb_board_cdc_smoke_behav/webtalk/xsim_webtalk.tcl -notrace
INFO: [Common 17-206] Exiting Webtalk at Mon Sep 21 19:40:09 2026...
run_program: Time (s): cpu = 00:00:00 ; elapsed = 00:01:05 . Memory (MB): peak = 995.668 ; gain = 0.000
INFO: [USF-XSim-69] 'elaborate' step finished in '66' seconds
INFO: [USF-XSim-4] XSim::Simulate design
INFO: [USF-XSim-61] Executing 'SIMULATE' step in 'F:/RTDS_test_DDR4_64bit_batch_dev/regression/board_cdc_smoke_20260921/project/board_cdc_smoke.sim/sim_1/behav/xsim'
INFO: [USF-XSim-98] *** Running xsim
   with args "tb_board_cdc_smoke_behav -key {Behavioral:sim_1:Functional:tb_board_cdc_smoke} -tclbatch {tb_board_cdc_smoke.tcl} -log {simulate.log}"
INFO: [USF-XSim-8] Loading simulator feature
Vivado Simulator 2020.2
Time resolution is 1 ps
source tb_board_cdc_smoke.tcl
## current_wave_config
Info: [XPM_MEMORY 20-1] MEMORY_PRIMITIVE (0) instructs Vivado Synthesis to choose the memory primitive type. Depending on their values, other XPM_MEMORY parameters may preclude the choice of certain memory primitive types. Review XPM_MEMORY documentation and parameter values to understand any limitations, or set MEMORY_PRIMITIVE to a different value. tb_board_cdc_smoke.dut.u_fdma_aurora_brg_tx.xpm_fifo_async_inst.\gnuram_async_fifo.xpm_fifo_base_inst .\gen_sdpram.xpm_memory_base_inst .config_drc
Time: 1 ps  Iteration: 0  Process: /tb_board_cdc_smoke/dut/u_fdma_aurora_brg_tx/xpm_fifo_async_inst/gnuram_async_fifo.xpm_fifo_base_inst/gen_sdpram.xpm_memory_base_inst/Initial294_75  Scope: tb_board_cdc_smoke.dut.u_fdma_aurora_brg_tx.xpm_fifo_async_inst.\gnuram_async_fifo.xpm_fifo_base_inst .\gen_sdpram.xpm_memory_base_inst .config_drc  File: D:/Xilinx_2020_2/Vivado/2020.2/data/ip/xpm/xpm_memory/hdl/xpm_memory.sv Line: 488
BOARD_CDC_SMOKE_PASS tx_frame=1 link_drop=1 config_ack=1 init_reset=1
$finish called at time : 10305 ns : File "F:/RTDS_test_DDR4_64bit_batch_dev/regression/board_cdc_smoke_20260921/tb_board_cdc_smoke.sv" Line 74
xsim: Time (s): cpu = 00:00:00 ; elapsed = 00:00:07 . Memory (MB): peak = 995.668 ; gain = 0.000
INFO: [USF-XSim-96] XSim completed. Design snapshot 'tb_board_cdc_smoke_behav' loaded.
INFO: [USF-XSim-97] XSim simulation ran for all
launch_simulation: Time (s): cpu = 00:00:00 ; elapsed = 00:01:51 . Memory (MB): peak = 995.668 ; gain = 0.000
# close_sim
INFO: [Simtcl 6-16] Simulation closed
close_sim: Time (s): cpu = 00:00:00 ; elapsed = 00:00:06 . Memory (MB): peak = 995.668 ; gain = 0.000
# close_project
# exit 0
INFO: [Common 17-206] Exiting Vivado at Mon Sep 21 19:40:28 2026...
