Vivado Simulator 2020.2
Copyright 1986-1999, 2001-2020 Xilinx, Inc. All Rights Reserved.
Running: D:/Xilinx_2020_2/Vivado/2020.2/bin/unwrapped/win64.o/xelab.exe -wto c0aca2fa21ef4809adab1aedf889bcdd --incr --debug all --relax --mt 2 -L xil_defaultlib -L uvm -L unisims_ver -L unimacro_ver -L secureip -L xpm --snapshot tb_rtds_1g_behav xil_defaultlib.tb_rtds_1g xil_defaultlib.glbl -log elaborate.log 
Using 2 slave threads.
Starting static elaboration
Pass Through NonSizing Optimizer
Completed static elaboration
Starting simulation data flow analysis
Completed simulation data flow analysis
Time Resolution for simulation is 1ps
Compiling module xil_defaultlib.src_drv_cb
Compiling module xil_defaultlib.tx_drv_cb
Compiling module xil_defaultlib.tx_mon_cb
Compiling module xil_defaultlib.rtds_1g_test_if
Compiling module xpm.xpm_cdc_async_rst(INIT_SYNC_FF=1...
Compiling module xil_defaultlib.RTDS_FPGA_RESET_SYNC
Compiling module xpm.xpm_cdc_single(INIT_SYNC_FF=1,SR...
Compiling module xpm.xpm_cdc_handshake(INIT_SYNC_FF=1...
Compiling module xil_defaultlib.RTDS_FPGA_CFG_CDC
Compiling module xil_defaultlib.RTDS_1G_PERIODIC_TX
Compiling module xil_defaultlib.tb_rtds_1g
Compiling module xil_defaultlib.glbl
Built simulation snapshot tb_rtds_1g_behav
