#-----------------------------------------------------------
# xsim v2020.2 (64-bit)
# SW Build 3064766 on Wed Nov 18 09:12:45 MST 2020
# IP Build 3064653 on Wed Nov 18 14:17:31 MST 2020
# Start of session at: Sun Sep 20 15:55:51 2026
# Process ID: 26516
# Current directory: C:/project/RTDS/DDR/RTDS_test_DDR4_64bit_batch_dev/regression/v201_runs/ring/project/module_test.sim/sim_1/behav/xsim
# Command line: xsim.exe -log C:\project\RTDS\DDR\RTDS_test_DDR4_64bit_batch_dev\evidence\v201_quick_wave_draft\raw\ring\xsim_ring.log -mode tcl -source {xsim.dir/tb_rtds_ring_behav/xsim_script.tcl}
# Log file: C:/project/RTDS/DDR/RTDS_test_DDR4_64bit_batch_dev/evidence/v201_quick_wave_draft/raw/ring/xsim_ring.log
# Journal file: C:/project/RTDS/DDR/RTDS_test_DDR4_64bit_batch_dev/regression/v201_runs/ring/project/module_test.sim/sim_1/behav/xsim\xsim.jou
#-----------------------------------------------------------
source xsim.dir/tb_rtds_ring_behav/xsim_script.tcl
# xsim {tb_rtds_ring_behav} -wdb {C:\project\RTDS\DDR\RTDS_test_DDR4_64bit_batch_dev\evidence\v201_quick_wave_draft\raw\ring\ring_full.wdb} -autoloadwcfg -tclbatch {C:/project/RTDS/DDR/RTDS_test_DDR4_64bit_batch_dev/regression/batch_1g/record_module_evidence.tcl}
Vivado Simulator 2020.2
Time resolution is 1 ps
source C:/project/RTDS/DDR/RTDS_test_DDR4_64bit_batch_dev/regression/batch_1g/record_module_evidence.tcl
## foreach required {RTDS_WAVE_TOP RTDS_VCD_PATH RTDS_WCFG_PATH} {
##     if {![info exists ::env($required)]} {
##         error "missing environment variable $required"
##     }
## }
## set top_scope /$::env(RTDS_WAVE_TOP)
## if {[string length [current_wave_config]] == 0} {
##     create_wave_config
## }
## log_wave -r ${top_scope}/*
WARNING: [Simtcl 6-197] One or more HDL objects could not be logged because of object type or size limitations.  To see details please rerun the command with -verbose (-v).
## add_wave -r ${top_scope}/*
WARNING: Simulation object /tb_rtds_ring/send_word/value was not traceable in the design for the following reason:
Vivado Simulator does not support tracing of automatic variables in Verilog/VHDL subprogram.
WARNING: Simulation object /tb_rtds_ring/wait_count/Block61_66/i was not traceable in the design for the following reason:
Vivado Simulator does not support tracing of automatic variables in Verilog/VHDL subprogram.
WARNING: Simulation object /tb_rtds_ring/wait_count/count was not traceable in the design for the following reason:
Vivado Simulator does not support tracing of automatic variables in Verilog/VHDL subprogram.
WARNING: Simulation object /tb_rtds_ring/check_head/Block79_67/Block79_68/Block81_69/b was not traceable in the design for the following reason:
Vivado Simulator does not support tracing of automatic variables in Verilog/VHDL subprogram.
WARNING: Simulation object /tb_rtds_ring/check_head/Block79_67/Block79_68/got was not traceable in the design for the following reason:
Vivado Simulator does not support tracing of automatic variables in Verilog/VHDL subprogram.
WARNING: Simulation object /tb_rtds_ring/check_head/Block79_67/i was not traceable in the design for the following reason:
Vivado Simulator does not support tracing of automatic variables in Verilog/VHDL subprogram.
WARNING: Simulation object /tb_rtds_ring/check_head/seq was not traceable in the design for the following reason:
Vivado Simulator does not support tracing of automatic variables in Verilog/VHDL subprogram.
WARNING: Simulation object /tb_rtds_ring/check_head/words was not traceable in the design for the following reason:
Vivado Simulator does not support tracing of automatic variables in Verilog/VHDL subprogram.
WARNING: Simulation object /tb_rtds_ring/check_head/seed was not traceable in the design for the following reason:
Vivado Simulator does not support tracing of automatic variables in Verilog/VHDL subprogram.
WARNING: Simulation object /tb_rtds_ring/check_head/address was not traceable in the design for the following reason:
Vivado Simulator does not support tracing of automatic variables in Verilog/VHDL subprogram.
WARNING: Simulation object /tb_rtds_ring/memory was not traceable in the design for the following reason:
Vivado Simulator does not support tracing of System Verilog Dynamic Type object.
## open_vcd $::env(RTDS_VCD_PATH)
## log_vcd [get_objects -r ${top_scope}/*]
INFO: HDL object /tb_rtds_ring/U_DUT/block_len is an unpacked array. VCD does not support unpacked array type according to IEEE LRM 1800-2009, section21.7.5.
INFO: HDL object /tb_rtds_ring/U_DUT/block_seq is an unpacked array. VCD does not support unpacked array type according to IEEE LRM 1800-2009, section21.7.5.
## run all
TEST PASS tb_rtds_ring V2.01
$finish called at time : 28902 ns : File "C:/project/RTDS/DDR/RTDS_test_DDR4_64bit_batch_dev/regression/batch_1g/tb_rtds_ring.sv" Line 122
## close_vcd
## catch {file delete -force $::env(RTDS_WCFG_PATH)}
## if {[catch {save_wave_config $::env(RTDS_WCFG_PATH)} save_error]} {
##     puts "RTDS_EVIDENCE_WCFG_WARNING=$save_error"
## }
## puts "RTDS_EVIDENCE_RECORDED=$top_scope"
RTDS_EVIDENCE_RECORDED=/tb_rtds_ring
## exit
INFO: [Common 17-206] Exiting xsim at Sun Sep 20 15:55:57 2026...
