#-----------------------------------------------------------
# xsim v2020.2 (64-bit)
# SW Build 3064766 on Wed Nov 18 09:12:45 MST 2020
# IP Build 3064653 on Wed Nov 18 14:17:31 MST 2020
# Start of session at: Sun Sep 20 15:55:58 2026
# Process ID: 10348
# Current directory: C:/project/RTDS/DDR/RTDS_test_DDR4_64bit_batch_dev/regression/v201_runs/axi/project/module_test.sim/sim_1/behav/xsim
# Command line: xsim.exe -log C:\project\RTDS\DDR\RTDS_test_DDR4_64bit_batch_dev\evidence\v201_quick_wave_draft\raw\axi\xsim_axi.log -mode tcl -source {xsim.dir/tb_rtds_axi_behav/xsim_script.tcl}
# Log file: C:/project/RTDS/DDR/RTDS_test_DDR4_64bit_batch_dev/evidence/v201_quick_wave_draft/raw/axi/xsim_axi.log
# Journal file: C:/project/RTDS/DDR/RTDS_test_DDR4_64bit_batch_dev/regression/v201_runs/axi/project/module_test.sim/sim_1/behav/xsim\xsim.jou
#-----------------------------------------------------------
source xsim.dir/tb_rtds_axi_behav/xsim_script.tcl
# xsim {tb_rtds_axi_behav} -wdb {C:\project\RTDS\DDR\RTDS_test_DDR4_64bit_batch_dev\evidence\v201_quick_wave_draft\raw\axi\axi_full.wdb} -autoloadwcfg -tclbatch {C:/project/RTDS/DDR/RTDS_test_DDR4_64bit_batch_dev/regression/batch_1g/record_module_evidence.tcl}
Vivado Simulator 2020.2
Time resolution is 1 ps
source C:/project/RTDS/DDR/RTDS_test_DDR4_64bit_batch_dev/regression/batch_1g/record_module_evidence.tcl
## foreach required {RTDS_WAVE_TOP RTDS_VCD_PATH RTDS_WCFG_PATH} {
##     if {![info exists ::env($required)]} {
##         error "missing environment variable $required"
##     }
## }
## set top_scope /$::env(RTDS_WAVE_TOP)
## if {[string length [current_wave_config]] == 0} {
##     create_wave_config
## }
## log_wave -r ${top_scope}/*
WARNING: [Simtcl 6-197] One or more HDL objects could not be logged because of object type or size limitations.  To see details please rerun the command with -verbose (-v).
## add_wave -r ${top_scope}/*
WARNING: Simulation object /tb_rtds_axi/U_RAM/mem was not traceable in the design for the following reason:
Vivado Simulator does not support tracing of System Verilog Dynamic Type object.
WARNING: Simulation object /tb_rtds_axi/write_words/Block145_62/beat was not traceable in the design for the following reason:
Vivado Simulator does not support tracing of automatic variables in Verilog/VHDL subprogram.
WARNING: Simulation object /tb_rtds_axi/write_words/address was not traceable in the design for the following reason:
Vivado Simulator does not support tracing of automatic variables in Verilog/VHDL subprogram.
WARNING: Simulation object /tb_rtds_axi/write_words/count was not traceable in the design for the following reason:
Vivado Simulator does not support tracing of automatic variables in Verilog/VHDL subprogram.
WARNING: Simulation object /tb_rtds_axi/write_words/seed was not traceable in the design for the following reason:
Vivado Simulator does not support tracing of automatic variables in Verilog/VHDL subprogram.
WARNING: Simulation object /tb_rtds_axi/write_words/bad was not traceable in the design for the following reason:
Vivado Simulator does not support tracing of automatic variables in Verilog/VHDL subprogram.
WARNING: Simulation object /tb_rtds_axi/read_words/Block165_63/beat was not traceable in the design for the following reason:
Vivado Simulator does not support tracing of automatic variables in Verilog/VHDL subprogram.
WARNING: Simulation object /tb_rtds_axi/read_words/address was not traceable in the design for the following reason:
Vivado Simulator does not support tracing of automatic variables in Verilog/VHDL subprogram.
WARNING: Simulation object /tb_rtds_axi/read_words/count was not traceable in the design for the following reason:
Vivado Simulator does not support tracing of automatic variables in Verilog/VHDL subprogram.
WARNING: Simulation object /tb_rtds_axi/read_words/seed was not traceable in the design for the following reason:
Vivado Simulator does not support tracing of automatic variables in Verilog/VHDL subprogram.
## open_vcd $::env(RTDS_VCD_PATH)
## log_vcd [get_objects -r ${top_scope}/*]
## run all
WRITE_BEGIN addr=0000000000100000 count=         16
WRITE_BEGIN addr=0000000000140000 count=         16
WRITE_BEGIN addr=0000000000180000 count=         16
WRITE_BEGIN addr=00000000001c0000 count=         16
WRITE_BEGIN addr=0000000000200000 count=         16
WRITE_BEGIN addr=0000000000240000 count=         16
WRITE_BEGIN addr=0000000000280000 count=         16
WRITE_BEGIN addr=00000000002c0000 count=         16
WRITE_BEGIN addr=0000000000180ff8 count=        520
WRITE_BEGIN addr=0000000000200000 count=         16
TEST PASS tb_rtds_axi
$finish called at time : 13318 ns : File "C:/project/RTDS/DDR/RTDS_test_DDR4_64bit_batch_dev/regression/batch_1g/tb_rtds_axi.sv" Line 207
## close_vcd
## catch {file delete -force $::env(RTDS_WCFG_PATH)}
## if {[catch {save_wave_config $::env(RTDS_WCFG_PATH)} save_error]} {
##     puts "RTDS_EVIDENCE_WCFG_WARNING=$save_error"
## }
## puts "RTDS_EVIDENCE_RECORDED=$top_scope"
RTDS_EVIDENCE_RECORDED=/tb_rtds_axi
## exit
INFO: [Common 17-206] Exiting xsim at Sun Sep 20 15:56:04 2026...
