#-----------------------------------------------------------
# Vivado v2020.2 (64-bit)
# SW Build 3064766 on Wed Nov 18 09:12:45 MST 2020
# IP Build 3064653 on Wed Nov 18 14:17:31 MST 2020
# Start of session at: Sun Sep 20 19:06:55 2026
# Process ID: 17944
# Current directory: F:/RTDS_test_DDR4_64bit_batch_dev
# Command line: vivado.exe -mode batch -source F:\RTDS_test_DDR4_64bit_batch_dev\scripts\rerun_synth_impl_after_mig_clock_fix_20260920.tcl -log F:\RTDS_test_DDR4_64bit_batch_dev\reports\impl_after_mig_clock_fix_20260920\vivado.log -journal F:\RTDS_test_DDR4_64bit_batch_dev\reports\impl_after_mig_clock_fix_20260920\vivado.jou
# Log file: F:/RTDS_test_DDR4_64bit_batch_dev/reports/impl_after_mig_clock_fix_20260920/vivado.log
# Journal file: F:\RTDS_test_DDR4_64bit_batch_dev\reports\impl_after_mig_clock_fix_20260920\vivado.jou
#-----------------------------------------------------------
source {F:\RTDS_test_DDR4_64bit_batch_dev\scripts\rerun_synth_impl_after_mig_clock_fix_20260920.tcl}
# set script_dir [file dirname [file normalize [info script]]]
# set root [file normalize [file join $script_dir ..]]
# set report_dir [file join $root reports impl_after_mig_clock_fix_20260920]
# file mkdir $report_dir
# open_project [file join $root RTDS_test_DDR4_64bit.xpr]
INFO: [Project 1-313] Project file moved from 'C:/project/RTDS/DDR/RTDS_test_DDR4_64bit_batch_dev' since last save.
Scanning sources...
Finished scanning sources
INFO: [IP_Flow 19-234] Refreshing IP repositories
INFO: [IP_Flow 19-1704] No user IP repositories specified
INFO: [IP_Flow 19-2313] Loaded Vivado IP repository 'D:/Xilinx_2020_2/Vivado/2020.2/data/ip'.
INFO: [Device 21-403] Loading part xcku040-ffva1156-2-i
open_project: Time (s): cpu = 00:00:30 ; elapsed = 00:03:32 . Memory (MB): peak = 1062.348 ; gain = 140.398
# set_property verilog_define {DDR4_REAL} [get_filesets sources_1]
# update_compile_order -fileset sources_1
update_compile_order: Time (s): cpu = 00:00:01 ; elapsed = 00:00:11 . Memory (MB): peak = 1062.348 ; gain = 0.000
# reset_run synth_1
# launch_runs synth_1 -jobs 4
INFO: [Vivado 12-4149] The synthesis checkpoint for IP 'F:/RTDS_test_DDR4_64bit_batch_dev/RTDS_test_DDR4_64bit.srcs/sources_1/ip/sys_mon/sys_mon.xci' is already up-to-date
INFO: [Vivado 12-4149] The synthesis checkpoint for IP 'F:/RTDS_test_DDR4_64bit_batch_dev/external_snapshot/fdma_aurora_brg/fdma_aurora_brg.srcs/sources_1 - loop_validate/ip/aurora_64b66b_0/aurora_64b66b_0.xci' is already up-to-date
INFO: [Vivado 12-4149] The synthesis checkpoint for IP 'F:/RTDS_test_DDR4_64bit_batch_dev/RTDS_test_DDR4_64bit.srcs/sources_1/ip/clk_wiz_0/clk_wiz_0.xci' is already up-to-date
[Sun Sep 20 19:12:01 2026] Launched synth_1...
Run output will be captured here: F:/RTDS_test_DDR4_64bit_batch_dev/RTDS_test_DDR4_64bit.runs/synth_1/runme.log
launch_runs: Time (s): cpu = 00:00:00 ; elapsed = 00:00:17 . Memory (MB): peak = 1062.348 ; gain = 0.000
# wait_on_run synth_1
[Sun Sep 20 19:12:01 2026] Waiting for synth_1 to finish...

*** Running vivado
    with args -log TOP.vds -m64 -product Vivado -mode batch -messageDb vivado.pb -notrace -source TOP.tcl



****** Vivado v2020.2 (64-bit)
  **** SW Build 3064766 on Wed Nov 18 09:12:45 MST 2020
  **** IP Build 3064653 on Wed Nov 18 14:17:31 MST 2020
    ** Copyright 1986-2020 Xilinx, Inc. All Rights Reserved.

source TOP.tcl -notrace
create_project: Time (s): cpu = 00:00:01 ; elapsed = 00:00:06 . Memory (MB): peak = 1000.297 ; gain = 0.000
add_files: Time (s): cpu = 00:00:05 ; elapsed = 00:00:19 . Memory (MB): peak = 1000.297 ; gain = 0.000
Command: synth_design -top TOP -part xcku040-ffva1156-2-i
Starting synth_design
WARNING: [Vivado_Tcl 4-391] The following IPs are missing output products for Synthesis target. These output products could be required for synthesis, please generate the output products using the generate_target or synth_ip command before running synth_design.
F:/RTDS_test_DDR4_64bit_batch_dev/external_snapshot/aurora1g_verified/ip/aurora_8b10b_1p25g.xci

Attempting to get a license for feature 'Synthesis' and/or device 'xcku040'
INFO: [Common 17-349] Got license for feature 'Synthesis' and/or device 'xcku040'
INFO: [Synth 8-7079] Multithreading enabled for synth_design using a maximum of 2 processes.
INFO: [Synth 8-7078] Launching helper process for spawning children vivado processes
INFO: [Synth 8-7075] Helper process launched with PID 12536
WARNING: [Synth 8-6901] identifier 'tx_start_valid' is used before its declaration [F:/RTDS_test_DDR4_64bit_batch_dev/RTDS_test_DDR4_64bit.srcs/sources_1/new/pcie_fdma_aurora_brg_adapter.v:225]
WARNING: [Synth 8-6901] identifier 'tx_frame_done_fdma' is used before its declaration [F:/RTDS_test_DDR4_64bit_batch_dev/RTDS_test_DDR4_64bit.srcs/sources_1/new/pcie_fdma_aurora_brg_adapter.v:226]
WARNING: [Synth 8-6901] identifier 'FPGA_TEMP_BUSY_W' is used before its declaration [F:/RTDS_test_DDR4_64bit_batch_dev/RTDS_test_DDR4_64bit.srcs/sources_1/new/TOP.v:98]
WARNING: [Synth 8-6901] identifier 'FPGA_TEMP_W' is used before its declaration [F:/RTDS_test_DDR4_64bit_batch_dev/RTDS_test_DDR4_64bit.srcs/sources_1/new/TOP.v:98]
---------------------------------------------------------------------------------
Starting RTL Elaboration : Time (s): cpu = 00:00:07 ; elapsed = 00:00:33 . Memory (MB): peak = 1297.383 ; gain = 272.844
---------------------------------------------------------------------------------
INFO: [Synth 8-6157] synthesizing module 'TOP' [F:/RTDS_test_DDR4_64bit_batch_dev/RTDS_test_DDR4_64bit.srcs/sources_1/new/TOP.v:3]
	Parameter AURORA_SIMULATION bound to: 0 - type: integer 
	Parameter RX_PERIOD_CYCLES bound to: 25000000 - type: integer 
	Parameter AURORA1G_PERIOD_CYCLES bound to: 63 - type: integer 
INFO: [Synth 8-6157] synthesizing module 'IBUFDS' [D:/Xilinx_2020_2/Vivado/2020.2/scripts/rt/data/unisim_comp.v:32998]
	Parameter CAPACITANCE bound to: DONT_CARE - type: string 
	Parameter DIFF_TERM bound to: FALSE - type: string 
	Parameter DQS_BIAS bound to: FALSE - type: string 
	Parameter IBUF_DELAY_VALUE bound to: 0 - type: string 
	Parameter IBUF_LOW_PWR bound to: TRUE - type: string 
	Parameter IFD_DELAY_VALUE bound to: AUTO - type: string 
	Parameter IOSTANDARD bound to: DEFAULT - type: string 
INFO: [Synth 8-6155] done synthesizing module 'IBUFDS' (1#1) [D:/Xilinx_2020_2/Vivado/2020.2/scripts/rt/data/unisim_comp.v:32998]
INFO: [Synth 8-6157] synthesizing module 'CLK_GEN' [F:/RTDS_test_DDR4_64bit_batch_dev/RTDS_test_DDR4_64bit.srcs/sources_1/new/CLK_GEN.v:23]
INFO: [Synth 8-6157] synthesizing module 'clk_wiz_0' [F:/RTDS_test_DDR4_64bit_batch_dev/RTDS_test_DDR4_64bit.runs/synth_1/.Xil/Vivado-17488-LAPTOP-P4UDTRLL/realtime/clk_wiz_0_stub.v:5]
INFO: [Synth 8-6155] done synthesizing module 'clk_wiz_0' (2#1) [F:/RTDS_test_DDR4_64bit_batch_dev/RTDS_test_DDR4_64bit.runs/synth_1/.Xil/Vivado-17488-LAPTOP-P4UDTRLL/realtime/clk_wiz_0_stub.v:5]
INFO: [Synth 8-6155] done synthesizing module 'CLK_GEN' (3#1) [F:/RTDS_test_DDR4_64bit_batch_dev/RTDS_test_DDR4_64bit.srcs/sources_1/new/CLK_GEN.v:23]
INFO: [Synth 8-6157] synthesizing module 'aurora_64b66b_top' [F:/RTDS_test_DDR4_64bit_batch_dev/external_snapshot/fdma_aurora_brg/fdma_aurora_brg.srcs/sources_1 - loop_validate/imports/aurora_64b66b_0_ex/aurora_64b66b_0_ex.srcs/sources_1/new/aurora_64b66b_top.v:23]
	Parameter SIMULATION bound to: 0 - type: integer 
	Parameter INIT_CLK_FREQ_HZ bound to: 100000000 - type: integer 
	Parameter PMA_HOLD_TIME_MS bound to: 1600 - type: integer 
	Parameter RESET_GAP_TIME_MS bound to: 20 - type: integer 
	Parameter CYCLES_PER_MS bound to: 100000 - type: integer 
	Parameter PMA_HOLD_CYCLES bound to: 160000000 - type: integer 
	Parameter RESET_GAP_CYCLES bound to: 2000000 - type: integer 
INFO: [Synth 8-6157] synthesizing module 'aurora_power_on_reset_seq' [F:/RTDS_test_DDR4_64bit_batch_dev/external_snapshot/fdma_aurora_brg/fdma_aurora_brg.srcs/sources_1 - loop_validate/imports/aurora_64b66b_0_ex/aurora_64b66b_0_ex.srcs/sources_1/new/aurora_64b66b_top.v:203]
	Parameter PMA_HOLD_CYCLES bound to: 160000000 - type: integer 
	Parameter RESET_GAP_CYCLES bound to: 2000000 - type: integer 
	Parameter ST_HOLD_BOTH bound to: 2'b00 
	Parameter ST_RESET_ONLY bound to: 2'b01 
	Parameter ST_RUN bound to: 2'b10 
INFO: [Synth 8-6155] done synthesizing module 'aurora_power_on_reset_seq' (4#1) [F:/RTDS_test_DDR4_64bit_batch_dev/external_snapshot/fdma_aurora_brg/fdma_aurora_brg.srcs/sources_1 - loop_validate/imports/aurora_64b66b_0_ex/aurora_64b66b_0_ex.srcs/sources_1/new/aurora_64b66b_top.v:203]
INFO: [Synth 8-6157] synthesizing module 'aurora_64b66b_0_exdes' [F:/RTDS_test_DDR4_64bit_batch_dev/external_snapshot/fdma_aurora_brg/fdma_aurora_brg.srcs/sources_1 - loop_validate/imports/aurora_64b66b_0_ex/imports/aurora_64b66b_0_exdes.v:71]
	Parameter USE_CORE_TRAFFIC bound to: 1'b1 
	Parameter USR_CLK_PCOUNT bound to: 9'b011111111 
	Parameter EXAMPLE_SIMULATION bound to: 1'b0 
	Parameter USE_LABTOOLS bound to: 1'b1 
INFO: [Synth 8-6157] synthesizing module 'aurora_64b66b_0_EXAMPLE_LL_TO_AXI' [F:/RTDS_test_DDR4_64bit_batch_dev/external_snapshot/fdma_aurora_brg/fdma_aurora_brg.srcs/sources_1 - loop_validate/imports/aurora_64b66b_0_ex/imports/aurora_64b66b_0_example_ll_to_axi.v:64]
	Parameter DATA_WIDTH bound to: 64 - type: integer 
	Parameter STRB_WIDTH bound to: 8 - type: integer 
	Parameter USE_4_NFC bound to: 0 - type: integer 
	Parameter BC bound to: 8 - type: integer 
	Parameter REM_WIDTH bound to: 3 - type: integer 
INFO: [Synth 8-6157] synthesizing module 'aurora_64b66b_0_reg_slice_0' [F:/RTDS_test_DDR4_64bit_batch_dev/RTDS_test_DDR4_64bit.runs/synth_1/.Xil/Vivado-17488-LAPTOP-P4UDTRLL/realtime/aurora_64b66b_0_reg_slice_0_stub.v:6]
INFO: [Synth 8-6155] done synthesizing module 'aurora_64b66b_0_reg_slice_0' (5#1) [F:/RTDS_test_DDR4_64bit_batch_dev/RTDS_test_DDR4_64bit.runs/synth_1/.Xil/Vivado-17488-LAPTOP-P4UDTRLL/realtime/aurora_64b66b_0_reg_slice_0_stub.v:6]
INFO: [Synth 8-6155] done synthesizing module 'aurora_64b66b_0_EXAMPLE_LL_TO_AXI' (6#1) [F:/RTDS_test_DDR4_64bit_batch_dev/external_snapshot/fdma_aurora_brg/fdma_aurora_brg.srcs/sources_1 - loop_validate/imports/aurora_64b66b_0_ex/imports/aurora_64b66b_0_example_ll_to_axi.v:64]
INFO: [Synth 8-6157] synthesizing module 'aurora_64b66b_0_EXAMPLE_AXI_TO_LL' [F:/RTDS_test_DDR4_64bit_batch_dev/external_snapshot/fdma_aurora_brg/fdma_aurora_brg.srcs/sources_1 - loop_validate/imports/aurora_64b66b_0_ex/imports/aurora_64b66b_0_example_axi_to_ll.v:64]
	Parameter DATA_WIDTH bound to: 64 - type: integer 
	Parameter STRB_WIDTH bound to: 8 - type: integer 
	Parameter BC bound to: 8 - type: integer 
	Parameter ISUFC bound to: 0 - type: integer 
	Parameter REM_WIDTH bound to: 3 - type: integer 
INFO: [Synth 8-6157] synthesizing module 'aurora_64b66b_0_reg_slice_2' [F:/RTDS_test_DDR4_64bit_batch_dev/RTDS_test_DDR4_64bit.runs/synth_1/.Xil/Vivado-17488-LAPTOP-P4UDTRLL/realtime/aurora_64b66b_0_reg_slice_2_stub.v:6]
INFO: [Synth 8-6155] done synthesizing module 'aurora_64b66b_0_reg_slice_2' (7#1) [F:/RTDS_test_DDR4_64bit_batch_dev/RTDS_test_DDR4_64bit.runs/synth_1/.Xil/Vivado-17488-LAPTOP-P4UDTRLL/realtime/aurora_64b66b_0_reg_slice_2_stub.v:6]
INFO: [Synth 8-6155] done synthesizing module 'aurora_64b66b_0_EXAMPLE_AXI_TO_LL' (8#1) [F:/RTDS_test_DDR4_64bit_batch_dev/external_snapshot/fdma_aurora_brg/fdma_aurora_brg.srcs/sources_1 - loop_validate/imports/aurora_64b66b_0_ex/imports/aurora_64b66b_0_example_axi_to_ll.v:64]
INFO: [Synth 8-6157] synthesizing module 'BUFG' [D:/Xilinx_2020_2/Vivado/2020.2/scripts/rt/data/unisim_comp.v:1083]
INFO: [Synth 8-6155] done synthesizing module 'BUFG' (9#1) [D:/Xilinx_2020_2/Vivado/2020.2/scripts/rt/data/unisim_comp.v:1083]
INFO: [Synth 8-6157] synthesizing module 'aurora_64b66b_0' [F:/RTDS_test_DDR4_64bit_batch_dev/RTDS_test_DDR4_64bit.runs/synth_1/.Xil/Vivado-17488-LAPTOP-P4UDTRLL/realtime/aurora_64b66b_0_stub.v:6]
INFO: [Synth 8-6155] done synthesizing module 'aurora_64b66b_0' (10#1) [F:/RTDS_test_DDR4_64bit_batch_dev/RTDS_test_DDR4_64bit.runs/synth_1/.Xil/Vivado-17488-LAPTOP-P4UDTRLL/realtime/aurora_64b66b_0_stub.v:6]
INFO: [Synth 8-6155] done synthesizing module 'aurora_64b66b_0_exdes' (11#1) [F:/RTDS_test_DDR4_64bit_batch_dev/external_snapshot/fdma_aurora_brg/fdma_aurora_brg.srcs/sources_1 - loop_validate/imports/aurora_64b66b_0_ex/imports/aurora_64b66b_0_exdes.v:71]
INFO: [Synth 8-6155] done synthesizing module 'aurora_64b66b_top' (12#1) [F:/RTDS_test_DDR4_64bit_batch_dev/external_snapshot/fdma_aurora_brg/fdma_aurora_brg.srcs/sources_1 - loop_validate/imports/aurora_64b66b_0_ex/aurora_64b66b_0_ex.srcs/sources_1/new/aurora_64b66b_top.v:23]
INFO: [Synth 8-6157] synthesizing module 'RTDS_FPGA_1G_INIT' [F:/RTDS_test_DDR4_64bit_batch_dev/rtl/rtds_fpga_1g_init.v:3]
INFO: [Synth 8-6157] synthesizing module 'BUFGCE_DIV' [D:/Xilinx_2020_2/Vivado/2020.2/scripts/rt/data/unisim_comp.v:1122]
	Parameter BUFGCE_DIVIDE bound to: 4 - type: integer 
	Parameter CE_TYPE bound to: SYNC - type: string 
	Parameter HARDSYNC_CLR bound to: FALSE - type: string 
	Parameter IS_CE_INVERTED bound to: 1'b0 
	Parameter IS_CLR_INVERTED bound to: 1'b0 
	Parameter IS_I_INVERTED bound to: 1'b0 
	Parameter SIM_DEVICE bound to: ULTRASCALE - type: string 
	Parameter STARTUP_SYNC bound to: FALSE - type: string 
INFO: [Synth 8-6155] done synthesizing module 'BUFGCE_DIV' (13#1) [D:/Xilinx_2020_2/Vivado/2020.2/scripts/rt/data/unisim_comp.v:1122]
INFO: [Synth 8-6157] synthesizing module 'RTDS_FPGA_RESET_SYNC' [F:/RTDS_test_DDR4_64bit_batch_dev/rtl/rtds_fpga_reset_sync.v:4]
INFO: [Synth 8-6157] synthesizing module 'xpm_cdc_async_rst' [D:/Xilinx_2020_2/Vivado/2020.2/data/ip/xpm/xpm_cdc/hdl/xpm_cdc.sv:1175]
	Parameter DEST_SYNC_FF bound to: 4 - type: integer 
	Parameter INIT_SYNC_FF bound to: 1 - type: integer 
	Parameter RST_ACTIVE_HIGH bound to: 0 - type: integer 
	Parameter VERSION bound to: 0 - type: integer 
	Parameter DEF_VAL bound to: 1'b1 
	Parameter INV_DEF_VAL bound to: 1'b0 
INFO: [Synth 8-6155] done synthesizing module 'xpm_cdc_async_rst' (14#1) [D:/Xilinx_2020_2/Vivado/2020.2/data/ip/xpm/xpm_cdc/hdl/xpm_cdc.sv:1175]
INFO: [Synth 8-6155] done synthesizing module 'RTDS_FPGA_RESET_SYNC' (15#1) [F:/RTDS_test_DDR4_64bit_batch_dev/rtl/rtds_fpga_reset_sync.v:4]
INFO: [Synth 8-6155] done synthesizing module 'RTDS_FPGA_1G_INIT' (16#1) [F:/RTDS_test_DDR4_64bit_batch_dev/rtl/rtds_fpga_1g_init.v:3]
INFO: [Synth 8-6157] synthesizing module 'aurora_8b10b_1p25g_design' [F:/RTDS_test_DDR4_64bit_batch_dev/external_snapshot/aurora1g_verified/rtl/aurora_8b10b_1p25g_design.v:10]
INFO: [Synth 8-6157] synthesizing module 'aurora_8b10b_1p25g_LL_TO_AXI_EXDES' [F:/RTDS_test_DDR4_64bit_batch_dev/external_snapshot/aurora1g_verified/rtl/aurora_8b10b_1p25g_ll_to_axi_exdes.v:62]
	Parameter DATA_WIDTH bound to: 32 - type: integer 
	Parameter STRB_WIDTH bound to: 4 - type: integer 
	Parameter USE_UFC_REM bound to: 0 - type: integer 
	Parameter USE_4_NFC bound to: 0 - type: integer 
	Parameter BC bound to: 4 - type: integer 
	Parameter REM_WIDTH bound to: 2 - type: integer 
INFO: [Synth 8-6155] done synthesizing module 'aurora_8b10b_1p25g_LL_TO_AXI_EXDES' (17#1) [F:/RTDS_test_DDR4_64bit_batch_dev/external_snapshot/aurora1g_verified/rtl/aurora_8b10b_1p25g_ll_to_axi_exdes.v:62]
INFO: [Synth 8-6157] synthesizing module 'aurora_8b10b_1p25g_AXI_TO_LL_EXDES' [F:/RTDS_test_DDR4_64bit_batch_dev/external_snapshot/aurora1g_verified/rtl/aurora_8b10b_1p25g_axi_to_ll_exdes.v:62]
	Parameter DATA_WIDTH bound to: 32 - type: integer 
	Parameter STRB_WIDTH bound to: 4 - type: integer 
	Parameter BC bound to: 4 - type: integer 
	Parameter USE_4_NFC bound to: 0 - type: integer 
	Parameter REM_WIDTH bound to: 2 - type: integer 
INFO: [Synth 8-6155] done synthesizing module 'aurora_8b10b_1p25g_AXI_TO_LL_EXDES' (18#1) [F:/RTDS_test_DDR4_64bit_batch_dev/external_snapshot/aurora1g_verified/rtl/aurora_8b10b_1p25g_axi_to_ll_exdes.v:62]
ERROR: [Synth 8-439] module 'aurora_8b10b_1p25g' not found [F:/RTDS_test_DDR4_64bit_batch_dev/external_snapshot/aurora1g_verified/rtl/aurora_8b10b_1p25g_design.v:141]
ERROR: [Synth 8-6156] failed synthesizing module 'aurora_8b10b_1p25g_design' [F:/RTDS_test_DDR4_64bit_batch_dev/external_snapshot/aurora1g_verified/rtl/aurora_8b10b_1p25g_design.v:10]
ERROR: [Synth 8-6156] failed synthesizing module 'TOP' [F:/RTDS_test_DDR4_64bit_batch_dev/RTDS_test_DDR4_64bit.srcs/sources_1/new/TOP.v:3]
---------------------------------------------------------------------------------
Finished RTL Elaboration : Time (s): cpu = 00:00:09 ; elapsed = 00:01:27 . Memory (MB): peak = 1359.660 ; gain = 335.121
---------------------------------------------------------------------------------
RTL Elaboration failed
INFO: [Common 17-83] Releasing license: Synthesis
43 Infos, 5 Warnings, 0 Critical Warnings and 4 Errors encountered.
synth_design failed
ERROR: [Common 17-69] Command failed: Synthesis failed - please see the console or run log file for details
INFO: [Common 17-206] Exiting Vivado at Sun Sep 20 19:16:42 2026...
[Sun Sep 20 19:17:33 2026] synth_1 finished
WARNING: [Vivado 12-8222] Failed run(s) : 'synth_1'
wait_on_run: Time (s): cpu = 00:00:02 ; elapsed = 00:05:32 . Memory (MB): peak = 1062.348 ; gain = 0.000
# set synth_status [get_property STATUS [get_runs synth_1]]
# set synth_progress [get_property PROGRESS [get_runs synth_1]]
# puts "RTDS_SYNTH_STATUS=$synth_status PROGRESS=$synth_progress"
RTDS_SYNTH_STATUS=synth_design ERROR PROGRESS=0%
# if {$synth_progress ne "100%" || ![string match "*Complete*" $synth_status]} {
#     error "RTDS_SYNTH_FAILED: $synth_status"
# }
RTDS_SYNTH_FAILED: synth_design ERROR
    while executing
"error "RTDS_SYNTH_FAILED: $synth_status""
    invoked from within
"if {$synth_progress ne "100%" || ![string match "*Complete*" $synth_status]} {
    error "RTDS_SYNTH_FAILED: $synth_status"
}"
    (file "F:\RTDS_test_DDR4_64bit_batch_dev\scripts\rerun_synth_impl_after_mig_clock_fix_20260920.tcl" line 17)
INFO: [Common 17-206] Exiting Vivado at Sun Sep 20 19:17:34 2026...
