Copyright 1986-2020 Xilinx, Inc. All Rights Reserved.
------------------------------------------------------------------------------------
| Tool Version : Vivado v.2020.2 (win64) Build 3064766 Wed Nov 18 09:12:45 MST 2020
| Date         : Tue Sep 22 09:30:22 2026
| Host         : LAPTOP-P4UDTRLL running 64-bit major release  (build 9200)
| Command      : report_ip_status
------------------------------------------------------------------------------------

IP Status Summary

1. Project IP Status
--------------------
Your project uses 40 IP. Some of these IP may have undergone changes in this release of the software. Please review the recommended actions.

More information on the Xilinx versioning policy is available at www.xilinx.com.

Project IP Instances
+---------------------------------+------------+---------------------+-----------+--------------------+---------+----------------+------------+----------------------+
| Instance Name                   | Status     | Recommendation      | Change    | IP Name            | IP      | New Version    | New        | Original Part        |
|                                 |            |                     | Log       |                    | Version |                | License    |                      |
+---------------------------------+------------+---------------------+-----------+--------------------+---------+----------------+------------+----------------------+
| aurora_64b66b_0                 | Up-to-date | No changes required |  *(1)     | Aurora 64B66B      | 12.0    | 12.0 (Rev. 3)  | Included   | xcku040-ffva1156-2-i |
|                                 |            |                     |           |                    | (Rev.   |                |            |                      |
|                                 |            |                     |           |                    | 3)      |                |            |                      |
+---------------------------------+------------+---------------------+-----------+--------------------+---------+----------------+------------+----------------------+
| aurora_64b66b_0_reg_slice_0     | Up-to-date | No changes required |  *(2)     | AXI4-Stream        | 1.1     | 1.1 (Rev. 22)  | Included   | xcku040-ffva1156-2-i |
|                                 |            |                     |           | Register Slice     | (Rev.   |                |            |                      |
|                                 |            |                     |           |                    | 22)     |                |            |                      |
+---------------------------------+------------+---------------------+-----------+--------------------+---------+----------------+------------+----------------------+
| aurora_64b66b_0_reg_slice_2     | Up-to-date | No changes required |  *(3)     | AXI4-Stream        | 1.1     | 1.1 (Rev. 22)  | Included   | xcku040-ffva1156-2-i |
|                                 |            |                     |           | Register Slice     | (Rev.   |                |            |                      |
|                                 |            |                     |           |                    | 22)     |                |            |                      |
+---------------------------------+------------+---------------------+-----------+--------------------+---------+----------------+------------+----------------------+
| aurora_8b10b_1p25g              | Up-to-date | No changes required |  *(4)     | Aurora 8B10B       | 11.1    | 11.1 (Rev. 10) | Included   | xcku040-ffva1156-2-i |
|                                 |            |                     |           |                    | (Rev.   |                |            |                      |
|                                 |            |                     |           |                    | 10)     |                |            |                      |
+---------------------------------+------------+---------------------+-----------+--------------------+---------+----------------+------------+----------------------+
| clk_wiz_0                       | Up-to-date | No changes required |  *(5)     | Clocking Wizard    | 6.0     | 6.0 (Rev. 6)   | Included   | xcku040-ffva1156-2-i |
|                                 |            |                     |           |                    | (Rev.   |                |            |                      |
|                                 |            |                     |           |                    | 6)      |                |            |                      |
+---------------------------------+------------+---------------------+-----------+--------------------+---------+----------------+------------+----------------------+
| design_1_CONV_DMA_0_0           | Up-to-date | No changes required | Change    | CONV_DMA_v1_0      | 1.0     | 1.0 (Rev. 1)   | Included   | xcku040-ffva1156-2-i |
|                                 |            |                     | Log not   |                    | (Rev.   |                |            |                      |
|                                 |            |                     | available |                    | 1)      |                |            |                      |
+---------------------------------+------------+---------------------+-----------+--------------------+---------+----------------+------------+----------------------+
| design_1_INFO_EXCH_0_0          | Up-to-date | No changes required | Change    | INFO_EXCH_v1_0     | 1.0     | 1.0 (Rev. 1)   | Included   | xcku040-ffva1156-2-i |
|                                 |            |                     | Log not   |                    | (Rev.   |                |            |                      |
|                                 |            |                     | available |                    | 1)      |                |            |                      |
+---------------------------------+------------+---------------------+-----------+--------------------+---------+----------------+------------+----------------------+
| design_1_axi_interconnect_0_1   | Up-to-date | No changes required |  *(6)     | AXI Interconnect   | 2.1     | 2.1 (Rev. 23)  | Included   | xcku040-ffva1156-2-i |
|                                 |            |                     |           |                    | (Rev.   |                |            |                      |
|                                 |            |                     |           |                    | 23)     |                |            |                      |
+---------------------------------+------------+---------------------+-----------+--------------------+---------+----------------+------------+----------------------+
| design_1_axi_interconnect_0_2   | Up-to-date | No changes required |  *(7)     | AXI Interconnect   | 2.1     | 2.1 (Rev. 23)  | Included   | xcku040-ffva1156-2-i |
|                                 |            |                     |           |                    | (Rev.   |                |            |                      |
|                                 |            |                     |           |                    | 23)     |                |            |                      |
+---------------------------------+------------+---------------------+-----------+--------------------+---------+----------------+------------+----------------------+
| design_1_util_ds_buf_0          | Up-to-date | No changes required |  *(8)     | Utility Buffer     | 2.1     | 2.1 (Rev. 23)  | Included   | xcku040-ffva1156-2-i |
|                                 |            |                     |           |                    | (Rev.   |                |            |                      |
|                                 |            |                     |           |                    | 23)     |                |            |                      |
+---------------------------------+------------+---------------------+-----------+--------------------+---------+----------------+------------+----------------------+
| design_1_xdma_0_0               | Up-to-date | No changes required |  *(9)     | DMA/Bridge         | 4.1     | 4.1 (Rev. 8)   | Included   | xcku040-ffva1156-2-i |
|                                 |            |                     |           | Subsystem for PCI  | (Rev.   |                |            |                      |
|                                 |            |                     |           | Express            | 8)      |                |            |                      |
+---------------------------------+------------+---------------------+-----------+--------------------+---------+----------------+------------+----------------------+
| fifo_AURORA_DATA64              | Up-to-date | No changes required |  *(10)    | FIFO Generator     | 13.2    | 13.2 (Rev. 5)  | Included   | xcku040-ffva1156-2-i |
|                                 |            |                     |           |                    | (Rev.   |                |            |                      |
|                                 |            |                     |           |                    | 5)      |                |            |                      |
+---------------------------------+------------+---------------------+-----------+--------------------+---------+----------------+------------+----------------------+
| fifo_cdc_aurora                 | Up-to-date | No changes required |  *(11)    | FIFO Generator     | 13.2    | 13.2 (Rev. 5)  | Included   | xcku040-ffva1156-2-i |
|                                 |            |                     |           |                    | (Rev.   |                |            |                      |
|                                 |            |                     |           |                    | 5)      |                |            |                      |
+---------------------------------+------------+---------------------+-----------+--------------------+---------+----------------+------------+----------------------+
| fifo_cdc_pcie                   | Up-to-date | No changes required |  *(12)    | FIFO Generator     | 13.2    | 13.2 (Rev. 5)  | Included   | xcku040-ffva1156-2-i |
|                                 |            |                     |           |                    | (Rev.   |                |            |                      |
|                                 |            |                     |           |                    | 5)      |                |            |                      |
+---------------------------------+------------+---------------------+-----------+--------------------+---------+----------------+------------+----------------------+
| ila_0                           | Up-to-date | No changes required |  *(13)    | ILA (Integrated    | 6.2     | 6.2 (Rev. 11)  | Included   | xcku040-ffva1156-2-i |
|                                 |            |                     |           | Logic Analyzer)    | (Rev.   |                |            |                      |
|                                 |            |                     |           |                    | 11)     |                |            |                      |
+---------------------------------+------------+---------------------+-----------+--------------------+---------+----------------+------------+----------------------+
| ila_FDMA                        | Up-to-date | No changes required |  *(14)    | ILA (Integrated    | 6.2     | 6.2 (Rev. 11)  | Included   | xcku040-ffva1156-2-i |
|                                 |            |                     |           | Logic Analyzer)    | (Rev.   |                |            |                      |
|                                 |            |                     |           |                    | 11)     |                |            |                      |
+---------------------------------+------------+---------------------+-----------+--------------------+---------+----------------+------------+----------------------+
| ila_temp                        | Up-to-date | No changes required |  *(15)    | ILA (Integrated    | 6.2     | 6.2 (Rev. 11)  | Included   | xcku040-ffva1156-2-i |
|                                 |            |                     |           | Logic Analyzer)    | (Rev.   |                |            |                      |
|                                 |            |                     |           |                    | 11)     |                |            |                      |
+---------------------------------+------------+---------------------+-----------+--------------------+---------+----------------+------------+----------------------+
|                                 |            |                     |           | Converter          | (Rev.   |                |            |                      |
|                                 |            |                     |           |                    | 21)     |                |            |                      |
+---------------------------------+------------+---------------------+-----------+--------------------+---------+----------------+------------+----------------------+
|                                 |            |                     |           |                    | (Rev.   |                |            |                      |
|                                 |            |                     |           |                    | 10)     |                |            |                      |
+---------------------------------+------------+---------------------+-----------+--------------------+---------+----------------+------------+----------------------+
| sys_mon                         | Up-to-date | No changes required |  *(18)    | System Management  | 1.3     | 1.3 (Rev. 13)  | Included   | xcku040-ffva1156-2-i |
|                                 |            |                     |           | Wizard             | (Rev.   |                |            |                      |
|                                 |            |                     |           |                    | 13)     |                |            |                      |
+---------------------------------+------------+---------------------+-----------+--------------------+---------+----------------+------------+----------------------+
| aurora_64b66b_0_fifo_gen_master | Up-to-date | No changes required |  *(19)    | FIFO Generator     | 13.2    | 13.2 (Rev. 5)  | Included   | xcku040-ffva1156-2-i |
|                                 |            |                     |           |                    | (Rev.   |                |            |                      |
|                                 |            |                     |           |                    | 5)      |                |            |                      |
+---------------------------------+------------+---------------------+-----------+--------------------+---------+----------------+------------+----------------------+
| aurora_64b66b_0_gt              | Up-to-date | No changes required |  *(20)    | UltraScale FPGAs   | 1.7     | 1.7 (Rev. 9)   | Included   | xcku040-ffva1156-2-i |
|                                 |            |                     |           | Transceivers       | (Rev.   |                |            |                      |
|                                 |            |                     |           | Wizard             | 9)      |                |            |                      |
+---------------------------------+------------+---------------------+-----------+--------------------+---------+----------------+------------+----------------------+
| aurora_8b10b_1p25g_gt           | Up-to-date | No changes required |  *(21)    | UltraScale FPGAs   | 1.7     | 1.7 (Rev. 9)   | Included   | xcku040-ffva1156-2-i |
|                                 |            |                     |           | Transceivers       | (Rev.   |                |            |                      |
|                                 |            |                     |           | Wizard             | 9)      |                |            |                      |
+---------------------------------+------------+---------------------+-----------+--------------------+---------+----------------+------------+----------------------+
| design_1_xdma_0_0_pcie3_ip      | Up-to-date | No changes required |  *(22)    | UltraScale FPGA    | 4.4     | 4.4 (Rev. 9)   | Included   | xcku040-ffva1156-2-i |
|                                 |            |                     |           | Gen3 Integrated    | (Rev.   |                |            |                      |
|                                 |            |                     |           | Block for PCI      | 9)      |                |            |                      |
|                                 |            |                     |           | Express            |         |                |            |                      |
+---------------------------------+------------+---------------------+-----------+--------------------+---------+----------------+------------+----------------------+
|                                 |            |                     |           |                    | (Rev.   |                |            |                      |
|                                 |            |                     |           |                    | 14)     |                |            |                      |
+---------------------------------+------------+---------------------+-----------+--------------------+---------+----------------+------------+----------------------+
+---------------------------------+------------+---------------------+-----------+--------------------+---------+----------------+------------+----------------------+
| xdma_v4_1_8_blk_mem_64_noreg_be | Up-to-date | No changes required |  *(25)    | Block Memory       | 8.4     | 8.4 (Rev. 4)   | Included   | xcku040-ffva1156-2-i |
|                                 |            |                     |           | Generator          | (Rev.   |                |            |                      |
|                                 |            |                     |           |                    | 4)      |                |            |                      |
+---------------------------------+------------+---------------------+-----------+--------------------+---------+----------------+------------+----------------------+
| xdma_v4_1_8_blk_mem_64_reg_be   | Up-to-date | No changes required |  *(26)    | Block Memory       | 8.4     | 8.4 (Rev. 4)   | Included   | xcku040-ffva1156-2-i |
|                                 |            |                     |           | Generator          | (Rev.   |                |            |                      |
|                                 |            |                     |           |                    | 4)      |                |            |                      |
+---------------------------------+------------+---------------------+-----------+--------------------+---------+----------------+------------+----------------------+
| design_1_xdma_0_0_pcie3_ip_gt   | Up-to-date | No changes required |  *(27)    | UltraScale FPGAs   | 1.7     | 1.7 (Rev. 9)   | Included   | xcku040-ffva1156-2-i |
|                                 |            |                     |           | Transceivers       | (Rev.   |                |            |                      |
|                                 |            |                     |           | Wizard             | 9)      |                |            |                      |
+---------------------------------+------------+---------------------+-----------+--------------------+---------+----------------+------------+----------------------+
| bd_6edb_dlmb_0                  | Up-to-date | No changes required |  *(28)    | Local Memory Bus   | 3.0     | 3.0 (Rev. 11)  | Included   | xcku040-ffva1156-2-i |
|                                 |            |                     |           | (LMB) 1.0          | (Rev.   |                |            |                      |
|                                 |            |                     |           |                    | 11)     |                |            |                      |
+---------------------------------+------------+---------------------+-----------+--------------------+---------+----------------+------------+----------------------+
| bd_6edb_dlmb_cntlr_0            | Up-to-date | No changes required |  *(29)    | LMB BRAM           | 4.0     | 4.0 (Rev. 19)  | Included   | xcku040-ffva1156-2-i |
|                                 |            |                     |           | Controller         | (Rev.   |                |            |                      |
|                                 |            |                     |           |                    | 19)     |                |            |                      |
+---------------------------------+------------+---------------------+-----------+--------------------+---------+----------------+------------+----------------------+
| bd_6edb_ilmb_0                  | Up-to-date | No changes required |  *(30)    | Local Memory Bus   | 3.0     | 3.0 (Rev. 11)  | Included   | xcku040-ffva1156-2-i |
|                                 |            |                     |           | (LMB) 1.0          | (Rev.   |                |            |                      |
|                                 |            |                     |           |                    | 11)     |                |            |                      |
+---------------------------------+------------+---------------------+-----------+--------------------+---------+----------------+------------+----------------------+
| bd_6edb_ilmb_cntlr_0            | Up-to-date | No changes required |  *(31)    | LMB BRAM           | 4.0     | 4.0 (Rev. 19)  | Included   | xcku040-ffva1156-2-i |
|                                 |            |                     |           | Controller         | (Rev.   |                |            |                      |
|                                 |            |                     |           |                    | 19)     |                |            |                      |
+---------------------------------+------------+---------------------+-----------+--------------------+---------+----------------+------------+----------------------+
| bd_6edb_iomodule_0_0            | Up-to-date | No changes required |  *(32)    | IOModule           | 3.1     | 3.1 (Rev. 6)   | Included   | xcku040-ffva1156-2-i |
|                                 |            |                     |           |                    | (Rev.   |                |            |                      |
|                                 |            |                     |           |                    | 6)      |                |            |                      |
+---------------------------------+------------+---------------------+-----------+--------------------+---------+----------------+------------+----------------------+
| bd_6edb_lmb_bram_I_0            | Up-to-date | No changes required |  *(33)    | Block Memory       | 8.4     | 8.4 (Rev. 4)   | Included   | xcku040-ffva1156-2-i |
|                                 |            |                     |           | Generator          | (Rev.   |                |            |                      |
|                                 |            |                     |           |                    | 4)      |                |            |                      |
+---------------------------------+------------+---------------------+-----------+--------------------+---------+----------------+------------+----------------------+
| bd_6edb_microblaze_I_0          | Up-to-date | No changes required |  *(34)    | MicroBlaze         | 11.0    | 11.0 (Rev. 4)  | Included   | xcku040-ffva1156-2-i |
|                                 |            |                     |           |                    | (Rev.   |                |            |                      |
|                                 |            |                     |           |                    | 4)      |                |            |                      |
+---------------------------------+------------+---------------------+-----------+--------------------+---------+----------------+------------+----------------------+
| bd_6edb_rst_0_0                 | Up-to-date | No changes required |  *(35)    | Processor System   | 5.0     | 5.0 (Rev. 13)  | Included   | xcku040-ffva1156-2-i |
|                                 |            |                     |           | Reset              | (Rev.   |                |            |                      |
|                                 |            |                     |           |                    | 13)     |                |            |                      |
+---------------------------------+------------+---------------------+-----------+--------------------+---------+----------------+------------+----------------------+
| bd_6edb_second_dlmb_cntlr_0     | Up-to-date | No changes required |  *(36)    | LMB BRAM           | 4.0     | 4.0 (Rev. 19)  | Included   | xcku040-ffva1156-2-i |
|                                 |            |                     |           | Controller         | (Rev.   |                |            |                      |
|                                 |            |                     |           |                    | 19)     |                |            |                      |
+---------------------------------+------------+---------------------+-----------+--------------------+---------+----------------+------------+----------------------+
| bd_6edb_second_ilmb_cntlr_0     | Up-to-date | No changes required |  *(37)    | LMB BRAM           | 4.0     | 4.0 (Rev. 19)  | Included   | xcku040-ffva1156-2-i |
|                                 |            |                     |           | Controller         | (Rev.   |                |            |                      |
|                                 |            |                     |           |                    | 19)     |                |            |                      |
+---------------------------------+------------+---------------------+-----------+--------------------+---------+----------------+------------+----------------------+
| bd_6edb_second_lmb_bram_I_0     | Up-to-date | No changes required |  *(38)    | Block Memory       | 8.4     | 8.4 (Rev. 4)   | Included   | xcku040-ffva1156-2-i |
|                                 |            |                     |           | Generator          | (Rev.   |                |            |                      |
|                                 |            |                     |           |                    | 4)      |                |            |                      |
+---------------------------------+------------+---------------------+-----------+--------------------+---------+----------------+------------+----------------------+
*(1) d:/Xilinx_2020_2/Vivado/2020.2/data/ip/xilinx/aurora_64b66b_v12_0/doc/aurora_64b66b_v12_0_changelog.txt
*(2) d:/Xilinx_2020_2/Vivado/2020.2/data/ip/xilinx/axis_register_slice_v1_1/doc/axis_register_slice_v1_1_changelog.txt
*(3) d:/Xilinx_2020_2/Vivado/2020.2/data/ip/xilinx/axis_register_slice_v1_1/doc/axis_register_slice_v1_1_changelog.txt
*(4) d:/Xilinx_2020_2/Vivado/2020.2/data/ip/xilinx/aurora_8b10b_v11_1/doc/aurora_8b10b_v11_1_changelog.txt
*(5) d:/Xilinx_2020_2/Vivado/2020.2/data/ip/xilinx/clk_wiz_v6_0/doc/clk_wiz_v6_0_changelog.txt
*(6) d:/Xilinx_2020_2/Vivado/2020.2/data/ip/xilinx/axi_interconnect_v2_1/doc/axi_interconnect_v2_1_changelog.txt
*(7) d:/Xilinx_2020_2/Vivado/2020.2/data/ip/xilinx/axi_interconnect_v2_1/doc/axi_interconnect_v2_1_changelog.txt
*(8) d:/Xilinx_2020_2/Vivado/2020.2/data/rsb/iprepos/util_ds_buf_v2_1/doc/util_ds_buf_v2_1_changelog.txt
*(9) d:/Xilinx_2020_2/Vivado/2020.2/data/ip/xilinx/xdma_v4_1/doc/xdma_v4_1_changelog.txt
*(10) d:/Xilinx_2020_2/Vivado/2020.2/data/ip/xilinx/fifo_generator_v13_2/doc/fifo_generator_v13_2_changelog.txt
*(11) d:/Xilinx_2020_2/Vivado/2020.2/data/ip/xilinx/fifo_generator_v13_2/doc/fifo_generator_v13_2_changelog.txt
*(12) d:/Xilinx_2020_2/Vivado/2020.2/data/ip/xilinx/fifo_generator_v13_2/doc/fifo_generator_v13_2_changelog.txt
*(13) d:/Xilinx_2020_2/Vivado/2020.2/data/ip/xilinx/ila_v6_2/doc/ila_v6_2_changelog.txt
*(14) d:/Xilinx_2020_2/Vivado/2020.2/data/ip/xilinx/ila_v6_2/doc/ila_v6_2_changelog.txt
*(15) d:/Xilinx_2020_2/Vivado/2020.2/data/ip/xilinx/ila_v6_2/doc/ila_v6_2_changelog.txt
*(16) d:/Xilinx_2020_2/Vivado/2020.2/data/ip/xilinx/axi_clock_converter_v2_1/doc/axi_clock_converter_v2_1_changelog.txt
*(17) d:/Xilinx_2020_2/Vivado/2020.2/data/ip/xilinx/ddr4_v2_2/doc/ddr4_v2_2_changelog.txt
*(18) d:/Xilinx_2020_2/Vivado/2020.2/data/ip/xilinx/system_management_wiz_v1_3/doc/system_management_wiz_v1_3_changelog.txt
*(19) d:/Xilinx_2020_2/Vivado/2020.2/data/ip/xilinx/fifo_generator_v13_2/doc/fifo_generator_v13_2_changelog.txt
*(20) d:/Xilinx_2020_2/Vivado/2020.2/data/ip/xilinx/gtwizard_ultrascale_v1_7/doc/gtwizard_ultrascale_v1_7_changelog.txt
*(21) d:/Xilinx_2020_2/Vivado/2020.2/data/ip/xilinx/gtwizard_ultrascale_v1_7/doc/gtwizard_ultrascale_v1_7_changelog.txt
*(22) d:/Xilinx_2020_2/Vivado/2020.2/data/ip/xilinx/pcie3_ultrascale_v4_4/doc/pcie3_ultrascale_v4_4_changelog.txt
*(23) d:/Xilinx_2020_2/Vivado/2020.2/data/ip/xilinx/microblaze_mcs_v3_0/doc/microblaze_mcs_v3_0_changelog.txt
*(24) d:/Xilinx_2020_2/Vivado/2020.2/data/ip/xilinx/ddr4_phy_v2_2/doc/phy_ip_v1_2_changelog.txt
*(25) d:/Xilinx_2020_2/Vivado/2020.2/data/ip/xilinx/blk_mem_gen_v8_4/doc/blk_mem_gen_v8_4_changelog.txt
*(26) d:/Xilinx_2020_2/Vivado/2020.2/data/ip/xilinx/blk_mem_gen_v8_4/doc/blk_mem_gen_v8_4_changelog.txt
*(27) d:/Xilinx_2020_2/Vivado/2020.2/data/ip/xilinx/gtwizard_ultrascale_v1_7/doc/gtwizard_ultrascale_v1_7_changelog.txt
*(28) d:/Xilinx_2020_2/Vivado/2020.2/data/ip/xilinx/lmb_v10_v3_0/doc/lmb_v10_v3_0_changelog.txt
*(29) d:/Xilinx_2020_2/Vivado/2020.2/data/ip/xilinx/lmb_bram_if_cntlr_v4_0/doc/lmb_bram_if_cntlr_v4_0_changelog.txt
*(30) d:/Xilinx_2020_2/Vivado/2020.2/data/ip/xilinx/lmb_v10_v3_0/doc/lmb_v10_v3_0_changelog.txt
*(31) d:/Xilinx_2020_2/Vivado/2020.2/data/ip/xilinx/lmb_bram_if_cntlr_v4_0/doc/lmb_bram_if_cntlr_v4_0_changelog.txt
*(32) d:/Xilinx_2020_2/Vivado/2020.2/data/ip/xilinx/iomodule_v3_1/doc/iomodule_v3_1_changelog.txt
*(33) d:/Xilinx_2020_2/Vivado/2020.2/data/ip/xilinx/blk_mem_gen_v8_4/doc/blk_mem_gen_v8_4_changelog.txt
*(34) d:/Xilinx_2020_2/Vivado/2020.2/data/ip/xilinx/microblaze_v11_0/doc/microblaze_v11_0_changelog.txt
*(35) d:/Xilinx_2020_2/Vivado/2020.2/data/ip/xilinx/proc_sys_reset_v5_0/doc/proc_sys_reset_v5_0_changelog.txt
*(36) d:/Xilinx_2020_2/Vivado/2020.2/data/ip/xilinx/lmb_bram_if_cntlr_v4_0/doc/lmb_bram_if_cntlr_v4_0_changelog.txt
*(37) d:/Xilinx_2020_2/Vivado/2020.2/data/ip/xilinx/lmb_bram_if_cntlr_v4_0/doc/lmb_bram_if_cntlr_v4_0_changelog.txt
*(38) d:/Xilinx_2020_2/Vivado/2020.2/data/ip/xilinx/blk_mem_gen_v8_4/doc/blk_mem_gen_v8_4_changelog.txt


