#-----------------------------------------------------------
# Vivado v2020.2 (64-bit)
# SW Build 3064766 on Wed Nov 18 09:12:45 MST 2020
# IP Build 3064653 on Wed Nov 18 14:17:31 MST 2020
# Start of session at: Fri Sep 25 18:05:20 2026
# Process ID: 4676
# Current directory: E:/PCIE-CPU
# Command line: vivado.exe -mode batch -source F:\RTDS_test_DDR4_64bit_batch_dev\scripts\verify_local_wave_sessions.tcl -log F:\RTDS_test_DDR4_64bit_batch_dev\logs\verify_local_wave_sessions_first4.log -journal F:\RTDS_test_DDR4_64bit_batch_dev\logs\verify_local_wave_sessions_first4.jou -tclargs 1g tx rx_fifo ring
# Log file: F:/RTDS_test_DDR4_64bit_batch_dev/logs/verify_local_wave_sessions_first4.log
# Journal file: F:\RTDS_test_DDR4_64bit_batch_dev\logs\verify_local_wave_sessions_first4.jou
#-----------------------------------------------------------
source {F:\RTDS_test_DDR4_64bit_batch_dev\scripts\verify_local_wave_sessions.tcl}
open_wave_config {F:/RTDS_test_DDR4_64bit_batch_dev/evidence/local_wave_sessions/1g\1g.wcfg}
