#-----------------------------------------------------------
# Vivado v2020.2 (64-bit)
# SW Build 3064766 on Wed Nov 18 09:12:45 MST 2020
# IP Build 3064653 on Wed Nov 18 14:17:31 MST 2020
# Start of session at: Fri Sep 25 18:08:36 2026
# Process ID: 3696
# Current directory: E:/PCIE-CPU
# Command line: vivado.exe -mode batch -source F:\RTDS_test_DDR4_64bit_batch_dev\scripts\verify_local_wave_sessions.tcl -log F:\RTDS_test_DDR4_64bit_batch_dev\logs\verify_local_wave_sessions.log -journal F:\RTDS_test_DDR4_64bit_batch_dev\logs\verify_local_wave_sessions.jou
# Log file: F:/RTDS_test_DDR4_64bit_batch_dev/logs/verify_local_wave_sessions.log
# Journal file: F:\RTDS_test_DDR4_64bit_batch_dev\logs\verify_local_wave_sessions.jou
#-----------------------------------------------------------
source {F:\RTDS_test_DDR4_64bit_batch_dev\scripts\verify_local_wave_sessions.tcl}
# set root [file normalize [file join [file dirname [info script]] ..]]
# puts "OPEN_FILES_COMMAND=[info commands open_files]"
OPEN_FILES_COMMAND=
# puts "SHOW_OBJECTS_COMMAND=[info commands show_objects]"
SHOW_OBJECTS_COMMAND=show_objects
# if {[llength $argv] > 0} {set cases $argv} else {set cases {1g tx rx_fifo ring axi axi_tail regs}}
# foreach selected $cases {
#     set argv [list $selected verify]
#     source [file join $root scripts open_local_wave_session.tcl]
#     set folder [file join $root evidence local_wave_sessions $selected]
#     set fh [open [file join $folder loaded_objects.txt] w]
#     set objects [get_objects -r /tb_rtds_${selected}/*]
#     foreach obj $objects {puts $fh $obj}
#     close $fh
#     puts "LOCAL_VERIFIED=$selected objects=[llength $objects]"
#     close_sim
#     close_project
# }
## set root [file normalize [file join [file dirname [info script]] ..]]
## set selected [lindex $argv 0]
## if {$selected ni {1g tx rx_fifo ring axi axi_tail regs}} {error "Select 1g, tx, rx_fifo, ring, axi, axi_tail or regs"}
## set folder [file join $root evidence local_wave_sessions $selected]
## open_project -read_only [file join $folder project wave_${selected}.xpr]
WARNING: [filemgmt 56-3] Default IP Output Path : Could not find the directory 'F:/RTDS_test_DDR4_64bit_batch_dev/evidence/local_wave_sessions/1g/project/wave_1g.gen/sources_1'.
Scanning sources...
Finished scanning sources
open_project: Time (s): cpu = 00:00:04 ; elapsed = 00:00:21 . Memory (MB): peak = 996.051 ; gain = 376.785
## open_wave_database [file join $folder ${selected}.wdb]
open_wave_config {F:/RTDS_test_DDR4_64bit_batch_dev/evidence/local_wave_sessions/1g\1g.wcfg}
## open_wave_config [file join $folder ${selected}.wcfg]
## if {[llength [get_objects -r /tb_rtds_${selected}/*]] == 0} {error "Wave database has no testbench objects"}
## if {[lindex $argv 1] ne "verify"} {
##     open_files [file join $root regression batch_1g tb_rtds_${selected}.sv]
##     open_files [file join $root regression batch_1g rtds_${selected}_test_if.sv]
##     switch $selected {
##         1g {set dut [file join $root rtl rtds_1g_periodic_tx.v]}
##         tx {set dut [file join $root {external_snapshot/fdma_aurora_brg/fdma_aurora_brg.srcs/sources_1 - loop_validate/new/fdma_aurora_brg_tx.v}]}
##         rx_fifo {set dut [file join $root rtl rtds_rx_frame_fifo.v]}
##         ring {set dut [file join $root rtl rtds_rx_block_writer.v]}
##         regs {set dut [file join $root RTDS_test_DDR4_64bit.srcs sources_1 new INFO_EXCH.v]}
##         default {set dut [file join $root RTDS_test_DDR4_64bit.srcs sources_1 new CONV_DMA.v]}
##     }
##     open_files $dut
##     catch {show_objects [get_scopes /tb_rtds_${selected}/U_DUT]}
## }
## puts "LOCAL_WAVE_READY=$selected"
LOCAL_WAVE_READY=1g
LOCAL_VERIFIED=1g objects=198
INFO: [Simtcl 6-16] Simulation closed
## set root [file normalize [file join [file dirname [info script]] ..]]
## set selected [lindex $argv 0]
## if {$selected ni {1g tx rx_fifo ring axi axi_tail regs}} {error "Select 1g, tx, rx_fifo, ring, axi, axi_tail or regs"}
## set folder [file join $root evidence local_wave_sessions $selected]
## open_project -read_only [file join $folder project wave_${selected}.xpr]
WARNING: [filemgmt 56-3] Default IP Output Path : Could not find the directory 'F:/RTDS_test_DDR4_64bit_batch_dev/evidence/local_wave_sessions/tx/project/wave_tx.gen/sources_1'.
Scanning sources...
Finished scanning sources
## open_wave_database [file join $folder ${selected}.wdb]
open_wave_config {F:/RTDS_test_DDR4_64bit_batch_dev/evidence/local_wave_sessions/tx\tx.wcfg}
## open_wave_config [file join $folder ${selected}.wcfg]
## if {[llength [get_objects -r /tb_rtds_${selected}/*]] == 0} {error "Wave database has no testbench objects"}
## if {[lindex $argv 1] ne "verify"} {
##     open_files [file join $root regression batch_1g tb_rtds_${selected}.sv]
##     open_files [file join $root regression batch_1g rtds_${selected}_test_if.sv]
##     switch $selected {
##         1g {set dut [file join $root rtl rtds_1g_periodic_tx.v]}
##         tx {set dut [file join $root {external_snapshot/fdma_aurora_brg/fdma_aurora_brg.srcs/sources_1 - loop_validate/new/fdma_aurora_brg_tx.v}]}
##         rx_fifo {set dut [file join $root rtl rtds_rx_frame_fifo.v]}
##         ring {set dut [file join $root rtl rtds_rx_block_writer.v]}
##         regs {set dut [file join $root RTDS_test_DDR4_64bit.srcs sources_1 new INFO_EXCH.v]}
##         default {set dut [file join $root RTDS_test_DDR4_64bit.srcs sources_1 new CONV_DMA.v]}
##     }
##     open_files $dut
##     catch {show_objects [get_scopes /tb_rtds_${selected}/U_DUT]}
## }
## puts "LOCAL_WAVE_READY=$selected"
LOCAL_WAVE_READY=tx
LOCAL_VERIFIED=tx objects=800
INFO: [Simtcl 6-16] Simulation closed
## set root [file normalize [file join [file dirname [info script]] ..]]
## set selected [lindex $argv 0]
## if {$selected ni {1g tx rx_fifo ring axi axi_tail regs}} {error "Select 1g, tx, rx_fifo, ring, axi, axi_tail or regs"}
## set folder [file join $root evidence local_wave_sessions $selected]
## open_project -read_only [file join $folder project wave_${selected}.xpr]
WARNING: [filemgmt 56-3] Default IP Output Path : Could not find the directory 'F:/RTDS_test_DDR4_64bit_batch_dev/evidence/local_wave_sessions/rx_fifo/project/wave_rx_fifo.gen/sources_1'.
Scanning sources...
Finished scanning sources
## open_wave_database [file join $folder ${selected}.wdb]
open_wave_config {F:/RTDS_test_DDR4_64bit_batch_dev/evidence/local_wave_sessions/rx_fifo\rx_fifo.wcfg}
## open_wave_config [file join $folder ${selected}.wcfg]
## if {[llength [get_objects -r /tb_rtds_${selected}/*]] == 0} {error "Wave database has no testbench objects"}
## if {[lindex $argv 1] ne "verify"} {
##     open_files [file join $root regression batch_1g tb_rtds_${selected}.sv]
##     open_files [file join $root regression batch_1g rtds_${selected}_test_if.sv]
##     switch $selected {
##         1g {set dut [file join $root rtl rtds_1g_periodic_tx.v]}
##         tx {set dut [file join $root {external_snapshot/fdma_aurora_brg/fdma_aurora_brg.srcs/sources_1 - loop_validate/new/fdma_aurora_brg_tx.v}]}
##         rx_fifo {set dut [file join $root rtl rtds_rx_frame_fifo.v]}
##         ring {set dut [file join $root rtl rtds_rx_block_writer.v]}
##         regs {set dut [file join $root RTDS_test_DDR4_64bit.srcs sources_1 new INFO_EXCH.v]}
##         default {set dut [file join $root RTDS_test_DDR4_64bit.srcs sources_1 new CONV_DMA.v]}
##     }
##     open_files $dut
##     catch {show_objects [get_scopes /tb_rtds_${selected}/U_DUT]}
## }
## puts "LOCAL_WAVE_READY=$selected"
LOCAL_WAVE_READY=rx_fifo
LOCAL_VERIFIED=rx_fifo objects=802
INFO: [Simtcl 6-16] Simulation closed
## set root [file normalize [file join [file dirname [info script]] ..]]
## set selected [lindex $argv 0]
## if {$selected ni {1g tx rx_fifo ring axi axi_tail regs}} {error "Select 1g, tx, rx_fifo, ring, axi, axi_tail or regs"}
## set folder [file join $root evidence local_wave_sessions $selected]
## open_project -read_only [file join $folder project wave_${selected}.xpr]
WARNING: [filemgmt 56-3] Default IP Output Path : Could not find the directory 'F:/RTDS_test_DDR4_64bit_batch_dev/evidence/local_wave_sessions/ring/project/wave_ring.gen/sources_1'.
Scanning sources...
Finished scanning sources
## open_wave_database [file join $folder ${selected}.wdb]
open_wave_config {F:/RTDS_test_DDR4_64bit_batch_dev/evidence/local_wave_sessions/ring\ring.wcfg}
## open_wave_config [file join $folder ${selected}.wcfg]
## if {[llength [get_objects -r /tb_rtds_${selected}/*]] == 0} {error "Wave database has no testbench objects"}
## if {[lindex $argv 1] ne "verify"} {
##     open_files [file join $root regression batch_1g tb_rtds_${selected}.sv]
##     open_files [file join $root regression batch_1g rtds_${selected}_test_if.sv]
##     switch $selected {
##         1g {set dut [file join $root rtl rtds_1g_periodic_tx.v]}
##         tx {set dut [file join $root {external_snapshot/fdma_aurora_brg/fdma_aurora_brg.srcs/sources_1 - loop_validate/new/fdma_aurora_brg_tx.v}]}
##         rx_fifo {set dut [file join $root rtl rtds_rx_frame_fifo.v]}
##         ring {set dut [file join $root rtl rtds_rx_block_writer.v]}
##         regs {set dut [file join $root RTDS_test_DDR4_64bit.srcs sources_1 new INFO_EXCH.v]}
##         default {set dut [file join $root RTDS_test_DDR4_64bit.srcs sources_1 new CONV_DMA.v]}
##     }
##     open_files $dut
##     catch {show_objects [get_scopes /tb_rtds_${selected}/U_DUT]}
## }
## puts "LOCAL_WAVE_READY=$selected"
LOCAL_WAVE_READY=ring
LOCAL_VERIFIED=ring objects=127
INFO: [Simtcl 6-16] Simulation closed
## set root [file normalize [file join [file dirname [info script]] ..]]
## set selected [lindex $argv 0]
## if {$selected ni {1g tx rx_fifo ring axi axi_tail regs}} {error "Select 1g, tx, rx_fifo, ring, axi, axi_tail or regs"}
## set folder [file join $root evidence local_wave_sessions $selected]
## open_project -read_only [file join $folder project wave_${selected}.xpr]
WARNING: [filemgmt 56-3] Default IP Output Path : Could not find the directory 'F:/RTDS_test_DDR4_64bit_batch_dev/evidence/local_wave_sessions/axi/project/wave_axi.gen/sources_1'.
Scanning sources...
Finished scanning sources
## open_wave_database [file join $folder ${selected}.wdb]
open_wave_config {F:/RTDS_test_DDR4_64bit_batch_dev/evidence/local_wave_sessions/axi\axi.wcfg}
## open_wave_config [file join $folder ${selected}.wcfg]
## if {[llength [get_objects -r /tb_rtds_${selected}/*]] == 0} {error "Wave database has no testbench objects"}
## if {[lindex $argv 1] ne "verify"} {
##     open_files [file join $root regression batch_1g tb_rtds_${selected}.sv]
##     open_files [file join $root regression batch_1g rtds_${selected}_test_if.sv]
##     switch $selected {
##         1g {set dut [file join $root rtl rtds_1g_periodic_tx.v]}
##         tx {set dut [file join $root {external_snapshot/fdma_aurora_brg/fdma_aurora_brg.srcs/sources_1 - loop_validate/new/fdma_aurora_brg_tx.v}]}
##         rx_fifo {set dut [file join $root rtl rtds_rx_frame_fifo.v]}
##         ring {set dut [file join $root rtl rtds_rx_block_writer.v]}
##         regs {set dut [file join $root RTDS_test_DDR4_64bit.srcs sources_1 new INFO_EXCH.v]}
##         default {set dut [file join $root RTDS_test_DDR4_64bit.srcs sources_1 new CONV_DMA.v]}
##     }
##     open_files $dut
##     catch {show_objects [get_scopes /tb_rtds_${selected}/U_DUT]}
## }
## puts "LOCAL_WAVE_READY=$selected"
LOCAL_WAVE_READY=axi
LOCAL_VERIFIED=axi objects=244
INFO: [Simtcl 6-16] Simulation closed
close_sim: Time (s): cpu = 00:00:00 ; elapsed = 00:00:05 . Memory (MB): peak = 996.051 ; gain = 0.000
## set root [file normalize [file join [file dirname [info script]] ..]]
## set selected [lindex $argv 0]
## if {$selected ni {1g tx rx_fifo ring axi axi_tail regs}} {error "Select 1g, tx, rx_fifo, ring, axi, axi_tail or regs"}
## set folder [file join $root evidence local_wave_sessions $selected]
## open_project -read_only [file join $folder project wave_${selected}.xpr]
WARNING: [filemgmt 56-3] Default IP Output Path : Could not find the directory 'F:/RTDS_test_DDR4_64bit_batch_dev/evidence/local_wave_sessions/axi_tail/project/wave_axi_tail.gen/sources_1'.
Scanning sources...
Finished scanning sources
## open_wave_database [file join $folder ${selected}.wdb]
open_wave_config {F:/RTDS_test_DDR4_64bit_batch_dev/evidence/local_wave_sessions/axi_tail\axi_tail.wcfg}
## open_wave_config [file join $folder ${selected}.wcfg]
## if {[llength [get_objects -r /tb_rtds_${selected}/*]] == 0} {error "Wave database has no testbench objects"}
## if {[lindex $argv 1] ne "verify"} {
##     open_files [file join $root regression batch_1g tb_rtds_${selected}.sv]
##     open_files [file join $root regression batch_1g rtds_${selected}_test_if.sv]
##     switch $selected {
##         1g {set dut [file join $root rtl rtds_1g_periodic_tx.v]}
##         tx {set dut [file join $root {external_snapshot/fdma_aurora_brg/fdma_aurora_brg.srcs/sources_1 - loop_validate/new/fdma_aurora_brg_tx.v}]}
##         rx_fifo {set dut [file join $root rtl rtds_rx_frame_fifo.v]}
##         ring {set dut [file join $root rtl rtds_rx_block_writer.v]}
##         regs {set dut [file join $root RTDS_test_DDR4_64bit.srcs sources_1 new INFO_EXCH.v]}
##         default {set dut [file join $root RTDS_test_DDR4_64bit.srcs sources_1 new CONV_DMA.v]}
##     }
##     open_files $dut
##     catch {show_objects [get_scopes /tb_rtds_${selected}/U_DUT]}
## }
## puts "LOCAL_WAVE_READY=$selected"
LOCAL_WAVE_READY=axi_tail
LOCAL_VERIFIED=axi_tail objects=243
INFO: [Simtcl 6-16] Simulation closed
## set root [file normalize [file join [file dirname [info script]] ..]]
## set selected [lindex $argv 0]
## if {$selected ni {1g tx rx_fifo ring axi axi_tail regs}} {error "Select 1g, tx, rx_fifo, ring, axi, axi_tail or regs"}
## set folder [file join $root evidence local_wave_sessions $selected]
## open_project -read_only [file join $folder project wave_${selected}.xpr]
WARNING: [filemgmt 56-3] Default IP Output Path : Could not find the directory 'F:/RTDS_test_DDR4_64bit_batch_dev/evidence/local_wave_sessions/regs/project/wave_regs.gen/sources_1'.
Scanning sources...
Finished scanning sources
## open_wave_database [file join $folder ${selected}.wdb]
open_wave_config {F:/RTDS_test_DDR4_64bit_batch_dev/evidence/local_wave_sessions/regs\regs.wcfg}
## open_wave_config [file join $folder ${selected}.wcfg]
## if {[llength [get_objects -r /tb_rtds_${selected}/*]] == 0} {error "Wave database has no testbench objects"}
## if {[lindex $argv 1] ne "verify"} {
##     open_files [file join $root regression batch_1g tb_rtds_${selected}.sv]
##     open_files [file join $root regression batch_1g rtds_${selected}_test_if.sv]
##     switch $selected {
##         1g {set dut [file join $root rtl rtds_1g_periodic_tx.v]}
##         tx {set dut [file join $root {external_snapshot/fdma_aurora_brg/fdma_aurora_brg.srcs/sources_1 - loop_validate/new/fdma_aurora_brg_tx.v}]}
##         rx_fifo {set dut [file join $root rtl rtds_rx_frame_fifo.v]}
##         ring {set dut [file join $root rtl rtds_rx_block_writer.v]}
##         regs {set dut [file join $root RTDS_test_DDR4_64bit.srcs sources_1 new INFO_EXCH.v]}
##         default {set dut [file join $root RTDS_test_DDR4_64bit.srcs sources_1 new CONV_DMA.v]}
##     }
##     open_files $dut
##     catch {show_objects [get_scopes /tb_rtds_${selected}/U_DUT]}
## }
## puts "LOCAL_WAVE_READY=$selected"
LOCAL_WAVE_READY=regs
LOCAL_VERIFIED=regs objects=119
INFO: [Simtcl 6-16] Simulation closed
# puts "LOCAL_VERIFY_ALL_COMPLETE"
LOCAL_VERIFY_ALL_COMPLETE
INFO: [Common 17-206] Exiting Vivado at Fri Sep 25 18:09:37 2026...
