#-----------------------------------------------------------
# Vivado v2020.2 (64-bit)
# SW Build 3064766 on Wed Nov 18 09:12:45 MST 2020
# IP Build 3064653 on Wed Nov 18 14:17:31 MST 2020
# Start of session at: Fri Sep 25 18:05:20 2026
# Process ID: 4676
# Current directory: E:/PCIE-CPU
# Command line: vivado.exe -mode batch -source F:\RTDS_test_DDR4_64bit_batch_dev\scripts\verify_local_wave_sessions.tcl -log F:\RTDS_test_DDR4_64bit_batch_dev\logs\verify_local_wave_sessions_first4.log -journal F:\RTDS_test_DDR4_64bit_batch_dev\logs\verify_local_wave_sessions_first4.jou -tclargs 1g tx rx_fifo ring
# Log file: F:/RTDS_test_DDR4_64bit_batch_dev/logs/verify_local_wave_sessions_first4.log
# Journal file: F:\RTDS_test_DDR4_64bit_batch_dev\logs\verify_local_wave_sessions_first4.jou
#-----------------------------------------------------------
source {F:\RTDS_test_DDR4_64bit_batch_dev\scripts\verify_local_wave_sessions.tcl}
# set root [file normalize [file join [file dirname [info script]] ..]]
# puts "OPEN_FILES_COMMAND=[info commands open_files]"
OPEN_FILES_COMMAND=
# puts "SHOW_OBJECTS_COMMAND=[info commands show_objects]"
SHOW_OBJECTS_COMMAND=show_objects
# if {[llength $argv] > 0} {set cases $argv} else {set cases {1g tx rx_fifo ring axi axi_tail regs}}
# foreach selected $cases {
#     set argv [list $selected verify]
#     source [file join $root scripts open_local_wave_session.tcl]
#     set folder [file join $root evidence local_wave_sessions $selected]
#     set fh [open [file join $folder loaded_objects.txt] w]
#     set objects [get_objects -r /tb_rtds_${selected}/*]
#     foreach obj $objects {puts $fh $obj}
#     close $fh
#     puts "LOCAL_VERIFIED=$selected objects=[llength $objects]"
#     close_wave_database
#     close_project
# }
## set root [file normalize [file join [file dirname [info script]] ..]]
## set selected [lindex $argv 0]
## if {$selected ni {1g tx rx_fifo ring axi axi_tail regs}} {error "Select 1g, tx, rx_fifo, ring, axi, axi_tail or regs"}
## set folder [file join $root evidence local_wave_sessions $selected]
## open_project [file join $folder project wave_${selected}.xpr]
WARNING: [filemgmt 56-3] Default IP Output Path : Could not find the directory 'F:/RTDS_test_DDR4_64bit_batch_dev/evidence/local_wave_sessions/1g/project/wave_1g.gen/sources_1'.
Scanning sources...
Finished scanning sources
open_project: Time (s): cpu = 00:00:03 ; elapsed = 00:00:11 . Memory (MB): peak = 1000.188 ; gain = 0.000
## open_wave_database [file join $folder ${selected}.wdb]
open_wave_config {F:/RTDS_test_DDR4_64bit_batch_dev/evidence/local_wave_sessions/1g\1g.wcfg}
## open_wave_config [file join $folder ${selected}.wcfg]
## if {[llength [get_objects -r /tb_rtds_${selected}/*]] == 0} {error "Wave database has no testbench objects"}
## if {[lindex $argv 1] ne "verify"} {
##     open_files [file join $root regression batch_1g tb_rtds_${selected}.sv]
##     open_files [file join $root regression batch_1g rtds_${selected}_test_if.sv]
##     switch $selected {
##         1g {set dut [file join $root rtl rtds_1g_periodic_tx.v]}
##         tx {set dut [file join $root {external_snapshot/fdma_aurora_brg/fdma_aurora_brg.srcs/sources_1 - loop_validate/new/fdma_aurora_brg_tx.v}]}
##         rx_fifo {set dut [file join $root rtl rtds_rx_frame_fifo.v]}
##         ring {set dut [file join $root rtl rtds_rx_block_writer.v]}
##         regs {set dut [file join $root RTDS_test_DDR4_64bit.srcs sources_1 new INFO_EXCH.v]}
##         default {set dut [file join $root RTDS_test_DDR4_64bit.srcs sources_1 new CONV_DMA.v]}
##     }
##     open_files $dut
##     catch {show_objects [get_scopes /tb_rtds_${selected}/U_DUT]}
## }
## puts "LOCAL_WAVE_READY=$selected"
LOCAL_WAVE_READY=1g
LOCAL_VERIFIED=1g objects=198
invalid command name "close_wave_database"
    while executing
"close_wave_database"
    ("foreach" body line 10)
    invoked from within
"foreach selected $cases {
    set argv [list $selected verify]
    source [file join $root scripts open_local_wave_session.tcl]
    set folder [file j..."
    (file "F:\RTDS_test_DDR4_64bit_batch_dev\scripts\verify_local_wave_sessions.tcl" line 5)
INFO: [Common 17-206] Exiting Vivado at Fri Sep 25 18:06:20 2026...
