#-----------------------------------------------------------
# Vivado v2020.2 (64-bit)
# SW Build 3064766 on Wed Nov 18 09:12:45 MST 2020
# IP Build 3064653 on Wed Nov 18 14:17:31 MST 2020
# Start of session at: Fri Sep 25 18:08:36 2026
# Process ID: 3696
# Current directory: E:/PCIE-CPU
# Command line: vivado.exe -mode batch -source F:\RTDS_test_DDR4_64bit_batch_dev\scripts\verify_local_wave_sessions.tcl -log F:\RTDS_test_DDR4_64bit_batch_dev\logs\verify_local_wave_sessions.log -journal F:\RTDS_test_DDR4_64bit_batch_dev\logs\verify_local_wave_sessions.jou
# Log file: F:/RTDS_test_DDR4_64bit_batch_dev/logs/verify_local_wave_sessions.log
# Journal file: F:\RTDS_test_DDR4_64bit_batch_dev\logs\verify_local_wave_sessions.jou
#-----------------------------------------------------------
source {F:\RTDS_test_DDR4_64bit_batch_dev\scripts\verify_local_wave_sessions.tcl}
open_wave_config {F:/RTDS_test_DDR4_64bit_batch_dev/evidence/local_wave_sessions/1g\1g.wcfg}
open_wave_config {F:/RTDS_test_DDR4_64bit_batch_dev/evidence/local_wave_sessions/tx\tx.wcfg}
open_wave_config {F:/RTDS_test_DDR4_64bit_batch_dev/evidence/local_wave_sessions/rx_fifo\rx_fifo.wcfg}
open_wave_config {F:/RTDS_test_DDR4_64bit_batch_dev/evidence/local_wave_sessions/ring\ring.wcfg}
open_wave_config {F:/RTDS_test_DDR4_64bit_batch_dev/evidence/local_wave_sessions/axi\axi.wcfg}
open_wave_config {F:/RTDS_test_DDR4_64bit_batch_dev/evidence/local_wave_sessions/axi_tail\axi_tail.wcfg}
open_wave_config {F:/RTDS_test_DDR4_64bit_batch_dev/evidence/local_wave_sessions/regs\regs.wcfg}
