#-----------------------------------------------------------
# Vivado v2020.2 (64-bit)
# SW Build 3064766 on Wed Nov 18 09:12:45 MST 2020
# IP Build 3064653 on Wed Nov 18 14:17:31 MST 2020
# Start of session at: Tue Sep 15 10:00:47 2026
# Process ID: 69920
# Current directory: C:/Users/vivadoagent.DESKTOP-H0AB0MD
# Journal file: 
#-----------------------------------------------------------
# set script_dir [file dirname [file normalize [info script]]]
# set project_root [file normalize [file join $script_dir ..]]
# set vivado_bin [file join $::env(XILINX_VIVADO) bin]
# set sim_work [file join $project_root sim_work]
# file mkdir $sim_work
# cd $sim_work
# set xvlog [file join $vivado_bin xvlog.bat]
# set xelab [file join $vivado_bin xelab.bat]
# set xsim [file join $vivado_bin xsim.bat]
# set rtl_file [file join $project_root rtl axi_ddr_full_bist.v]
# set model_file [file join $project_root sim axi4_ram_model.sv]
# set tb_file [file join $project_root sim tb_axi_ddr_full_bist.sv]
# proc run_checked {command_words} {
#     puts "RUN [join $command_words { }]"
#     if {[catch {exec {*}$command_words 2>@1} command_output]} {
#         puts $command_output
#         error "Command failed: [join $command_words { }]"
#     }
#     puts $command_output
# }
# run_checked [list $xvlog --log xvlog_rtl.log $rtl_file]
INFO: [VRFC 10-311] analyzing module AXI_DDR_FULL_BIST
# run_checked [list $xvlog --sv --log xvlog_smoke32.log -d TB_EXTENDED $model_file $tb_file]
INFO: [VRFC 10-311] analyzing module AXI4_RAM_MODEL
INFO: [VRFC 10-311] analyzing module TB_AXI_DDR_FULL_BIST
# run_checked [list $xelab --log xelab_smoke32.log --debug typical \
#     -top TB_AXI_DDR_FULL_BIST -snapshot tb_smoke32]
RUN C:/Xilinx/Vivado/2020.2/bin/xelab.bat --log xelab_smoke32.log --debug typical -top TB_AXI_DDR_FULL_BIST -snapshot tb_smoke32
Vivado Simulator 2020.2
Copyright 1986-1999, 2001-2020 Xilinx, Inc. All Rights Reserved.
Running: C:/Xilinx/Vivado/2020.2/bin/unwrapped/win64.o/xelab.exe --log xelab_smoke32.log --debug typical -top TB_AXI_DDR_FULL_BIST -snapshot tb_smoke32 
Multi-threading is on. Using 30 slave threads.
Starting static elaboration
Pass Through NonSizing Optimizer
Completed static elaboration
Starting simulation data flow analysis
Completed simulation data flow analysis
Time Resolution for simulation is 1ps
Compiling module work.AXI_DDR_FULL_BIST(FULL_SPACE_LIM...
Compiling module work.AXI4_RAM_MODEL
Compiling module work.TB_AXI_DDR_FULL_BIST
Built simulation snapshot tb_smoke32

****** Webtalk v2020.2 (64-bit)
  **** SW Build 3064766 on Wed Nov 18 09:12:45 MST 2020
  **** IP Build 3064653 on Wed Nov 18 14:17:31 MST 2020
    ** Copyright 1986-2020 Xilinx, Inc. All Rights Reserved.

INFO: [Common 17-206] Exiting Webtalk at Tue Sep 15 10:01:00 2026...
# run_checked [list $xsim tb_smoke32 --runall --wdb smoke32.wdb --log xsim_smoke32.log]
RUN C:/Xilinx/Vivado/2020.2/bin/xsim.bat tb_smoke32 --runall --wdb smoke32.wdb --log xsim_smoke32.log

****** xsim v2020.2 (64-bit)
  **** SW Build 3064766 on Wed Nov 18 09:12:45 MST 2020
  **** IP Build 3064653 on Wed Nov 18 14:17:31 MST 2020
    ** Copyright 1986-2020 Xilinx, Inc. All Rights Reserved.

source xsim.dir/tb_smoke32/xsim_script.tcl
# xsim {tb_smoke32} -wdb {smoke32.wdb} -autoloadwcfg -runall
Vivado Simulator 2020.2
Time resolution is 1 ps
run -all
CASE_PASS name=smoke_random_backpressure expected_pass=1 writes=2 reads=2 errors=0 cycles=115
CASE_PASS name=data_line_patterns expected_pass=1 writes=132 reads=132 errors=0 cycles=7609
CASE_PASS name=byte_write_strobes expected_pass=1 writes=9 reads=9 errors=0 cycles=521
CASE_PASS name=address_line_aliases expected_pass=1 writes=26 reads=26 errors=0 cycles=1471
CASE_PASS name=directed_boundaries expected_pass=1 writes=6 reads=6 errors=0 cycles=339
CASE_PASS name=reduced_full_space_forward_reverse expected_pass=1 writes=1024 reads=1024 errors=0 cycles=57951
CASE_PASS name=reduced_march_class expected_pass=1 writes=1536 reads=1536 errors=0 cycles=86923
CASE_PASS name=prbs_hold_stress expected_pass=1 writes=32 reads=32 errors=0 cycles=1845
CASE_PASS name=read_data_injection expected_pass=0 writes=2 reads=2 errors=1 cycles=115
CASE_PASS name=write_response_injection expected_pass=0 writes=2 reads=2 errors=1 cycles=115
CASE_PASS name=protocol_timeout expected_pass=0 writes=0 reads=0 errors=1 cycles=65
AXI_DDR_FULL_BIST_SIM_PASS smoke_bursts=2
run: Time (s): cpu = 00:00:01 ; elapsed = 00:02:01 . Memory (MB): peak = 916.516 ; gain = 0.000
exit
INFO: [Common 17-206] Exiting xsim at Tue Sep 15 10:03:10 2026...
# run_checked [list $xvlog --sv --log xvlog_smoke4096.log -d TB_SMOKE_4096 $model_file $tb_file]
INFO: [VRFC 10-311] analyzing module AXI4_RAM_MODEL
INFO: [VRFC 10-311] analyzing module TB_AXI_DDR_FULL_BIST
# run_checked [list $xelab --log xelab_smoke4096.log --debug typical \
#     -top TB_AXI_DDR_FULL_BIST -snapshot tb_smoke4096]
RUN C:/Xilinx/Vivado/2020.2/bin/xelab.bat --log xelab_smoke4096.log --debug typical -top TB_AXI_DDR_FULL_BIST -snapshot tb_smoke4096
Vivado Simulator 2020.2
Copyright 1986-1999, 2001-2020 Xilinx, Inc. All Rights Reserved.
Running: C:/Xilinx/Vivado/2020.2/bin/unwrapped/win64.o/xelab.exe --log xelab_smoke4096.log --debug typical -top TB_AXI_DDR_FULL_BIST -snapshot tb_smoke4096 
Multi-threading is on. Using 30 slave threads.
Starting static elaboration
Pass Through NonSizing Optimizer
Completed static elaboration
Starting simulation data flow analysis
Completed simulation data flow analysis
Time Resolution for simulation is 1ps
Compiling module work.AXI_DDR_FULL_BIST(FULL_SPACE_LIM...
Compiling module work.AXI4_RAM_MODEL
Compiling module work.TB_AXI_DDR_FULL_BIST
Built simulation snapshot tb_smoke4096

****** Webtalk v2020.2 (64-bit)
  **** SW Build 3064766 on Wed Nov 18 09:12:45 MST 2020
  **** IP Build 3064653 on Wed Nov 18 14:17:31 MST 2020
    ** Copyright 1986-2020 Xilinx, Inc. All Rights Reserved.

INFO: [Common 17-206] Exiting Webtalk at Tue Sep 15 10:03:19 2026...
# run_checked [list $xsim tb_smoke4096 --runall --wdb smoke4096.wdb --log xsim_smoke4096.log]
RUN C:/Xilinx/Vivado/2020.2/bin/xsim.bat tb_smoke4096 --runall --wdb smoke4096.wdb --log xsim_smoke4096.log

****** xsim v2020.2 (64-bit)
  **** SW Build 3064766 on Wed Nov 18 09:12:45 MST 2020
  **** IP Build 3064653 on Wed Nov 18 14:17:31 MST 2020
    ** Copyright 1986-2020 Xilinx, Inc. All Rights Reserved.

source xsim.dir/tb_smoke4096/xsim_script.tcl
# xsim {tb_smoke4096} -wdb {smoke4096.wdb} -autoloadwcfg -runall
Vivado Simulator 2020.2
Time resolution is 1 ps
run -all
CASE_PASS name=smoke_random_backpressure expected_pass=1 writes=256 reads=256 errors=0 cycles=14489
AXI_DDR_FULL_BIST_SIM_PASS smoke_bursts=256
exit
INFO: [Common 17-206] Exiting xsim at Tue Sep 15 10:03:30 2026...
# puts "BEHAVIOR_REGRESSION_PASS"
BEHAVIOR_REGRESSION_PASS
INFO: [Common 17-206] Exiting Vivado at Tue Sep 15 10:03:30 2026...
