#-----------------------------------------------------------
# Vivado v2020.2 (64-bit)
# SW Build 3064766 on Wed Nov 18 09:12:45 MST 2020
# IP Build 3064653 on Wed Nov 18 14:17:31 MST 2020
# Start of session at: Fri Sep 11 08:56:58 2026
# Process ID: 12052
# Current directory: C:/Users/vivadoagent.DESKTOP-H0AB0MD
# Journal file: 
#-----------------------------------------------------------
# proc require_profile {profile_name} {
#     set supported_profiles {compat gd2400 gd2133}
#     if {[lsearch -exact $supported_profiles $profile_name] < 0} {
#         error "Unsupported build profile '$profile_name': expected compat, gd2400, or gd2133"
#     }
# }
# proc configure_debug_ips {project_root} {
#     create_ip -name vio -vendor xilinx.com -library ip -module_name vio_bist_ctrl
#     set vio_ip [get_ips vio_bist_ctrl]
#     set_property -dict [list \
#         CONFIG.C_NUM_PROBE_IN {12} \
#         CONFIG.C_NUM_PROBE_OUT {4} \
#         CONFIG.C_PROBE_IN0_WIDTH {1} \
#         CONFIG.C_PROBE_IN1_WIDTH {1} \
#         CONFIG.C_PROBE_IN2_WIDTH {1} \
#         CONFIG.C_PROBE_IN3_WIDTH {1} \
#         CONFIG.C_PROBE_IN4_WIDTH {1} \
#         CONFIG.C_PROBE_IN5_WIDTH {9} \
#         CONFIG.C_PROBE_IN6_WIDTH {33} \
#         CONFIG.C_PROBE_IN7_WIDTH {16} \
#         CONFIG.C_PROBE_IN8_WIDTH {32} \
#         CONFIG.C_PROBE_IN9_WIDTH {32} \
#         CONFIG.C_PROBE_IN10_WIDTH {4} \
#         CONFIG.C_PROBE_IN11_WIDTH {32} \
#         CONFIG.C_PROBE_OUT0_WIDTH {1} \
#         CONFIG.C_PROBE_OUT1_WIDTH {1} \
#         CONFIG.C_PROBE_OUT2_WIDTH {3} \
#         CONFIG.C_PROBE_OUT3_WIDTH {1} \
#         CONFIG.C_PROBE_OUT0_INIT_VAL {0x0} \
#         CONFIG.C_PROBE_OUT1_INIT_VAL {0x0} \
#         CONFIG.C_PROBE_OUT2_INIT_VAL {0x0} \
#         CONFIG.C_PROBE_OUT3_INIT_VAL {0x0}] $vio_ip
# 
#     create_ip -name ila -vendor xilinx.com -library ip -module_name ila_bist_status
#     set ila_ip [get_ips ila_bist_status]
#     set_property -dict [list \
#         CONFIG.C_NUM_OF_PROBES {16} \
#         CONFIG.C_DATA_DEPTH {4096} \
#         CONFIG.C_PROBE0_WIDTH {1} \
#         CONFIG.C_PROBE1_WIDTH {1} \
#         CONFIG.C_PROBE2_WIDTH {6} \
#         CONFIG.C_PROBE3_WIDTH {9} \
#         CONFIG.C_PROBE4_WIDTH {33} \
#         CONFIG.C_PROBE5_WIDTH {16} \
#         CONFIG.C_PROBE6_WIDTH {2} \
#         CONFIG.C_PROBE7_WIDTH {3} \
#         CONFIG.C_PROBE8_WIDTH {4} \
#         CONFIG.C_PROBE9_WIDTH {2} \
#         CONFIG.C_PROBE10_WIDTH {5} \
#         CONFIG.C_PROBE11_WIDTH {32} \
#         CONFIG.C_PROBE12_WIDTH {32} \
#         CONFIG.C_PROBE13_WIDTH {64} \
#         CONFIG.C_PROBE14_WIDTH {64} \
#         CONFIG.C_PROBE15_WIDTH {64}] $ila_ip
# 
#     generate_target all [get_ips vio_bist_ctrl]
#     generate_target all [get_ips ila_bist_status]
# }
# proc configure_mig {project_root profile_name} {
#     set recreate_tcl [file join $project_root tcl recreate_ddr4_axi_0.tcl]
#     if {![file exists $recreate_tcl]} {
#         error "Missing MIG recreation script: $recreate_tcl"
#     }
#     source $recreate_tcl
#     set mig_ip [get_ips ddr4_axi_0]
# 
#     if {$profile_name eq "gd2400"} {
#         set custom_csv [file normalize [file join $project_root ip gd_q3bfam_wj_2400.csv]]
#         set_property CONFIG.C0.DDR4_CustomParts $custom_csv $mig_ip
#         set_property CONFIG.C0.DDR4_MemoryPart {GDQ3BFAM-WJ-2400} $mig_ip
#         set_property CONFIG.C0.DDR4_TimePeriod {833} $mig_ip
#         set_property CONFIG.C0.DDR4_CasLatency {17} $mig_ip
#         set_property CONFIG.C0.DDR4_CasWriteLatency {12} $mig_ip
#     } elseif {$profile_name eq "gd2133"} {
#         set custom_csv [file normalize [file join $project_root ip gd_q3bfam_wj_2133_fallback.csv]]
#         set_property CONFIG.C0.DDR4_CustomParts $custom_csv $mig_ip
#         set_property CONFIG.C0.DDR4_MemoryPart {GDQ3BFAM-WJ-2133} $mig_ip
#         set_property CONFIG.C0.DDR4_TimePeriod {938} $mig_ip
#         set_property CONFIG.C0.DDR4_CasLatency {15} $mig_ip
#         set_property CONFIG.C0.DDR4_CasWriteLatency {11} $mig_ip
#     }
# 
#     set_property CONFIG.C0.DDR4_AxiAddressWidth {32} $mig_ip
#     set_property CONFIG.C0.DDR4_AxiDataWidth {64} $mig_ip
#     set_property CONFIG.C0.DDR4_AxiIDWidth {4} $mig_ip
#     set_property CONFIG.C0.DDR4_DataWidth {64} $mig_ip
#     set_property CONFIG.C0.DDR4_InputClockPeriod {9996} $mig_ip
#     generate_target all $mig_ip
# }
# set script_dir [file dirname [file normalize [info script]]]
# set project_root [file normalize [file join $script_dir ..]]
# set profile_name [lindex $argv 0]
# if {$profile_name eq ""} {
#     set profile_name compat
# }
# require_profile $profile_name
# set project_name "axi_ddr4_full_bist_${profile_name}"
# set project_dir [file join $project_root prj $profile_name]
# create_project -force $project_name $project_dir -part xcku040-ffva1156-2-i
# set_property target_language Verilog [current_project]
# set_property simulator_language Mixed [current_project]
# add_files -norecurse [file join $project_root rtl axi_ddr_full_bist.v]
# add_files -norecurse [file join $project_root rtl top_axi_ddr4_full_bist.v]
# add_files -fileset constrs_1 -norecurse \
#     [file join $project_root constr top_axi_ddr4_full_bist.xdc]
# set_property top TOP_AXI_DDR4_FULL_BIST [current_fileset]
# set_property top_lib xil_defaultlib [current_fileset]
# configure_mig $project_root $profile_name
## set existing_mig [get_ips -quiet ddr4_axi_0]
## if {$existing_mig ne ""} {
##     error "ddr4_axi_0 already exists in the current project"
## }
## create_ip -name ddr4 -vendor xilinx.com -library ip -version 2.2 \
##     -module_name ddr4_axi_0
INFO: [IP_Flow 19-234] Refreshing IP repositories
INFO: [IP_Flow 19-1704] No user IP repositories specified
INFO: [IP_Flow 19-2313] Loaded Vivado IP repository 'C:/Xilinx/Vivado/2020.2/data/ip'.
INFO: [Device 21-403] Loading part xcku040-ffva1156-2-i
create_ip: Time (s): cpu = 00:00:12 ; elapsed = 00:00:15 . Memory (MB): peak = 1327.750 ; gain = 219.773
## set mig_ip [get_ips ddr4_axi_0]
## set_property -dict [list \
##     CONFIG.C0.DDR4_TimePeriod {833} \
##     CONFIG.C0.DDR4_InputClockPeriod {9996} \
##     CONFIG.C0.DDR4_PhyClockRatio {4:1} \
##     CONFIG.C0.DDR4_MemoryType {Components} \
##     CONFIG.C0.DDR4_MemoryPart {MT40A512M16HA-083E} \
##     CONFIG.C0.DDR4_MemoryVoltage {1.2V} \
##     CONFIG.C0.DDR4_DataWidth {64} \
##     CONFIG.C0.DDR4_DataMask {DM_NO_DBI} \
##     CONFIG.C0.DDR4_AxiSelection {true} \
##     CONFIG.C0.DDR4_CasLatency {16} \
##     CONFIG.C0.DDR4_CasWriteLatency {12} \
##     CONFIG.C0.DDR4_AxiDataWidth {64} \
##     CONFIG.C0.DDR4_AxiArbitrationScheme {RD_PRI_REG} \
##     CONFIG.C0.DDR4_AxiNarrowBurst {false} \
##     CONFIG.C0.DDR4_AxiAddressWidth {32} \
##     CONFIG.C0.DDR4_AxiIDWidth {4} \
##     CONFIG.System_Clock {Differential} \
##     CONFIG.Reference_Clock {Differential}] $mig_ip
INFO: [IP_Flow 19-1686] Generating 'Instantiation Template' target for IP 'ddr4_axi_0'...
INFO: [IP_Flow 19-1686] Generating 'Synthesis' target for IP 'ddr4_axi_0'...
INFO: [IP_Flow 19-1686] Generating 'Simulation' target for IP 'ddr4_axi_0'...
INFO: [IP_Flow 19-1686] Generating 'Implementation' target for IP 'ddr4_axi_0'...
INFO: [IP_Flow 19-1686] Generating 'Change Log' target for IP 'ddr4_axi_0'...
generate_target: Time (s): cpu = 00:00:08 ; elapsed = 00:00:12 . Memory (MB): peak = 1472.047 ; gain = 16.945
# configure_debug_ips $project_root
INFO: [IP_Flow 19-1686] Generating 'Instantiation Template' target for IP 'vio_bist_ctrl'...
INFO: [IP_Flow 19-1686] Generating 'Synthesis' target for IP 'vio_bist_ctrl'...
INFO: [IP_Flow 19-1686] Generating 'Simulation' target for IP 'vio_bist_ctrl'...
INFO: [IP_Flow 19-1686] Generating 'Change Log' target for IP 'vio_bist_ctrl'...
INFO: [IP_Flow 19-1686] Generating 'Instantiation Template' target for IP 'ila_bist_status'...
INFO: [IP_Flow 19-1686] Generating 'Synthesis' target for IP 'ila_bist_status'...
INFO: [IP_Flow 19-1686] Generating 'Simulation' target for IP 'ila_bist_status'...
INFO: [IP_Flow 19-1686] Generating 'Implementation' target for IP 'ila_bist_status'...
INFO: [IP_Flow 19-1686] Generating 'Change Log' target for IP 'ila_bist_status'...
# update_compile_order -fileset sources_1
# set report_dir [file join $project_root reports $profile_name]
# file mkdir $report_dir
# report_ip_status -name ip_status -file [file join $report_dir ip_status.rpt]
WARNING: [Coretcl 2-1287] Ignoring the report_ip_status -name option; must be in GUI mode to use this option.
# set_property source_mgmt_mode All [current_project]
# puts "PROJECT_CREATE_PASS profile=$profile_name xpr=[file join $project_dir ${project_name}.xpr]"
# close_project
INFO: [Common 17-206] Exiting Vivado at Fri Sep 11 08:57:43 2026...
