#-----------------------------------------------------------
# Vivado v2020.2 (64-bit)
# SW Build 3064766 on Wed Nov 18 09:12:45 MST 2020
# IP Build 3064653 on Wed Nov 18 14:17:31 MST 2020
# Start of session at: Tue Sep 15 16:51:24 2026
# Process ID: 64624
# Current directory: C:/Users/vivadoagent.DESKTOP-H0AB0MD
# Journal file: 
#-----------------------------------------------------------
# set script_dir [file dirname [file normalize [info script]]]
# set project_root [file normalize [file join $script_dir ..]]
# set vivado_bin [file join $::env(XILINX_VIVADO) bin]
# set sim_work [file join $project_root sim_work_smoke]
# file mkdir $sim_work
# cd $sim_work
# set xvlog [file join $vivado_bin xvlog.bat]
# set xelab [file join $vivado_bin xelab.bat]
# set xsim [file join $vivado_bin xsim.bat]
# set rtl_file [file join $project_root rtl axi_ddr_full_bist.v]
# set model_file [file join $project_root sim axi4_ram_model.sv]
# set tb_file [file join $project_root sim tb_axi_ddr_full_bist.sv]
# proc run_checked {command_words} {
#     puts "RUN [join $command_words { }]"
#     if {[catch {exec {*}$command_words 2>@1} command_output]} {
#         puts $command_output
#         error "Command failed: [join $command_words { }]"
#     }
#     puts $command_output
# }
# run_checked [list $xvlog --log xvlog_rtl.log $rtl_file]
INFO: [VRFC 10-311] analyzing module AXI_DDR_FULL_BIST
# run_checked [list $xvlog --sv --log xvlog_smoke.log $model_file $tb_file]
INFO: [VRFC 10-311] analyzing module AXI4_RAM_MODEL
INFO: [VRFC 10-311] analyzing module TB_AXI_DDR_FULL_BIST
# run_checked [list $xelab --log xelab_smoke.log --debug typical \
#     -top TB_AXI_DDR_FULL_BIST -snapshot tb_smoke]
RUN C:/Xilinx/Vivado/2020.2/bin/xelab.bat --log xelab_smoke.log --debug typical -top TB_AXI_DDR_FULL_BIST -snapshot tb_smoke
Vivado Simulator 2020.2
Copyright 1986-1999, 2001-2020 Xilinx, Inc. All Rights Reserved.
Running: C:/Xilinx/Vivado/2020.2/bin/unwrapped/win64.o/xelab.exe --log xelab_smoke.log --debug typical -top TB_AXI_DDR_FULL_BIST -snapshot tb_smoke 
Multi-threading is on. Using 30 slave threads.
Starting static elaboration
Pass Through NonSizing Optimizer
Completed static elaboration
Starting simulation data flow analysis
Completed simulation data flow analysis
Time Resolution for simulation is 1ps
Compiling module work.AXI_DDR_FULL_BIST(FULL_SPACE_LIM...
Compiling module work.AXI4_RAM_MODEL
Compiling module work.TB_AXI_DDR_FULL_BIST
Built simulation snapshot tb_smoke

****** Webtalk v2020.2 (64-bit)
  **** SW Build 3064766 on Wed Nov 18 09:12:45 MST 2020
  **** IP Build 3064653 on Wed Nov 18 14:17:31 MST 2020
    ** Copyright 1986-2020 Xilinx, Inc. All Rights Reserved.

INFO: [Common 17-206] Exiting Webtalk at Tue Sep 15 16:51:37 2026...
# run_checked [list $xsim tb_smoke --runall --wdb smoke.wdb --log xsim_smoke.log]
RUN C:/Xilinx/Vivado/2020.2/bin/xsim.bat tb_smoke --runall --wdb smoke.wdb --log xsim_smoke.log

****** xsim v2020.2 (64-bit)
  **** SW Build 3064766 on Wed Nov 18 09:12:45 MST 2020
  **** IP Build 3064653 on Wed Nov 18 14:17:31 MST 2020
    ** Copyright 1986-2020 Xilinx, Inc. All Rights Reserved.

source xsim.dir/tb_smoke/xsim_script.tcl
# xsim {tb_smoke} -wdb {smoke.wdb} -autoloadwcfg -runall
Vivado Simulator 2020.2
Time resolution is 1 ps
run -all
CASE_PASS name=smoke_random_backpressure expected_pass=1 writes=2 reads=2 errors=0 cycles=115
AXI_DDR_FULL_BIST_SIM_PASS smoke_bursts=2
exit
INFO: [Common 17-206] Exiting xsim at Tue Sep 15 16:51:45 2026...
# puts "SMOKE_ONLY_PASS"
SMOKE_ONLY_PASS
INFO: [Common 17-206] Exiting Vivado at Tue Sep 15 16:51:45 2026...
