Vivado Simulator 2020.2
Copyright 1986-1999, 2001-2020 Xilinx, Inc. All Rights Reserved.
Running: D:/Xilinx_2020_2/Vivado/2020.2/bin/unwrapped/win64.o/xelab.exe -wto 5be7636ba46a44f3acd359c2bd4da4a7 --incr --debug all --relax --mt 2 -L xil_defaultlib -L uvm -L unisims_ver -L unimacro_ver -L secureip -L xpm --snapshot tb_rtds_rx_fifo_behav xil_defaultlib.tb_rtds_rx_fifo xil_defaultlib.glbl -log elaborate.log 
Using 2 slave threads.
Starting static elaboration
Pass Through NonSizing Optimizer
Completed static elaboration
Starting simulation data flow analysis
Completed simulation data flow analysis
Time Resolution for simulation is 1ps
Compiling module xil_defaultlib.user_drv_cb
Compiling module xil_defaultlib.mem_drv_cb
Compiling module xil_defaultlib.mem_mon_cb
Compiling module xil_defaultlib.rtds_rx_fifo_test_if
Compiling module xpm.xpm_cdc_async_rst(INIT_SYNC_FF=1...
Compiling module xil_defaultlib.RTDS_FPGA_RESET_SYNC
Compiling module xpm.xpm_cdc_gray(DEST_SYNC_FF=2,INIT...
Compiling module xil_defaultlib.RTDS_FPGA_COUNT_CDC
Compiling module xpm.xpm_cdc_single(DEST_SYNC_FF=2,SR...
Compiling module xpm.xpm_cdc_sync_rst(DEST_SYNC_FF=2,...
Compiling module xpm.xpm_fifo_rst(COMMON_CLOCK=0)
Compiling module xpm.xpm_fifo_reg_bit
Compiling module xpm.xpm_counter_updn(COUNTER_WIDTH=5...
Compiling module xpm.xpm_counter_updn
Compiling module xpm.xpm_memory_base(MEMORY_TYPE=1,ME...
Compiling module xpm.xpm_cdc_gray(DEST_SYNC_FF=2,INIT...
Compiling module xpm.xpm_fifo_reg_vec
Compiling module xpm.xpm_cdc_gray(INIT_SYNC_FF=1,WIDT...
Compiling module xpm.xpm_fifo_reg_vec(REG_WIDTH=5)
Compiling module xpm.xpm_cdc_gray(DEST_SYNC_FF=2,INIT...
Compiling module xpm.xpm_counter_updn(COUNTER_WIDTH=2...
Compiling module xpm.xpm_fifo_base(COMMON_CLOCK=0,FIF...
Compiling module xpm.xpm_fifo_async(FIFO_MEMORY_TYPE=...
Compiling module xil_defaultlib.RTDS_RX_FRAME_FIFO(FIFO_DEPTH=16...
Compiling module xil_defaultlib.tb_rtds_rx_fifo
Compiling module xil_defaultlib.glbl
Built simulation snapshot tb_rtds_rx_fifo_behav
