INFO: [VRFC 10-2263] Analyzing SystemVerilog file "C:/Xilinx/Vivado/2020.2/data/xilinx_vip/hdl/axi4stream_vip_axi4streampc.sv" into library xilinx_vip
INFO: [VRFC 10-2263] Analyzing SystemVerilog file "C:/Xilinx/Vivado/2020.2/data/xilinx_vip/hdl/axi_vip_axi4pc.sv" into library xilinx_vip
INFO: [VRFC 10-2263] Analyzing SystemVerilog file "C:/Xilinx/Vivado/2020.2/data/xilinx_vip/hdl/xil_common_vip_pkg.sv" into library xilinx_vip
INFO: [VRFC 10-2263] Analyzing SystemVerilog file "C:/Xilinx/Vivado/2020.2/data/xilinx_vip/hdl/axi4stream_vip_pkg.sv" into library xilinx_vip
WARNING: [VRFC 10-3609] overwriting previous definition of package 'axi4stream_vip_pkg' [C:/Xilinx/Vivado/2020.2/data/xilinx_vip/hdl/axi4stream_vip_pkg.sv:51]
WARNING: [VRFC 10-3669] re-analyze package '$unit_axi4stream_vip_axi4streampc_sv' since package 'axi4stream_vip_pkg' is overwritten or removed [C:/Xilinx/Vivado/2020.2/data/xilinx_vip/hdl/axi4stream_vip_axi4streampc.sv:1]
WARNING: [VRFC 10-3669] re-analyze interface 'axi4stream_vip_if' since interface '$unit_axi4stream_vip_axi4streampc_sv' is overwritten or removed [C:/Xilinx/Vivado/2020.2/data/xilinx_vip/hdl/axi4stream_vip_if.sv:71]
INFO: [VRFC 10-2263] Analyzing SystemVerilog file "C:/Xilinx/Vivado/2020.2/data/xilinx_vip/hdl/axi_vip_pkg.sv" into library xilinx_vip
WARNING: [VRFC 10-3609] overwriting previous definition of package 'axi_vip_pkg' [C:/Xilinx/Vivado/2020.2/data/xilinx_vip/hdl/axi_vip_pkg.sv:51]
WARNING: [VRFC 10-3669] re-analyze interface 'axi_vip_if' since interface '$unit_axi4stream_vip_axi4streampc_sv' is overwritten or removed [C:/Xilinx/Vivado/2020.2/data/xilinx_vip/hdl/axi_vip_if.sv:118]
INFO: [VRFC 10-2263] Analyzing SystemVerilog file "C:/Xilinx/Vivado/2020.2/data/xilinx_vip/hdl/axi4stream_vip_if.sv" into library xilinx_vip
INFO: [VRFC 10-2263] Analyzing SystemVerilog file "C:/Xilinx/Vivado/2020.2/data/xilinx_vip/hdl/axi_vip_if.sv" into library xilinx_vip
INFO: [VRFC 10-2263] Analyzing SystemVerilog file "C:/Xilinx/Vivado/2020.2/data/xilinx_vip/hdl/clk_vip_if.sv" into library xilinx_vip
INFO: [VRFC 10-2263] Analyzing SystemVerilog file "C:/Xilinx/Vivado/2020.2/data/xilinx_vip/hdl/rst_vip_if.sv" into library xilinx_vip
INFO: [VRFC 10-2263] Analyzing SystemVerilog file "C:/Xilinx/Vivado/2020.2/data/ip/xpm/xpm_cdc/hdl/xpm_cdc.sv" into library xpm
INFO: [VRFC 10-311] analyzing module xpm_cdc_single
INFO: [VRFC 10-311] analyzing module xpm_cdc_gray
INFO: [VRFC 10-311] analyzing module xpm_cdc_handshake
INFO: [VRFC 10-311] analyzing module xpm_cdc_pulse
INFO: [VRFC 10-311] analyzing module xpm_cdc_array_single
INFO: [VRFC 10-311] analyzing module xpm_cdc_sync_rst
INFO: [VRFC 10-311] analyzing module xpm_cdc_async_rst
INFO: [VRFC 10-311] analyzing module xpm_cdc_low_latency_handshake
INFO: [VRFC 10-2263] Analyzing SystemVerilog file "C:/Xilinx/Vivado/2020.2/data/ip/xpm/xpm_fifo/hdl/xpm_fifo.sv" into library xpm
INFO: [VRFC 10-311] analyzing module xpm_fifo_base
INFO: [VRFC 10-311] analyzing module xpm_fifo_rst
INFO: [VRFC 10-311] analyzing module xpm_counter_updn
INFO: [VRFC 10-311] analyzing module xpm_fifo_reg_vec
INFO: [VRFC 10-311] analyzing module xpm_fifo_reg_bit
WARNING: [VRFC 10-8426] non-net output port 'd_out' cannot be initialized at declaration in SystemVerilog mode [C:/Xilinx/Vivado/2020.2/data/ip/xpm/xpm_fifo/hdl/xpm_fifo.sv:1909]
INFO: [VRFC 10-311] analyzing module xpm_reg_pipe_bit
INFO: [VRFC 10-311] analyzing module xpm_fifo_sync
INFO: [VRFC 10-311] analyzing module xpm_fifo_async
INFO: [VRFC 10-311] analyzing module xpm_fifo_axis
INFO: [VRFC 10-311] analyzing module xpm_fifo_axif
WARNING: [VRFC 10-2821] generate block is allowed only inside loop and conditional generate in SystemVerilog mode [C:/Xilinx/Vivado/2020.2/data/ip/xpm/xpm_fifo/hdl/xpm_fifo.sv:3660]
INFO: [VRFC 10-311] analyzing module xpm_fifo_axil
INFO: [VRFC 10-311] analyzing module xpm_fifo_axi_reg_slice
INFO: [VRFC 10-2263] Analyzing SystemVerilog file "C:/Xilinx/Vivado/2020.2/data/ip/xpm/xpm_memory/hdl/xpm_memory.sv" into library xpm
INFO: [VRFC 10-311] analyzing module xpm_memory_base
INFO: [VRFC 10-311] analyzing module asym_bwe_bb
INFO: [VRFC 10-311] analyzing module xpm_memory_dpdistram
INFO: [VRFC 10-311] analyzing module xpm_memory_dprom
INFO: [VRFC 10-311] analyzing module xpm_memory_sdpram
INFO: [VRFC 10-311] analyzing module xpm_memory_spram
INFO: [VRFC 10-311] analyzing module xpm_memory_sprom
INFO: [VRFC 10-311] analyzing module xpm_memory_tdpram
INFO: [VRFC 10-2263] Analyzing Verilog file "C:/project/RTDS/DDR/RTDS_test_DDR4_64bit_batch_dev/RTDS_test_DDR4_64bit.srcs/sources_1/new/CONV_DMA.v" into library xil_defaultlib
INFO: [VRFC 10-311] analyzing module CONV_DMA
INFO: [VRFC 10-2263] Analyzing Verilog file "C:/project/RTDS/DDR/RTDS_test_DDR4_64bit_batch_dev/RTDS_test_DDR4_64bit.srcs/sources_1/new/INFO_EXCH.v" into library xil_defaultlib
INFO: [VRFC 10-311] analyzing module INFO_EXCH
INFO: [VRFC 10-2263] Analyzing Verilog file "c:/project/RTDS/DDR/RTDS_test_DDR4_64bit_batch_dev/RTDS_test_DDR4_64bit.srcs/sources_1/bd/design_1/ip/design_1_CONV_DMA_0_0/sim/design_1_CONV_DMA_0_0.v" into library xil_defaultlib
INFO: [VRFC 10-311] analyzing module design_1_CONV_DMA_0_0
INFO: [VRFC 10-2263] Analyzing Verilog file "c:/project/RTDS/DDR/RTDS_test_DDR4_64bit_batch_dev/RTDS_test_DDR4_64bit.srcs/sources_1/bd/design_1/ipshared/d12e/hdl/gtwizard_ultrascale_v1_7_bit_sync.v" into library gtwizard_ultrascale_v1_7_9
INFO: [VRFC 10-311] analyzing module gtwizard_ultrascale_v1_7_9_bit_synchronizer
INFO: [VRFC 10-2263] Analyzing Verilog file "c:/project/RTDS/DDR/RTDS_test_DDR4_64bit_batch_dev/RTDS_test_DDR4_64bit.srcs/sources_1/bd/design_1/ipshared/d12e/hdl/gtwizard_ultrascale_v1_7_gte4_drp_arb.v" into library gtwizard_ultrascale_v1_7_9
INFO: [VRFC 10-311] analyzing module gtwizard_ultrascale_v1_7_9_gte4_drp_arb
INFO: [VRFC 10-2263] Analyzing Verilog file "c:/project/RTDS/DDR/RTDS_test_DDR4_64bit_batch_dev/RTDS_test_DDR4_64bit.srcs/sources_1/bd/design_1/ipshared/d12e/hdl/gtwizard_ultrascale_v1_7_gthe4_delay_powergood.v" into library gtwizard_ultrascale_v1_7_9
INFO: [VRFC 10-311] analyzing module gtwizard_ultrascale_v1_7_9_gthe4_delay_powergood
INFO: [VRFC 10-2263] Analyzing Verilog file "c:/project/RTDS/DDR/RTDS_test_DDR4_64bit_batch_dev/RTDS_test_DDR4_64bit.srcs/sources_1/bd/design_1/ipshared/d12e/hdl/gtwizard_ultrascale_v1_7_gtye4_delay_powergood.v" into library gtwizard_ultrascale_v1_7_9
INFO: [VRFC 10-311] analyzing module gtwizard_ultrascale_v1_7_9_gtye4_delay_powergood
INFO: [VRFC 10-2263] Analyzing Verilog file "c:/project/RTDS/DDR/RTDS_test_DDR4_64bit_batch_dev/RTDS_test_DDR4_64bit.srcs/sources_1/bd/design_1/ipshared/d12e/hdl/gtwizard_ultrascale_v1_7_gthe3_cpll_cal.v" into library gtwizard_ultrascale_v1_7_9
INFO: [VRFC 10-311] analyzing module gtwizard_ultrascale_v1_7_9_gthe3_cpll_cal
INFO: [VRFC 10-2263] Analyzing Verilog file "c:/project/RTDS/DDR/RTDS_test_DDR4_64bit_batch_dev/RTDS_test_DDR4_64bit.srcs/sources_1/bd/design_1/ipshared/d12e/hdl/gtwizard_ultrascale_v1_7_gthe3_cal_freqcnt.v" into library gtwizard_ultrascale_v1_7_9
INFO: [VRFC 10-311] analyzing module gtwizard_ultrascale_v1_7_9_gthe3_cpll_cal_freq_counter
INFO: [VRFC 10-2263] Analyzing Verilog file "c:/project/RTDS/DDR/RTDS_test_DDR4_64bit_batch_dev/RTDS_test_DDR4_64bit.srcs/sources_1/bd/design_1/ipshared/d12e/hdl/gtwizard_ultrascale_v1_7_gthe4_cpll_cal.v" into library gtwizard_ultrascale_v1_7_9
INFO: [VRFC 10-311] analyzing module gtwizard_ultrascale_v1_7_9_gthe4_cpll_cal
INFO: [VRFC 10-2263] Analyzing Verilog file "c:/project/RTDS/DDR/RTDS_test_DDR4_64bit_batch_dev/RTDS_test_DDR4_64bit.srcs/sources_1/bd/design_1/ipshared/d12e/hdl/gtwizard_ultrascale_v1_7_gthe4_cpll_cal_rx.v" into library gtwizard_ultrascale_v1_7_9
INFO: [VRFC 10-311] analyzing module gtwizard_ultrascale_v1_7_9_gthe4_cpll_cal_rx
INFO: [VRFC 10-2263] Analyzing Verilog file "c:/project/RTDS/DDR/RTDS_test_DDR4_64bit_batch_dev/RTDS_test_DDR4_64bit.srcs/sources_1/bd/design_1/ipshared/d12e/hdl/gtwizard_ultrascale_v1_7_gthe4_cpll_cal_tx.v" into library gtwizard_ultrascale_v1_7_9
INFO: [VRFC 10-311] analyzing module gtwizard_ultrascale_v1_7_9_gthe4_cpll_cal_tx
INFO: [VRFC 10-2263] Analyzing Verilog file "c:/project/RTDS/DDR/RTDS_test_DDR4_64bit_batch_dev/RTDS_test_DDR4_64bit.srcs/sources_1/bd/design_1/ipshared/d12e/hdl/gtwizard_ultrascale_v1_7_gthe4_cal_freqcnt.v" into library gtwizard_ultrascale_v1_7_9
INFO: [VRFC 10-311] analyzing module gtwizard_ultrascale_v1_7_9_gthe4_cpll_cal_freq_counter
INFO: [VRFC 10-2263] Analyzing Verilog file "c:/project/RTDS/DDR/RTDS_test_DDR4_64bit_batch_dev/RTDS_test_DDR4_64bit.srcs/sources_1/bd/design_1/ipshared/d12e/hdl/gtwizard_ultrascale_v1_7_gtye4_cpll_cal.v" into library gtwizard_ultrascale_v1_7_9
INFO: [VRFC 10-311] analyzing module gtwizard_ultrascale_v1_7_9_gtye4_cpll_cal
INFO: [VRFC 10-2263] Analyzing Verilog file "c:/project/RTDS/DDR/RTDS_test_DDR4_64bit_batch_dev/RTDS_test_DDR4_64bit.srcs/sources_1/bd/design_1/ipshared/d12e/hdl/gtwizard_ultrascale_v1_7_gtye4_cpll_cal_rx.v" into library gtwizard_ultrascale_v1_7_9
INFO: [VRFC 10-311] analyzing module gtwizard_ultrascale_v1_7_9_gtye4_cpll_cal_rx
INFO: [VRFC 10-2263] Analyzing Verilog file "c:/project/RTDS/DDR/RTDS_test_DDR4_64bit_batch_dev/RTDS_test_DDR4_64bit.srcs/sources_1/bd/design_1/ipshared/d12e/hdl/gtwizard_ultrascale_v1_7_gtye4_cpll_cal_tx.v" into library gtwizard_ultrascale_v1_7_9
INFO: [VRFC 10-311] analyzing module gtwizard_ultrascale_v1_7_9_gtye4_cpll_cal_tx
INFO: [VRFC 10-2263] Analyzing Verilog file "c:/project/RTDS/DDR/RTDS_test_DDR4_64bit_batch_dev/RTDS_test_DDR4_64bit.srcs/sources_1/bd/design_1/ipshared/d12e/hdl/gtwizard_ultrascale_v1_7_gtye4_cal_freqcnt.v" into library gtwizard_ultrascale_v1_7_9
INFO: [VRFC 10-311] analyzing module gtwizard_ultrascale_v1_7_9_gtye4_cpll_cal_freq_counter
INFO: [VRFC 10-2263] Analyzing Verilog file "c:/project/RTDS/DDR/RTDS_test_DDR4_64bit_batch_dev/RTDS_test_DDR4_64bit.srcs/sources_1/bd/design_1/ipshared/d12e/hdl/gtwizard_ultrascale_v1_7_gtwiz_buffbypass_rx.v" into library gtwizard_ultrascale_v1_7_9
INFO: [VRFC 10-311] analyzing module gtwizard_ultrascale_v1_7_9_gtwiz_buffbypass_rx
INFO: [VRFC 10-2263] Analyzing Verilog file "c:/project/RTDS/DDR/RTDS_test_DDR4_64bit_batch_dev/RTDS_test_DDR4_64bit.srcs/sources_1/bd/design_1/ipshared/d12e/hdl/gtwizard_ultrascale_v1_7_gtwiz_buffbypass_tx.v" into library gtwizard_ultrascale_v1_7_9
INFO: [VRFC 10-311] analyzing module gtwizard_ultrascale_v1_7_9_gtwiz_buffbypass_tx
INFO: [VRFC 10-2263] Analyzing Verilog file "c:/project/RTDS/DDR/RTDS_test_DDR4_64bit_batch_dev/RTDS_test_DDR4_64bit.srcs/sources_1/bd/design_1/ipshared/d12e/hdl/gtwizard_ultrascale_v1_7_gtwiz_reset.v" into library gtwizard_ultrascale_v1_7_9
INFO: [VRFC 10-311] analyzing module gtwizard_ultrascale_v1_7_9_gtwiz_reset
INFO: [VRFC 10-2263] Analyzing Verilog file "c:/project/RTDS/DDR/RTDS_test_DDR4_64bit_batch_dev/RTDS_test_DDR4_64bit.srcs/sources_1/bd/design_1/ipshared/d12e/hdl/gtwizard_ultrascale_v1_7_gtwiz_userclk_rx.v" into library gtwizard_ultrascale_v1_7_9
INFO: [VRFC 10-311] analyzing module gtwizard_ultrascale_v1_7_9_gtwiz_userclk_rx
INFO: [VRFC 10-2263] Analyzing Verilog file "c:/project/RTDS/DDR/RTDS_test_DDR4_64bit_batch_dev/RTDS_test_DDR4_64bit.srcs/sources_1/bd/design_1/ipshared/d12e/hdl/gtwizard_ultrascale_v1_7_gtwiz_userclk_tx.v" into library gtwizard_ultrascale_v1_7_9
INFO: [VRFC 10-311] analyzing module gtwizard_ultrascale_v1_7_9_gtwiz_userclk_tx
INFO: [VRFC 10-2263] Analyzing Verilog file "c:/project/RTDS/DDR/RTDS_test_DDR4_64bit_batch_dev/RTDS_test_DDR4_64bit.srcs/sources_1/bd/design_1/ipshared/d12e/hdl/gtwizard_ultrascale_v1_7_gtwiz_userdata_rx.v" into library gtwizard_ultrascale_v1_7_9
INFO: [VRFC 10-311] analyzing module gtwizard_ultrascale_v1_7_9_gtwiz_userdata_rx
INFO: [VRFC 10-2263] Analyzing Verilog file "c:/project/RTDS/DDR/RTDS_test_DDR4_64bit_batch_dev/RTDS_test_DDR4_64bit.srcs/sources_1/bd/design_1/ipshared/d12e/hdl/gtwizard_ultrascale_v1_7_gtwiz_userdata_tx.v" into library gtwizard_ultrascale_v1_7_9
INFO: [VRFC 10-311] analyzing module gtwizard_ultrascale_v1_7_9_gtwiz_userdata_tx
INFO: [VRFC 10-2263] Analyzing Verilog file "c:/project/RTDS/DDR/RTDS_test_DDR4_64bit_batch_dev/RTDS_test_DDR4_64bit.srcs/sources_1/bd/design_1/ipshared/d12e/hdl/gtwizard_ultrascale_v1_7_reset_sync.v" into library gtwizard_ultrascale_v1_7_9
INFO: [VRFC 10-311] analyzing module gtwizard_ultrascale_v1_7_9_reset_synchronizer
INFO: [VRFC 10-2263] Analyzing Verilog file "c:/project/RTDS/DDR/RTDS_test_DDR4_64bit_batch_dev/RTDS_test_DDR4_64bit.srcs/sources_1/bd/design_1/ipshared/d12e/hdl/gtwizard_ultrascale_v1_7_reset_inv_sync.v" into library gtwizard_ultrascale_v1_7_9
INFO: [VRFC 10-311] analyzing module gtwizard_ultrascale_v1_7_9_reset_inv_synchronizer
INFO: [VRFC 10-2263] Analyzing Verilog file "c:/project/RTDS/DDR/RTDS_test_DDR4_64bit_batch_dev/RTDS_test_DDR4_64bit.srcs/sources_1/bd/design_1/ip/design_1_xdma_0_0/ip_0/ip_0/sim/gtwizard_ultrascale_v1_7_gthe3_channel.v" into library xil_defaultlib
INFO: [VRFC 10-311] analyzing module gtwizard_ultrascale_v1_7_9_gthe3_channel
INFO: [VRFC 10-2263] Analyzing Verilog file "c:/project/RTDS/DDR/RTDS_test_DDR4_64bit_batch_dev/RTDS_test_DDR4_64bit.srcs/sources_1/bd/design_1/ip/design_1_xdma_0_0/ip_0/ip_0/sim/design_1_xdma_0_0_pcie3_ip_gt_gthe3_channel_wrapper.v" into library xil_defaultlib
INFO: [VRFC 10-311] analyzing module design_1_xdma_0_0_pcie3_ip_gt_gthe3_channel_wrapper
INFO: [VRFC 10-2263] Analyzing Verilog file "c:/project/RTDS/DDR/RTDS_test_DDR4_64bit_batch_dev/RTDS_test_DDR4_64bit.srcs/sources_1/bd/design_1/ip/design_1_xdma_0_0/ip_0/ip_0/sim/gtwizard_ultrascale_v1_7_gthe3_common.v" into library xil_defaultlib
INFO: [VRFC 10-311] analyzing module gtwizard_ultrascale_v1_7_9_gthe3_common
INFO: [VRFC 10-2263] Analyzing Verilog file "c:/project/RTDS/DDR/RTDS_test_DDR4_64bit_batch_dev/RTDS_test_DDR4_64bit.srcs/sources_1/bd/design_1/ip/design_1_xdma_0_0/ip_0/ip_0/sim/design_1_xdma_0_0_pcie3_ip_gt_gthe3_common_wrapper.v" into library xil_defaultlib
INFO: [VRFC 10-311] analyzing module design_1_xdma_0_0_pcie3_ip_gt_gthe3_common_wrapper
INFO: [VRFC 10-2263] Analyzing Verilog file "c:/project/RTDS/DDR/RTDS_test_DDR4_64bit_batch_dev/RTDS_test_DDR4_64bit.srcs/sources_1/bd/design_1/ip/design_1_xdma_0_0/ip_0/ip_0/sim/design_1_xdma_0_0_pcie3_ip_gt_gtwizard_gthe3.v" into library xil_defaultlib
INFO: [VRFC 10-311] analyzing module design_1_xdma_0_0_pcie3_ip_gt_gtwizard_gthe3
INFO: [VRFC 10-2263] Analyzing Verilog file "c:/project/RTDS/DDR/RTDS_test_DDR4_64bit_batch_dev/RTDS_test_DDR4_64bit.srcs/sources_1/bd/design_1/ip/design_1_xdma_0_0/ip_0/ip_0/sim/design_1_xdma_0_0_pcie3_ip_gt_gtwizard_top.v" into library xil_defaultlib
INFO: [VRFC 10-311] analyzing module design_1_xdma_0_0_pcie3_ip_gt_gtwizard_top
INFO: [VRFC 10-2263] Analyzing Verilog file "c:/project/RTDS/DDR/RTDS_test_DDR4_64bit_batch_dev/RTDS_test_DDR4_64bit.srcs/sources_1/bd/design_1/ip/design_1_xdma_0_0/ip_0/ip_0/sim/design_1_xdma_0_0_pcie3_ip_gt.v" into library xil_defaultlib
INFO: [VRFC 10-311] analyzing module design_1_xdma_0_0_pcie3_ip_gt
INFO: [VRFC 10-2263] Analyzing Verilog file "c:/project/RTDS/DDR/RTDS_test_DDR4_64bit_batch_dev/RTDS_test_DDR4_64bit.srcs/sources_1/bd/design_1/ip/design_1_xdma_0_0/ip_0/source/design_1_xdma_0_0_pcie3_ip_tph_tbl.v" into library xil_defaultlib
INFO: [VRFC 10-311] analyzing module design_1_xdma_0_0_pcie3_ip_tph_tbl
INFO: [VRFC 10-2263] Analyzing Verilog file "c:/project/RTDS/DDR/RTDS_test_DDR4_64bit_batch_dev/RTDS_test_DDR4_64bit.srcs/sources_1/bd/design_1/ip/design_1_xdma_0_0/ip_0/source/design_1_xdma_0_0_pcie3_ip_pipe_lane.v" into library xil_defaultlib
INFO: [VRFC 10-311] analyzing module design_1_xdma_0_0_pcie3_ip_pipe_lane
INFO: [VRFC 10-2263] Analyzing Verilog file "c:/project/RTDS/DDR/RTDS_test_DDR4_64bit_batch_dev/RTDS_test_DDR4_64bit.srcs/sources_1/bd/design_1/ip/design_1_xdma_0_0/ip_0/source/design_1_xdma_0_0_pcie3_ip_bram_16k.v" into library xil_defaultlib
INFO: [VRFC 10-311] analyzing module design_1_xdma_0_0_pcie3_ip_bram_16k
INFO: [VRFC 10-2263] Analyzing Verilog file "c:/project/RTDS/DDR/RTDS_test_DDR4_64bit_batch_dev/RTDS_test_DDR4_64bit.srcs/sources_1/bd/design_1/ip/design_1_xdma_0_0/ip_0/source/design_1_xdma_0_0_pcie3_ip_bram_rep_8k.v" into library xil_defaultlib
INFO: [VRFC 10-311] analyzing module design_1_xdma_0_0_pcie3_ip_bram_rep_8k
INFO: [VRFC 10-2263] Analyzing Verilog file "c:/project/RTDS/DDR/RTDS_test_DDR4_64bit_batch_dev/RTDS_test_DDR4_64bit.srcs/sources_1/bd/design_1/ip/design_1_xdma_0_0/ip_0/source/design_1_xdma_0_0_pcie3_ip_bram_req_8k.v" into library xil_defaultlib
INFO: [VRFC 10-311] analyzing module design_1_xdma_0_0_pcie3_ip_bram_req_8k
INFO: [VRFC 10-2263] Analyzing Verilog file "c:/project/RTDS/DDR/RTDS_test_DDR4_64bit_batch_dev/RTDS_test_DDR4_64bit.srcs/sources_1/bd/design_1/ip/design_1_xdma_0_0/ip_0/source/design_1_xdma_0_0_pcie3_ip_gt_channel.v" into library xil_defaultlib
INFO: [VRFC 10-311] analyzing module design_1_xdma_0_0_pcie3_ip_gt_channel
INFO: [VRFC 10-2263] Analyzing Verilog file "c:/project/RTDS/DDR/RTDS_test_DDR4_64bit_batch_dev/RTDS_test_DDR4_64bit.srcs/sources_1/bd/design_1/ip/design_1_xdma_0_0/ip_0/source/design_1_xdma_0_0_pcie3_ip_pipe_pipeline.v" into library xil_defaultlib
INFO: [VRFC 10-311] analyzing module design_1_xdma_0_0_pcie3_ip_pipe_pipeline
INFO: [VRFC 10-2263] Analyzing Verilog file "c:/project/RTDS/DDR/RTDS_test_DDR4_64bit_batch_dev/RTDS_test_DDR4_64bit.srcs/sources_1/bd/design_1/ip/design_1_xdma_0_0/ip_0/source/design_1_xdma_0_0_pcie3_ip_pipe_misc.v" into library xil_defaultlib
INFO: [VRFC 10-311] analyzing module design_1_xdma_0_0_pcie3_ip_pipe_misc
INFO: [VRFC 10-2263] Analyzing Verilog file "c:/project/RTDS/DDR/RTDS_test_DDR4_64bit_batch_dev/RTDS_test_DDR4_64bit.srcs/sources_1/bd/design_1/ip/design_1_xdma_0_0/ip_0/source/design_1_xdma_0_0_pcie3_ip_init_ctrl.v" into library xil_defaultlib
INFO: [VRFC 10-311] analyzing module design_1_xdma_0_0_pcie3_ip_init_ctrl
INFO: [VRFC 10-2263] Analyzing Verilog file "c:/project/RTDS/DDR/RTDS_test_DDR4_64bit_batch_dev/RTDS_test_DDR4_64bit.srcs/sources_1/bd/design_1/ip/design_1_xdma_0_0/ip_0/source/design_1_xdma_0_0_pcie3_ip_gt_common.v" into library xil_defaultlib
INFO: [VRFC 10-311] analyzing module design_1_xdma_0_0_pcie3_ip_gt_common
INFO: [VRFC 10-2263] Analyzing Verilog file "c:/project/RTDS/DDR/RTDS_test_DDR4_64bit_batch_dev/RTDS_test_DDR4_64bit.srcs/sources_1/bd/design_1/ip/design_1_xdma_0_0/ip_0/source/design_1_xdma_0_0_pcie3_ip_bram_8k.v" into library xil_defaultlib
INFO: [VRFC 10-311] analyzing module design_1_xdma_0_0_pcie3_ip_bram_8k
INFO: [VRFC 10-2263] Analyzing Verilog file "c:/project/RTDS/DDR/RTDS_test_DDR4_64bit_batch_dev/RTDS_test_DDR4_64bit.srcs/sources_1/bd/design_1/ip/design_1_xdma_0_0/ip_0/source/design_1_xdma_0_0_pcie3_ip_bram_rep.v" into library xil_defaultlib
INFO: [VRFC 10-311] analyzing module design_1_xdma_0_0_pcie3_ip_bram_rep
INFO: [VRFC 10-2263] Analyzing Verilog file "c:/project/RTDS/DDR/RTDS_test_DDR4_64bit_batch_dev/RTDS_test_DDR4_64bit.srcs/sources_1/bd/design_1/ip/design_1_xdma_0_0/ip_0/source/design_1_xdma_0_0_pcie3_ip_bram_req.v" into library xil_defaultlib
INFO: [VRFC 10-311] analyzing module design_1_xdma_0_0_pcie3_ip_bram_req
INFO: [VRFC 10-2263] Analyzing Verilog file "c:/project/RTDS/DDR/RTDS_test_DDR4_64bit_batch_dev/RTDS_test_DDR4_64bit.srcs/sources_1/bd/design_1/ip/design_1_xdma_0_0/ip_0/source/design_1_xdma_0_0_pcie3_ip_phy_sync.v" into library xil_defaultlib
INFO: [VRFC 10-311] analyzing module design_1_xdma_0_0_pcie3_ip_phy_sync
INFO: [VRFC 10-2263] Analyzing Verilog file "c:/project/RTDS/DDR/RTDS_test_DDR4_64bit_batch_dev/RTDS_test_DDR4_64bit.srcs/sources_1/bd/design_1/ip/design_1_xdma_0_0/ip_0/source/design_1_xdma_0_0_pcie3_ip_bram_cpl.v" into library xil_defaultlib
INFO: [VRFC 10-311] analyzing module design_1_xdma_0_0_pcie3_ip_bram_cpl
INFO: [VRFC 10-2263] Analyzing Verilog file "c:/project/RTDS/DDR/RTDS_test_DDR4_64bit_batch_dev/RTDS_test_DDR4_64bit.srcs/sources_1/bd/design_1/ip/design_1_xdma_0_0/ip_0/source/design_1_xdma_0_0_pcie3_ip_sys_clk_gen.v" into library xil_defaultlib
INFO: [VRFC 10-311] analyzing module design_1_xdma_0_0_pcie3_ip_sys_clk_gen_ps
INFO: [VRFC 10-2263] Analyzing Verilog file "c:/project/RTDS/DDR/RTDS_test_DDR4_64bit_batch_dev/RTDS_test_DDR4_64bit.srcs/sources_1/bd/design_1/ip/design_1_xdma_0_0/ip_0/source/design_1_xdma_0_0_pcie3_ip_phy_rst.v" into library xil_defaultlib
INFO: [VRFC 10-311] analyzing module design_1_xdma_0_0_pcie3_ip_phy_rst
INFO: [VRFC 10-2263] Analyzing Verilog file "c:/project/RTDS/DDR/RTDS_test_DDR4_64bit_batch_dev/RTDS_test_DDR4_64bit.srcs/sources_1/bd/design_1/ip/design_1_xdma_0_0/ip_0/source/design_1_xdma_0_0_pcie3_ip_phy_txeq.v" into library xil_defaultlib
INFO: [VRFC 10-311] analyzing module design_1_xdma_0_0_pcie3_ip_phy_txeq
INFO: [VRFC 10-2263] Analyzing Verilog file "c:/project/RTDS/DDR/RTDS_test_DDR4_64bit_batch_dev/RTDS_test_DDR4_64bit.srcs/sources_1/bd/design_1/ip/design_1_xdma_0_0/ip_0/source/design_1_xdma_0_0_pcie3_ip_phy_clk.v" into library xil_defaultlib
INFO: [VRFC 10-311] analyzing module design_1_xdma_0_0_pcie3_ip_phy_clk
INFO: [VRFC 10-2263] Analyzing Verilog file "c:/project/RTDS/DDR/RTDS_test_DDR4_64bit_batch_dev/RTDS_test_DDR4_64bit.srcs/sources_1/bd/design_1/ip/design_1_xdma_0_0/ip_0/source/design_1_xdma_0_0_pcie3_ip_bram.v" into library xil_defaultlib
INFO: [VRFC 10-311] analyzing module design_1_xdma_0_0_pcie3_ip_bram
INFO: [VRFC 10-2263] Analyzing Verilog file "c:/project/RTDS/DDR/RTDS_test_DDR4_64bit_batch_dev/RTDS_test_DDR4_64bit.srcs/sources_1/bd/design_1/ip/design_1_xdma_0_0/ip_0/source/design_1_xdma_0_0_pcie3_ip_phy_rxeq.v" into library xil_defaultlib
INFO: [VRFC 10-311] analyzing module design_1_xdma_0_0_pcie3_ip_phy_rxeq
INFO: [VRFC 10-2263] Analyzing Verilog file "c:/project/RTDS/DDR/RTDS_test_DDR4_64bit_batch_dev/RTDS_test_DDR4_64bit.srcs/sources_1/bd/design_1/ip/design_1_xdma_0_0/ip_0/source/design_1_xdma_0_0_pcie3_ip_gtwizard_top.v" into library xil_defaultlib
INFO: [VRFC 10-311] analyzing module design_1_xdma_0_0_pcie3_ip_gtwizard_top
INFO: [VRFC 10-2263] Analyzing Verilog file "c:/project/RTDS/DDR/RTDS_test_DDR4_64bit_batch_dev/RTDS_test_DDR4_64bit.srcs/sources_1/bd/design_1/ip/design_1_xdma_0_0/ip_0/source/design_1_xdma_0_0_pcie3_ip_phy_wrapper.v" into library xil_defaultlib
INFO: [VRFC 10-311] analyzing module design_1_xdma_0_0_pcie3_ip_phy_wrapper
INFO: [VRFC 10-2263] Analyzing Verilog file "c:/project/RTDS/DDR/RTDS_test_DDR4_64bit_batch_dev/RTDS_test_DDR4_64bit.srcs/sources_1/bd/design_1/ip/design_1_xdma_0_0/ip_0/source/design_1_xdma_0_0_pcie3_ip_pcie3_uscale_wrapper.v" into library xil_defaultlib
INFO: [VRFC 10-311] analyzing module design_1_xdma_0_0_pcie3_ip_pcie3_uscale_wrapper
INFO: [VRFC 10-2263] Analyzing Verilog file "c:/project/RTDS/DDR/RTDS_test_DDR4_64bit_batch_dev/RTDS_test_DDR4_64bit.srcs/sources_1/bd/design_1/ip/design_1_xdma_0_0/ip_0/source/design_1_xdma_0_0_pcie3_ip_pcie3_uscale_top.v" into library xil_defaultlib
INFO: [VRFC 10-311] analyzing module design_1_xdma_0_0_pcie3_ip_pcie3_uscale_top
INFO: [VRFC 10-2263] Analyzing Verilog file "c:/project/RTDS/DDR/RTDS_test_DDR4_64bit_batch_dev/RTDS_test_DDR4_64bit.srcs/sources_1/bd/design_1/ip/design_1_xdma_0_0/ip_0/source/design_1_xdma_0_0_pcie3_ip_phy_sync_cell.v" into library xil_defaultlib
INFO: [VRFC 10-311] analyzing module design_1_xdma_0_0_pcie3_ip_phy_sync_cell
INFO: [VRFC 10-2263] Analyzing Verilog file "c:/project/RTDS/DDR/RTDS_test_DDR4_64bit_batch_dev/RTDS_test_DDR4_64bit.srcs/sources_1/bd/design_1/ip/design_1_xdma_0_0/ip_0/source/design_1_xdma_0_0_pcie3_ip_rxcdrhold.v" into library xil_defaultlib
INFO: [VRFC 10-311] analyzing module design_1_xdma_0_0_pcie3_ip_rxcdrhold
INFO: [VRFC 10-2263] Analyzing Verilog file "c:/project/RTDS/DDR/RTDS_test_DDR4_64bit_batch_dev/RTDS_test_DDR4_64bit.srcs/sources_1/bd/design_1/ip/design_1_xdma_0_0/ip_0/source/design_1_xdma_0_0_pcie3_ip_pcie3_uscale_core_top.v" into library xil_defaultlib
INFO: [VRFC 10-311] analyzing module design_1_xdma_0_0_pcie3_ip_pcie3_uscale_core_top
INFO: [VRFC 10-2263] Analyzing Verilog file "c:/project/RTDS/DDR/RTDS_test_DDR4_64bit_batch_dev/RTDS_test_DDR4_64bit.srcs/sources_1/bd/design_1/ip/design_1_xdma_0_0/ip_0/sim/design_1_xdma_0_0_pcie3_ip.v" into library xil_defaultlib
INFO: [VRFC 10-311] analyzing module design_1_xdma_0_0_pcie3_ip
INFO: [VRFC 10-2263] Analyzing Verilog file "c:/project/RTDS/DDR/RTDS_test_DDR4_64bit_batch_dev/RTDS_test_DDR4_64bit.srcs/sources_1/bd/design_1/ipshared/2985/simulation/blk_mem_gen_v8_4.v" into library blk_mem_gen_v8_4_4
INFO: [VRFC 10-311] analyzing module STATE_LOGIC_v8_4
INFO: [VRFC 10-311] analyzing module beh_vlog_muxf7_v8_4
INFO: [VRFC 10-311] analyzing module beh_vlog_ff_clr_v8_4
INFO: [VRFC 10-311] analyzing module beh_vlog_ff_pre_v8_4
INFO: [VRFC 10-311] analyzing module beh_vlog_ff_ce_clr_v8_4
INFO: [VRFC 10-311] analyzing module write_netlist_v8_4
INFO: [VRFC 10-311] analyzing module read_netlist_v8_4
INFO: [VRFC 10-311] analyzing module blk_mem_axi_write_wrapper_beh_v8_4
INFO: [VRFC 10-311] analyzing module blk_mem_axi_read_wrapper_beh_v8_4
INFO: [VRFC 10-311] analyzing module blk_mem_axi_regs_fwd_v8_4
INFO: [VRFC 10-311] analyzing module blk_mem_gen_v8_4_4_output_stage
INFO: [VRFC 10-311] analyzing module blk_mem_gen_v8_4_4_softecc_output_reg_stage
INFO: [VRFC 10-311] analyzing module blk_mem_gen_v8_4_4_mem_module
INFO: [VRFC 10-311] analyzing module blk_mem_gen_v8_4_4
INFO: [VRFC 10-2263] Analyzing Verilog file "c:/project/RTDS/DDR/RTDS_test_DDR4_64bit_batch_dev/RTDS_test_DDR4_64bit.srcs/sources_1/bd/design_1/ip/design_1_xdma_0_0/ip_1/sim/xdma_v4_1_8_blk_mem_64_reg_be.v" into library xil_defaultlib
INFO: [VRFC 10-311] analyzing module xdma_v4_1_8_blk_mem_64_reg_be
INFO: [VRFC 10-2263] Analyzing Verilog file "c:/project/RTDS/DDR/RTDS_test_DDR4_64bit_batch_dev/RTDS_test_DDR4_64bit.srcs/sources_1/bd/design_1/ip/design_1_xdma_0_0/ip_2/sim/xdma_v4_1_8_blk_mem_64_noreg_be.v" into library xil_defaultlib
INFO: [VRFC 10-311] analyzing module xdma_v4_1_8_blk_mem_64_noreg_be
INFO: [VRFC 10-2263] Analyzing SystemVerilog file "c:/project/RTDS/DDR/RTDS_test_DDR4_64bit_batch_dev/RTDS_test_DDR4_64bit.srcs/sources_1/bd/design_1/ipshared/cc3e/hdl/xdma_v4_1_vl_rfs.sv" into library xdma_v4_1_8
INFO: [VRFC 10-311] analyzing module xdma_v4_1_8_axi_infrastructure_v1_1_0_axi2vector
INFO: [VRFC 10-311] analyzing module xdma_v4_1_8_axi_infrastructure_v1_1_0_vector2axi
INFO: [VRFC 10-311] analyzing module xdma_v4_1_8_axi_pcie_v2_3_address_decoder
INFO: [VRFC 10-311] analyzing module xdma_v4_1_8_axi_pcie_v2_3_axi_enhanced_cfg
INFO: [VRFC 10-2458] undeclared symbol msi_msg_rcvd_sel, assumed default net type wire [c:/project/RTDS/DDR/RTDS_test_DDR4_64bit_batch_dev/RTDS_test_DDR4_64bit.srcs/sources_1/bd/design_1/ipshared/cc3e/hdl/xdma_v4_1_vl_rfs.sv:1229]
INFO: [VRFC 10-2458] undeclared symbol is_msi_sel, assumed default net type wire [c:/project/RTDS/DDR/RTDS_test_DDR4_64bit_batch_dev/RTDS_test_DDR4_64bit.srcs/sources_1/bd/design_1/ipshared/cc3e/hdl/xdma_v4_1_vl_rfs.sv:1230]
INFO: [VRFC 10-311] analyzing module xdma_v4_1_8_axi_pcie_v2_3_axi_enhanced_cfg_block_bridge
INFO: [VRFC 10-311] analyzing module xdma_v4_1_8_axi_pcie_v2_3_axi_enhanced_cfg_event_handler
INFO: [VRFC 10-311] analyzing module xdma_v4_1_8_axi_pcie_v2_3_axi_enhanced_cfg_gen_sink
INFO: [VRFC 10-311] analyzing module xdma_v4_1_8_axi_pcie_v2_3_axi_enhanced_cfg_slave
INFO: [VRFC 10-311] analyzing module xdma_v4_1_8_axi_pcie_v2_3_axi_lite_ipif
INFO: [VRFC 10-311] analyzing module xdma_v4_1_8_axi_pcie_v2_3_pselect_f
INFO: [VRFC 10-311] analyzing module xdma_v4_1_8_axi_pcie_v2_3_slave_attachment
INFO: [VRFC 10-311] analyzing module xdma_v4_1_8_axi_register_slice_0
INFO: [VRFC 10-311] analyzing module xdma_v4_1_8_axi_register_slice_v2_1_22_axi_register_slice
INFO: [VRFC 10-311] analyzing module xdma_v4_1_8_axi_register_slice_v2_1_22_axic_register_slice
INFO: [VRFC 10-311] analyzing module xdma_v4_1_8_axi4mm_axi_pcie_reset_cntrlr
INFO: [VRFC 10-311] analyzing module xdma_v4_1_8_axi4mm_axi_slave_read
INFO: [VRFC 10-311] analyzing module xdma_v4_1_8_axi4mm_axi_slave_write
INFO: [VRFC 10-311] analyzing module xdma_v4_1_8_axi4mm_reg_block
INFO: [VRFC 10-311] analyzing module xdma_v4_1_8_axi4mm_slave_bridge_soft
INFO: [VRFC 10-311] analyzing module xdma_v4_1_8_axi4mm_slave_read_cpl_if
INFO: [VRFC 10-311] analyzing module xdma_v4_1_8_axi4mm_slave_read_req_if
INFO: [VRFC 10-311] analyzing module xdma_v4_1_8_axi4mm_slave_write_req_if
INFO: [VRFC 10-311] analyzing module xdma_v4_1_8_dma_pcie_rq
INFO: [VRFC 10-2458] undeclared symbol beatrem2, assumed default net type wire [c:/project/RTDS/DDR/RTDS_test_DDR4_64bit_batch_dev/RTDS_test_DDR4_64bit.srcs/sources_1/bd/design_1/ipshared/cc3e/hdl/xdma_v4_1_vl_rfs.sv:12771]
INFO: [VRFC 10-311] analyzing module xdma_v4_1_8_vul_cfg
INFO: [VRFC 10-311] analyzing module xdma_v4_1_8_vul_dsc_eng
INFO: [VRFC 10-2458] undeclared symbol dsc_acc_dbe, assumed default net type wire [c:/project/RTDS/DDR/RTDS_test_DDR4_64bit_batch_dev/RTDS_test_DDR4_64bit.srcs/sources_1/bd/design_1/ipshared/cc3e/hdl/xdma_v4_1_vl_rfs.sv:16557]
INFO: [VRFC 10-311] analyzing module xdma_v4_1_8_vul_irq
INFO: [VRFC 10-311] analyzing module xdma_v4_1_8_vul_rdwr_eng
INFO: [VRFC 10-311] analyzing module xdma_v4_1_8_vul_rdwr
INFO: [VRFC 10-2458] undeclared symbol REG_DAT_OUT, assumed default net type wire [c:/project/RTDS/DDR/RTDS_test_DDR4_64bit_batch_dev/RTDS_test_DDR4_64bit.srcs/sources_1/bd/design_1/ipshared/cc3e/hdl/xdma_v4_1_vl_rfs.sv:20969]
INFO: [VRFC 10-2458] undeclared symbol REG_VLD_OUT, assumed default net type wire [c:/project/RTDS/DDR/RTDS_test_DDR4_64bit_batch_dev/RTDS_test_DDR4_64bit.srcs/sources_1/bd/design_1/ipshared/cc3e/hdl/xdma_v4_1_vl_rfs.sv:20971]
INFO: [VRFC 10-311] analyzing module xdma_v4_1_8_vul_tar
INFO: [VRFC 10-2458] undeclared symbol tar_mult_known_nn0, assumed default net type wire [c:/project/RTDS/DDR/RTDS_test_DDR4_64bit_batch_dev/RTDS_test_DDR4_64bit.srcs/sources_1/bd/design_1/ipshared/cc3e/hdl/xdma_v4_1_vl_rfs.sv:21201]
INFO: [VRFC 10-311] analyzing module xdma_v4_1_8_vul_top
INFO: [VRFC 10-2458] undeclared symbol dsc_ch_err, assumed default net type wire [c:/project/RTDS/DDR/RTDS_test_DDR4_64bit_batch_dev/RTDS_test_DDR4_64bit.srcs/sources_1/bd/design_1/ipshared/cc3e/hdl/xdma_v4_1_vl_rfs.sv:21960]
INFO: [VRFC 10-311] analyzing module xdma_v4_1_8_BufferMem
INFO: [VRFC 10-311] analyzing module xdma_v4_1_8_GenericFIFO1R2W
INFO: [VRFC 10-2458] undeclared symbol RdDeQ, assumed default net type wire [C:/project/RTDS/DDR/RTDS_test_DDR4_64bit_batch_dev/RTDS_test_DDR4_64bit.srcs/sources_1/bd/design_1/ipshared/cc3e/hdl/verilog/axidma_fifo.vh:179]
INFO: [VRFC 10-311] analyzing module xdma_v4_1_8_GenericFIFO
INFO: [VRFC 10-311] analyzing module xdma_v4_1_8_GenericFIFOAsyncNoHead
INFO: [VRFC 10-311] analyzing module xdma_v4_1_8_GenericFIFOAsync
INFO: [VRFC 10-311] analyzing module xdma_v4_1_8_GenericFIFOHead
INFO: [VRFC 10-311] analyzing module xdma_v4_1_8_GenericFIFOHead2
INFO: [VRFC 10-311] analyzing module xdma_v4_1_8_axidma_dcarb_v
INFO: [VRFC 10-311] analyzing module xdma_v4_1_8_payloadmux
INFO: [VRFC 10-311] analyzing module xdma_v4_1_8_arbblock
INFO: [VRFC 10-311] analyzing module xdma_v4_1_8_arbentity
INFO: [VRFC 10-311] analyzing module xdma_v4_1_8_dma_axist_mst
INFO: [VRFC 10-2458] undeclared symbol wrq_bt_len_part, assumed default net type wire [c:/project/RTDS/DDR/RTDS_test_DDR4_64bit_batch_dev/RTDS_test_DDR4_64bit.srcs/sources_1/bd/design_1/ipshared/cc3e/hdl/xdma_v4_1_vl_rfs.sv:22642]
INFO: [VRFC 10-2458] undeclared symbol wpl_ep, assumed default net type wire [c:/project/RTDS/DDR/RTDS_test_DDR4_64bit_batch_dev/RTDS_test_DDR4_64bit.srcs/sources_1/bd/design_1/ipshared/cc3e/hdl/xdma_v4_1_vl_rfs.sv:22870]
INFO: [VRFC 10-311] analyzing module xdma_v4_1_8_dma_axist_slv
INFO: [VRFC 10-311] analyzing module xdma_v4_1_8_axi_mm_master_rd_br_v
INFO: [VRFC 10-2458] undeclared symbol rid, assumed default net type wire [c:/project/RTDS/DDR/RTDS_test_DDR4_64bit_batch_dev/RTDS_test_DDR4_64bit.srcs/sources_1/bd/design_1/ipshared/cc3e/hdl/xdma_v4_1_vl_rfs.sv:24271]
INFO: [VRFC 10-311] analyzing module xdma_v4_1_8_axi4mm_axi_mm_master_top_br_v
INFO: [VRFC 10-2458] undeclared symbol bresp_received, assumed default net type wire [c:/project/RTDS/DDR/RTDS_test_DDR4_64bit_batch_dev/RTDS_test_DDR4_64bit.srcs/sources_1/bd/design_1/ipshared/cc3e/hdl/xdma_v4_1_vl_rfs.sv:25006]
INFO: [VRFC 10-311] analyzing module xdma_v4_1_8_axi4mm_axi_mm_master_top_soft
INFO: [VRFC 10-311] analyzing module xdma_v4_1_8_axi_mm_master_wr_br_v
INFO: [VRFC 10-311] analyzing module xdma_v4_1_8_axi_str_masterbr_rdtlp_br_v
INFO: [VRFC 10-2458] undeclared symbol force_ecrc, assumed default net type wire [c:/project/RTDS/DDR/RTDS_test_DDR4_64bit_batch_dev/RTDS_test_DDR4_64bit.srcs/sources_1/bd/design_1/ipshared/cc3e/hdl/xdma_v4_1_vl_rfs.sv:27064]
INFO: [VRFC 10-2458] undeclared symbol cpldoneqid, assumed default net type wire [c:/project/RTDS/DDR/RTDS_test_DDR4_64bit_batch_dev/RTDS_test_DDR4_64bit.srcs/sources_1/bd/design_1/ipshared/cc3e/hdl/xdma_v4_1_vl_rfs.sv:27101]
INFO: [VRFC 10-311] analyzing module xdma_v4_1_8_axi_str_masterbr_wrrd_br_v
INFO: [VRFC 10-311] analyzing module xdma_v4_1_8_dma_axilt_slv
INFO: [VRFC 10-311] analyzing module xdma_v4_1_8_dma_backpressure
INFO: [VRFC 10-311] analyzing module xdma_v4_1_8_axi_mm_master_omulti_rd_v
INFO: [VRFC 10-2458] undeclared symbol compready, assumed default net type wire [c:/project/RTDS/DDR/RTDS_test_DDR4_64bit_batch_dev/RTDS_test_DDR4_64bit.srcs/sources_1/bd/design_1/ipshared/cc3e/hdl/xdma_v4_1_vl_rfs.sv:30106]
INFO: [VRFC 10-311] analyzing module xdma_v4_1_8_axi_mm_master_omulti_wr_v
INFO: [VRFC 10-311] analyzing module xdma_v4_1_8_dma_aximm
INFO: [VRFC 10-311] analyzing module xdma_v4_1_8_dma_axist
INFO: [VRFC 10-311] analyzing module xdma_v4_1_8_dma_base
INFO: [VRFC 10-311] analyzing module xdma_v4_1_8_dma_pcie_rc
INFO: [VRFC 10-311] analyzing module xdma_v4_1_8_dma_pcie_req
INFO: [VRFC 10-311] analyzing module xdma_v4_1_8_dma_rc_mem_pfch
INFO: [VRFC 10-311] analyzing module xdma_v4_1_8_dma_wb_eng
INFO: [VRFC 10-2458] undeclared symbol wb_dat_fl, assumed default net type wire [c:/project/RTDS/DDR/RTDS_test_DDR4_64bit_batch_dev/RTDS_test_DDR4_64bit.srcs/sources_1/bd/design_1/ipshared/cc3e/hdl/xdma_v4_1_vl_rfs.sv:36238]
INFO: [VRFC 10-311] analyzing module xdma_v4_1_8_pcie_userapp_tgt_intr_ctrl
INFO: [VRFC 10-311] analyzing module xdma_v4_1_8_axi4mm_bridge_top
INFO: [VRFC 10-2458] undeclared symbol MPE_int, assumed default net type wire [c:/project/RTDS/DDR/RTDS_test_DDR4_64bit_batch_dev/RTDS_test_DDR4_64bit.srcs/sources_1/bd/design_1/ipshared/cc3e/hdl/xdma_v4_1_vl_rfs.sv:37774]
INFO: [VRFC 10-2458] undeclared symbol sig_master_wr_idle, assumed default net type wire [c:/project/RTDS/DDR/RTDS_test_DDR4_64bit_batch_dev/RTDS_test_DDR4_64bit.srcs/sources_1/bd/design_1/ipshared/cc3e/hdl/xdma_v4_1_vl_rfs.sv:37844]
INFO: [VRFC 10-311] analyzing module xdma_v4_1_8_mem_simple_dport_ram
INFO: [VRFC 10-311] analyzing module xdma_v4_1_8_axi4mm_small_fifo
INFO: [VRFC 10-311] analyzing module xdma_v4_1_8_axi4mm_round_robin
INFO: [VRFC 10-311] analyzing module xdma_v4_1_8_axi4mm_find_first
INFO: [VRFC 10-311] analyzing module xdma_v4_1_8_udma_msix
INFO: [VRFC 10-311] analyzing module xdma_v4_1_8_udma_ram_top
INFO: [VRFC 10-311] analyzing module xdma_v4_1_8_udma_top
INFO: [VRFC 10-2458] undeclared symbol wbk_xdma_pcie_wpl_vld, assumed default net type wire [c:/project/RTDS/DDR/RTDS_test_DDR4_64bit_batch_dev/RTDS_test_DDR4_64bit.srcs/sources_1/bd/design_1/ipshared/cc3e/hdl/xdma_v4_1_vl_rfs.sv:43187]
INFO: [VRFC 10-2458] undeclared symbol wbk_xdma_pcie_wpl_dat, assumed default net type wire [c:/project/RTDS/DDR/RTDS_test_DDR4_64bit_batch_dev/RTDS_test_DDR4_64bit.srcs/sources_1/bd/design_1/ipshared/cc3e/hdl/xdma_v4_1_vl_rfs.sv:43188]
INFO: [VRFC 10-2458] undeclared symbol wbk_xdma_pcie_wrq_vld, assumed default net type wire [c:/project/RTDS/DDR/RTDS_test_DDR4_64bit_batch_dev/RTDS_test_DDR4_64bit.srcs/sources_1/bd/design_1/ipshared/cc3e/hdl/xdma_v4_1_vl_rfs.sv:43189]
INFO: [VRFC 10-2458] undeclared symbol wbk_xdma_pcie_wrq_req, assumed default net type wire [c:/project/RTDS/DDR/RTDS_test_DDR4_64bit_batch_dev/RTDS_test_DDR4_64bit.srcs/sources_1/bd/design_1/ipshared/cc3e/hdl/xdma_v4_1_vl_rfs.sv:43190]
INFO: [VRFC 10-2458] undeclared symbol wbk_xdma_axi_wpl_vld, assumed default net type wire [c:/project/RTDS/DDR/RTDS_test_DDR4_64bit_batch_dev/RTDS_test_DDR4_64bit.srcs/sources_1/bd/design_1/ipshared/cc3e/hdl/xdma_v4_1_vl_rfs.sv:43191]
INFO: [VRFC 10-2458] undeclared symbol wbk_xdma_axi_wpl_dat, assumed default net type wire [c:/project/RTDS/DDR/RTDS_test_DDR4_64bit_batch_dev/RTDS_test_DDR4_64bit.srcs/sources_1/bd/design_1/ipshared/cc3e/hdl/xdma_v4_1_vl_rfs.sv:43192]
INFO: [VRFC 10-2458] undeclared symbol wbk_xdma_axi_wrq_vld, assumed default net type wire [c:/project/RTDS/DDR/RTDS_test_DDR4_64bit_batch_dev/RTDS_test_DDR4_64bit.srcs/sources_1/bd/design_1/ipshared/cc3e/hdl/xdma_v4_1_vl_rfs.sv:43193]
INFO: [VRFC 10-2458] undeclared symbol wbk_xdma_axi_wrq_req, assumed default net type wire [c:/project/RTDS/DDR/RTDS_test_DDR4_64bit_batch_dev/RTDS_test_DDR4_64bit.srcs/sources_1/bd/design_1/ipshared/cc3e/hdl/xdma_v4_1_vl_rfs.sv:43194]
INFO: [VRFC 10-2458] undeclared symbol cfg_rro, assumed default net type wire [c:/project/RTDS/DDR/RTDS_test_DDR4_64bit_batch_dev/RTDS_test_DDR4_64bit.srcs/sources_1/bd/design_1/ipshared/cc3e/hdl/xdma_v4_1_vl_rfs.sv:44035]
INFO: [VRFC 10-311] analyzing module xdma_v4_1_8_udma_wrapper
WARNING: [VRFC 10-986] literal value truncated to fit in 4 bits [c:/project/RTDS/DDR/RTDS_test_DDR4_64bit_batch_dev/RTDS_test_DDR4_64bit.srcs/sources_1/bd/design_1/ipshared/cc3e/hdl/xdma_v4_1_vl_rfs.sv:44731]
WARNING: [VRFC 10-986] literal value truncated to fit in 4 bits [c:/project/RTDS/DDR/RTDS_test_DDR4_64bit_batch_dev/RTDS_test_DDR4_64bit.srcs/sources_1/bd/design_1/ipshared/cc3e/hdl/xdma_v4_1_vl_rfs.sv:44732]
INFO: [VRFC 10-2458] undeclared symbol cfg_dbe, assumed default net type wire [c:/project/RTDS/DDR/RTDS_test_DDR4_64bit_batch_dev/RTDS_test_DDR4_64bit.srcs/sources_1/bd/design_1/ipshared/cc3e/hdl/xdma_v4_1_vl_rfs.sv:45878]
INFO: [VRFC 10-311] analyzing module xdma_v4_1_8_dma_flr_cntl
INFO: [VRFC 10-311] analyzing module xdma_v4_1_8_ats_switch_reg_demux
INFO: [VRFC 10-2458] undeclared symbol ats_switch_awaddr_en, assumed default net type wire [c:/project/RTDS/DDR/RTDS_test_DDR4_64bit_batch_dev/RTDS_test_DDR4_64bit.srcs/sources_1/bd/design_1/ipshared/cc3e/hdl/xdma_v4_1_vl_rfs.sv:46581]
INFO: [VRFC 10-2458] undeclared symbol ats_switch_araddr_en, assumed default net type wire [c:/project/RTDS/DDR/RTDS_test_DDR4_64bit_batch_dev/RTDS_test_DDR4_64bit.srcs/sources_1/bd/design_1/ipshared/cc3e/hdl/xdma_v4_1_vl_rfs.sv:46582]
INFO: [VRFC 10-2458] undeclared symbol m_axib_awregion_int, assumed default net type wire [c:/project/RTDS/DDR/RTDS_test_DDR4_64bit_batch_dev/RTDS_test_DDR4_64bit.srcs/sources_1/bd/design_1/ipshared/cc3e/hdl/xdma_v4_1_vl_rfs.sv:46651]
INFO: [VRFC 10-2458] undeclared symbol m_axib_arregion_int, assumed default net type wire [c:/project/RTDS/DDR/RTDS_test_DDR4_64bit_batch_dev/RTDS_test_DDR4_64bit.srcs/sources_1/bd/design_1/ipshared/cc3e/hdl/xdma_v4_1_vl_rfs.sv:46675]
INFO: [VRFC 10-2458] undeclared symbol s_axi_awregion_ds, assumed default net type wire [c:/project/RTDS/DDR/RTDS_test_DDR4_64bit_batch_dev/RTDS_test_DDR4_64bit.srcs/sources_1/bd/design_1/ipshared/cc3e/hdl/xdma_v4_1_vl_rfs.sv:46694]
INFO: [VRFC 10-2458] undeclared symbol s_axi_awqos_ds, assumed default net type wire [c:/project/RTDS/DDR/RTDS_test_DDR4_64bit_batch_dev/RTDS_test_DDR4_64bit.srcs/sources_1/bd/design_1/ipshared/cc3e/hdl/xdma_v4_1_vl_rfs.sv:46695]
INFO: [VRFC 10-2458] undeclared symbol s_axi_arregion_ds, assumed default net type wire [c:/project/RTDS/DDR/RTDS_test_DDR4_64bit_batch_dev/RTDS_test_DDR4_64bit.srcs/sources_1/bd/design_1/ipshared/cc3e/hdl/xdma_v4_1_vl_rfs.sv:46713]
INFO: [VRFC 10-2458] undeclared symbol s_axi_arqos_ds, assumed default net type wire [c:/project/RTDS/DDR/RTDS_test_DDR4_64bit_batch_dev/RTDS_test_DDR4_64bit.srcs/sources_1/bd/design_1/ipshared/cc3e/hdl/xdma_v4_1_vl_rfs.sv:46714]
INFO: [VRFC 10-2458] undeclared symbol s_axil_awprot_ats, assumed default net type wire [c:/project/RTDS/DDR/RTDS_test_DDR4_64bit_batch_dev/RTDS_test_DDR4_64bit.srcs/sources_1/bd/design_1/ipshared/cc3e/hdl/xdma_v4_1_vl_rfs.sv:46768]
INFO: [VRFC 10-2458] undeclared symbol s_axil_arprot_ats, assumed default net type wire [c:/project/RTDS/DDR/RTDS_test_DDR4_64bit_batch_dev/RTDS_test_DDR4_64bit.srcs/sources_1/bd/design_1/ipshared/cc3e/hdl/xdma_v4_1_vl_rfs.sv:46779]
INFO: [VRFC 10-311] analyzing module xdma_v4_1_8_axi_str_cq_if
INFO: [VRFC 10-2458] undeclared symbol axist_sz_is_64b, assumed default net type wire [c:/project/RTDS/DDR/RTDS_test_DDR4_64bit_batch_dev/RTDS_test_DDR4_64bit.srcs/sources_1/bd/design_1/ipshared/cc3e/hdl/xdma_v4_1_vl_rfs.sv:46951]
INFO: [VRFC 10-311] analyzing module xdma_v4_1_8_axi_str_rq_if
INFO: [VRFC 10-311] analyzing module xdma_v4_1_8_pcie_cap_structure
INFO: [VRFC 10-2458] undeclared symbol blk_cfg_ext_read_received, assumed default net type wire [c:/project/RTDS/DDR/RTDS_test_DDR4_64bit_batch_dev/RTDS_test_DDR4_64bit.srcs/sources_1/bd/design_1/ipshared/cc3e/hdl/xdma_v4_1_vl_rfs.sv:47624]
INFO: [VRFC 10-2458] undeclared symbol blk_cfg_ext_write_received, assumed default net type wire [c:/project/RTDS/DDR/RTDS_test_DDR4_64bit_batch_dev/RTDS_test_DDR4_64bit.srcs/sources_1/bd/design_1/ipshared/cc3e/hdl/xdma_v4_1_vl_rfs.sv:47625]
INFO: [VRFC 10-311] analyzing module xdma_v4_1_8_axi4mm_a_upsizer
INFO: [VRFC 10-311] analyzing module xdma_v4_1_8_axi4mm_axi_register_slice
INFO: [VRFC 10-311] analyzing module xdma_v4_1_8_axi4mm_axi_upsizer
INFO: [VRFC 10-311] analyzing module xdma_v4_1_8_axi4mm_axic_register_slice
INFO: [VRFC 10-311] analyzing module xdma_v4_1_8_axi4mm_carry_and
INFO: [VRFC 10-311] analyzing module xdma_v4_1_8_axi4mm_carry_latch_and
INFO: [VRFC 10-311] analyzing module xdma_v4_1_8_axi4mm_carry_latch_or
INFO: [VRFC 10-311] analyzing module xdma_v4_1_8_axi4mm_carry_or
INFO: [VRFC 10-311] analyzing module xdma_v4_1_8_axi4mm_command_fifo
INFO: [VRFC 10-311] analyzing module xdma_v4_1_8_axi4mm_comparator
INFO: [VRFC 10-311] analyzing module xdma_v4_1_8_axi4mm_comparator_sel
INFO: [VRFC 10-311] analyzing module xdma_v4_1_8_axi4mm_comparator_sel_static
INFO: [VRFC 10-311] analyzing module xdma_v4_1_8_axi4mm_r_upsizer
INFO: [VRFC 10-311] analyzing module xdma_v4_1_8_axi4mm_w_upsizer
INFO: [VRFC 10-2263] Analyzing SystemVerilog file "c:/project/RTDS/DDR/RTDS_test_DDR4_64bit_batch_dev/RTDS_test_DDR4_64bit.srcs/sources_1/bd/design_1/ip/design_1_xdma_0_0/xdma_v4_1/hdl/verilog/design_1_xdma_0_0_dma_bram_wrap.sv" into library xil_defaultlib
INFO: [VRFC 10-311] analyzing module xdma_v4_1_8_dma_bram_wrap
INFO: [VRFC 10-311] analyzing module xdma_v4_1_8_dma_fifo_64x512_wrap
INFO: [VRFC 10-311] analyzing module xdma_v4_1_8_mem_simple_dport_bram
INFO: [VRFC 10-2263] Analyzing SystemVerilog file "c:/project/RTDS/DDR/RTDS_test_DDR4_64bit_batch_dev/RTDS_test_DDR4_64bit.srcs/sources_1/bd/design_1/ip/design_1_xdma_0_0/xdma_v4_1/hdl/verilog/design_1_xdma_0_0_dma_bram_wrap_1024.sv" into library xil_defaultlib
INFO: [VRFC 10-311] analyzing module xdma_v4_1_8_dma_bram_wrap_1024
INFO: [VRFC 10-2263] Analyzing SystemVerilog file "c:/project/RTDS/DDR/RTDS_test_DDR4_64bit_batch_dev/RTDS_test_DDR4_64bit.srcs/sources_1/bd/design_1/ip/design_1_xdma_0_0/xdma_v4_1/hdl/verilog/design_1_xdma_0_0_dma_bram_wrap_2048.sv" into library xil_defaultlib
INFO: [VRFC 10-311] analyzing module xdma_v4_1_8_dma_bram_wrap_2048
INFO: [VRFC 10-2263] Analyzing SystemVerilog file "c:/project/RTDS/DDR/RTDS_test_DDR4_64bit_batch_dev/RTDS_test_DDR4_64bit.srcs/sources_1/bd/design_1/ip/design_1_xdma_0_0/xdma_v4_1/hdl/verilog/design_1_xdma_0_0_core_top.sv" into library xil_defaultlib
INFO: [VRFC 10-311] analyzing module design_1_xdma_0_0_core_top
INFO: [VRFC 10-2458] undeclared symbol cfg_config_space_enable, assumed default net type wire [c:/project/RTDS/DDR/RTDS_test_DDR4_64bit_batch_dev/RTDS_test_DDR4_64bit.srcs/sources_1/bd/design_1/ip/design_1_xdma_0_0/xdma_v4_1/hdl/verilog/design_1_xdma_0_0_core_top.sv:4292]
INFO: [VRFC 10-2458] undeclared symbol cfg_hot_reset_in, assumed default net type wire [c:/project/RTDS/DDR/RTDS_test_DDR4_64bit_batch_dev/RTDS_test_DDR4_64bit.srcs/sources_1/bd/design_1/ip/design_1_xdma_0_0/xdma_v4_1/hdl/verilog/design_1_xdma_0_0_core_top.sv:4293]
INFO: [VRFC 10-2458] undeclared symbol usr_irq_fail, assumed default net type wire [c:/project/RTDS/DDR/RTDS_test_DDR4_64bit_batch_dev/RTDS_test_DDR4_64bit.srcs/sources_1/bd/design_1/ip/design_1_xdma_0_0/xdma_v4_1/hdl/verilog/design_1_xdma_0_0_core_top.sv:4778]
INFO: [VRFC 10-2263] Analyzing SystemVerilog file "c:/project/RTDS/DDR/RTDS_test_DDR4_64bit_batch_dev/RTDS_test_DDR4_64bit.srcs/sources_1/bd/design_1/ip/design_1_xdma_0_0/sim/design_1_xdma_0_0.sv" into library xil_defaultlib
INFO: [VRFC 10-311] analyzing module design_1_xdma_0_0
INFO: [VRFC 10-2263] Analyzing Verilog file "c:/project/RTDS/DDR/RTDS_test_DDR4_64bit_batch_dev/RTDS_test_DDR4_64bit.srcs/sources_1/bd/design_1/ip/design_1_INFO_EXCH_0_0/sim/design_1_INFO_EXCH_0_0.v" into library xil_defaultlib
INFO: [VRFC 10-311] analyzing module design_1_INFO_EXCH_0_0
INFO: [VRFC 10-2263] Analyzing Verilog file "c:/project/RTDS/DDR/RTDS_test_DDR4_64bit_batch_dev/RTDS_test_DDR4_64bit.srcs/sources_1/bd/design_1/ipshared/b752/hdl/generic_baseblocks_v2_1_vl_rfs.v" into library generic_baseblocks_v2_1_0
INFO: [VRFC 10-311] analyzing module generic_baseblocks_v2_1_0_carry_and
INFO: [VRFC 10-311] analyzing module generic_baseblocks_v2_1_0_carry_latch_and
INFO: [VRFC 10-311] analyzing module generic_baseblocks_v2_1_0_carry_latch_or
INFO: [VRFC 10-311] analyzing module generic_baseblocks_v2_1_0_carry_or
INFO: [VRFC 10-311] analyzing module generic_baseblocks_v2_1_0_carry
INFO: [VRFC 10-311] analyzing module generic_baseblocks_v2_1_0_command_fifo
INFO: [VRFC 10-311] analyzing module generic_baseblocks_v2_1_0_comparator_mask_static
INFO: [VRFC 10-311] analyzing module generic_baseblocks_v2_1_0_comparator_mask
INFO: [VRFC 10-311] analyzing module generic_baseblocks_v2_1_0_comparator_sel_mask_static
INFO: [VRFC 10-311] analyzing module generic_baseblocks_v2_1_0_comparator_sel_mask
INFO: [VRFC 10-311] analyzing module generic_baseblocks_v2_1_0_comparator_sel_static
INFO: [VRFC 10-311] analyzing module generic_baseblocks_v2_1_0_comparator_sel
INFO: [VRFC 10-311] analyzing module generic_baseblocks_v2_1_0_comparator_static
INFO: [VRFC 10-311] analyzing module generic_baseblocks_v2_1_0_comparator
INFO: [VRFC 10-311] analyzing module generic_baseblocks_v2_1_0_mux_enc
INFO: [VRFC 10-311] analyzing module generic_baseblocks_v2_1_0_mux
INFO: [VRFC 10-311] analyzing module generic_baseblocks_v2_1_0_nto1_mux
INFO: [VRFC 10-2263] Analyzing Verilog file "c:/project/RTDS/DDR/RTDS_test_DDR4_64bit_batch_dev/RTDS_test_DDR4_64bit.srcs/sources_1/bd/design_1/ipshared/ec67/hdl/axi_infrastructure_v1_1_vl_rfs.v" into library axi_infrastructure_v1_1_0
INFO: [VRFC 10-311] analyzing module axi_infrastructure_v1_1_0_axi2vector
INFO: [VRFC 10-311] analyzing module axi_infrastructure_v1_1_0_axic_srl_fifo
INFO: [VRFC 10-311] analyzing module axi_infrastructure_v1_1_0_vector2axi
INFO: [VRFC 10-2263] Analyzing Verilog file "c:/project/RTDS/DDR/RTDS_test_DDR4_64bit_batch_dev/RTDS_test_DDR4_64bit.srcs/sources_1/bd/design_1/ipshared/af2c/hdl/axi_register_slice_v2_1_vl_rfs.v" into library axi_register_slice_v2_1_22
INFO: [VRFC 10-311] analyzing module axi_register_slice_v2_1_22_test_master
INFO: [VRFC 10-311] analyzing module axi_register_slice_v2_1_22_test_slave
INFO: [VRFC 10-311] analyzing module axi_register_slice_v2_1_22_tdm_sample
INFO: [VRFC 10-311] analyzing module axi_register_slice_v2_1_22_auto_slr
INFO: [VRFC 10-311] analyzing module axi_register_slice_v2_1_22_auto_src
INFO: [VRFC 10-311] analyzing module axi_register_slice_v2_1_22_auto_dest
INFO: [VRFC 10-311] analyzing module axi_register_slice_v2_1_22_srl_rtl
INFO: [VRFC 10-311] analyzing module axi_register_slice_v2_1_22_axic_register_slice
INFO: [VRFC 10-311] analyzing module axi_register_slice_v2_1_22_multi_slr
INFO: [VRFC 10-311] analyzing module axi_register_slice_v2_1_22_middle_region_slr
INFO: [VRFC 10-311] analyzing module axi_register_slice_v2_1_22_source_region_slr
INFO: [VRFC 10-311] analyzing module axi_register_slice_v2_1_22_dest_region_slr
INFO: [VRFC 10-311] analyzing module axi_register_slice_v2_1_22_single_slr
INFO: [VRFC 10-311] analyzing module axi_register_slice_v2_1_22_axic_reg_srl_fifo
INFO: [VRFC 10-311] analyzing module axi_register_slice_v2_1_22_axi_register_slice
INFO: [VRFC 10-2263] Analyzing Verilog file "c:/project/RTDS/DDR/RTDS_test_DDR4_64bit_batch_dev/RTDS_test_DDR4_64bit.srcs/sources_1/bd/design_1/ipshared/276e/simulation/fifo_generator_vlog_beh.v" into library fifo_generator_v13_2_5
INFO: [VRFC 10-311] analyzing module fifo_generator_vlog_beh
INFO: [VRFC 10-2458] undeclared symbol wr_rst_busy_i, assumed default net type wire [c:/project/RTDS/DDR/RTDS_test_DDR4_64bit_batch_dev/RTDS_test_DDR4_64bit.srcs/sources_1/bd/design_1/ipshared/276e/simulation/fifo_generator_vlog_beh.v:1249]
INFO: [VRFC 10-2458] undeclared symbol wr_eop_ad, assumed default net type wire [c:/project/RTDS/DDR/RTDS_test_DDR4_64bit_batch_dev/RTDS_test_DDR4_64bit.srcs/sources_1/bd/design_1/ipshared/276e/simulation/fifo_generator_vlog_beh.v:1331]
INFO: [VRFC 10-2458] undeclared symbol rd_eop_ad, assumed default net type wire [c:/project/RTDS/DDR/RTDS_test_DDR4_64bit_batch_dev/RTDS_test_DDR4_64bit.srcs/sources_1/bd/design_1/ipshared/276e/simulation/fifo_generator_vlog_beh.v:1332]
INFO: [VRFC 10-2458] undeclared symbol rd_rst_busy_axis, assumed default net type wire [c:/project/RTDS/DDR/RTDS_test_DDR4_64bit_batch_dev/RTDS_test_DDR4_64bit.srcs/sources_1/bd/design_1/ipshared/276e/simulation/fifo_generator_vlog_beh.v:1574]
INFO: [VRFC 10-2458] undeclared symbol rd_rst_busy_wach, assumed default net type wire [c:/project/RTDS/DDR/RTDS_test_DDR4_64bit_batch_dev/RTDS_test_DDR4_64bit.srcs/sources_1/bd/design_1/ipshared/276e/simulation/fifo_generator_vlog_beh.v:2099]
INFO: [VRFC 10-2458] undeclared symbol rd_rst_busy_wdch, assumed default net type wire [c:/project/RTDS/DDR/RTDS_test_DDR4_64bit_batch_dev/RTDS_test_DDR4_64bit.srcs/sources_1/bd/design_1/ipshared/276e/simulation/fifo_generator_vlog_beh.v:2319]
INFO: [VRFC 10-2458] undeclared symbol rd_rst_busy_wrch, assumed default net type wire [c:/project/RTDS/DDR/RTDS_test_DDR4_64bit_batch_dev/RTDS_test_DDR4_64bit.srcs/sources_1/bd/design_1/ipshared/276e/simulation/fifo_generator_vlog_beh.v:2486]
INFO: [VRFC 10-2458] undeclared symbol rd_rst_busy_rach, assumed default net type wire [c:/project/RTDS/DDR/RTDS_test_DDR4_64bit_batch_dev/RTDS_test_DDR4_64bit.srcs/sources_1/bd/design_1/ipshared/276e/simulation/fifo_generator_vlog_beh.v:2866]
INFO: [VRFC 10-2458] undeclared symbol rd_rst_busy_rdch, assumed default net type wire [c:/project/RTDS/DDR/RTDS_test_DDR4_64bit_batch_dev/RTDS_test_DDR4_64bit.srcs/sources_1/bd/design_1/ipshared/276e/simulation/fifo_generator_vlog_beh.v:3099]
INFO: [VRFC 10-311] analyzing module fifo_generator_v13_2_5_CONV_VER
INFO: [VRFC 10-2458] undeclared symbol safety_ckt_rd_rst, assumed default net type wire [c:/project/RTDS/DDR/RTDS_test_DDR4_64bit_batch_dev/RTDS_test_DDR4_64bit.srcs/sources_1/bd/design_1/ipshared/276e/simulation/fifo_generator_vlog_beh.v:4153]
INFO: [VRFC 10-2458] undeclared symbol safety_ckt_rd_rst, assumed default net type wire [c:/project/RTDS/DDR/RTDS_test_DDR4_64bit_batch_dev/RTDS_test_DDR4_64bit.srcs/sources_1/bd/design_1/ipshared/276e/simulation/fifo_generator_vlog_beh.v:4361]
INFO: [VRFC 10-311] analyzing module fifo_generator_v13_2_5_sync_stage
INFO: [VRFC 10-311] analyzing module fifo_generator_v13_2_5_bhv_ver_as
INFO: [VRFC 10-311] analyzing module fifo_generator_v13_2_5_beh_ver_ll_afifo
INFO: [VRFC 10-311] analyzing module fifo_generator_v13_2_5_bhv_ver_ss
INFO: [VRFC 10-2458] undeclared symbol srst_wrst_busy, assumed default net type wire [c:/project/RTDS/DDR/RTDS_test_DDR4_64bit_batch_dev/RTDS_test_DDR4_64bit.srcs/sources_1/bd/design_1/ipshared/276e/simulation/fifo_generator_vlog_beh.v:7793]
INFO: [VRFC 10-311] analyzing module fifo_generator_v13_2_5_bhv_ver_preload0
INFO: [VRFC 10-311] analyzing module fifo_generator_v13_2_5_axic_reg_slice
INFO: [VRFC 10-2263] Analyzing Verilog file "c:/project/RTDS/DDR/RTDS_test_DDR4_64bit_batch_dev/RTDS_test_DDR4_64bit.srcs/sources_1/bd/design_1/ipshared/276e/hdl/fifo_generator_v13_2_rfs.v" into library fifo_generator_v13_2_5
INFO: [VRFC 10-311] analyzing module fifo_generator_v13_2_5
INFO: [VRFC 10-2458] undeclared symbol sleep_i, assumed default net type wire [c:/project/RTDS/DDR/RTDS_test_DDR4_64bit_batch_dev/RTDS_test_DDR4_64bit.srcs/sources_1/bd/design_1/ipshared/276e/hdl/fifo_generator_v13_2_rfs.v:519]
INFO: [VRFC 10-2263] Analyzing Verilog file "c:/project/RTDS/DDR/RTDS_test_DDR4_64bit_batch_dev/RTDS_test_DDR4_64bit.srcs/sources_1/bd/design_1/ipshared/54c0/hdl/axi_data_fifo_v2_1_vl_rfs.v" into library axi_data_fifo_v2_1_21
INFO: [VRFC 10-311] analyzing module axi_data_fifo_v2_1_21_axic_fifo
INFO: [VRFC 10-311] analyzing module axi_data_fifo_v2_1_21_fifo_gen
INFO: [VRFC 10-311] analyzing module axi_data_fifo_v2_1_21_axic_srl_fifo
INFO: [VRFC 10-311] analyzing module axi_data_fifo_v2_1_21_axic_reg_srl_fifo
INFO: [VRFC 10-311] analyzing module axi_data_fifo_v2_1_21_ndeep_srl
INFO: [VRFC 10-311] analyzing module axi_data_fifo_v2_1_21_axi_data_fifo
INFO: [VRFC 10-2263] Analyzing Verilog file "c:/project/RTDS/DDR/RTDS_test_DDR4_64bit_batch_dev/RTDS_test_DDR4_64bit.srcs/sources_1/bd/design_1/ipshared/bc0a/hdl/axi_crossbar_v2_1_vl_rfs.v" into library axi_crossbar_v2_1_23
INFO: [VRFC 10-311] analyzing module axi_crossbar_v2_1_23_addr_arbiter_sasd
INFO: [VRFC 10-311] analyzing module axi_crossbar_v2_1_23_addr_arbiter
INFO: [VRFC 10-311] analyzing module axi_crossbar_v2_1_23_addr_decoder
INFO: [VRFC 10-311] analyzing module axi_crossbar_v2_1_23_arbiter_resp
INFO: [VRFC 10-311] analyzing module axi_crossbar_v2_1_23_crossbar_sasd
INFO: [VRFC 10-311] analyzing module axi_crossbar_v2_1_23_crossbar
INFO: [VRFC 10-311] analyzing module axi_crossbar_v2_1_23_decerr_slave
INFO: [VRFC 10-311] analyzing module axi_crossbar_v2_1_23_si_transactor
INFO: [VRFC 10-311] analyzing module axi_crossbar_v2_1_23_splitter
INFO: [VRFC 10-311] analyzing module axi_crossbar_v2_1_23_wdata_mux
INFO: [VRFC 10-311] analyzing module axi_crossbar_v2_1_23_wdata_router
INFO: [VRFC 10-311] analyzing module axi_crossbar_v2_1_23_axi_crossbar
INFO: [VRFC 10-2263] Analyzing Verilog file "c:/project/RTDS/DDR/RTDS_test_DDR4_64bit_batch_dev/RTDS_test_DDR4_64bit.srcs/sources_1/bd/design_1/ip/design_1_xbar_0/sim/design_1_xbar_0.v" into library xil_defaultlib
INFO: [VRFC 10-311] analyzing module design_1_xbar_0
INFO: [VRFC 10-2263] Analyzing Verilog file "C:/project/RTDS/DDR/RTDS_test_DDR4_64bit_batch_dev/RTDS_test_DDR4_64bit.srcs/sources_1/bd/design_1/sim/design_1.v" into library xil_defaultlib
INFO: [VRFC 10-311] analyzing module design_1
INFO: [VRFC 10-311] analyzing module design_1_axi_interconnect_0_1
INFO: [VRFC 10-311] analyzing module design_1_axi_interconnect_0_2
INFO: [VRFC 10-311] analyzing module m00_couplers_imp_1CA5Z32
INFO: [VRFC 10-311] analyzing module s00_couplers_imp_HS4N6K
INFO: [VRFC 10-311] analyzing module s00_couplers_imp_O7FAN0
INFO: [VRFC 10-311] analyzing module s01_couplers_imp_1F69D31
INFO: [VRFC 10-2263] Analyzing Verilog file "c:/project/RTDS/DDR/RTDS_test_DDR4_64bit_batch_dev/RTDS_test_DDR4_64bit.srcs/sources_1/bd/design_1/ipshared/1304/hdl/axi_clock_converter_v2_1_vl_rfs.v" into library axi_clock_converter_v2_1_21
INFO: [VRFC 10-311] analyzing module axi_clock_converter_v2_1_21_axic_sync_clock_converter
INFO: [VRFC 10-311] analyzing module axi_clock_converter_v2_1_21_axic_sample_cycle_ratio
INFO: [VRFC 10-311] analyzing module axi_clock_converter_v2_1_21_lite_async
INFO: [VRFC 10-311] analyzing module axi_clock_converter_v2_1_21_axi_clock_converter
INFO: [VRFC 10-2263] Analyzing Verilog file "c:/project/RTDS/DDR/RTDS_test_DDR4_64bit_batch_dev/RTDS_test_DDR4_64bit.srcs/sources_1/bd/design_1/ip/design_1_auto_cc_0/sim/design_1_auto_cc_0.v" into library xil_defaultlib
INFO: [VRFC 10-311] analyzing module design_1_auto_cc_0
INFO: [VRFC 10-2263] Analyzing Verilog file "c:/project/RTDS/DDR/RTDS_test_DDR4_64bit_batch_dev/RTDS_test_DDR4_64bit.srcs/sources_1/bd/design_1/ip/design_1_auto_cc_1/sim/design_1_auto_cc_1.v" into library xil_defaultlib
INFO: [VRFC 10-311] analyzing module design_1_auto_cc_1
INFO: [VRFC 10-2263] Analyzing Verilog file "c:/project/RTDS/DDR/RTDS_test_DDR4_64bit_batch_dev/RTDS_test_DDR4_64bit.srcs/sources_1/ip/ila_FDMA/sim/ila_FDMA.v" into library xil_defaultlib
INFO: [VRFC 10-311] analyzing module ila_FDMA
INFO: [VRFC 10-2263] Analyzing Verilog file "C:/project/RTDS/DDR/RTDS_test_DDR4_64bit_batch_dev/RTDS_test_DDR4_64bit.srcs/sources_1/new/PCIe.v" into library xil_defaultlib
INFO: [VRFC 10-311] analyzing module PCIe
INFO: [VRFC 10-2263] Analyzing Verilog file "C:/project/RTDS/DDR/RTDS_test_DDR4_64bit_batch_dev/RTDS_test_DDR4_64bit.srcs/sources_1/bd/design_1/hdl/design_1_wrapper.v" into library xil_defaultlib
INFO: [VRFC 10-311] analyzing module design_1_wrapper
INFO: [VRFC 10-2263] Analyzing Verilog file "C:/project/RTDS/DDR/RTDS_test_DDR4_64bit_batch_dev/external_snapshot/fdma_aurora_brg/fdma_aurora_brg.srcs/sources_1 - loop_validate/new/fdma_aurora_brg_tx.v" into library xil_defaultlib
INFO: [VRFC 10-311] analyzing module fdma_aurora_brg_tx
INFO: [VRFC 10-2263] Analyzing Verilog file "C:/project/RTDS/DDR/RTDS_test_DDR4_64bit_batch_dev/regression/sim_xdma_rootport/vendor/xdma_rp_2020_2/pci_exp_usrapp_cfg.v" into library xil_defaultlib
INFO: [VRFC 10-311] analyzing module pci_exp_usrapp_cfg
INFO: [VRFC 10-2263] Analyzing Verilog file "C:/project/RTDS/DDR/RTDS_test_DDR4_64bit_batch_dev/regression/sim_xdma_rootport/vendor/xdma_rp_2020_2/pci_exp_usrapp_com.v" into library xil_defaultlib
INFO: [VRFC 10-311] analyzing module pci_exp_usrapp_com
INFO: [VRFC 10-2263] Analyzing Verilog file "C:/project/RTDS/DDR/RTDS_test_DDR4_64bit_batch_dev/regression/sim_xdma_rootport/vendor/xdma_rp_2020_2/pci_exp_usrapp_rx.v" into library xil_defaultlib
INFO: [VRFC 10-311] analyzing module pci_exp_usrapp_rx
INFO: [VRFC 10-2263] Analyzing Verilog file "C:/project/RTDS/DDR/RTDS_test_DDR4_64bit_batch_dev/regression/sim_xdma_rootport/vendor/xdma_rp_2020_2/pci_exp_usrapp_tx.v" into library xil_defaultlib
INFO: [VRFC 10-311] analyzing module pci_exp_usrapp_tx
INFO: [VRFC 10-2263] Analyzing Verilog file "C:/project/RTDS/DDR/RTDS_test_DDR4_64bit_batch_dev/regression/sim_xdma_rootport/vendor/xdma_rp_2020_2/pcie3_uscale_rp_core_top.v" into library xil_defaultlib
INFO: [VRFC 10-311] analyzing module rp_pcie3_uscale_core_top
INFO: [VRFC 10-2458] undeclared symbol mcap_clk, assumed default net type wire [C:/project/RTDS/DDR/RTDS_test_DDR4_64bit_batch_dev/regression/sim_xdma_rootport/vendor/xdma_rp_2020_2/pcie3_uscale_rp_core_top.v:1763]
INFO: [VRFC 10-2458] undeclared symbol mcap_clk, assumed default net type wire [C:/project/RTDS/DDR/RTDS_test_DDR4_64bit_batch_dev/regression/sim_xdma_rootport/vendor/xdma_rp_2020_2/pcie3_uscale_rp_core_top.v:3166]
INFO: [VRFC 10-311] analyzing module rp_pcie3_uscale_top
INFO: [VRFC 10-311] analyzing module rp_init_ctrl
INFO: [VRFC 10-311] analyzing module rp_tph_tbl
INFO: [VRFC 10-311] analyzing module rp_pipe_pipeline
INFO: [VRFC 10-311] analyzing module rp_pipe_misc
INFO: [VRFC 10-311] analyzing module rp_pipe_lane
INFO: [VRFC 10-311] analyzing module rp_pcie3_uscale_wrapper
INFO: [VRFC 10-311] analyzing module rp_bram
INFO: [VRFC 10-311] analyzing module rp_bram_rep
INFO: [VRFC 10-311] analyzing module rp_bram_rep_8k
INFO: [VRFC 10-311] analyzing module rp_bram_req
INFO: [VRFC 10-311] analyzing module rp_bram_8k
INFO: [VRFC 10-311] analyzing module rp_bram_cpl
INFO: [VRFC 10-311] analyzing module rp_bram_16k
INFO: [VRFC 10-311] analyzing module rp_deemph
INFO: [VRFC 10-311] analyzing module rp_rxcdrhold
INFO: [VRFC 10-311] analyzing module rp_phy_sync
INFO: [VRFC 10-311] analyzing module rp_phy_sync_cell
INFO: [VRFC 10-311] analyzing module rp_phy_wrapper
INFO: [VRFC 10-311] analyzing module rp_phy_clk
INFO: [VRFC 10-311] analyzing module rp_phy_rst
INFO: [VRFC 10-311] analyzing module rp_phy_txeq
INFO: [VRFC 10-311] analyzing module rp_phy_rxeq
INFO: [VRFC 10-311] analyzing module rp_phy_reset_sync
INFO: [VRFC 10-311] analyzing module rp_phy_multi_pipe_sync
INFO: [VRFC 10-311] analyzing module rp_phy_freq_cntr
INFO: [VRFC 10-311] analyzing module rp_gt_channel
INFO: [VRFC 10-311] analyzing module rp_gt_common
INFO: [VRFC 10-311] analyzing module rp_gtwizard_top
INFO: [VRFC 10-311] analyzing module rp_gt
INFO: [VRFC 10-311] analyzing module rp_gt_gtwizard_top
INFO: [VRFC 10-311] analyzing module rp_gt_gtwizard_gthe3
INFO: [VRFC 10-311] analyzing module rp_gt_gthe3_common_wrapper
INFO: [VRFC 10-311] analyzing module gtwizard_ultrascale_v1_5_4_gthe3_common_rp
INFO: [VRFC 10-311] analyzing module rp_gt_gthe3_channel_wrapper
INFO: [VRFC 10-311] analyzing module gtwizard_ultrascale_v1_5_4_gthe3_channel_rp
INFO: [VRFC 10-311] analyzing module gtwizard_ultrascale_v1_5_4_gthe3_cpll_cal_rp
INFO: [VRFC 10-311] analyzing module gtwizard_ultrascale_v1_5_4_reset_synchronizer_rp
INFO: [VRFC 10-311] analyzing module gtwizard_ultrascale_v1_5_4_bit_synchronizer_rp
INFO: [VRFC 10-311] analyzing module gtwizard_ultrascale_v1_5_4_gthe3_cpll_cal_freq_counter_rp
INFO: [VRFC 10-311] analyzing module gtwizard_ultrascale_v1_5_4_gtwiz_userclk_tx_rp
INFO: [VRFC 10-311] analyzing module gtwizard_ultrascale_v1_5_4_gtwiz_userclk_rx_rp
INFO: [VRFC 10-311] analyzing module gtwizard_ultrascale_v1_5_4_gtwiz_buffbypass_tx_rp
INFO: [VRFC 10-311] analyzing module gtwizard_ultrascale_v1_5_4_gtwiz_buffbypass_rx_rp
INFO: [VRFC 10-311] analyzing module gtwizard_ultrascale_v1_5_4_gtwiz_reset_rp
INFO: [VRFC 10-311] analyzing module gtwizard_ultrascale_v1_5_4_gtwiz_userdata_tx_rp
INFO: [VRFC 10-311] analyzing module gtwizard_ultrascale_v1_5_4_gtwiz_userdata_rx_rp
INFO: [VRFC 10-2263] Analyzing Verilog file "C:/project/RTDS/DDR/RTDS_test_DDR4_64bit_batch_dev/regression/sim_xdma_rootport/vendor/xdma_rp_2020_2/pcie3_uscale_rp_top.v" into library xil_defaultlib
INFO: [VRFC 10-311] analyzing module pcie3_uscale_rp_top
INFO: [VRFC 10-2263] Analyzing Verilog file "C:/project/RTDS/DDR/RTDS_test_DDR4_64bit_batch_dev/RTDS_test_DDR4_64bit.srcs/sources_1/new/pcie_fdma_aurora_brg_adapter.v" into library xil_defaultlib
INFO: [VRFC 10-311] analyzing module pcie_fdma_aurora_brg_adapter
INFO: [VRFC 10-2263] Analyzing Verilog file "C:/project/RTDS/DDR/RTDS_test_DDR4_64bit_batch_dev/rtl/rtds_fpga_count_cdc.v" into library xil_defaultlib
INFO: [VRFC 10-311] analyzing module RTDS_FPGA_COUNT_CDC
INFO: [VRFC 10-2263] Analyzing Verilog file "C:/project/RTDS/DDR/RTDS_test_DDR4_64bit_batch_dev/rtl/rtds_fpga_reset_sync.v" into library xil_defaultlib
INFO: [VRFC 10-311] analyzing module RTDS_FPGA_RESET_SYNC
INFO: [VRFC 10-2263] Analyzing Verilog file "C:/project/RTDS/DDR/RTDS_test_DDR4_64bit_batch_dev/rtl/rtds_rx_block_writer.v" into library xil_defaultlib
INFO: [VRFC 10-311] analyzing module RTDS_RX_BLOCK_WRITER
INFO: [VRFC 10-2263] Analyzing Verilog file "C:/project/RTDS/DDR/RTDS_test_DDR4_64bit_batch_dev/rtl/rtds_rx_frame_fifo.v" into library xil_defaultlib
INFO: [VRFC 10-311] analyzing module RTDS_RX_FRAME_FIFO
INFO: [VRFC 10-2263] Analyzing Verilog file "C:/project/RTDS/DDR/RTDS_test_DDR4_64bit_batch_dev/regression/sim_xdma_rootport/vendor/xdma_rp_2020_2/sys_clk_gen.v" into library xil_defaultlib
INFO: [VRFC 10-311] analyzing module sys_clk_gen
INFO: [VRFC 10-2263] Analyzing Verilog file "C:/project/RTDS/DDR/RTDS_test_DDR4_64bit_batch_dev/regression/sim_xdma_rootport/vendor/xdma_rp_2020_2/sys_clk_gen_ds.v" into library xil_defaultlib
INFO: [VRFC 10-311] analyzing module sys_clk_gen_ds
INFO: [VRFC 10-2263] Analyzing Verilog file "C:/project/RTDS/DDR/RTDS_test_DDR4_64bit_batch_dev/regression/sim_xdma_rootport/vendor/xdma_rp_2020_2/xilinx_pcie_uscale_rp.v" into library xil_defaultlib
INFO: [VRFC 10-311] analyzing module xilinx_pcie3_uscale_rp
INFO: [VRFC 10-2263] Analyzing SystemVerilog file "C:/project/RTDS/DDR/RTDS_test_DDR4_64bit_batch_dev/regression/sim_xdma_rootport/tb/rtds_rootport_pkg.sv" into library xil_defaultlib
INFO: [VRFC 10-2263] Analyzing SystemVerilog file "C:/project/RTDS/DDR/RTDS_test_DDR4_64bit_batch_dev/regression/sim_xdma_rootport/tb/aurora_ll_peer_bfm.sv" into library xil_defaultlib
INFO: [VRFC 10-311] analyzing module aurora_ll_peer_bfm
INFO: [VRFC 10-2263] Analyzing SystemVerilog file "C:/project/RTDS/DDR/RTDS_test_DDR4_64bit_batch_dev/regression/sim_xdma_rootport/tb/pcie_cq_host_memory_monitor.sv" into library xil_defaultlib
INFO: [VRFC 10-311] analyzing module pcie_cq_host_memory_monitor
INFO: [VRFC 10-2263] Analyzing SystemVerilog file "C:/project/RTDS/DDR/RTDS_test_DDR4_64bit_batch_dev/rtl/ddr4/rtds_axi_ram_model.sv" into library xil_defaultlib
INFO: [VRFC 10-311] analyzing module rtds_axi_ram_model
INFO: [VRFC 10-2263] Analyzing SystemVerilog file "C:/project/RTDS/DDR/RTDS_test_DDR4_64bit_batch_dev/rtl/ddr4/rtds_ddr4_backend.sv" into library xil_defaultlib
INFO: [VRFC 10-311] analyzing module rtds_ddr4_backend
INFO: [VRFC 10-2263] Analyzing SystemVerilog file "C:/project/RTDS/DDR/RTDS_test_DDR4_64bit_batch_dev/regression/sim_xdma_rootport/tb/rtds_pcie_ep_sim_wrapper.sv" into library xil_defaultlib
INFO: [VRFC 10-311] analyzing module rtds_pcie_ep_sim_wrapper
INFO: [VRFC 10-2263] Analyzing SystemVerilog file "C:/project/RTDS/DDR/RTDS_test_DDR4_64bit_batch_dev/regression/sim_xdma_rootport/tb/rtds_rootport_assertions.sv" into library xil_defaultlib
INFO: [VRFC 10-311] analyzing module rtds_rootport_assertions
INFO: [VRFC 10-2263] Analyzing SystemVerilog file "C:/project/RTDS/DDR/RTDS_test_DDR4_64bit_batch_dev/regression/sim_xdma_rootport/tb/board.sv" into library xil_defaultlib
INFO: [VRFC 10-311] analyzing module xdma_irq_monitor
INFO: [VRFC 10-311] analyzing module conv_dma_axi_monitor
INFO: [VRFC 10-311] analyzing module xdma_axi_activity_monitor
INFO: [VRFC 10-311] analyzing module board
INFO: [VRFC 10-2263] Analyzing Verilog file "C:/project/RTDS/DDR/RTDS_test_DDR4_64bit_batch_dev/regression/sim_xdma_rootport/work/export/xsim/glbl.v" into library xil_defaultlib
INFO: [VRFC 10-311] analyzing module glbl
