Vivado Simulator 2020.2
Copyright 1986-1999, 2001-2020 Xilinx, Inc. All Rights Reserved.
Running: C:/Xilinx/Vivado/2020.2/bin/unwrapped/win64.o/xelab.exe --relax --debug off --mt off -L xilinx_vip -L xpm -L xil_defaultlib -L gtwizard_ultrascale_v1_7_9 -L blk_mem_gen_v8_4_4 -L xdma_v4_1_8 -L generic_baseblocks_v2_1_0 -L axi_infrastructure_v1_1_0 -L axi_register_slice_v2_1_22 -L fifo_generator_v13_2_5 -L axi_data_fifo_v2_1_21 -L axi_crossbar_v2_1_23 -L axi_clock_converter_v2_1_21 -L unisims_ver -L unimacro_ver -L secureip --snapshot board xil_defaultlib.board xil_defaultlib.glbl -log C:\project\RTDS\DDR\RTDS_test_DDR4_64bit_batch_dev\regression\sim_xdma_rootport\logs\xelab.log --O3 
Turned off multi-threading.
Starting static elaboration
Pass Through NonSizing Optimizer
WARNING: [VRFC 10-3091] actual bit length 7 differs from formal bit length 6 for port 'rbar_bar_size_sd' [c:/project/RTDS/DDR/RTDS_test_DDR4_64bit_batch_dev/RTDS_test_DDR4_64bit.srcs/sources_1/bd/design_1/ip/design_1_xdma_0_0/sim/design_1_xdma_0_0.sv:1606]
WARNING: [VRFC 10-3091] actual bit length 9 differs from formal bit length 8 for port 'rbar_function_number_sd' [c:/project/RTDS/DDR/RTDS_test_DDR4_64bit_batch_dev/RTDS_test_DDR4_64bit.srcs/sources_1/bd/design_1/ip/design_1_xdma_0_0/sim/design_1_xdma_0_0.sv:1607]
WARNING: [VRFC 10-3091] actual bit length 3 differs from formal bit length 2 for port 'cfg_max_payload_sd' [c:/project/RTDS/DDR/RTDS_test_DDR4_64bit_batch_dev/RTDS_test_DDR4_64bit.srcs/sources_1/bd/design_1/ip/design_1_xdma_0_0/sim/design_1_xdma_0_0.sv:1619]
WARNING: [VRFC 10-3091] actual bit length 1 differs from formal bit length 252 for port 'cfg_vf_flr_done' [c:/project/RTDS/DDR/RTDS_test_DDR4_64bit_batch_dev/RTDS_test_DDR4_64bit.srcs/sources_1/bd/design_1/ipshared/cc3e/hdl/xdma_v4_1_vl_rfs.sv:45506]
WARNING: [VRFC 10-3091] actual bit length 256 differs from formal bit length 64 for port 'cfg_interrupt_msix_address' [c:/project/RTDS/DDR/RTDS_test_DDR4_64bit_batch_dev/RTDS_test_DDR4_64bit.srcs/sources_1/bd/design_1/ipshared/cc3e/hdl/xdma_v4_1_vl_rfs.sv:45897]
WARNING: [VRFC 10-3091] actual bit length 4 differs from formal bit length 1 for port 'm_axis_rq_tready' [c:/project/RTDS/DDR/RTDS_test_DDR4_64bit_batch_dev/RTDS_test_DDR4_64bit.srcs/sources_1/bd/design_1/ipshared/cc3e/hdl/xdma_v4_1_vl_rfs.sv:44087]
WARNING: [VRFC 10-3091] actual bit length 1 differs from formal bit length 4 for port 'CFG_MSIEN_IN' [c:/project/RTDS/DDR/RTDS_test_DDR4_64bit_batch_dev/RTDS_test_DDR4_64bit.srcs/sources_1/bd/design_1/ipshared/cc3e/hdl/xdma_v4_1_vl_rfs.sv:44394]
WARNING: [VRFC 10-3091] actual bit length 256 differs from formal bit length 4 for port 'cfg_flr_done' [c:/project/RTDS/DDR/RTDS_test_DDR4_64bit_batch_dev/RTDS_test_DDR4_64bit.srcs/sources_1/bd/design_1/ipshared/cc3e/hdl/xdma_v4_1_vl_rfs.sv:44449]
WARNING: [VRFC 10-3091] actual bit length 2 differs from formal bit length 8 for port 'pci_exp_txn' [C:/project/RTDS/DDR/RTDS_test_DDR4_64bit_batch_dev/regression/sim_xdma_rootport/vendor/xdma_rp_2020_2/xilinx_pcie_uscale_rp.v:298]
WARNING: [VRFC 10-3091] actual bit length 2 differs from formal bit length 8 for port 'pci_exp_txp' [C:/project/RTDS/DDR/RTDS_test_DDR4_64bit_batch_dev/regression/sim_xdma_rootport/vendor/xdma_rp_2020_2/xilinx_pcie_uscale_rp.v:299]
WARNING: [VRFC 10-3091] actual bit length 2 differs from formal bit length 8 for port 'pci_exp_rxn' [C:/project/RTDS/DDR/RTDS_test_DDR4_64bit_batch_dev/regression/sim_xdma_rootport/vendor/xdma_rp_2020_2/xilinx_pcie_uscale_rp.v:300]
WARNING: [VRFC 10-3091] actual bit length 2 differs from formal bit length 8 for port 'pci_exp_rxp' [C:/project/RTDS/DDR/RTDS_test_DDR4_64bit_batch_dev/regression/sim_xdma_rootport/vendor/xdma_rp_2020_2/xilinx_pcie_uscale_rp.v:301]
WARNING: [VRFC 10-5021] port 'aclk2x' is not connected on this instance [c:/project/RTDS/DDR/RTDS_test_DDR4_64bit_batch_dev/RTDS_test_DDR4_64bit.srcs/sources_1/bd/design_1/ipshared/bc0a/hdl/axi_crossbar_v2_1_vl_rfs.v:3103]
WARNING: [VRFC 10-5021] port 'cfg_fc_vc_sel' is not connected on this instance [c:/project/RTDS/DDR/RTDS_test_DDR4_64bit_batch_dev/RTDS_test_DDR4_64bit.srcs/sources_1/bd/design_1/ip/design_1_xdma_0_0/sim/design_1_xdma_0_0.sv:279]
WARNING: [VRFC 10-3027] 'cfg_max_payload' was previously declared with a different range [c:/project/RTDS/DDR/RTDS_test_DDR4_64bit_batch_dev/RTDS_test_DDR4_64bit.srcs/sources_1/bd/design_1/ip/design_1_xdma_0_0/xdma_v4_1/hdl/verilog/design_1_xdma_0_0_core_top.sv:3717]
WARNING: [VRFC 10-3705] select index 1 into 'h2c_dat_bram_in' is out of bounds [c:/project/RTDS/DDR/RTDS_test_DDR4_64bit_batch_dev/RTDS_test_DDR4_64bit.srcs/sources_1/bd/design_1/ipshared/cc3e/hdl/xdma_v4_1_vl_rfs.sv:41959]
WARNING: [VRFC 10-3705] select index 1 into 'h2c_dat_bram_in' is out of bounds [c:/project/RTDS/DDR/RTDS_test_DDR4_64bit_batch_dev/RTDS_test_DDR4_64bit.srcs/sources_1/bd/design_1/ipshared/cc3e/hdl/xdma_v4_1_vl_rfs.sv:41960]
WARNING: [VRFC 10-3705] select index 1 into 'h2c_dat_bram_out' is out of bounds [c:/project/RTDS/DDR/RTDS_test_DDR4_64bit_batch_dev/RTDS_test_DDR4_64bit.srcs/sources_1/bd/design_1/ipshared/cc3e/hdl/xdma_v4_1_vl_rfs.sv:41961]
WARNING: [VRFC 10-3705] select index 1 into 'h2c_dat_bram_out' is out of bounds [c:/project/RTDS/DDR/RTDS_test_DDR4_64bit_batch_dev/RTDS_test_DDR4_64bit.srcs/sources_1/bd/design_1/ipshared/cc3e/hdl/xdma_v4_1_vl_rfs.sv:41962]
WARNING: [VRFC 10-3705] select index 1 into 'h2c_dat_bram_cmd_out' is out of bounds [c:/project/RTDS/DDR/RTDS_test_DDR4_64bit_batch_dev/RTDS_test_DDR4_64bit.srcs/sources_1/bd/design_1/ipshared/cc3e/hdl/xdma_v4_1_vl_rfs.sv:41963]
WARNING: [VRFC 10-3705] select index 1 into 'h2c_dat_bram_cmd_out' is out of bounds [c:/project/RTDS/DDR/RTDS_test_DDR4_64bit_batch_dev/RTDS_test_DDR4_64bit.srcs/sources_1/bd/design_1/ipshared/cc3e/hdl/xdma_v4_1_vl_rfs.sv:41964]
WARNING: [VRFC 10-3705] select index 1 into 'h2c_dat_bram_cmd_out' is out of bounds [c:/project/RTDS/DDR/RTDS_test_DDR4_64bit_batch_dev/RTDS_test_DDR4_64bit.srcs/sources_1/bd/design_1/ipshared/cc3e/hdl/xdma_v4_1_vl_rfs.sv:41966]
WARNING: [VRFC 10-3705] select index 2 into 'h2c_dat_bram_in' is out of bounds [c:/project/RTDS/DDR/RTDS_test_DDR4_64bit_batch_dev/RTDS_test_DDR4_64bit.srcs/sources_1/bd/design_1/ipshared/cc3e/hdl/xdma_v4_1_vl_rfs.sv:41968]
WARNING: [VRFC 10-3705] select index 2 into 'h2c_dat_bram_in' is out of bounds [c:/project/RTDS/DDR/RTDS_test_DDR4_64bit_batch_dev/RTDS_test_DDR4_64bit.srcs/sources_1/bd/design_1/ipshared/cc3e/hdl/xdma_v4_1_vl_rfs.sv:41969]
WARNING: [VRFC 10-3705] select index 2 into 'h2c_dat_bram_out' is out of bounds [c:/project/RTDS/DDR/RTDS_test_DDR4_64bit_batch_dev/RTDS_test_DDR4_64bit.srcs/sources_1/bd/design_1/ipshared/cc3e/hdl/xdma_v4_1_vl_rfs.sv:41970]
WARNING: [VRFC 10-3705] select index 2 into 'h2c_dat_bram_out' is out of bounds [c:/project/RTDS/DDR/RTDS_test_DDR4_64bit_batch_dev/RTDS_test_DDR4_64bit.srcs/sources_1/bd/design_1/ipshared/cc3e/hdl/xdma_v4_1_vl_rfs.sv:41971]
WARNING: [VRFC 10-3705] select index 2 into 'h2c_dat_bram_cmd_out' is out of bounds [c:/project/RTDS/DDR/RTDS_test_DDR4_64bit_batch_dev/RTDS_test_DDR4_64bit.srcs/sources_1/bd/design_1/ipshared/cc3e/hdl/xdma_v4_1_vl_rfs.sv:41972]
WARNING: [VRFC 10-3705] select index 2 into 'h2c_dat_bram_cmd_out' is out of bounds [c:/project/RTDS/DDR/RTDS_test_DDR4_64bit_batch_dev/RTDS_test_DDR4_64bit.srcs/sources_1/bd/design_1/ipshared/cc3e/hdl/xdma_v4_1_vl_rfs.sv:41973]
WARNING: [VRFC 10-3705] select index 2 into 'h2c_dat_bram_cmd_out' is out of bounds [c:/project/RTDS/DDR/RTDS_test_DDR4_64bit_batch_dev/RTDS_test_DDR4_64bit.srcs/sources_1/bd/design_1/ipshared/cc3e/hdl/xdma_v4_1_vl_rfs.sv:41975]
WARNING: [VRFC 10-3705] select index 3 into 'h2c_dat_bram_in' is out of bounds [c:/project/RTDS/DDR/RTDS_test_DDR4_64bit_batch_dev/RTDS_test_DDR4_64bit.srcs/sources_1/bd/design_1/ipshared/cc3e/hdl/xdma_v4_1_vl_rfs.sv:41977]
WARNING: [VRFC 10-3705] select index 3 into 'h2c_dat_bram_in' is out of bounds [c:/project/RTDS/DDR/RTDS_test_DDR4_64bit_batch_dev/RTDS_test_DDR4_64bit.srcs/sources_1/bd/design_1/ipshared/cc3e/hdl/xdma_v4_1_vl_rfs.sv:41978]
WARNING: [VRFC 10-3705] select index 3 into 'h2c_dat_bram_out' is out of bounds [c:/project/RTDS/DDR/RTDS_test_DDR4_64bit_batch_dev/RTDS_test_DDR4_64bit.srcs/sources_1/bd/design_1/ipshared/cc3e/hdl/xdma_v4_1_vl_rfs.sv:41979]
WARNING: [VRFC 10-3705] select index 3 into 'h2c_dat_bram_out' is out of bounds [c:/project/RTDS/DDR/RTDS_test_DDR4_64bit_batch_dev/RTDS_test_DDR4_64bit.srcs/sources_1/bd/design_1/ipshared/cc3e/hdl/xdma_v4_1_vl_rfs.sv:41980]
WARNING: [VRFC 10-3705] select index 3 into 'h2c_dat_bram_cmd_out' is out of bounds [c:/project/RTDS/DDR/RTDS_test_DDR4_64bit_batch_dev/RTDS_test_DDR4_64bit.srcs/sources_1/bd/design_1/ipshared/cc3e/hdl/xdma_v4_1_vl_rfs.sv:41981]
WARNING: [VRFC 10-3705] select index 3 into 'h2c_dat_bram_cmd_out' is out of bounds [c:/project/RTDS/DDR/RTDS_test_DDR4_64bit_batch_dev/RTDS_test_DDR4_64bit.srcs/sources_1/bd/design_1/ipshared/cc3e/hdl/xdma_v4_1_vl_rfs.sv:41982]
WARNING: [VRFC 10-3705] select index 3 into 'h2c_dat_bram_cmd_out' is out of bounds [c:/project/RTDS/DDR/RTDS_test_DDR4_64bit_batch_dev/RTDS_test_DDR4_64bit.srcs/sources_1/bd/design_1/ipshared/cc3e/hdl/xdma_v4_1_vl_rfs.sv:41984]
WARNING: [VRFC 10-3705] select index 1 into 'c2h_dat_bram_in' is out of bounds [c:/project/RTDS/DDR/RTDS_test_DDR4_64bit_batch_dev/RTDS_test_DDR4_64bit.srcs/sources_1/bd/design_1/ipshared/cc3e/hdl/xdma_v4_1_vl_rfs.sv:41995]
WARNING: [VRFC 10-3705] select index 1 into 'c2h_dat_bram_in' is out of bounds [c:/project/RTDS/DDR/RTDS_test_DDR4_64bit_batch_dev/RTDS_test_DDR4_64bit.srcs/sources_1/bd/design_1/ipshared/cc3e/hdl/xdma_v4_1_vl_rfs.sv:41996]
WARNING: [VRFC 10-3705] select index 1 into 'c2h_dat_bram_out' is out of bounds [c:/project/RTDS/DDR/RTDS_test_DDR4_64bit_batch_dev/RTDS_test_DDR4_64bit.srcs/sources_1/bd/design_1/ipshared/cc3e/hdl/xdma_v4_1_vl_rfs.sv:41997]
WARNING: [VRFC 10-3705] select index 1 into 'c2h_dat_bram_out' is out of bounds [c:/project/RTDS/DDR/RTDS_test_DDR4_64bit_batch_dev/RTDS_test_DDR4_64bit.srcs/sources_1/bd/design_1/ipshared/cc3e/hdl/xdma_v4_1_vl_rfs.sv:41998]
WARNING: [VRFC 10-3705] select index 1 into 'c2h_dat_bram_cmd_out' is out of bounds [c:/project/RTDS/DDR/RTDS_test_DDR4_64bit_batch_dev/RTDS_test_DDR4_64bit.srcs/sources_1/bd/design_1/ipshared/cc3e/hdl/xdma_v4_1_vl_rfs.sv:41999]
WARNING: [VRFC 10-3705] select index 1 into 'c2h_dat_bram_cmd_out' is out of bounds [c:/project/RTDS/DDR/RTDS_test_DDR4_64bit_batch_dev/RTDS_test_DDR4_64bit.srcs/sources_1/bd/design_1/ipshared/cc3e/hdl/xdma_v4_1_vl_rfs.sv:42000]
WARNING: [VRFC 10-3705] select index 1 into 'c2h_dat_bram_cmd_out' is out of bounds [c:/project/RTDS/DDR/RTDS_test_DDR4_64bit_batch_dev/RTDS_test_DDR4_64bit.srcs/sources_1/bd/design_1/ipshared/cc3e/hdl/xdma_v4_1_vl_rfs.sv:42002]
WARNING: [VRFC 10-3705] select index 2 into 'c2h_dat_bram_in' is out of bounds [c:/project/RTDS/DDR/RTDS_test_DDR4_64bit_batch_dev/RTDS_test_DDR4_64bit.srcs/sources_1/bd/design_1/ipshared/cc3e/hdl/xdma_v4_1_vl_rfs.sv:42004]
WARNING: [VRFC 10-3705] select index 2 into 'c2h_dat_bram_in' is out of bounds [c:/project/RTDS/DDR/RTDS_test_DDR4_64bit_batch_dev/RTDS_test_DDR4_64bit.srcs/sources_1/bd/design_1/ipshared/cc3e/hdl/xdma_v4_1_vl_rfs.sv:42005]
WARNING: [VRFC 10-3705] select index 2 into 'c2h_dat_bram_out' is out of bounds [c:/project/RTDS/DDR/RTDS_test_DDR4_64bit_batch_dev/RTDS_test_DDR4_64bit.srcs/sources_1/bd/design_1/ipshared/cc3e/hdl/xdma_v4_1_vl_rfs.sv:42006]
WARNING: [VRFC 10-3705] select index 2 into 'c2h_dat_bram_out' is out of bounds [c:/project/RTDS/DDR/RTDS_test_DDR4_64bit_batch_dev/RTDS_test_DDR4_64bit.srcs/sources_1/bd/design_1/ipshared/cc3e/hdl/xdma_v4_1_vl_rfs.sv:42007]
WARNING: [VRFC 10-3705] select index 2 into 'c2h_dat_bram_cmd_out' is out of bounds [c:/project/RTDS/DDR/RTDS_test_DDR4_64bit_batch_dev/RTDS_test_DDR4_64bit.srcs/sources_1/bd/design_1/ipshared/cc3e/hdl/xdma_v4_1_vl_rfs.sv:42008]
WARNING: [VRFC 10-3705] select index 2 into 'c2h_dat_bram_cmd_out' is out of bounds [c:/project/RTDS/DDR/RTDS_test_DDR4_64bit_batch_dev/RTDS_test_DDR4_64bit.srcs/sources_1/bd/design_1/ipshared/cc3e/hdl/xdma_v4_1_vl_rfs.sv:42009]
WARNING: [VRFC 10-3705] select index 2 into 'c2h_dat_bram_cmd_out' is out of bounds [c:/project/RTDS/DDR/RTDS_test_DDR4_64bit_batch_dev/RTDS_test_DDR4_64bit.srcs/sources_1/bd/design_1/ipshared/cc3e/hdl/xdma_v4_1_vl_rfs.sv:42011]
WARNING: [VRFC 10-3705] select index 3 into 'c2h_dat_bram_in' is out of bounds [c:/project/RTDS/DDR/RTDS_test_DDR4_64bit_batch_dev/RTDS_test_DDR4_64bit.srcs/sources_1/bd/design_1/ipshared/cc3e/hdl/xdma_v4_1_vl_rfs.sv:42013]
WARNING: [VRFC 10-3705] select index 3 into 'c2h_dat_bram_in' is out of bounds [c:/project/RTDS/DDR/RTDS_test_DDR4_64bit_batch_dev/RTDS_test_DDR4_64bit.srcs/sources_1/bd/design_1/ipshared/cc3e/hdl/xdma_v4_1_vl_rfs.sv:42014]
WARNING: [VRFC 10-3705] select index 3 into 'c2h_dat_bram_out' is out of bounds [c:/project/RTDS/DDR/RTDS_test_DDR4_64bit_batch_dev/RTDS_test_DDR4_64bit.srcs/sources_1/bd/design_1/ipshared/cc3e/hdl/xdma_v4_1_vl_rfs.sv:42015]
WARNING: [VRFC 10-3705] select index 3 into 'c2h_dat_bram_out' is out of bounds [c:/project/RTDS/DDR/RTDS_test_DDR4_64bit_batch_dev/RTDS_test_DDR4_64bit.srcs/sources_1/bd/design_1/ipshared/cc3e/hdl/xdma_v4_1_vl_rfs.sv:42016]
WARNING: [VRFC 10-3705] select index 3 into 'c2h_dat_bram_cmd_out' is out of bounds [c:/project/RTDS/DDR/RTDS_test_DDR4_64bit_batch_dev/RTDS_test_DDR4_64bit.srcs/sources_1/bd/design_1/ipshared/cc3e/hdl/xdma_v4_1_vl_rfs.sv:42017]
WARNING: [VRFC 10-3705] select index 3 into 'c2h_dat_bram_cmd_out' is out of bounds [c:/project/RTDS/DDR/RTDS_test_DDR4_64bit_batch_dev/RTDS_test_DDR4_64bit.srcs/sources_1/bd/design_1/ipshared/cc3e/hdl/xdma_v4_1_vl_rfs.sv:42018]
WARNING: [VRFC 10-3705] select index 3 into 'c2h_dat_bram_cmd_out' is out of bounds [c:/project/RTDS/DDR/RTDS_test_DDR4_64bit_batch_dev/RTDS_test_DDR4_64bit.srcs/sources_1/bd/design_1/ipshared/cc3e/hdl/xdma_v4_1_vl_rfs.sv:42020]
WARNING: [VRFC 10-3705] select index 119 into 's_axis_cq_tuser' is out of bounds [c:/project/RTDS/DDR/RTDS_test_DDR4_64bit_batch_dev/RTDS_test_DDR4_64bit.srcs/sources_1/bd/design_1/ipshared/cc3e/hdl/xdma_v4_1_vl_rfs.sv:28417]
Completed static elaboration
Starting simulation data flow analysis
WARNING: [XSIM 43-4328] File: C:/project/RTDS/DDR/RTDS_test_DDR4_64bit_batch_dev/regression/sim_xdma_rootport/vendor/xdma_rp_2020_2/pci_exp_usrapp_tx.v Line: 3158 : Sensitivity on input argument "timeout" of task "TSK_SIMULATION_TIMEOUT" may never get triggered.
Completed simulation data flow analysis
Time Resolution for simulation is 1ps
Compiling package std.standard
Compiling package std.textio
Compiling package ieee.std_logic_1164
Compiling package ieee.numeric_std
Compiling package unisim.vcomponents
Compiling package ieee.std_logic_arith
Compiling package ieee.std_logic_unsigned
Compiling package ieee.vital_timing
Compiling package ieee.vital_primitives
Compiling package unisim.vpkg
Compiling package xil_defaultlib.rtds_rootport_pkg
Compiling package xil_defaultlib.$unit_design_1_xdma_0_0_dma_bram...
Compiling package xdma_v4_1_8.$unit_xdma_v4_1_vl_rfs_sv
Compiling module xil_defaultlib.sys_clk_gen
Compiling module xil_defaultlib.sys_clk_gen_ds(halfcycle=5000)
Compiling module xpm.xpm_cdc_single(DEST_SYNC_FF=2,IN...
Compiling module xpm.xpm_cdc_single(DEST_SYNC_FF=2,SR...
Compiling module xpm.xpm_cdc_sync_rst(DEST_SYNC_FF=2,...
Compiling module xpm.xpm_fifo_rst(COMMON_CLOCK=0)
Compiling module xpm.xpm_fifo_reg_bit
Compiling module xpm.xpm_counter_updn(COUNTER_WIDTH=1...
Compiling module xpm.xpm_counter_updn(COUNTER_WIDTH=9...
Compiling module xpm.xpm_memory_base(MEMORY_TYPE=1,ME...
Compiling module xpm.xpm_cdc_gray(DEST_SYNC_FF=2,INIT...
Compiling module xpm.xpm_fifo_reg_vec(REG_WIDTH=9)
Compiling module xpm.xpm_cdc_gray(INIT_SYNC_FF=1,WIDT...
Compiling module xpm.xpm_fifo_reg_vec(REG_WIDTH=10)
Compiling module xpm.xpm_cdc_gray(DEST_SYNC_FF=2,INIT...
Compiling module xpm.xpm_counter_updn(COUNTER_WIDTH=2...
Compiling module xpm.xpm_fifo_base(COMMON_CLOCK=0,FIF...
Compiling module xpm.xpm_fifo_async(FIFO_WRITE_DEPTH=...
Compiling module xil_defaultlib.fdma_aurora_brg_tx(MEM_WINDOW_BY...
Compiling module xpm.xpm_cdc_async_rst(INIT_SYNC_FF=1...
Compiling module xil_defaultlib.RTDS_FPGA_RESET_SYNC
Compiling module xpm.xpm_cdc_gray(DEST_SYNC_FF=2,INIT...
Compiling module xil_defaultlib.RTDS_FPGA_COUNT_CDC
Compiling module xpm.xpm_counter_updn(COUNTER_WIDTH=1...
Compiling module xpm.xpm_counter_updn(COUNTER_WIDTH=1...
Compiling module xpm.xpm_memory_base(MEMORY_TYPE=1,ME...
Compiling module xpm.xpm_cdc_gray(DEST_SYNC_FF=2,INIT...
Compiling module xpm.xpm_fifo_reg_vec(REG_WIDTH=11)
Compiling module xpm.xpm_cdc_gray(INIT_SYNC_FF=1,WIDT...
Compiling module xpm.xpm_fifo_reg_vec(REG_WIDTH=12)
Compiling module xpm.xpm_cdc_gray(DEST_SYNC_FF=2,INIT...
Compiling module xpm.xpm_fifo_base(COMMON_CLOCK=0,FIF...
Compiling module xpm.xpm_fifo_async(FIFO_MEMORY_TYPE=...
Compiling module xil_defaultlib.RTDS_RX_FRAME_FIFO
Compiling module xil_defaultlib.RTDS_RX_BLOCK_WRITER(PERIOD_CYCL...
Compiling module xil_defaultlib.pcie_fdma_aurora_brg_adapter(ACT...
Compiling module xil_defaultlib.ila_FDMA
Compiling module xil_defaultlib.conv_dma_axi_monitor
Compiling module xil_defaultlib.CONV_DMA_default
Compiling module xil_defaultlib.design_1_CONV_DMA_0_0
Compiling module xil_defaultlib.INFO_EXCH_default
Compiling module xil_defaultlib.design_1_INFO_EXCH_0_0
Compiling module xil_defaultlib.m00_couplers_imp_1CA5Z32
Compiling module xil_defaultlib.s00_couplers_imp_O7FAN0
Compiling module fifo_generator_v13_2_5.fifo_generator_v13_2_5_sync_stag...
Compiling module fifo_generator_v13_2_5.fifo_generator_v13_2_5_bhv_ver_a...
Compiling module fifo_generator_v13_2_5.fifo_generator_v13_2_5_bhv_ver_p...
Compiling module fifo_generator_v13_2_5.fifo_generator_v13_2_5_CONV_VER(...
Compiling module fifo_generator_v13_2_5.fifo_generator_vlog_beh(C_DATA_C...
Compiling module fifo_generator_v13_2_5.fifo_generator_v13_2_5_bhv_ver_a...
Compiling module fifo_generator_v13_2_5.fifo_generator_v13_2_5_bhv_ver_p...
Compiling module fifo_generator_v13_2_5.fifo_generator_v13_2_5_CONV_VER(...
Compiling module fifo_generator_v13_2_5.fifo_generator_vlog_beh(C_DATA_C...
Compiling module fifo_generator_v13_2_5.fifo_generator_v13_2_5_bhv_ver_a...
Compiling module fifo_generator_v13_2_5.fifo_generator_v13_2_5_bhv_ver_p...
Compiling module fifo_generator_v13_2_5.fifo_generator_v13_2_5_CONV_VER(...
Compiling module fifo_generator_v13_2_5.fifo_generator_vlog_beh(C_DATA_C...
Compiling module fifo_generator_v13_2_5.fifo_generator_vlog_beh(C_DATA_C...
Compiling module fifo_generator_v13_2_5.fifo_generator_v13_2_5_bhv_ver_a...
Compiling module fifo_generator_v13_2_5.fifo_generator_v13_2_5_bhv_ver_p...
Compiling module fifo_generator_v13_2_5.fifo_generator_v13_2_5_CONV_VER(...
Compiling module fifo_generator_v13_2_5.fifo_generator_vlog_beh(C_DATA_C...
Compiling module axi_clock_converter_v2_1_21.axi_clock_converter_v2_1_21_axi_...
Compiling module xil_defaultlib.design_1_auto_cc_0
Compiling module xil_defaultlib.s01_couplers_imp_1F69D31
Compiling module generic_baseblocks_v2_1_0.generic_baseblocks_v2_1_0_carry_...
Compiling module generic_baseblocks_v2_1_0.generic_baseblocks_v2_1_0_compar...
Compiling module axi_crossbar_v2_1_23.axi_crossbar_v2_1_23_addr_decode...
Compiling module axi_crossbar_v2_1_23.axi_crossbar_v2_1_23_arbiter_res...
Compiling module generic_baseblocks_v2_1_0.generic_baseblocks_v2_1_0_mux_en...
Compiling module axi_data_fifo_v2_1_21.axi_data_fifo_v2_1_21_ndeep_srl(...
Compiling module axi_data_fifo_v2_1_21.axi_data_fifo_v2_1_21_axic_srl_f...
Compiling module axi_crossbar_v2_1_23.axi_crossbar_v2_1_23_si_transact...
Compiling module generic_baseblocks_v2_1_0.generic_baseblocks_v2_1_0_mux_en...
Compiling module axi_crossbar_v2_1_23.axi_crossbar_v2_1_23_si_transact...
Compiling module axi_crossbar_v2_1_23.axi_crossbar_v2_1_23_splitter
Compiling module axi_data_fifo_v2_1_21.axi_data_fifo_v2_1_21_axic_reg_s...
Compiling module axi_crossbar_v2_1_23.axi_crossbar_v2_1_23_wdata_route...
Compiling module axi_data_fifo_v2_1_21.axi_data_fifo_v2_1_21_ndeep_srl(...
Compiling module axi_data_fifo_v2_1_21.axi_data_fifo_v2_1_21_axic_srl_f...
Compiling module axi_crossbar_v2_1_23.axi_crossbar_v2_1_23_si_transact...
Compiling module axi_crossbar_v2_1_23.axi_crossbar_v2_1_23_si_transact...
Compiling module axi_data_fifo_v2_1_21.axi_data_fifo_v2_1_21_ndeep_srl(...
Compiling module axi_data_fifo_v2_1_21.axi_data_fifo_v2_1_21_axic_reg_s...
Compiling module axi_crossbar_v2_1_23.axi_crossbar_v2_1_23_wdata_route...
Compiling module axi_crossbar_v2_1_23.axi_crossbar_v2_1_23_addr_decode...
Compiling module axi_data_fifo_v2_1_21.axi_data_fifo_v2_1_21_axic_reg_s...
Compiling module generic_baseblocks_v2_1_0.generic_baseblocks_v2_1_0_mux_en...
Compiling module axi_crossbar_v2_1_23.axi_crossbar_v2_1_23_wdata_mux(C...
Compiling module axi_data_fifo_v2_1_21.axi_data_fifo_v2_1_21_axic_srl_f...
Compiling module axi_infrastructure_v1_1_0.axi_infrastructure_v1_1_0_axi2ve...
Compiling module axi_infrastructure_v1_1_0.axi_infrastructure_v1_1_0_vector...
Compiling module axi_register_slice_v2_1_22.axi_register_slice_v2_1_22_axic_...
Compiling module axi_register_slice_v2_1_22.axi_register_slice_v2_1_22_axic_...
Compiling module axi_register_slice_v2_1_22.axi_register_slice_v2_1_22_axic_...
Compiling module axi_register_slice_v2_1_22.axi_register_slice_v2_1_22_axic_...
Compiling module axi_register_slice_v2_1_22.axi_register_slice_v2_1_22_axi_r...
Compiling module axi_data_fifo_v2_1_21.axi_data_fifo_v2_1_21_axic_reg_s...
Compiling module axi_crossbar_v2_1_23.axi_crossbar_v2_1_23_wdata_mux(C...
Compiling module axi_data_fifo_v2_1_21.axi_data_fifo_v2_1_21_axic_srl_f...
Compiling module generic_baseblocks_v2_1_0.generic_baseblocks_v2_1_0_mux_en...
Compiling module generic_baseblocks_v2_1_0.generic_baseblocks_v2_1_0_mux_en...
Compiling module axi_crossbar_v2_1_23.axi_crossbar_v2_1_23_addr_arbite...
Compiling module axi_crossbar_v2_1_23.axi_crossbar_v2_1_23_decerr_slav...
Compiling module axi_crossbar_v2_1_23.axi_crossbar_v2_1_23_crossbar(C_...
Compiling module axi_crossbar_v2_1_23.axi_crossbar_v2_1_23_axi_crossba...
Compiling module xil_defaultlib.design_1_xbar_0
Compiling module xil_defaultlib.design_1_axi_interconnect_0_1
Compiling module axi_infrastructure_v1_1_0.axi_infrastructure_v1_1_0_axi2ve...
Compiling module xpm.xpm_cdc_single(DEST_SYNC_FF=3,SR...
Compiling module xpm.xpm_cdc_handshake(DEST_SYNC_FF=3...
Compiling module axi_clock_converter_v2_1_21.axi_clock_converter_v2_1_21_lite...
Compiling module xpm.xpm_cdc_handshake(DEST_SYNC_FF=3...
Compiling module axi_clock_converter_v2_1_21.axi_clock_converter_v2_1_21_lite...
Compiling module xpm.xpm_cdc_handshake(DEST_SYNC_FF=3...
Compiling module axi_clock_converter_v2_1_21.axi_clock_converter_v2_1_21_lite...
Compiling module xpm.xpm_cdc_handshake(DEST_SYNC_FF=3...
Compiling module axi_clock_converter_v2_1_21.axi_clock_converter_v2_1_21_lite...
Compiling module axi_infrastructure_v1_1_0.axi_infrastructure_v1_1_0_vector...
Compiling module axi_clock_converter_v2_1_21.axi_clock_converter_v2_1_21_axi_...
Compiling module xil_defaultlib.design_1_auto_cc_1
Compiling module xil_defaultlib.s00_couplers_imp_HS4N6K
Compiling module xil_defaultlib.design_1_axi_interconnect_0_2
Compiling architecture ibufds_gte3_v of entity unisim.IBUFDS_GTE3 [ibufds_gte3_default]
Compiling architecture imp of entity xil_defaultlib.util_ds_buf [\util_ds_buf(c_buf_type="ibufdsg...]
Compiling architecture design_1_util_ds_buf_0_arch of entity xil_defaultlib.design_1_util_ds_buf_0 [design_1_util_ds_buf_0_default]
Compiling module xil_defaultlib.dma_pcie_axis_rq_if(DATA_WIDTH=6...
Compiling module xil_defaultlib.dma_pcie_axis_cc_if(DATA_WIDTH=6...
Compiling module xil_defaultlib.dma_pcie_axis_rc_if(DATA_WIDTH=6...
Compiling module xil_defaultlib.dma_pcie_axis_cq_if(DATA_WIDTH=6...
Compiling module xil_defaultlib.dma_pcie_misc_output_if
Compiling module xil_defaultlib.dma_pcie_misc_input_if
Compiling module xil_defaultlib.dma_pcie_gic_if
Compiling module xil_defaultlib.dma_pcie_fabric_output_if
Compiling module xil_defaultlib.dma_pcie_fabric_input_if
Compiling module xil_defaultlib.dma_pcie_mi_4Bx2048_4Bwe_ram_if
Compiling module xil_defaultlib.dma_pcie_mi_16Bx2048_4Bwe_ram_if
Compiling module xil_defaultlib.dma_pcie_mi_2Bx2048_ram_if
Compiling module xil_defaultlib.dma_pcie_mi_8Bx2048_4Bwe_ram_if
Compiling module xil_defaultlib.dma_pcie_mi_dsc_cpli_if
Compiling module xil_defaultlib.dma_pcie_mi_dsc_cpld_if
Compiling module xil_defaultlib.dma_pcie_dsc_in_if
Compiling module xil_defaultlib.dma_pcie_dsc_out_if
Compiling module xil_defaultlib.dma_pcie_mi_64Bx256_32Bwe_ram_if
Compiling module xil_defaultlib.dma_pcie_mi_64Bx512_32Bwe_ram_if
Compiling module xil_defaultlib.dma_pcie_mi_64Bx2048_32Bwe_ram_i...
Compiling module xil_defaultlib.dma_pcie_mi_64Bx1024_32Bwe_ram_i...
Compiling module xdma_v4_1_8.xdma_v4_1_8_GenericFIFOHead(BUF_...
Compiling module xdma_v4_1_8.xdma_v4_1_8_GenericFIFOHead(BUF_...
Compiling module xdma_v4_1_8.xdma_v4_1_8_GenericFIFOHead(BUF_...
Compiling module xdma_v4_1_8.xdma_v4_1_8_GenericFIFOAsync(BUF...
Compiling module xdma_v4_1_8.xdma_v4_1_8_GenericFIFOAsync(BUF...
Compiling module xdma_v4_1_8.xdma_v4_1_8_GenericFIFOHead(BUF_...
Compiling module xdma_v4_1_8.xdma_v4_1_8_GenericFIFO(BUF_DATA...
Compiling module xdma_v4_1_8.xdma_v4_1_8_GenericFIFOAsync(BUF...
Compiling module xdma_v4_1_8.xdma_v4_1_8_GenericFIFOHead(BUF_...
Compiling module xdma_v4_1_8.xdma_v4_1_8_GenericFIFO(BUF_DATA...
WARNING: [VRFC 10-3705] select index 126 into 's_axis_cq_tuser' is out of bounds [c:/project/RTDS/DDR/RTDS_test_DDR4_64bit_batch_dev/RTDS_test_DDR4_64bit.srcs/sources_1/bd/design_1/ipshared/cc3e/hdl/xdma_v4_1_vl_rfs.sv:28417]
Compiling module xdma_v4_1_8.xdma_v4_1_8_GenericFIFO(BUF_DATA...
Compiling module xdma_v4_1_8.xdma_v4_1_8_GenericFIFO(BUF_DATA...
Compiling module xdma_v4_1_8.xdma_v4_1_8_GenericFIFOHead2(BUF...
Compiling module xdma_v4_1_8.xdma_v4_1_8_GenericFIFO(BUF_DATA...
Compiling module xpm.xpm_cdc_single(SRC_INPUT_REG=0)
WARNING: [VRFC 10-3705] select index 1 into 'h2c_dat_bram_in' is out of bounds [c:/project/RTDS/DDR/RTDS_test_DDR4_64bit_batch_dev/RTDS_test_DDR4_64bit.srcs/sources_1/bd/design_1/ipshared/cc3e/hdl/xdma_v4_1_vl_rfs.sv:41959]
WARNING: [VRFC 10-3705] select index 1 into 'h2c_dat_bram_in' is out of bounds [c:/project/RTDS/DDR/RTDS_test_DDR4_64bit_batch_dev/RTDS_test_DDR4_64bit.srcs/sources_1/bd/design_1/ipshared/cc3e/hdl/xdma_v4_1_vl_rfs.sv:41960]
WARNING: [VRFC 10-3705] select index 1 into 'h2c_dat_bram_out' is out of bounds [c:/project/RTDS/DDR/RTDS_test_DDR4_64bit_batch_dev/RTDS_test_DDR4_64bit.srcs/sources_1/bd/design_1/ipshared/cc3e/hdl/xdma_v4_1_vl_rfs.sv:41961]
WARNING: [VRFC 10-3705] select index 1 into 'h2c_dat_bram_out' is out of bounds [c:/project/RTDS/DDR/RTDS_test_DDR4_64bit_batch_dev/RTDS_test_DDR4_64bit.srcs/sources_1/bd/design_1/ipshared/cc3e/hdl/xdma_v4_1_vl_rfs.sv:41962]
WARNING: [VRFC 10-3705] select index 1 into 'h2c_dat_bram_cmd_out' is out of bounds [c:/project/RTDS/DDR/RTDS_test_DDR4_64bit_batch_dev/RTDS_test_DDR4_64bit.srcs/sources_1/bd/design_1/ipshared/cc3e/hdl/xdma_v4_1_vl_rfs.sv:41963]
WARNING: [VRFC 10-3705] select index 1 into 'h2c_dat_bram_cmd_out' is out of bounds [c:/project/RTDS/DDR/RTDS_test_DDR4_64bit_batch_dev/RTDS_test_DDR4_64bit.srcs/sources_1/bd/design_1/ipshared/cc3e/hdl/xdma_v4_1_vl_rfs.sv:41964]
WARNING: [VRFC 10-3705] select index 1 into 'h2c_dat_bram_cmd_out' is out of bounds [c:/project/RTDS/DDR/RTDS_test_DDR4_64bit_batch_dev/RTDS_test_DDR4_64bit.srcs/sources_1/bd/design_1/ipshared/cc3e/hdl/xdma_v4_1_vl_rfs.sv:41966]
WARNING: [VRFC 10-3705] select index 2 into 'h2c_dat_bram_in' is out of bounds [c:/project/RTDS/DDR/RTDS_test_DDR4_64bit_batch_dev/RTDS_test_DDR4_64bit.srcs/sources_1/bd/design_1/ipshared/cc3e/hdl/xdma_v4_1_vl_rfs.sv:41968]
WARNING: [VRFC 10-3705] select index 2 into 'h2c_dat_bram_in' is out of bounds [c:/project/RTDS/DDR/RTDS_test_DDR4_64bit_batch_dev/RTDS_test_DDR4_64bit.srcs/sources_1/bd/design_1/ipshared/cc3e/hdl/xdma_v4_1_vl_rfs.sv:41969]
WARNING: [VRFC 10-3705] select index 2 into 'h2c_dat_bram_out' is out of bounds [c:/project/RTDS/DDR/RTDS_test_DDR4_64bit_batch_dev/RTDS_test_DDR4_64bit.srcs/sources_1/bd/design_1/ipshared/cc3e/hdl/xdma_v4_1_vl_rfs.sv:41970]
WARNING: [VRFC 10-3705] select index 2 into 'h2c_dat_bram_out' is out of bounds [c:/project/RTDS/DDR/RTDS_test_DDR4_64bit_batch_dev/RTDS_test_DDR4_64bit.srcs/sources_1/bd/design_1/ipshared/cc3e/hdl/xdma_v4_1_vl_rfs.sv:41971]
WARNING: [VRFC 10-3705] select index 2 into 'h2c_dat_bram_cmd_out' is out of bounds [c:/project/RTDS/DDR/RTDS_test_DDR4_64bit_batch_dev/RTDS_test_DDR4_64bit.srcs/sources_1/bd/design_1/ipshared/cc3e/hdl/xdma_v4_1_vl_rfs.sv:41972]
WARNING: [VRFC 10-3705] select index 2 into 'h2c_dat_bram_cmd_out' is out of bounds [c:/project/RTDS/DDR/RTDS_test_DDR4_64bit_batch_dev/RTDS_test_DDR4_64bit.srcs/sources_1/bd/design_1/ipshared/cc3e/hdl/xdma_v4_1_vl_rfs.sv:41973]
WARNING: [VRFC 10-3705] select index 2 into 'h2c_dat_bram_cmd_out' is out of bounds [c:/project/RTDS/DDR/RTDS_test_DDR4_64bit_batch_dev/RTDS_test_DDR4_64bit.srcs/sources_1/bd/design_1/ipshared/cc3e/hdl/xdma_v4_1_vl_rfs.sv:41975]
WARNING: [VRFC 10-3705] select index 3 into 'h2c_dat_bram_in' is out of bounds [c:/project/RTDS/DDR/RTDS_test_DDR4_64bit_batch_dev/RTDS_test_DDR4_64bit.srcs/sources_1/bd/design_1/ipshared/cc3e/hdl/xdma_v4_1_vl_rfs.sv:41977]
WARNING: [VRFC 10-3705] select index 3 into 'h2c_dat_bram_in' is out of bounds [c:/project/RTDS/DDR/RTDS_test_DDR4_64bit_batch_dev/RTDS_test_DDR4_64bit.srcs/sources_1/bd/design_1/ipshared/cc3e/hdl/xdma_v4_1_vl_rfs.sv:41978]
WARNING: [VRFC 10-3705] select index 3 into 'h2c_dat_bram_out' is out of bounds [c:/project/RTDS/DDR/RTDS_test_DDR4_64bit_batch_dev/RTDS_test_DDR4_64bit.srcs/sources_1/bd/design_1/ipshared/cc3e/hdl/xdma_v4_1_vl_rfs.sv:41979]
WARNING: [VRFC 10-3705] select index 3 into 'h2c_dat_bram_out' is out of bounds [c:/project/RTDS/DDR/RTDS_test_DDR4_64bit_batch_dev/RTDS_test_DDR4_64bit.srcs/sources_1/bd/design_1/ipshared/cc3e/hdl/xdma_v4_1_vl_rfs.sv:41980]
WARNING: [VRFC 10-3705] select index 3 into 'h2c_dat_bram_cmd_out' is out of bounds [c:/project/RTDS/DDR/RTDS_test_DDR4_64bit_batch_dev/RTDS_test_DDR4_64bit.srcs/sources_1/bd/design_1/ipshared/cc3e/hdl/xdma_v4_1_vl_rfs.sv:41981]
WARNING: [VRFC 10-3705] select index 3 into 'h2c_dat_bram_cmd_out' is out of bounds [c:/project/RTDS/DDR/RTDS_test_DDR4_64bit_batch_dev/RTDS_test_DDR4_64bit.srcs/sources_1/bd/design_1/ipshared/cc3e/hdl/xdma_v4_1_vl_rfs.sv:41982]
WARNING: [VRFC 10-3705] select index 3 into 'h2c_dat_bram_cmd_out' is out of bounds [c:/project/RTDS/DDR/RTDS_test_DDR4_64bit_batch_dev/RTDS_test_DDR4_64bit.srcs/sources_1/bd/design_1/ipshared/cc3e/hdl/xdma_v4_1_vl_rfs.sv:41984]
WARNING: [VRFC 10-3705] select index 1 into 'c2h_dat_bram_in' is out of bounds [c:/project/RTDS/DDR/RTDS_test_DDR4_64bit_batch_dev/RTDS_test_DDR4_64bit.srcs/sources_1/bd/design_1/ipshared/cc3e/hdl/xdma_v4_1_vl_rfs.sv:41995]
WARNING: [VRFC 10-3705] select index 1 into 'c2h_dat_bram_in' is out of bounds [c:/project/RTDS/DDR/RTDS_test_DDR4_64bit_batch_dev/RTDS_test_DDR4_64bit.srcs/sources_1/bd/design_1/ipshared/cc3e/hdl/xdma_v4_1_vl_rfs.sv:41996]
WARNING: [VRFC 10-3705] select index 1 into 'c2h_dat_bram_out' is out of bounds [c:/project/RTDS/DDR/RTDS_test_DDR4_64bit_batch_dev/RTDS_test_DDR4_64bit.srcs/sources_1/bd/design_1/ipshared/cc3e/hdl/xdma_v4_1_vl_rfs.sv:41997]
WARNING: [VRFC 10-3705] select index 1 into 'c2h_dat_bram_out' is out of bounds [c:/project/RTDS/DDR/RTDS_test_DDR4_64bit_batch_dev/RTDS_test_DDR4_64bit.srcs/sources_1/bd/design_1/ipshared/cc3e/hdl/xdma_v4_1_vl_rfs.sv:41998]
WARNING: [VRFC 10-3705] select index 1 into 'c2h_dat_bram_cmd_out' is out of bounds [c:/project/RTDS/DDR/RTDS_test_DDR4_64bit_batch_dev/RTDS_test_DDR4_64bit.srcs/sources_1/bd/design_1/ipshared/cc3e/hdl/xdma_v4_1_vl_rfs.sv:41999]
WARNING: [VRFC 10-3705] select index 1 into 'c2h_dat_bram_cmd_out' is out of bounds [c:/project/RTDS/DDR/RTDS_test_DDR4_64bit_batch_dev/RTDS_test_DDR4_64bit.srcs/sources_1/bd/design_1/ipshared/cc3e/hdl/xdma_v4_1_vl_rfs.sv:42000]
WARNING: [VRFC 10-3705] select index 1 into 'c2h_dat_bram_cmd_out' is out of bounds [c:/project/RTDS/DDR/RTDS_test_DDR4_64bit_batch_dev/RTDS_test_DDR4_64bit.srcs/sources_1/bd/design_1/ipshared/cc3e/hdl/xdma_v4_1_vl_rfs.sv:42002]
WARNING: [VRFC 10-3705] select index 2 into 'c2h_dat_bram_in' is out of bounds [c:/project/RTDS/DDR/RTDS_test_DDR4_64bit_batch_dev/RTDS_test_DDR4_64bit.srcs/sources_1/bd/design_1/ipshared/cc3e/hdl/xdma_v4_1_vl_rfs.sv:42004]
WARNING: [VRFC 10-3705] select index 2 into 'c2h_dat_bram_in' is out of bounds [c:/project/RTDS/DDR/RTDS_test_DDR4_64bit_batch_dev/RTDS_test_DDR4_64bit.srcs/sources_1/bd/design_1/ipshared/cc3e/hdl/xdma_v4_1_vl_rfs.sv:42005]
WARNING: [VRFC 10-3705] select index 2 into 'c2h_dat_bram_out' is out of bounds [c:/project/RTDS/DDR/RTDS_test_DDR4_64bit_batch_dev/RTDS_test_DDR4_64bit.srcs/sources_1/bd/design_1/ipshared/cc3e/hdl/xdma_v4_1_vl_rfs.sv:42006]
WARNING: [VRFC 10-3705] select index 2 into 'c2h_dat_bram_out' is out of bounds [c:/project/RTDS/DDR/RTDS_test_DDR4_64bit_batch_dev/RTDS_test_DDR4_64bit.srcs/sources_1/bd/design_1/ipshared/cc3e/hdl/xdma_v4_1_vl_rfs.sv:42007]
WARNING: [VRFC 10-3705] select index 2 into 'c2h_dat_bram_cmd_out' is out of bounds [c:/project/RTDS/DDR/RTDS_test_DDR4_64bit_batch_dev/RTDS_test_DDR4_64bit.srcs/sources_1/bd/design_1/ipshared/cc3e/hdl/xdma_v4_1_vl_rfs.sv:42008]
WARNING: [VRFC 10-3705] select index 2 into 'c2h_dat_bram_cmd_out' is out of bounds [c:/project/RTDS/DDR/RTDS_test_DDR4_64bit_batch_dev/RTDS_test_DDR4_64bit.srcs/sources_1/bd/design_1/ipshared/cc3e/hdl/xdma_v4_1_vl_rfs.sv:42009]
WARNING: [VRFC 10-3705] select index 2 into 'c2h_dat_bram_cmd_out' is out of bounds [c:/project/RTDS/DDR/RTDS_test_DDR4_64bit_batch_dev/RTDS_test_DDR4_64bit.srcs/sources_1/bd/design_1/ipshared/cc3e/hdl/xdma_v4_1_vl_rfs.sv:42011]
WARNING: [VRFC 10-3705] select index 3 into 'c2h_dat_bram_in' is out of bounds [c:/project/RTDS/DDR/RTDS_test_DDR4_64bit_batch_dev/RTDS_test_DDR4_64bit.srcs/sources_1/bd/design_1/ipshared/cc3e/hdl/xdma_v4_1_vl_rfs.sv:42013]
WARNING: [VRFC 10-3705] select index 3 into 'c2h_dat_bram_in' is out of bounds [c:/project/RTDS/DDR/RTDS_test_DDR4_64bit_batch_dev/RTDS_test_DDR4_64bit.srcs/sources_1/bd/design_1/ipshared/cc3e/hdl/xdma_v4_1_vl_rfs.sv:42014]
WARNING: [VRFC 10-3705] select index 3 into 'c2h_dat_bram_out' is out of bounds [c:/project/RTDS/DDR/RTDS_test_DDR4_64bit_batch_dev/RTDS_test_DDR4_64bit.srcs/sources_1/bd/design_1/ipshared/cc3e/hdl/xdma_v4_1_vl_rfs.sv:42015]
WARNING: [VRFC 10-3705] select index 3 into 'c2h_dat_bram_out' is out of bounds [c:/project/RTDS/DDR/RTDS_test_DDR4_64bit_batch_dev/RTDS_test_DDR4_64bit.srcs/sources_1/bd/design_1/ipshared/cc3e/hdl/xdma_v4_1_vl_rfs.sv:42016]
WARNING: [VRFC 10-3705] select index 3 into 'c2h_dat_bram_cmd_out' is out of bounds [c:/project/RTDS/DDR/RTDS_test_DDR4_64bit_batch_dev/RTDS_test_DDR4_64bit.srcs/sources_1/bd/design_1/ipshared/cc3e/hdl/xdma_v4_1_vl_rfs.sv:42017]
WARNING: [VRFC 10-3705] select index 3 into 'c2h_dat_bram_cmd_out' is out of bounds [c:/project/RTDS/DDR/RTDS_test_DDR4_64bit_batch_dev/RTDS_test_DDR4_64bit.srcs/sources_1/bd/design_1/ipshared/cc3e/hdl/xdma_v4_1_vl_rfs.sv:42018]
WARNING: [VRFC 10-3705] select index 3 into 'c2h_dat_bram_cmd_out' is out of bounds [c:/project/RTDS/DDR/RTDS_test_DDR4_64bit_batch_dev/RTDS_test_DDR4_64bit.srcs/sources_1/bd/design_1/ipshared/cc3e/hdl/xdma_v4_1_vl_rfs.sv:42020]
Compiling module blk_mem_gen_v8_4_4.blk_mem_gen_v8_4_4_output_stage(...
Compiling module blk_mem_gen_v8_4_4.blk_mem_gen_v8_4_4_output_stage(...
Compiling module blk_mem_gen_v8_4_4.blk_mem_gen_v8_4_4_softecc_outpu...
Compiling module blk_mem_gen_v8_4_4.blk_mem_gen_v8_4_4_mem_module(C_...
Compiling module blk_mem_gen_v8_4_4.blk_mem_axi_regs_fwd_v8_4(C_DATA...
Compiling module blk_mem_gen_v8_4_4.blk_mem_gen_v8_4_4(C_FAMILY="kin...
Compiling module xil_defaultlib.xdma_v4_1_8_blk_mem_64_reg_be
Compiling module xil_defaultlib.xdma_v4_1_8_dma_bram_wrap(DATA_W...
Compiling module blk_mem_gen_v8_4_4.blk_mem_gen_v8_4_4_mem_module(C_...
Compiling module blk_mem_gen_v8_4_4.blk_mem_gen_v8_4_4(C_FAMILY="kin...
Compiling module xil_defaultlib.xdma_v4_1_8_blk_mem_64_noreg_be
Compiling module xil_defaultlib.xdma_v4_1_8_dma_bram_wrap(DATA_W...
Compiling module unisims_ver.BUFG_GT
Compiling module unisims_ver.BUFG_GT_SYNC
Compiling module xpm.xpm_cdc_async_rst(DEST_SYNC_FF=2...
Compiling module xpm.xpm_cdc_async_rst(DEST_SYNC_FF=2...
Compiling module xil_defaultlib.design_1_xdma_0_0_pcie3_ip_phy_s...
Compiling module xil_defaultlib.design_1_xdma_0_0_pcie3_ip_phy_s...
Compiling module xil_defaultlib.design_1_xdma_0_0_pcie3_ip_rxcdr...
Compiling module xil_defaultlib.design_1_xdma_0_0_pcie3_ip_phy_c...
Compiling module xil_defaultlib.design_1_xdma_0_0_pcie3_ip_phy_s...
Compiling module xil_defaultlib.design_1_xdma_0_0_pcie3_ip_phy_r...
Compiling module xil_defaultlib.design_1_xdma_0_0_pcie3_ip_phy_s...
Compiling module xil_defaultlib.design_1_xdma_0_0_pcie3_ip_phy_s...
Compiling module xil_defaultlib.design_1_xdma_0_0_pcie3_ip_phy_s...
Compiling module xil_defaultlib.design_1_xdma_0_0_pcie3_ip_phy_s...
Compiling module xil_defaultlib.design_1_xdma_0_0_pcie3_ip_phy_t...
Compiling module xil_defaultlib.design_1_xdma_0_0_pcie3_ip_phy_s...
Compiling module xil_defaultlib.design_1_xdma_0_0_pcie3_ip_phy_r...
Compiling module unisims_ver.GTHE3_COMMON(BIAS_CFG2=16'b01100...
Compiling module xil_defaultlib.gtwizard_ultrascale_v1_7_9_gthe3...
Compiling module xil_defaultlib.design_1_xdma_0_0_pcie3_ip_gt_gt...
Compiling module unisims_ver.GTHE3_CHANNEL(ALIGN_COMMA_ENABLE...
Compiling module xil_defaultlib.gtwizard_ultrascale_v1_7_9_gthe3...
Compiling module xil_defaultlib.design_1_xdma_0_0_pcie3_ip_gt_gt...
Compiling module xil_defaultlib.design_1_xdma_0_0_pcie3_ip_gt_gt...
Compiling module xil_defaultlib.design_1_xdma_0_0_pcie3_ip_gt
Compiling module xil_defaultlib.design_1_xdma_0_0_pcie3_ip_gtwiz...
Compiling module xil_defaultlib.design_1_xdma_0_0_pcie3_ip_phy_w...
Compiling module xil_defaultlib.design_1_xdma_0_0_pcie3_ip_init_...
Compiling module unisims_ver.RAMB36E2(DOB_REG=0,READ_WIDTH_A=...
Compiling module xil_defaultlib.design_1_xdma_0_0_pcie3_ip_tph_t...
Compiling module xil_defaultlib.design_1_xdma_0_0_pcie3_ip_pipe_...
Compiling module xil_defaultlib.design_1_xdma_0_0_pcie3_ip_pipe_...
Compiling module xil_defaultlib.design_1_xdma_0_0_pcie3_ip_pipe_...
Compiling module unisims_ver.RAMB36E2(READ_WIDTH_A=36,READ_WI...
Compiling module xil_defaultlib.design_1_xdma_0_0_pcie3_ip_bram_...
Compiling module xil_defaultlib.design_1_xdma_0_0_pcie3_ip_bram_...
Compiling module unisims_ver.RAMB18E2(READ_WIDTH_A=36,RSTREG_...
Compiling module xil_defaultlib.design_1_xdma_0_0_pcie3_ip_bram_...
Compiling module xil_defaultlib.design_1_xdma_0_0_pcie3_ip_bram_...
Compiling module unisims_ver.RAMB18E2(READ_WIDTH_A=18,READ_WI...
Compiling module xil_defaultlib.design_1_xdma_0_0_pcie3_ip_bram_...
Compiling module xil_defaultlib.design_1_xdma_0_0_pcie3_ip_bram_...
Compiling module xil_defaultlib.design_1_xdma_0_0_pcie3_ip_bram
Compiling module unisims_ver.PCIE_3_1(AXISTEN_IF_CC_ALIGNMENT...
Compiling module xil_defaultlib.design_1_xdma_0_0_pcie3_ip_pcie3...
Compiling module xil_defaultlib.design_1_xdma_0_0_pcie3_ip_pcie3...
Compiling module xil_defaultlib.design_1_xdma_0_0_pcie3_ip_pcie3...
Compiling module xil_defaultlib.design_1_xdma_0_0_pcie3_ip
Compiling module xil_defaultlib.design_1_xdma_0_0_core_top(PL_UP...
Compiling module xil_defaultlib.xdma_irq_monitor
Compiling module xil_defaultlib.design_1_xdma_0_0
Compiling module xil_defaultlib.design_1
Compiling module xil_defaultlib.design_1_wrapper
Compiling module xil_defaultlib.rtds_axi_ram_model_default
Compiling module xil_defaultlib.rtds_ddr4_backend
Compiling module xil_defaultlib.PCIe(RX_PERIOD_CYCLES=25000)
Compiling module xil_defaultlib.rtds_pcie_ep_sim_wrapper
Compiling module unisims_ver.IBUF
Compiling module unisims_ver.IBUFDS_GTE3_default
Compiling module xil_defaultlib.rp_phy_sync_cell(STAGE=3)
Compiling module xil_defaultlib.rp_phy_sync(STAGE=3)
Compiling module xil_defaultlib.rp_deemph
Compiling module xil_defaultlib.rp_rxcdrhold
Compiling module xil_defaultlib.rp_phy_clk
Compiling module xil_defaultlib.rp_phy_sync(WIDTH=8,STAGE=3)
Compiling module xil_defaultlib.rp_phy_sync(WIDTH=2,STAGE=3)
Compiling module xil_defaultlib.rp_phy_rst(PL_UPSTREAM_FACING="F...
Compiling module xil_defaultlib.rp_phy_sync_cell
Compiling module xil_defaultlib.rp_phy_sync(WIDTH=2)
Compiling module xil_defaultlib.rp_phy_sync(WIDTH=4)
Compiling module xil_defaultlib.rp_phy_sync(WIDTH=6)
Compiling module xil_defaultlib.rp_phy_txeq
Compiling module xil_defaultlib.rp_phy_sync(WIDTH=3)
Compiling module xil_defaultlib.rp_phy_rxeq(PHY_SIM_EN="TRUE")
Compiling module unisims_ver.GTHE3_CHANNEL(ALIGN_COMMA_ENABLE...
Compiling module xil_defaultlib.rp_gt_channel(PHY_SIM_EN="TRUE",...
Compiling module unisims_ver.GTHE3_COMMON(BIAS_CFG2=16'b01100...
Compiling module xil_defaultlib.rp_gt_common(PHY_SIM_EN="TRUE")
Compiling module xil_defaultlib.rp_gt_channel(PHY_SIM_EN="TRUE",...
Compiling module xil_defaultlib.rp_gt_channel(PHY_SIM_EN="TRUE",...
Compiling module xil_defaultlib.rp_gt_channel(PHY_SIM_EN="TRUE",...
Compiling module xil_defaultlib.rp_gt_channel(PHY_SIM_EN="TRUE",...
Compiling module xil_defaultlib.rp_gt_common(PHY_SIM_EN="TRUE",G...
Compiling module xil_defaultlib.rp_gt_channel(PHY_SIM_EN="TRUE",...
Compiling module xil_defaultlib.rp_gt_channel(PHY_SIM_EN="TRUE",...
Compiling module xil_defaultlib.rp_gt_channel(PHY_SIM_EN="TRUE",...
Compiling module xil_defaultlib.rp_phy_wrapper(PL_UPSTREAM_FACIN...
Compiling module xil_defaultlib.rp_init_ctrl(PL_UPSTREAM_FACING=...
Compiling module xil_defaultlib.rp_tph_tbl
Compiling module xil_defaultlib.rp_pipe_misc_default
Compiling module xil_defaultlib.rp_pipe_lane_default
Compiling module xil_defaultlib.rp_pipe_pipeline(PL_LINK_CAP_MAX...
Compiling module xil_defaultlib.rp_bram_rep_8k_default
Compiling module xil_defaultlib.rp_bram_rep
Compiling module xil_defaultlib.rp_bram_8k_default
Compiling module xil_defaultlib.rp_bram_req
Compiling module xil_defaultlib.rp_bram_cpl(COMPLETION_SPACE="8K...
Compiling module xil_defaultlib.rp_bram(COMPLETION_SPACE="8KB")
Compiling module unisims_ver.PCIE_3_1(AXISTEN_IF_CC_PARITY_CH...
Compiling module xil_defaultlib.rp_pcie3_uscale_wrapper(NO_DECOD...
Compiling module xil_defaultlib.rp_pcie3_uscale_top(NO_DECODE_LO...
Compiling module xil_defaultlib.rp_pcie3_uscale_core_top(PL_LINK...
Compiling module xil_defaultlib.pcie3_uscale_rp_top
Compiling module xil_defaultlib.pci_exp_usrapp_rx(C_DATA_WIDTH=2...
Compiling module xil_defaultlib.pci_exp_usrapp_tx(DEV_CAP_MAX_PA...
Compiling module xil_defaultlib.pci_exp_usrapp_cfg
Compiling module xil_defaultlib.pci_exp_usrapp_com
Compiling module xil_defaultlib.xilinx_pcie3_uscale_rp(PL_LINK_C...
Compiling module xil_defaultlib.pcie_cq_host_memory_monitor
Compiling module xil_defaultlib.xdma_axi_activity_monitor
Compiling module xil_defaultlib.aurora_ll_peer_bfm
Compiling module xil_defaultlib.rtds_rootport_assertions
Compiling module xil_defaultlib.board
Compiling module xil_defaultlib.glbl
Built simulation snapshot board
