Copyright 1986-2020 Xilinx, Inc. All Rights Reserved.
----------------------------------------------------------------------------------------------------------------------------------------------------------------------------------------
| Tool Version     : Vivado v.2020.2 (win64) Build 3064766 Wed Nov 18 09:12:45 MST 2020
| Date             : Wed Sep 16 11:02:40 2026
| Host             : DESKTOP-H0AB0MD running 64-bit major release  (build 9200)
| Command          : report_power -file TOP_AXI_DDR4_FULL_BIST_power_routed.rpt -pb TOP_AXI_DDR4_FULL_BIST_power_summary_routed.pb -rpx TOP_AXI_DDR4_FULL_BIST_power_routed.rpx
| Design           : TOP_AXI_DDR4_FULL_BIST
| Device           : xcku040-ffva1156-2-i
| Design State     : routed
| Grade            : industrial
| Process          : typical
| Characterization : Production
----------------------------------------------------------------------------------------------------------------------------------------------------------------------------------------

Power Report

Table of Contents
-----------------
1. Summary
1.1 On-Chip Components
1.2 Power Supply Summary
1.3 Confidence Level
2. Settings
2.1 Environment
2.2 Clock Constraints
3. Detailed Reports
3.1 By Hierarchy

1. Summary
----------

+--------------------------+--------------+
| Total On-Chip Power (W)  | 2.136        |
| Design Power Budget (W)  | Unspecified* |
| Power Budget Margin (W)  | NA           |
| Dynamic (W)              | 1.645        |
| Device Static (W)        | 0.491        |
| Effective TJA (C/W)      | 1.4          |
| Max Ambient (C)          | 97.0         |
| Junction Temperature (C) | 28.0         |
| Confidence Level         | Low          |
| Setting File             | ---          |
| Simulation Activity File | ---          |
| Design Nets Matched      | NA           |
+--------------------------+--------------+
* Specify Design Power Budget using, set_operating_conditions -design_power_budget <value in Watts>


1.1 On-Chip Components
----------------------

+--------------------------+-----------+----------+-----------+-----------------+
| On-Chip                  | Power (W) | Used     | Available | Utilization (%) |
+--------------------------+-----------+----------+-----------+-----------------+
| Clocks                   |     0.229 |       13 |       --- |             --- |
| CLB Logic                |     0.105 |    54196 |       --- |             --- |
|   LUT as Distributed RAM |     0.055 |      848 |    112800 |            0.75 |
|   LUT as Logic           |     0.024 |    17794 |    242400 |            7.34 |
|   LUT as Shift Register  |     0.022 |     1056 |    112800 |            0.94 |
|   Register               |     0.003 |    25648 |    484800 |            5.29 |
|   CARRY8                 |    <0.001 |      178 |     30300 |            0.59 |
|   F7/F8 Muxes            |    <0.001 |      646 |    242400 |            0.27 |
|   Others                 |    <0.001 |     1535 |       --- |             --- |
| Signals                  |     0.056 |    58983 |       --- |             --- |
| Block RAM                |     0.094 |     63.5 |       600 |           10.58 |
| MMCM                     |     0.113 |        1 |        10 |           10.00 |
| PLL                      |     0.230 |        3 |       --- |             --- |
| DSPs                     |    <0.001 |        3 |      1920 |            0.16 |
| I/O                      |     0.818 |      120 |       520 |           23.08 |
| Static Power             |     0.491 |          |           |                 |
| Total                    |     2.136 |          |           |                 |
+--------------------------+-----------+----------+-----------+-----------------+


1.2 Power Supply Summary
------------------------

+------------+-------------+-----------+-------------+------------+-------------+-------------+------------+
| Source     | Voltage (V) | Total (A) | Dynamic (A) | Static (A) | Powerup (A) | Budget (A)  | Margin (A) |
+------------+-------------+-----------+-------------+------------+-------------+-------------+------------+
| Vccint     |       0.950 |     0.673 |       0.515 |      0.157 |       NA    | Unspecified | NA         |
| Vccaux     |       1.800 |     0.282 |       0.186 |      0.096 |       NA    | Unspecified | NA         |
| Vccaux_io  |       1.800 |     0.230 |       0.165 |      0.065 |       NA    | Unspecified | NA         |
| Vccint_io  |       0.950 |     0.433 |       0.416 |      0.017 |       NA    | Unspecified | NA         |
| Vcco33     |       3.300 |     0.000 |       0.000 |      0.000 |       NA    | Unspecified | NA         |
| Vcco25     |       2.500 |     0.000 |       0.000 |      0.000 |       NA    | Unspecified | NA         |
| Vcco18     |       1.800 |     0.000 |       0.000 |      0.000 |       NA    | Unspecified | NA         |
| Vcco15     |       1.500 |     0.000 |       0.000 |      0.000 |       NA    | Unspecified | NA         |
| Vcco135    |       1.350 |     0.000 |       0.000 |      0.000 |       NA    | Unspecified | NA         |
| Vcco12     |       1.200 |     0.104 |       0.104 |      0.000 |       NA    | Unspecified | NA         |
| Vcco10     |       1.000 |     0.000 |       0.000 |      0.000 |       NA    | Unspecified | NA         |
| Vccbram    |       0.950 |     0.015 |       0.003 |      0.012 |       NA    | Unspecified | NA         |
| MGTAVcc    |       1.000 |     0.000 |       0.000 |      0.000 |       NA    | Unspecified | NA         |
| MGTAVtt    |       1.200 |     0.000 |       0.000 |      0.000 |       NA    | Unspecified | NA         |
| MGTVccaux  |       1.800 |     0.000 |       0.000 |      0.000 |       NA    | Unspecified | NA         |
| Vccadc     |       1.800 |     0.014 |       0.000 |      0.014 |       NA    | Unspecified | NA         |
| MGTYVccaux |       1.800 |     0.000 |       0.000 |      0.000 |       NA    | Unspecified | NA         |
| MGTYAVcc   |       1.000 |     0.000 |       0.000 |      0.000 |       NA    | Unspecified | NA         |
| MGTYAVtt   |       1.200 |     0.000 |       0.000 |      0.000 |       NA    | Unspecified | NA         |
+------------+-------------+-----------+-------------+------------+-------------+-------------+------------+


1.3 Confidence Level
--------------------

+-----------------------------+------------+--------------------------------------------------------+------------------------------------------------------------------------------------------------------------+
| User Input Data             | Confidence | Details                                                | Action                                                                                                     |
+-----------------------------+------------+--------------------------------------------------------+------------------------------------------------------------------------------------------------------------+
| Design implementation state | High       | Design is routed                                       |                                                                                                            |
| Clock nodes activity        | High       | User specified more than 95% of clocks                 |                                                                                                            |
| I/O nodes activity          | Low        | More than 75% of inputs are missing user specification | Provide missing input activity with simulation results or by editing the "By Resource Type -> I/Os" view   |
| Internal nodes activity     | Medium     | User specified less than 25% of internal nodes         | Provide missing internal nodes activity with simulation results or by editing the "By Resource Type" views |
| Device models               | High       | Device models are Production                           |                                                                                                            |
|                             |            |                                                        |                                                                                                            |
| Overall confidence level    | Low        |                                                        |                                                                                                            |
+-----------------------------+------------+--------------------------------------------------------+------------------------------------------------------------------------------------------------------------+


2. Settings
-----------

2.1 Environment
---------------

+-----------------------+--------------------------+
| Ambient Temp (C)      | 25.0                     |
| ThetaJA (C/W)         | 1.4                      |
| Airflow (LFM)         | 250                      |
| Heat Sink             | medium (Medium Profile)  |
| ThetaSA (C/W)         | 2.4                      |
| Board Selection       | medium (10"x10")         |
| # of Board Layers     | 12to15 (12 to 15 Layers) |
| Board Temperature (C) | 25.0                     |
+-----------------------+--------------------------+


2.2 Clock Constraints
---------------------

+--------------------------------------------------------------------------------------------+---------------------------------------------------------------------------------------------------------------------------------------------------------------------------------------------------------+-----------------+
| Clock                                                                                      | Domain                                                                                                                                                                                                  | Constraint (ns) |
+--------------------------------------------------------------------------------------------+---------------------------------------------------------------------------------------------------------------------------------------------------------------------------------------------------------+-----------------+
| dbg_hub/inst/BSCANID.u_xsdbm_id/SWITCH_N_EXT_BSCAN.bscan_inst/SERIES7_BSCAN.bscan_inst/TCK | dbg_hub/inst/BSCANID.u_xsdbm_id/SWITCH_N_EXT_BSCAN.bscan_inst/tck_bs                                                                                                                                    |            33.0 |
| mmcm_clkout0                                                                               | U_DDR4_AXI_0/inst/u_ddr4_infrastructure/mmcm_clkout0                                                                                                                                                    |             3.3 |
| mmcm_clkout5                                                                               | U_DDR4_AXI_0/inst/u_ddr4_infrastructure/mmcm_clkout5                                                                                                                                                    |            13.3 |
| mmcm_clkout6                                                                               | U_DDR4_AXI_0/inst/u_ddr4_infrastructure/mmcm_clkout6                                                                                                                                                    |             6.7 |
| pll_clk[0]                                                                                 | U_DDR4_AXI_0/inst/u_ddr4_mem_intfc/u_mig_ddr4_phy/inst/u_ddr4_phy_pll/pll_clk[0]                                                                                                                        |             0.4 |
| pll_clk[0]_DIV                                                                             | U_DDR4_AXI_0/inst/u_ddr4_mem_intfc/u_mig_ddr4_phy/inst/generate_block1.u_ddr_xiphy/byte_num[0].xiphy_byte_wrapper.u_xiphy_byte_wrapper/I_CONTROL[0].GEN_I_CONTROL.u_xiphy_control/TX_BIT_CTRL_OUT0[26]  |             3.3 |
| pll_clk[0]_DIV                                                                             | U_DDR4_AXI_0/inst/u_ddr4_mem_intfc/u_mig_ddr4_phy/inst/generate_block1.u_ddr_xiphy/byte_num[0].xiphy_byte_wrapper.u_xiphy_byte_wrapper/I_CONTROL[0].GEN_I_CONTROL.u_xiphy_control/TX_BIT_CTRL_OUT2[26]  |             3.3 |
| pll_clk[0]_DIV                                                                             | U_DDR4_AXI_0/inst/u_ddr4_mem_intfc/u_mig_ddr4_phy/inst/generate_block1.u_ddr_xiphy/byte_num[0].xiphy_byte_wrapper.u_xiphy_byte_wrapper/I_CONTROL[0].GEN_I_CONTROL.u_xiphy_control/TX_BIT_CTRL_OUT3[26]  |             3.3 |
| pll_clk[0]_DIV                                                                             | U_DDR4_AXI_0/inst/u_ddr4_mem_intfc/u_mig_ddr4_phy/inst/generate_block1.u_ddr_xiphy/byte_num[0].xiphy_byte_wrapper.u_xiphy_byte_wrapper/I_CONTROL[0].GEN_I_CONTROL.u_xiphy_control/TX_BIT_CTRL_OUT4[26]  |             3.3 |
| pll_clk[0]_DIV                                                                             | U_DDR4_AXI_0/inst/u_ddr4_mem_intfc/u_mig_ddr4_phy/inst/generate_block1.u_ddr_xiphy/byte_num[0].xiphy_byte_wrapper.u_xiphy_byte_wrapper/I_CONTROL[0].GEN_I_CONTROL.u_xiphy_control/TX_BIT_CTRL_OUT5[26]  |             3.3 |
| pll_clk[0]_DIV                                                                             | U_DDR4_AXI_0/inst/u_ddr4_mem_intfc/u_mig_ddr4_phy/inst/generate_block1.u_ddr_xiphy/byte_num[0].xiphy_byte_wrapper.u_xiphy_byte_wrapper/I_CONTROL[1].GEN_I_CONTROL.u_xiphy_control/TX_BIT_CTRL_OUT0[26]  |             3.3 |
| pll_clk[0]_DIV                                                                             | U_DDR4_AXI_0/inst/u_ddr4_mem_intfc/u_mig_ddr4_phy/inst/generate_block1.u_ddr_xiphy/byte_num[0].xiphy_byte_wrapper.u_xiphy_byte_wrapper/I_CONTROL[1].GEN_I_CONTROL.u_xiphy_control/TX_BIT_CTRL_OUT2[26]  |             3.3 |
| pll_clk[0]_DIV                                                                             | U_DDR4_AXI_0/inst/u_ddr4_mem_intfc/u_mig_ddr4_phy/inst/generate_block1.u_ddr_xiphy/byte_num[0].xiphy_byte_wrapper.u_xiphy_byte_wrapper/I_CONTROL[1].GEN_I_CONTROL.u_xiphy_control/TX_BIT_CTRL_OUT3[26]  |             3.3 |
| pll_clk[0]_DIV                                                                             | U_DDR4_AXI_0/inst/u_ddr4_mem_intfc/u_mig_ddr4_phy/inst/generate_block1.u_ddr_xiphy/byte_num[0].xiphy_byte_wrapper.u_xiphy_byte_wrapper/I_CONTROL[1].GEN_I_CONTROL.u_xiphy_control/TX_BIT_CTRL_OUT4[26]  |             3.3 |
| pll_clk[0]_DIV                                                                             | U_DDR4_AXI_0/inst/u_ddr4_mem_intfc/u_mig_ddr4_phy/inst/generate_block1.u_ddr_xiphy/byte_num[0].xiphy_byte_wrapper.u_xiphy_byte_wrapper/I_CONTROL[1].GEN_I_CONTROL.u_xiphy_control/TX_BIT_CTRL_OUT5[26]  |             3.3 |
| pll_clk[0]_DIV                                                                             | U_DDR4_AXI_0/inst/u_ddr4_mem_intfc/u_mig_ddr4_phy/inst/generate_block1.u_ddr_xiphy/byte_num[1].xiphy_byte_wrapper.u_xiphy_byte_wrapper/I_CONTROL[0].GEN_I_CONTROL.u_xiphy_control/TX_BIT_CTRL_OUT0[26]  |             3.3 |
| pll_clk[0]_DIV                                                                             | U_DDR4_AXI_0/inst/u_ddr4_mem_intfc/u_mig_ddr4_phy/inst/generate_block1.u_ddr_xiphy/byte_num[1].xiphy_byte_wrapper.u_xiphy_byte_wrapper/I_CONTROL[0].GEN_I_CONTROL.u_xiphy_control/TX_BIT_CTRL_OUT2[26]  |             3.3 |
| pll_clk[0]_DIV                                                                             | U_DDR4_AXI_0/inst/u_ddr4_mem_intfc/u_mig_ddr4_phy/inst/generate_block1.u_ddr_xiphy/byte_num[1].xiphy_byte_wrapper.u_xiphy_byte_wrapper/I_CONTROL[0].GEN_I_CONTROL.u_xiphy_control/TX_BIT_CTRL_OUT3[26]  |             3.3 |
| pll_clk[0]_DIV                                                                             | U_DDR4_AXI_0/inst/u_ddr4_mem_intfc/u_mig_ddr4_phy/inst/generate_block1.u_ddr_xiphy/byte_num[1].xiphy_byte_wrapper.u_xiphy_byte_wrapper/I_CONTROL[0].GEN_I_CONTROL.u_xiphy_control/TX_BIT_CTRL_OUT4[26]  |             3.3 |
| pll_clk[0]_DIV                                                                             | U_DDR4_AXI_0/inst/u_ddr4_mem_intfc/u_mig_ddr4_phy/inst/generate_block1.u_ddr_xiphy/byte_num[1].xiphy_byte_wrapper.u_xiphy_byte_wrapper/I_CONTROL[0].GEN_I_CONTROL.u_xiphy_control/TX_BIT_CTRL_OUT5[26]  |             3.3 |
| pll_clk[0]_DIV                                                                             | U_DDR4_AXI_0/inst/u_ddr4_mem_intfc/u_mig_ddr4_phy/inst/generate_block1.u_ddr_xiphy/byte_num[1].xiphy_byte_wrapper.u_xiphy_byte_wrapper/I_CONTROL[1].GEN_I_CONTROL.u_xiphy_control/TX_BIT_CTRL_OUT0[26]  |             3.3 |
| pll_clk[0]_DIV                                                                             | U_DDR4_AXI_0/inst/u_ddr4_mem_intfc/u_mig_ddr4_phy/inst/generate_block1.u_ddr_xiphy/byte_num[1].xiphy_byte_wrapper.u_xiphy_byte_wrapper/I_CONTROL[1].GEN_I_CONTROL.u_xiphy_control/TX_BIT_CTRL_OUT2[26]  |             3.3 |
| pll_clk[0]_DIV                                                                             | U_DDR4_AXI_0/inst/u_ddr4_mem_intfc/u_mig_ddr4_phy/inst/generate_block1.u_ddr_xiphy/byte_num[1].xiphy_byte_wrapper.u_xiphy_byte_wrapper/I_CONTROL[1].GEN_I_CONTROL.u_xiphy_control/TX_BIT_CTRL_OUT3[26]  |             3.3 |
| pll_clk[0]_DIV                                                                             | U_DDR4_AXI_0/inst/u_ddr4_mem_intfc/u_mig_ddr4_phy/inst/generate_block1.u_ddr_xiphy/byte_num[1].xiphy_byte_wrapper.u_xiphy_byte_wrapper/I_CONTROL[1].GEN_I_CONTROL.u_xiphy_control/TX_BIT_CTRL_OUT4[26]  |             3.3 |
| pll_clk[0]_DIV                                                                             | U_DDR4_AXI_0/inst/u_ddr4_mem_intfc/u_mig_ddr4_phy/inst/generate_block1.u_ddr_xiphy/byte_num[1].xiphy_byte_wrapper.u_xiphy_byte_wrapper/I_CONTROL[1].GEN_I_CONTROL.u_xiphy_control/TX_BIT_CTRL_OUT5[26]  |             3.3 |
| pll_clk[0]_DIV                                                                             | U_DDR4_AXI_0/inst/u_ddr4_mem_intfc/u_mig_ddr4_phy/inst/generate_block1.u_ddr_xiphy/byte_num[2].xiphy_byte_wrapper.u_xiphy_byte_wrapper/I_CONTROL[0].GEN_I_CONTROL.u_xiphy_control/TX_BIT_CTRL_OUT0[26]  |             3.3 |
| pll_clk[0]_DIV                                                                             | U_DDR4_AXI_0/inst/u_ddr4_mem_intfc/u_mig_ddr4_phy/inst/generate_block1.u_ddr_xiphy/byte_num[2].xiphy_byte_wrapper.u_xiphy_byte_wrapper/I_CONTROL[0].GEN_I_CONTROL.u_xiphy_control/TX_BIT_CTRL_OUT2[26]  |             3.3 |
| pll_clk[0]_DIV                                                                             | U_DDR4_AXI_0/inst/u_ddr4_mem_intfc/u_mig_ddr4_phy/inst/generate_block1.u_ddr_xiphy/byte_num[2].xiphy_byte_wrapper.u_xiphy_byte_wrapper/I_CONTROL[0].GEN_I_CONTROL.u_xiphy_control/TX_BIT_CTRL_OUT3[26]  |             3.3 |
| pll_clk[0]_DIV                                                                             | U_DDR4_AXI_0/inst/u_ddr4_mem_intfc/u_mig_ddr4_phy/inst/generate_block1.u_ddr_xiphy/byte_num[2].xiphy_byte_wrapper.u_xiphy_byte_wrapper/I_CONTROL[0].GEN_I_CONTROL.u_xiphy_control/TX_BIT_CTRL_OUT4[26]  |             3.3 |
| pll_clk[0]_DIV                                                                             | U_DDR4_AXI_0/inst/u_ddr4_mem_intfc/u_mig_ddr4_phy/inst/generate_block1.u_ddr_xiphy/byte_num[2].xiphy_byte_wrapper.u_xiphy_byte_wrapper/I_CONTROL[0].GEN_I_CONTROL.u_xiphy_control/TX_BIT_CTRL_OUT5[26]  |             3.3 |
| pll_clk[0]_DIV                                                                             | U_DDR4_AXI_0/inst/u_ddr4_mem_intfc/u_mig_ddr4_phy/inst/generate_block1.u_ddr_xiphy/byte_num[2].xiphy_byte_wrapper.u_xiphy_byte_wrapper/I_CONTROL[1].GEN_I_CONTROL.u_xiphy_control/TX_BIT_CTRL_OUT0[26]  |             3.3 |
| pll_clk[0]_DIV                                                                             | U_DDR4_AXI_0/inst/u_ddr4_mem_intfc/u_mig_ddr4_phy/inst/generate_block1.u_ddr_xiphy/byte_num[2].xiphy_byte_wrapper.u_xiphy_byte_wrapper/I_CONTROL[1].GEN_I_CONTROL.u_xiphy_control/TX_BIT_CTRL_OUT2[26]  |             3.3 |
| pll_clk[0]_DIV                                                                             | U_DDR4_AXI_0/inst/u_ddr4_mem_intfc/u_mig_ddr4_phy/inst/generate_block1.u_ddr_xiphy/byte_num[2].xiphy_byte_wrapper.u_xiphy_byte_wrapper/I_CONTROL[1].GEN_I_CONTROL.u_xiphy_control/TX_BIT_CTRL_OUT3[26]  |             3.3 |
| pll_clk[0]_DIV                                                                             | U_DDR4_AXI_0/inst/u_ddr4_mem_intfc/u_mig_ddr4_phy/inst/generate_block1.u_ddr_xiphy/byte_num[2].xiphy_byte_wrapper.u_xiphy_byte_wrapper/I_CONTROL[1].GEN_I_CONTROL.u_xiphy_control/TX_BIT_CTRL_OUT4[26]  |             3.3 |
| pll_clk[0]_DIV                                                                             | U_DDR4_AXI_0/inst/u_ddr4_mem_intfc/u_mig_ddr4_phy/inst/generate_block1.u_ddr_xiphy/byte_num[2].xiphy_byte_wrapper.u_xiphy_byte_wrapper/I_CONTROL[1].GEN_I_CONTROL.u_xiphy_control/TX_BIT_CTRL_OUT5[26]  |             3.3 |
| pll_clk[0]_DIV                                                                             | U_DDR4_AXI_0/inst/u_ddr4_mem_intfc/u_mig_ddr4_phy/inst/generate_block1.u_ddr_xiphy/byte_num[3].xiphy_byte_wrapper.u_xiphy_byte_wrapper/I_CONTROL[0].GEN_I_CONTROL.u_xiphy_control/TX_BIT_CTRL_OUT0[26]  |             3.3 |
| pll_clk[0]_DIV                                                                             | U_DDR4_AXI_0/inst/u_ddr4_mem_intfc/u_mig_ddr4_phy/inst/generate_block1.u_ddr_xiphy/byte_num[3].xiphy_byte_wrapper.u_xiphy_byte_wrapper/I_CONTROL[0].GEN_I_CONTROL.u_xiphy_control/TX_BIT_CTRL_OUT2[26]  |             3.3 |
| pll_clk[0]_DIV                                                                             | U_DDR4_AXI_0/inst/u_ddr4_mem_intfc/u_mig_ddr4_phy/inst/generate_block1.u_ddr_xiphy/byte_num[3].xiphy_byte_wrapper.u_xiphy_byte_wrapper/I_CONTROL[0].GEN_I_CONTROL.u_xiphy_control/TX_BIT_CTRL_OUT3[26]  |             3.3 |
| pll_clk[0]_DIV                                                                             | U_DDR4_AXI_0/inst/u_ddr4_mem_intfc/u_mig_ddr4_phy/inst/generate_block1.u_ddr_xiphy/byte_num[3].xiphy_byte_wrapper.u_xiphy_byte_wrapper/I_CONTROL[0].GEN_I_CONTROL.u_xiphy_control/TX_BIT_CTRL_OUT4[26]  |             3.3 |
| pll_clk[0]_DIV                                                                             | U_DDR4_AXI_0/inst/u_ddr4_mem_intfc/u_mig_ddr4_phy/inst/generate_block1.u_ddr_xiphy/byte_num[3].xiphy_byte_wrapper.u_xiphy_byte_wrapper/I_CONTROL[0].GEN_I_CONTROL.u_xiphy_control/TX_BIT_CTRL_OUT5[26]  |             3.3 |
| pll_clk[0]_DIV                                                                             | U_DDR4_AXI_0/inst/u_ddr4_mem_intfc/u_mig_ddr4_phy/inst/generate_block1.u_ddr_xiphy/byte_num[3].xiphy_byte_wrapper.u_xiphy_byte_wrapper/I_CONTROL[1].GEN_I_CONTROL.u_xiphy_control/TX_BIT_CTRL_OUT0[26]  |             3.3 |
| pll_clk[0]_DIV                                                                             | U_DDR4_AXI_0/inst/u_ddr4_mem_intfc/u_mig_ddr4_phy/inst/generate_block1.u_ddr_xiphy/byte_num[3].xiphy_byte_wrapper.u_xiphy_byte_wrapper/I_CONTROL[1].GEN_I_CONTROL.u_xiphy_control/TX_BIT_CTRL_OUT2[26]  |             3.3 |
| pll_clk[0]_DIV                                                                             | U_DDR4_AXI_0/inst/u_ddr4_mem_intfc/u_mig_ddr4_phy/inst/generate_block1.u_ddr_xiphy/byte_num[3].xiphy_byte_wrapper.u_xiphy_byte_wrapper/I_CONTROL[1].GEN_I_CONTROL.u_xiphy_control/TX_BIT_CTRL_OUT3[26]  |             3.3 |
| pll_clk[0]_DIV                                                                             | U_DDR4_AXI_0/inst/u_ddr4_mem_intfc/u_mig_ddr4_phy/inst/generate_block1.u_ddr_xiphy/byte_num[3].xiphy_byte_wrapper.u_xiphy_byte_wrapper/I_CONTROL[1].GEN_I_CONTROL.u_xiphy_control/TX_BIT_CTRL_OUT4[26]  |             3.3 |
| pll_clk[0]_DIV                                                                             | U_DDR4_AXI_0/inst/u_ddr4_mem_intfc/u_mig_ddr4_phy/inst/generate_block1.u_ddr_xiphy/byte_num[3].xiphy_byte_wrapper.u_xiphy_byte_wrapper/I_CONTROL[1].GEN_I_CONTROL.u_xiphy_control/TX_BIT_CTRL_OUT5[26]  |             3.3 |
| pll_clk[1]                                                                                 | U_DDR4_AXI_0/inst/u_ddr4_mem_intfc/u_mig_ddr4_phy/inst/u_ddr4_phy_pll/pll_clk[1]                                                                                                                        |             0.4 |
| pll_clk[1]_DIV                                                                             | U_DDR4_AXI_0/inst/u_ddr4_mem_intfc/u_mig_ddr4_phy/inst/generate_block1.u_ddr_xiphy/byte_num[5].xiphy_byte_wrapper.u_xiphy_byte_wrapper/I_CONTROL[0].GEN_I_CONTROL.u_xiphy_control/TX_BIT_CTRL_OUT2[26]  |             3.3 |
| pll_clk[1]_DIV                                                                             | U_DDR4_AXI_0/inst/u_ddr4_mem_intfc/u_mig_ddr4_phy/inst/generate_block1.u_ddr_xiphy/byte_num[5].xiphy_byte_wrapper.u_xiphy_byte_wrapper/I_CONTROL[0].GEN_I_CONTROL.u_xiphy_control/TX_BIT_CTRL_OUT3[26]  |             3.3 |
| pll_clk[1]_DIV                                                                             | U_DDR4_AXI_0/inst/u_ddr4_mem_intfc/u_mig_ddr4_phy/inst/generate_block1.u_ddr_xiphy/byte_num[5].xiphy_byte_wrapper.u_xiphy_byte_wrapper/I_CONTROL[0].GEN_I_CONTROL.u_xiphy_control/TX_BIT_CTRL_OUT5[26]  |             3.3 |
| pll_clk[1]_DIV                                                                             | U_DDR4_AXI_0/inst/u_ddr4_mem_intfc/u_mig_ddr4_phy/inst/generate_block1.u_ddr_xiphy/byte_num[5].xiphy_byte_wrapper.u_xiphy_byte_wrapper/I_CONTROL[1].GEN_I_CONTROL.u_xiphy_control/TX_BIT_CTRL_OUT0[26]  |             3.3 |
| pll_clk[1]_DIV                                                                             | U_DDR4_AXI_0/inst/u_ddr4_mem_intfc/u_mig_ddr4_phy/inst/generate_block1.u_ddr_xiphy/byte_num[5].xiphy_byte_wrapper.u_xiphy_byte_wrapper/I_CONTROL[1].GEN_I_CONTROL.u_xiphy_control/TX_BIT_CTRL_OUT1[26]  |             3.3 |
| pll_clk[1]_DIV                                                                             | U_DDR4_AXI_0/inst/u_ddr4_mem_intfc/u_mig_ddr4_phy/inst/generate_block1.u_ddr_xiphy/byte_num[5].xiphy_byte_wrapper.u_xiphy_byte_wrapper/I_CONTROL[1].GEN_I_CONTROL.u_xiphy_control/TX_BIT_CTRL_OUT3[26]  |             3.3 |
| pll_clk[1]_DIV                                                                             | U_DDR4_AXI_0/inst/u_ddr4_mem_intfc/u_mig_ddr4_phy/inst/generate_block1.u_ddr_xiphy/byte_num[6].xiphy_byte_wrapper.u_xiphy_byte_wrapper/I_CONTROL[0].GEN_I_CONTROL.u_xiphy_control/TX_BIT_CTRL_OUT0[26]  |             3.3 |
| pll_clk[1]_DIV                                                                             | U_DDR4_AXI_0/inst/u_ddr4_mem_intfc/u_mig_ddr4_phy/inst/generate_block1.u_ddr_xiphy/byte_num[6].xiphy_byte_wrapper.u_xiphy_byte_wrapper/I_CONTROL[0].GEN_I_CONTROL.u_xiphy_control/TX_BIT_CTRL_OUT2[26]  |             3.3 |
| pll_clk[1]_DIV                                                                             | U_DDR4_AXI_0/inst/u_ddr4_mem_intfc/u_mig_ddr4_phy/inst/generate_block1.u_ddr_xiphy/byte_num[6].xiphy_byte_wrapper.u_xiphy_byte_wrapper/I_CONTROL[0].GEN_I_CONTROL.u_xiphy_control/TX_BIT_CTRL_OUT3[26]  |             3.3 |
| pll_clk[1]_DIV                                                                             | U_DDR4_AXI_0/inst/u_ddr4_mem_intfc/u_mig_ddr4_phy/inst/generate_block1.u_ddr_xiphy/byte_num[6].xiphy_byte_wrapper.u_xiphy_byte_wrapper/I_CONTROL[0].GEN_I_CONTROL.u_xiphy_control/TX_BIT_CTRL_OUT4[26]  |             3.3 |
| pll_clk[1]_DIV                                                                             | U_DDR4_AXI_0/inst/u_ddr4_mem_intfc/u_mig_ddr4_phy/inst/generate_block1.u_ddr_xiphy/byte_num[6].xiphy_byte_wrapper.u_xiphy_byte_wrapper/I_CONTROL[1].GEN_I_CONTROL.u_xiphy_control/TX_BIT_CTRL_OUT0[26]  |             3.3 |
| pll_clk[1]_DIV                                                                             | U_DDR4_AXI_0/inst/u_ddr4_mem_intfc/u_mig_ddr4_phy/inst/generate_block1.u_ddr_xiphy/byte_num[6].xiphy_byte_wrapper.u_xiphy_byte_wrapper/I_CONTROL[1].GEN_I_CONTROL.u_xiphy_control/TX_BIT_CTRL_OUT1[26]  |             3.3 |
| pll_clk[1]_DIV                                                                             | U_DDR4_AXI_0/inst/u_ddr4_mem_intfc/u_mig_ddr4_phy/inst/generate_block1.u_ddr_xiphy/byte_num[6].xiphy_byte_wrapper.u_xiphy_byte_wrapper/I_CONTROL[1].GEN_I_CONTROL.u_xiphy_control/TX_BIT_CTRL_OUT2[26]  |             3.3 |
| pll_clk[1]_DIV                                                                             | U_DDR4_AXI_0/inst/u_ddr4_mem_intfc/u_mig_ddr4_phy/inst/generate_block1.u_ddr_xiphy/byte_num[6].xiphy_byte_wrapper.u_xiphy_byte_wrapper/I_CONTROL[1].GEN_I_CONTROL.u_xiphy_control/TX_BIT_CTRL_OUT4[26]  |             3.3 |
| pll_clk[1]_DIV                                                                             | U_DDR4_AXI_0/inst/u_ddr4_mem_intfc/u_mig_ddr4_phy/inst/generate_block1.u_ddr_xiphy/byte_num[6].xiphy_byte_wrapper.u_xiphy_byte_wrapper/I_CONTROL[1].GEN_I_CONTROL.u_xiphy_control/TX_BIT_CTRL_OUT5[26]  |             3.3 |
| pll_clk[1]_DIV                                                                             | U_DDR4_AXI_0/inst/u_ddr4_mem_intfc/u_mig_ddr4_phy/inst/generate_block1.u_ddr_xiphy/byte_num[7].xiphy_byte_wrapper.u_xiphy_byte_wrapper/I_CONTROL[0].GEN_I_CONTROL.u_xiphy_control/TX_BIT_CTRL_OUT0[26]  |             3.3 |
| pll_clk[1]_DIV                                                                             | U_DDR4_AXI_0/inst/u_ddr4_mem_intfc/u_mig_ddr4_phy/inst/generate_block1.u_ddr_xiphy/byte_num[7].xiphy_byte_wrapper.u_xiphy_byte_wrapper/I_CONTROL[0].GEN_I_CONTROL.u_xiphy_control/TX_BIT_CTRL_OUT1[26]  |             3.3 |
| pll_clk[1]_DIV                                                                             | U_DDR4_AXI_0/inst/u_ddr4_mem_intfc/u_mig_ddr4_phy/inst/generate_block1.u_ddr_xiphy/byte_num[7].xiphy_byte_wrapper.u_xiphy_byte_wrapper/I_CONTROL[0].GEN_I_CONTROL.u_xiphy_control/TX_BIT_CTRL_OUT2[26]  |             3.3 |
| pll_clk[1]_DIV                                                                             | U_DDR4_AXI_0/inst/u_ddr4_mem_intfc/u_mig_ddr4_phy/inst/generate_block1.u_ddr_xiphy/byte_num[7].xiphy_byte_wrapper.u_xiphy_byte_wrapper/I_CONTROL[0].GEN_I_CONTROL.u_xiphy_control/TX_BIT_CTRL_OUT4[26]  |             3.3 |
| pll_clk[1]_DIV                                                                             | U_DDR4_AXI_0/inst/u_ddr4_mem_intfc/u_mig_ddr4_phy/inst/generate_block1.u_ddr_xiphy/byte_num[7].xiphy_byte_wrapper.u_xiphy_byte_wrapper/I_CONTROL[0].GEN_I_CONTROL.u_xiphy_control/TX_BIT_CTRL_OUT5[26]  |             3.3 |
| pll_clk[1]_DIV                                                                             | U_DDR4_AXI_0/inst/u_ddr4_mem_intfc/u_mig_ddr4_phy/inst/generate_block1.u_ddr_xiphy/byte_num[7].xiphy_byte_wrapper.u_xiphy_byte_wrapper/I_CONTROL[1].GEN_I_CONTROL.u_xiphy_control/TX_BIT_CTRL_OUT0[26]  |             3.3 |
| pll_clk[1]_DIV                                                                             | U_DDR4_AXI_0/inst/u_ddr4_mem_intfc/u_mig_ddr4_phy/inst/generate_block1.u_ddr_xiphy/byte_num[7].xiphy_byte_wrapper.u_xiphy_byte_wrapper/I_CONTROL[1].GEN_I_CONTROL.u_xiphy_control/TX_BIT_CTRL_OUT2[26]  |             3.3 |
| pll_clk[1]_DIV                                                                             | U_DDR4_AXI_0/inst/u_ddr4_mem_intfc/u_mig_ddr4_phy/inst/generate_block1.u_ddr_xiphy/byte_num[7].xiphy_byte_wrapper.u_xiphy_byte_wrapper/I_CONTROL[1].GEN_I_CONTROL.u_xiphy_control/TX_BIT_CTRL_OUT3[26]  |             3.3 |
| pll_clk[1]_DIV                                                                             | U_DDR4_AXI_0/inst/u_ddr4_mem_intfc/u_mig_ddr4_phy/inst/generate_block1.u_ddr_xiphy/byte_num[7].xiphy_byte_wrapper.u_xiphy_byte_wrapper/I_CONTROL[1].GEN_I_CONTROL.u_xiphy_control/TX_BIT_CTRL_OUT4[26]  |             3.3 |
| pll_clk[1]_DIV                                                                             | U_DDR4_AXI_0/inst/u_ddr4_mem_intfc/u_mig_ddr4_phy/inst/generate_block1.u_ddr_xiphy/byte_num[7].xiphy_byte_wrapper.u_xiphy_byte_wrapper/I_CONTROL[1].GEN_I_CONTROL.u_xiphy_control/TX_BIT_CTRL_OUT5[26]  |             3.3 |
| pll_clk[2]                                                                                 | U_DDR4_AXI_0/inst/u_ddr4_mem_intfc/u_mig_ddr4_phy/inst/u_ddr4_phy_pll/pll_clk[2]                                                                                                                        |             0.4 |
| pll_clk[2]_DIV                                                                             | U_DDR4_AXI_0/inst/u_ddr4_mem_intfc/u_mig_ddr4_phy/inst/generate_block1.u_ddr_xiphy/byte_num[10].xiphy_byte_wrapper.u_xiphy_byte_wrapper/I_CONTROL[0].GEN_I_CONTROL.u_xiphy_control/TX_BIT_CTRL_OUT0[26] |             3.3 |
| pll_clk[2]_DIV                                                                             | U_DDR4_AXI_0/inst/u_ddr4_mem_intfc/u_mig_ddr4_phy/inst/generate_block1.u_ddr_xiphy/byte_num[10].xiphy_byte_wrapper.u_xiphy_byte_wrapper/I_CONTROL[0].GEN_I_CONTROL.u_xiphy_control/TX_BIT_CTRL_OUT2[26] |             3.3 |
| pll_clk[2]_DIV                                                                             | U_DDR4_AXI_0/inst/u_ddr4_mem_intfc/u_mig_ddr4_phy/inst/generate_block1.u_ddr_xiphy/byte_num[10].xiphy_byte_wrapper.u_xiphy_byte_wrapper/I_CONTROL[0].GEN_I_CONTROL.u_xiphy_control/TX_BIT_CTRL_OUT3[26] |             3.3 |
| pll_clk[2]_DIV                                                                             | U_DDR4_AXI_0/inst/u_ddr4_mem_intfc/u_mig_ddr4_phy/inst/generate_block1.u_ddr_xiphy/byte_num[10].xiphy_byte_wrapper.u_xiphy_byte_wrapper/I_CONTROL[0].GEN_I_CONTROL.u_xiphy_control/TX_BIT_CTRL_OUT4[26] |             3.3 |
| pll_clk[2]_DIV                                                                             | U_DDR4_AXI_0/inst/u_ddr4_mem_intfc/u_mig_ddr4_phy/inst/generate_block1.u_ddr_xiphy/byte_num[10].xiphy_byte_wrapper.u_xiphy_byte_wrapper/I_CONTROL[0].GEN_I_CONTROL.u_xiphy_control/TX_BIT_CTRL_OUT5[26] |             3.3 |
| pll_clk[2]_DIV                                                                             | U_DDR4_AXI_0/inst/u_ddr4_mem_intfc/u_mig_ddr4_phy/inst/generate_block1.u_ddr_xiphy/byte_num[10].xiphy_byte_wrapper.u_xiphy_byte_wrapper/I_CONTROL[1].GEN_I_CONTROL.u_xiphy_control/TX_BIT_CTRL_OUT0[26] |             3.3 |
| pll_clk[2]_DIV                                                                             | U_DDR4_AXI_0/inst/u_ddr4_mem_intfc/u_mig_ddr4_phy/inst/generate_block1.u_ddr_xiphy/byte_num[10].xiphy_byte_wrapper.u_xiphy_byte_wrapper/I_CONTROL[1].GEN_I_CONTROL.u_xiphy_control/TX_BIT_CTRL_OUT2[26] |             3.3 |
| pll_clk[2]_DIV                                                                             | U_DDR4_AXI_0/inst/u_ddr4_mem_intfc/u_mig_ddr4_phy/inst/generate_block1.u_ddr_xiphy/byte_num[10].xiphy_byte_wrapper.u_xiphy_byte_wrapper/I_CONTROL[1].GEN_I_CONTROL.u_xiphy_control/TX_BIT_CTRL_OUT3[26] |             3.3 |
| pll_clk[2]_DIV                                                                             | U_DDR4_AXI_0/inst/u_ddr4_mem_intfc/u_mig_ddr4_phy/inst/generate_block1.u_ddr_xiphy/byte_num[10].xiphy_byte_wrapper.u_xiphy_byte_wrapper/I_CONTROL[1].GEN_I_CONTROL.u_xiphy_control/TX_BIT_CTRL_OUT4[26] |             3.3 |
| pll_clk[2]_DIV                                                                             | U_DDR4_AXI_0/inst/u_ddr4_mem_intfc/u_mig_ddr4_phy/inst/generate_block1.u_ddr_xiphy/byte_num[10].xiphy_byte_wrapper.u_xiphy_byte_wrapper/I_CONTROL[1].GEN_I_CONTROL.u_xiphy_control/TX_BIT_CTRL_OUT5[26] |             3.3 |
| pll_clk[2]_DIV                                                                             | U_DDR4_AXI_0/inst/u_ddr4_mem_intfc/u_mig_ddr4_phy/inst/generate_block1.u_ddr_xiphy/byte_num[11].xiphy_byte_wrapper.u_xiphy_byte_wrapper/I_CONTROL[0].GEN_I_CONTROL.u_xiphy_control/TX_BIT_CTRL_OUT0[26] |             3.3 |
| pll_clk[2]_DIV                                                                             | U_DDR4_AXI_0/inst/u_ddr4_mem_intfc/u_mig_ddr4_phy/inst/generate_block1.u_ddr_xiphy/byte_num[11].xiphy_byte_wrapper.u_xiphy_byte_wrapper/I_CONTROL[0].GEN_I_CONTROL.u_xiphy_control/TX_BIT_CTRL_OUT2[26] |             3.3 |
| pll_clk[2]_DIV                                                                             | U_DDR4_AXI_0/inst/u_ddr4_mem_intfc/u_mig_ddr4_phy/inst/generate_block1.u_ddr_xiphy/byte_num[11].xiphy_byte_wrapper.u_xiphy_byte_wrapper/I_CONTROL[0].GEN_I_CONTROL.u_xiphy_control/TX_BIT_CTRL_OUT3[26] |             3.3 |
| pll_clk[2]_DIV                                                                             | U_DDR4_AXI_0/inst/u_ddr4_mem_intfc/u_mig_ddr4_phy/inst/generate_block1.u_ddr_xiphy/byte_num[11].xiphy_byte_wrapper.u_xiphy_byte_wrapper/I_CONTROL[0].GEN_I_CONTROL.u_xiphy_control/TX_BIT_CTRL_OUT4[26] |             3.3 |
| pll_clk[2]_DIV                                                                             | U_DDR4_AXI_0/inst/u_ddr4_mem_intfc/u_mig_ddr4_phy/inst/generate_block1.u_ddr_xiphy/byte_num[11].xiphy_byte_wrapper.u_xiphy_byte_wrapper/I_CONTROL[0].GEN_I_CONTROL.u_xiphy_control/TX_BIT_CTRL_OUT5[26] |             3.3 |
| pll_clk[2]_DIV                                                                             | U_DDR4_AXI_0/inst/u_ddr4_mem_intfc/u_mig_ddr4_phy/inst/generate_block1.u_ddr_xiphy/byte_num[11].xiphy_byte_wrapper.u_xiphy_byte_wrapper/I_CONTROL[1].GEN_I_CONTROL.u_xiphy_control/TX_BIT_CTRL_OUT0[26] |             3.3 |
| pll_clk[2]_DIV                                                                             | U_DDR4_AXI_0/inst/u_ddr4_mem_intfc/u_mig_ddr4_phy/inst/generate_block1.u_ddr_xiphy/byte_num[11].xiphy_byte_wrapper.u_xiphy_byte_wrapper/I_CONTROL[1].GEN_I_CONTROL.u_xiphy_control/TX_BIT_CTRL_OUT2[26] |             3.3 |
| pll_clk[2]_DIV                                                                             | U_DDR4_AXI_0/inst/u_ddr4_mem_intfc/u_mig_ddr4_phy/inst/generate_block1.u_ddr_xiphy/byte_num[11].xiphy_byte_wrapper.u_xiphy_byte_wrapper/I_CONTROL[1].GEN_I_CONTROL.u_xiphy_control/TX_BIT_CTRL_OUT3[26] |             3.3 |
| pll_clk[2]_DIV                                                                             | U_DDR4_AXI_0/inst/u_ddr4_mem_intfc/u_mig_ddr4_phy/inst/generate_block1.u_ddr_xiphy/byte_num[11].xiphy_byte_wrapper.u_xiphy_byte_wrapper/I_CONTROL[1].GEN_I_CONTROL.u_xiphy_control/TX_BIT_CTRL_OUT4[26] |             3.3 |
| pll_clk[2]_DIV                                                                             | U_DDR4_AXI_0/inst/u_ddr4_mem_intfc/u_mig_ddr4_phy/inst/generate_block1.u_ddr_xiphy/byte_num[11].xiphy_byte_wrapper.u_xiphy_byte_wrapper/I_CONTROL[1].GEN_I_CONTROL.u_xiphy_control/TX_BIT_CTRL_OUT5[26] |             3.3 |
| pll_clk[2]_DIV                                                                             | U_DDR4_AXI_0/inst/u_ddr4_mem_intfc/u_mig_ddr4_phy/inst/generate_block1.u_ddr_xiphy/byte_num[8].xiphy_byte_wrapper.u_xiphy_byte_wrapper/I_CONTROL[0].GEN_I_CONTROL.u_xiphy_control/TX_BIT_CTRL_OUT0[26]  |             3.3 |
| pll_clk[2]_DIV                                                                             | U_DDR4_AXI_0/inst/u_ddr4_mem_intfc/u_mig_ddr4_phy/inst/generate_block1.u_ddr_xiphy/byte_num[8].xiphy_byte_wrapper.u_xiphy_byte_wrapper/I_CONTROL[0].GEN_I_CONTROL.u_xiphy_control/TX_BIT_CTRL_OUT2[26]  |             3.3 |
| pll_clk[2]_DIV                                                                             | U_DDR4_AXI_0/inst/u_ddr4_mem_intfc/u_mig_ddr4_phy/inst/generate_block1.u_ddr_xiphy/byte_num[8].xiphy_byte_wrapper.u_xiphy_byte_wrapper/I_CONTROL[0].GEN_I_CONTROL.u_xiphy_control/TX_BIT_CTRL_OUT3[26]  |             3.3 |
| pll_clk[2]_DIV                                                                             | U_DDR4_AXI_0/inst/u_ddr4_mem_intfc/u_mig_ddr4_phy/inst/generate_block1.u_ddr_xiphy/byte_num[8].xiphy_byte_wrapper.u_xiphy_byte_wrapper/I_CONTROL[0].GEN_I_CONTROL.u_xiphy_control/TX_BIT_CTRL_OUT4[26]  |             3.3 |
| pll_clk[2]_DIV                                                                             | U_DDR4_AXI_0/inst/u_ddr4_mem_intfc/u_mig_ddr4_phy/inst/generate_block1.u_ddr_xiphy/byte_num[8].xiphy_byte_wrapper.u_xiphy_byte_wrapper/I_CONTROL[0].GEN_I_CONTROL.u_xiphy_control/TX_BIT_CTRL_OUT5[26]  |             3.3 |
| pll_clk[2]_DIV                                                                             | U_DDR4_AXI_0/inst/u_ddr4_mem_intfc/u_mig_ddr4_phy/inst/generate_block1.u_ddr_xiphy/byte_num[8].xiphy_byte_wrapper.u_xiphy_byte_wrapper/I_CONTROL[1].GEN_I_CONTROL.u_xiphy_control/TX_BIT_CTRL_OUT0[26]  |             3.3 |
| pll_clk[2]_DIV                                                                             | U_DDR4_AXI_0/inst/u_ddr4_mem_intfc/u_mig_ddr4_phy/inst/generate_block1.u_ddr_xiphy/byte_num[8].xiphy_byte_wrapper.u_xiphy_byte_wrapper/I_CONTROL[1].GEN_I_CONTROL.u_xiphy_control/TX_BIT_CTRL_OUT2[26]  |             3.3 |
| pll_clk[2]_DIV                                                                             | U_DDR4_AXI_0/inst/u_ddr4_mem_intfc/u_mig_ddr4_phy/inst/generate_block1.u_ddr_xiphy/byte_num[8].xiphy_byte_wrapper.u_xiphy_byte_wrapper/I_CONTROL[1].GEN_I_CONTROL.u_xiphy_control/TX_BIT_CTRL_OUT3[26]  |             3.3 |
| pll_clk[2]_DIV                                                                             | U_DDR4_AXI_0/inst/u_ddr4_mem_intfc/u_mig_ddr4_phy/inst/generate_block1.u_ddr_xiphy/byte_num[8].xiphy_byte_wrapper.u_xiphy_byte_wrapper/I_CONTROL[1].GEN_I_CONTROL.u_xiphy_control/TX_BIT_CTRL_OUT4[26]  |             3.3 |
| pll_clk[2]_DIV                                                                             | U_DDR4_AXI_0/inst/u_ddr4_mem_intfc/u_mig_ddr4_phy/inst/generate_block1.u_ddr_xiphy/byte_num[8].xiphy_byte_wrapper.u_xiphy_byte_wrapper/I_CONTROL[1].GEN_I_CONTROL.u_xiphy_control/TX_BIT_CTRL_OUT5[26]  |             3.3 |
| pll_clk[2]_DIV                                                                             | U_DDR4_AXI_0/inst/u_ddr4_mem_intfc/u_mig_ddr4_phy/inst/generate_block1.u_ddr_xiphy/byte_num[9].xiphy_byte_wrapper.u_xiphy_byte_wrapper/I_CONTROL[0].GEN_I_CONTROL.u_xiphy_control/TX_BIT_CTRL_OUT0[26]  |             3.3 |
| pll_clk[2]_DIV                                                                             | U_DDR4_AXI_0/inst/u_ddr4_mem_intfc/u_mig_ddr4_phy/inst/generate_block1.u_ddr_xiphy/byte_num[9].xiphy_byte_wrapper.u_xiphy_byte_wrapper/I_CONTROL[0].GEN_I_CONTROL.u_xiphy_control/TX_BIT_CTRL_OUT2[26]  |             3.3 |
| pll_clk[2]_DIV                                                                             | U_DDR4_AXI_0/inst/u_ddr4_mem_intfc/u_mig_ddr4_phy/inst/generate_block1.u_ddr_xiphy/byte_num[9].xiphy_byte_wrapper.u_xiphy_byte_wrapper/I_CONTROL[0].GEN_I_CONTROL.u_xiphy_control/TX_BIT_CTRL_OUT3[26]  |             3.3 |
| pll_clk[2]_DIV                                                                             | U_DDR4_AXI_0/inst/u_ddr4_mem_intfc/u_mig_ddr4_phy/inst/generate_block1.u_ddr_xiphy/byte_num[9].xiphy_byte_wrapper.u_xiphy_byte_wrapper/I_CONTROL[0].GEN_I_CONTROL.u_xiphy_control/TX_BIT_CTRL_OUT4[26]  |             3.3 |
| pll_clk[2]_DIV                                                                             | U_DDR4_AXI_0/inst/u_ddr4_mem_intfc/u_mig_ddr4_phy/inst/generate_block1.u_ddr_xiphy/byte_num[9].xiphy_byte_wrapper.u_xiphy_byte_wrapper/I_CONTROL[0].GEN_I_CONTROL.u_xiphy_control/TX_BIT_CTRL_OUT5[26]  |             3.3 |
| pll_clk[2]_DIV                                                                             | U_DDR4_AXI_0/inst/u_ddr4_mem_intfc/u_mig_ddr4_phy/inst/generate_block1.u_ddr_xiphy/byte_num[9].xiphy_byte_wrapper.u_xiphy_byte_wrapper/I_CONTROL[1].GEN_I_CONTROL.u_xiphy_control/TX_BIT_CTRL_OUT0[26]  |             3.3 |
| pll_clk[2]_DIV                                                                             | U_DDR4_AXI_0/inst/u_ddr4_mem_intfc/u_mig_ddr4_phy/inst/generate_block1.u_ddr_xiphy/byte_num[9].xiphy_byte_wrapper.u_xiphy_byte_wrapper/I_CONTROL[1].GEN_I_CONTROL.u_xiphy_control/TX_BIT_CTRL_OUT2[26]  |             3.3 |
| pll_clk[2]_DIV                                                                             | U_DDR4_AXI_0/inst/u_ddr4_mem_intfc/u_mig_ddr4_phy/inst/generate_block1.u_ddr_xiphy/byte_num[9].xiphy_byte_wrapper.u_xiphy_byte_wrapper/I_CONTROL[1].GEN_I_CONTROL.u_xiphy_control/TX_BIT_CTRL_OUT3[26]  |             3.3 |
| pll_clk[2]_DIV                                                                             | U_DDR4_AXI_0/inst/u_ddr4_mem_intfc/u_mig_ddr4_phy/inst/generate_block1.u_ddr_xiphy/byte_num[9].xiphy_byte_wrapper.u_xiphy_byte_wrapper/I_CONTROL[1].GEN_I_CONTROL.u_xiphy_control/TX_BIT_CTRL_OUT4[26]  |             3.3 |
| pll_clk[2]_DIV                                                                             | U_DDR4_AXI_0/inst/u_ddr4_mem_intfc/u_mig_ddr4_phy/inst/generate_block1.u_ddr_xiphy/byte_num[9].xiphy_byte_wrapper.u_xiphy_byte_wrapper/I_CONTROL[1].GEN_I_CONTROL.u_xiphy_control/TX_BIT_CTRL_OUT5[26]  |             3.3 |
| sys_clk_p                                                                                  | sys_clk_p                                                                                                                                                                                               |            10.0 |
+--------------------------------------------------------------------------------------------+---------------------------------------------------------------------------------------------------------------------------------------------------------------------------------------------------------+-----------------+


3. Detailed Reports
-------------------

3.1 By Hierarchy
----------------

+-----------------------------+-----------+
| Name                        | Power (W) |
+-----------------------------+-----------+
| TOP_AXI_DDR4_FULL_BIST      |     1.645 |
|   U_AXI_DDR_FULL_BIST       |     0.015 |
|   U_DDR4_AXI_0              |     1.517 |
|     inst                    |     1.517 |
|       u_ddr4_infrastructure |     0.115 |
|       u_ddr4_mem_intfc      |     1.348 |
|       u_ddr_axi             |     0.054 |
|   U_ILA_BIST_STATUS         |     0.103 |
|     inst                    |     0.103 |
|       ila_core_inst         |     0.103 |
|   U_VIO_BIST_CTRL           |     0.005 |
|     inst                    |     0.005 |
|       PROBE_IN_INST         |     0.004 |
|   dbg_hub                   |     0.004 |
|     inst                    |     0.004 |
|       BSCANID.u_xsdbm_id    |     0.004 |
+-----------------------------+-----------+


