#-----------------------------------------------------------
# xsim v2020.2 (64-bit)
# SW Build 3064766 on Wed Nov 18 09:12:45 MST 2020
# IP Build 3064653 on Wed Nov 18 14:17:31 MST 2020
# Start of session at: Sun Sep 20 15:51:52 2026
# Process ID: 2872
# Current directory: C:/project/RTDS/DDR/RTDS_test_DDR4_64bit_batch_dev/regression/v201_runs/1g/project/module_test.sim/sim_1/behav/xsim
# Command line: xsim.exe -log C:\project\RTDS\DDR\RTDS_test_DDR4_64bit_batch_dev\evidence\v201_quick_wave_draft\raw\1g\xsim_1g.log -mode tcl -source {xsim.dir/tb_rtds_1g_behav/xsim_script.tcl}
# Log file: C:/project/RTDS/DDR/RTDS_test_DDR4_64bit_batch_dev/evidence/v201_quick_wave_draft/raw/1g/xsim_1g.log
# Journal file: C:/project/RTDS/DDR/RTDS_test_DDR4_64bit_batch_dev/regression/v201_runs/1g/project/module_test.sim/sim_1/behav/xsim\xsim.jou
#-----------------------------------------------------------
source xsim.dir/tb_rtds_1g_behav/xsim_script.tcl
# xsim {tb_rtds_1g_behav} -wdb {C:\project\RTDS\DDR\RTDS_test_DDR4_64bit_batch_dev\evidence\v201_quick_wave_draft\raw\1g\1g_full.wdb} -autoloadwcfg -tclbatch {C:/project/RTDS/DDR/RTDS_test_DDR4_64bit_batch_dev/regression/batch_1g/record_module_evidence.tcl}
Vivado Simulator 2020.2
Time resolution is 1 ps
source C:/project/RTDS/DDR/RTDS_test_DDR4_64bit_batch_dev/regression/batch_1g/record_module_evidence.tcl
## foreach required {RTDS_WAVE_TOP RTDS_VCD_PATH RTDS_WCFG_PATH} {
##     if {![info exists ::env($required)]} {
##         error "missing environment variable $required"
##     }
## }
## set top_scope /$::env(RTDS_WAVE_TOP)
## if {[string length [current_wave_config]] == 0} {
##     create_wave_config
## }
## log_wave -r ${top_scope}/*
WARNING: [Simtcl 6-197] One or more HDL objects could not be logged because of object type or size limitations.  To see details please rerun the command with -verbose (-v).
## add_wave -r ${top_scope}/*
WARNING: Simulation object /tb_rtds_1g/submit/id was not traceable in the design for the following reason:
Vivado Simulator does not support tracing of automatic variables in Verilog/VHDL subprogram.
WARNING: Simulation object /tb_rtds_1g/wait_frames/Block88_99/cycles was not traceable in the design for the following reason:
Vivado Simulator does not support tracing of automatic variables in Verilog/VHDL subprogram.
WARNING: Simulation object /tb_rtds_1g/wait_frames/target was not traceable in the design for the following reason:
Vivado Simulator does not support tracing of automatic variables in Verilog/VHDL subprogram.
## open_vcd $::env(RTDS_VCD_PATH)
## log_vcd [get_objects -r ${top_scope}/*]
## run all
TEST PASS tb_rtds_1g completed_frames=60
$finish called at time : 283920 ns : File "C:/project/RTDS/DDR/RTDS_test_DDR4_64bit_batch_dev/regression/batch_1g/tb_rtds_1g.sv" Line 159
## close_vcd
## catch {file delete -force $::env(RTDS_WCFG_PATH)}
## if {[catch {save_wave_config $::env(RTDS_WCFG_PATH)} save_error]} {
##     puts "RTDS_EVIDENCE_WCFG_WARNING=$save_error"
## }
## puts "RTDS_EVIDENCE_RECORDED=$top_scope"
RTDS_EVIDENCE_RECORDED=/tb_rtds_1g
INFO: [Common 17-206] Exiting xsim at Sun Sep 20 15:54:48 2026...
