Copyright 1986-2020 Xilinx, Inc. All Rights Reserved.
-----------------------------------------------------------------------------------------------------------------------------------------------------------
| Tool Version      : Vivado v.2020.2 (win64) Build 3064766 Wed Nov 18 09:12:45 MST 2020
| Date              : Tue Sep 15 09:47:21 2026
| Host              : DESKTOP-H0AB0MD running 64-bit major release  (build 9200)
| Command           : report_clock_interaction -file C:/project/RTDS/DDR/axi_ddr4_full_bist_2020_2/reports/timing_diagnosis_20260915/clock_interaction.rpt
| Design            : TOP_AXI_DDR4_FULL_BIST
| Device            : xcku040-ffva1156
| Speed File        : -2  PRODUCTION 1.25 12-04-2018
| Temperature Grade : I
-----------------------------------------------------------------------------------------------------------------------------------------------------------

Clock Interaction Report

Clock Interaction Table
-----------------------

                                                                                                                                                                                        WNS                            TNS Failing  TNS Total    WNS Path         Clock-Pair           Inter-Clock              
From Clock                                                                                  To Clock                                                                                    Clock Edges  WNS(ns)  TNS(ns)    Endpoints    Endpoints  Requirement(ns)  Classification       Constraints              
------------------------------------------------------------------------------------------  ------------------------------------------------------------------------------------------  -----------  -------  -------  -----------  -----------  ---------------  -------------------  -----------------------  
dbg_hub/inst/BSCANID.u_xsdbm_id/SWITCH_N_EXT_BSCAN.bscan_inst/SERIES7_BSCAN.bscan_inst/TCK  dbg_hub/inst/BSCANID.u_xsdbm_id/SWITCH_N_EXT_BSCAN.bscan_inst/SERIES7_BSCAN.bscan_inst/TCK  rise - rise    30.07     0.00            0         1078            33.00  Clean                Timed                    
dbg_hub/inst/BSCANID.u_xsdbm_id/SWITCH_N_EXT_BSCAN.bscan_inst/SERIES7_BSCAN.bscan_inst/TCK  mmcm_clkout5                                                                                rise - rise    32.30     0.00            0           88            33.00  Ignored              Max Delay Datapath Only  
mmcm_clkout0                                                                                mmcm_clkout0                                                                                rise - rise    -1.33  -953.85         3079        47379             3.33  Clean                Timed                    
mmcm_clkout0                                                                                mmcm_clkout5                                                                                rise - rise    11.36     0.00            0          194            12.00  Ignored              Max Delay Datapath Only  
mmcm_clkout0                                                                                mmcm_clkout6                                                                                rise - rise     1.84     0.00            0           36             3.33  Clean                Timed                    
mmcm_clkout0                                                                                pll_clk[0]_DIV                                                                              rise - rise     0.35     0.00            0          352             3.33  Clean                Timed                    
mmcm_clkout0                                                                                pll_clk[1]_DIV                                                                              rise - rise     0.99     0.00            0          216             3.33  Clean                Timed                    
mmcm_clkout0                                                                                pll_clk[2]_DIV                                                                              rise - rise     0.55     0.00            0          352             3.33  Clean                Timed                    
mmcm_clkout5                                                                                dbg_hub/inst/BSCANID.u_xsdbm_id/SWITCH_N_EXT_BSCAN.bscan_inst/SERIES7_BSCAN.bscan_inst/TCK  rise - rise    12.56     0.00            0          104            13.33  Ignored              Max Delay Datapath Only  
mmcm_clkout5                                                                                mmcm_clkout0                                                                                rise - rise     2.26     0.00            0          307             3.00  Ignored              Max Delay Datapath Only  
mmcm_clkout5                                                                                mmcm_clkout5                                                                                rise - rise     8.34     0.00            0         6203            13.33  Clean                Partial False Path       
mmcm_clkout6                                                                                mmcm_clkout0                                                                                rise - rise     1.52     0.00            0          129             3.00  Ignored              Max Delay Datapath Only  
mmcm_clkout6                                                                                mmcm_clkout6                                                                                rise - rise     1.29     0.00            0         5638             6.66  Clean                Partial False Path       
sys_clk_p                                                                                   mmcm_clkout0                                                                                                                         0            1                   Ignored              False Path               
sys_clk_p                                                                                   mmcm_clkout6                                                                                                                         0            2                   Ignored              False Path               
sys_clk_p                                                                                   sys_clk_p                                                                                   rise - rise     8.54     0.00            0           23            10.00  Clean                Timed                    


