Copyright 1986-2020 Xilinx, Inc. All Rights Reserved.
------------------------------------------------------------------------------------------------------------------------------------------
| Tool Version : Vivado v.2020.2 (win64) Build 3064766 Wed Nov 18 09:12:45 MST 2020
| Date         : Tue Sep 15 09:48:25 2026
| Host         : DESKTOP-H0AB0MD running 64-bit major release  (build 9200)
| Design       : TOP_AXI_DDR4_FULL_BIST
| Device       : xcku040-ffva1156-2-i
| Speed File   : -2
| Design State : Fully Routed
------------------------------------------------------------------------------------------------------------------------------------------

Report Methodology

Table of Contents
-----------------
1. REPORT SUMMARY
2. REPORT DETAILS

1. REPORT SUMMARY
-----------------
            Netlist: netlist
          Floorplan: impl_1
      Design limits: <entire design considered>
             Max violations: <unlimited>
             Violations found: 160
+-----------+----------+-------------------------------+------------+
| Rule      | Severity | Description                   | Violations |
+-----------+----------+-------------------------------+------------+
| LUTAR-1   | Warning  | LUT drives async reset alert  | 6          |
| SYNTH-13  | Warning  | combinational multiplier      | 1          |
| TIMING-9  | Warning  | Unknown CDC Logic             | 1          |
| TIMING-16 | Warning  | Large setup violation         | 151        |
| TIMING-18 | Warning  | Missing input or output delay | 1          |
+-----------+----------+-------------------------------+------------+

2. REPORT DETAILS
-----------------
LUTAR-1#1 Warning
LUT drives async reset alert  
LUT cell U_DDR4_AXI_0/inst/u_ddr4_mem_intfc/u_mig_ddr4_phy/inst/u_ddr4_phy_pll/plle_loop[0].gen_plle3.PLLE3_BASE_INST_OTHER_i_1, with 2 or more inputs, drives asynchronous preset/clear pin(s) U_DDR4_AXI_0/inst/u_ddr4_mem_intfc/u_mig_ddr4_phy/inst/u_ddr4_phy_pll/plle_loop[0].gen_plle3.PLLE3_BASE_INST_OTHER/RST,
U_DDR4_AXI_0/inst/u_ddr4_mem_intfc/u_mig_ddr4_phy/inst/u_ddr4_phy_pll/plle_loop[1].gen_plle3.PLLE3_BASE_INST_OTHER/RST
U_DDR4_AXI_0/inst/u_ddr4_mem_intfc/u_mig_ddr4_phy/inst/u_ddr4_phy_pll/plle_loop[2].gen_plle3.PLLE3_BASE_INST_OTHER/RST. The LUT may glitch and trigger an unexpected reset, even if it is a properly timed path.
Related violations: <none>

LUTAR-1#2 Warning
LUT drives async reset alert  
LUT cell dbg_hub/inst/BSCANID.u_xsdbm_id/CORE_XSDB.UUT_MASTER/U_ICON_INTERFACE/U_CMD6_RD/U_RD_FIFO/SUBCORE_FIFO.xsdbm_v3_0_0_rdfifo_inst/inst_fifo_gen/gconvfifo.rf/grf.rf/rstblk/ngwrdrst.grst.g7serrst.gwrrd_rst_sync_stage[2].rrst_inst/ngwrdrst.grst.g7serrst.rd_rst_reg[2]_i_1, with 2 or more inputs, drives asynchronous preset/clear pin(s) dbg_hub/inst/BSCANID.u_xsdbm_id/CORE_XSDB.UUT_MASTER/U_ICON_INTERFACE/U_CMD6_RD/U_RD_FIFO/SUBCORE_FIFO.xsdbm_v3_0_0_rdfifo_inst/inst_fifo_gen/gconvfifo.rf/grf.rf/rstblk/ngwrdrst.grst.g7serrst.rd_rst_reg_reg[0]/PRE,
dbg_hub/inst/BSCANID.u_xsdbm_id/CORE_XSDB.UUT_MASTER/U_ICON_INTERFACE/U_CMD6_RD/U_RD_FIFO/SUBCORE_FIFO.xsdbm_v3_0_0_rdfifo_inst/inst_fifo_gen/gconvfifo.rf/grf.rf/rstblk/ngwrdrst.grst.g7serrst.rd_rst_reg_reg[1]/PRE
dbg_hub/inst/BSCANID.u_xsdbm_id/CORE_XSDB.UUT_MASTER/U_ICON_INTERFACE/U_CMD6_RD/U_RD_FIFO/SUBCORE_FIFO.xsdbm_v3_0_0_rdfifo_inst/inst_fifo_gen/gconvfifo.rf/grf.rf/rstblk/ngwrdrst.grst.g7serrst.rd_rst_reg_reg[2]/PRE. The LUT may glitch and trigger an unexpected reset, even if it is a properly timed path.
Related violations: <none>

LUTAR-1#3 Warning
LUT drives async reset alert  
LUT cell dbg_hub/inst/BSCANID.u_xsdbm_id/CORE_XSDB.UUT_MASTER/U_ICON_INTERFACE/U_CMD6_RD/U_RD_FIFO/SUBCORE_FIFO.xsdbm_v3_0_0_rdfifo_inst/inst_fifo_gen/gconvfifo.rf/grf.rf/rstblk/ngwrdrst.grst.g7serrst.gwrrd_rst_sync_stage[2].wrst_inst/ngwrdrst.grst.g7serrst.wr_rst_reg[2]_i_1, with 2 or more inputs, drives asynchronous preset/clear pin(s) dbg_hub/inst/BSCANID.u_xsdbm_id/CORE_XSDB.UUT_MASTER/U_ICON_INTERFACE/U_CMD6_RD/U_RD_FIFO/SUBCORE_FIFO.xsdbm_v3_0_0_rdfifo_inst/inst_fifo_gen/gconvfifo.rf/grf.rf/rstblk/ngwrdrst.grst.g7serrst.wr_rst_reg_reg[0]/PRE,
dbg_hub/inst/BSCANID.u_xsdbm_id/CORE_XSDB.UUT_MASTER/U_ICON_INTERFACE/U_CMD6_RD/U_RD_FIFO/SUBCORE_FIFO.xsdbm_v3_0_0_rdfifo_inst/inst_fifo_gen/gconvfifo.rf/grf.rf/rstblk/ngwrdrst.grst.g7serrst.wr_rst_reg_reg[1]/PRE
dbg_hub/inst/BSCANID.u_xsdbm_id/CORE_XSDB.UUT_MASTER/U_ICON_INTERFACE/U_CMD6_RD/U_RD_FIFO/SUBCORE_FIFO.xsdbm_v3_0_0_rdfifo_inst/inst_fifo_gen/gconvfifo.rf/grf.rf/rstblk/ngwrdrst.grst.g7serrst.wr_rst_reg_reg[2]/PRE. The LUT may glitch and trigger an unexpected reset, even if it is a properly timed path.
Related violations: <none>

LUTAR-1#4 Warning
LUT drives async reset alert  
LUT cell dbg_hub/inst/BSCANID.u_xsdbm_id/CORE_XSDB.UUT_MASTER/U_ICON_INTERFACE/U_CMD6_WR/U_WR_FIFO/SUBCORE_FIFO.xsdbm_v3_0_0_wrfifo_inst/inst_fifo_gen/gconvfifo.rf/grf.rf/rstblk/ngwrdrst.grst.g7serrst.gwrrd_rst_sync_stage[2].rrst_inst/ngwrdrst.grst.g7serrst.rd_rst_reg[2]_i_1, with 2 or more inputs, drives asynchronous preset/clear pin(s) dbg_hub/inst/BSCANID.u_xsdbm_id/CORE_XSDB.UUT_MASTER/U_ICON_INTERFACE/U_CMD6_WR/U_WR_FIFO/SUBCORE_FIFO.xsdbm_v3_0_0_wrfifo_inst/inst_fifo_gen/gconvfifo.rf/grf.rf/rstblk/ngwrdrst.grst.g7serrst.rd_rst_reg_reg[0]/PRE,
dbg_hub/inst/BSCANID.u_xsdbm_id/CORE_XSDB.UUT_MASTER/U_ICON_INTERFACE/U_CMD6_WR/U_WR_FIFO/SUBCORE_FIFO.xsdbm_v3_0_0_wrfifo_inst/inst_fifo_gen/gconvfifo.rf/grf.rf/rstblk/ngwrdrst.grst.g7serrst.rd_rst_reg_reg[1]/PRE
dbg_hub/inst/BSCANID.u_xsdbm_id/CORE_XSDB.UUT_MASTER/U_ICON_INTERFACE/U_CMD6_WR/U_WR_FIFO/SUBCORE_FIFO.xsdbm_v3_0_0_wrfifo_inst/inst_fifo_gen/gconvfifo.rf/grf.rf/rstblk/ngwrdrst.grst.g7serrst.rd_rst_reg_reg[2]/PRE. The LUT may glitch and trigger an unexpected reset, even if it is a properly timed path.
Related violations: <none>

LUTAR-1#5 Warning
LUT drives async reset alert  
LUT cell dbg_hub/inst/BSCANID.u_xsdbm_id/CORE_XSDB.UUT_MASTER/U_ICON_INTERFACE/U_CMD6_WR/U_WR_FIFO/SUBCORE_FIFO.xsdbm_v3_0_0_wrfifo_inst/inst_fifo_gen/gconvfifo.rf/grf.rf/rstblk/ngwrdrst.grst.g7serrst.gwrrd_rst_sync_stage[2].wrst_inst/ngwrdrst.grst.g7serrst.wr_rst_reg[2]_i_1, with 2 or more inputs, drives asynchronous preset/clear pin(s) dbg_hub/inst/BSCANID.u_xsdbm_id/CORE_XSDB.UUT_MASTER/U_ICON_INTERFACE/U_CMD6_WR/U_WR_FIFO/SUBCORE_FIFO.xsdbm_v3_0_0_wrfifo_inst/inst_fifo_gen/gconvfifo.rf/grf.rf/rstblk/ngwrdrst.grst.g7serrst.wr_rst_reg_reg[0]/PRE,
dbg_hub/inst/BSCANID.u_xsdbm_id/CORE_XSDB.UUT_MASTER/U_ICON_INTERFACE/U_CMD6_WR/U_WR_FIFO/SUBCORE_FIFO.xsdbm_v3_0_0_wrfifo_inst/inst_fifo_gen/gconvfifo.rf/grf.rf/rstblk/ngwrdrst.grst.g7serrst.wr_rst_reg_reg[1]/PRE
dbg_hub/inst/BSCANID.u_xsdbm_id/CORE_XSDB.UUT_MASTER/U_ICON_INTERFACE/U_CMD6_WR/U_WR_FIFO/SUBCORE_FIFO.xsdbm_v3_0_0_wrfifo_inst/inst_fifo_gen/gconvfifo.rf/grf.rf/rstblk/ngwrdrst.grst.g7serrst.wr_rst_reg_reg[2]/PRE. The LUT may glitch and trigger an unexpected reset, even if it is a properly timed path.
Related violations: <none>

LUTAR-1#6 Warning
LUT drives async reset alert  
LUT cell dbg_hub/inst/BSCANID.u_xsdbm_id/SWITCH_N_EXT_BSCAN.bscan_switch/m_bscan_sel[0]_INST_0, with 2 or more inputs, drives asynchronous preset/clear pin(s) dbg_hub/inst/BSCANID.u_xsdbm_id/CORE_XSDB.U_ICON/U_CMD/iTARGET_reg[10]/CLR,
dbg_hub/inst/BSCANID.u_xsdbm_id/CORE_XSDB.U_ICON/U_CMD/iTARGET_reg[11]/CLR,
dbg_hub/inst/BSCANID.u_xsdbm_id/CORE_XSDB.U_ICON/U_CMD/iTARGET_reg[12]/CLR,
dbg_hub/inst/BSCANID.u_xsdbm_id/CORE_XSDB.U_ICON/U_CMD/iTARGET_reg[13]/CLR,
dbg_hub/inst/BSCANID.u_xsdbm_id/CORE_XSDB.U_ICON/U_CMD/iTARGET_reg[14]/CLR,
dbg_hub/inst/BSCANID.u_xsdbm_id/CORE_XSDB.U_ICON/U_CMD/iTARGET_reg[15]/CLR,
dbg_hub/inst/BSCANID.u_xsdbm_id/CORE_XSDB.U_ICON/U_CMD/iTARGET_reg[6]/CLR,
dbg_hub/inst/BSCANID.u_xsdbm_id/CORE_XSDB.U_ICON/U_CMD/iTARGET_reg[7]/CLR,
dbg_hub/inst/BSCANID.u_xsdbm_id/CORE_XSDB.U_ICON/U_CMD/iTARGET_reg[8]/CLR
dbg_hub/inst/BSCANID.u_xsdbm_id/CORE_XSDB.U_ICON/U_CMD/iTARGET_reg[9]/CLR. The LUT may glitch and trigger an unexpected reset, even if it is a properly timed path.
Related violations: <none>

SYNTH-13#1 Warning
combinational multiplier  
Detected combinational multiplier in DSP instance U_AXI_DDR_FULL_BIST/p_0_out.
Related violations: <none>

TIMING-9#1 Warning
Unknown CDC Logic  
One or more asynchronous Clock Domain Crossing has been detected between 2 clock domains through a set_false_path or a set_clock_groups or set_max_delay -datapath_only constraint but no double-registers logic synchronizer has been found on the side of the capture clock. It is recommended to run report_cdc for a complete and detailed CDC coverage. Please consider using XPM_CDC to avoid Critical severities
Related violations: <none>

TIMING-16#1 Warning
Large setup violation  
There is a large setup violation of -1.008 ns between U_AXI_DDR_FULL_BIST/beat_index_reg[2]/C (clocked by mmcm_clkout0) and U_AXI_DDR_FULL_BIST/error_count_reg[4]/CE (clocked by mmcm_clkout0). Large setup violations at the end of those stages might be difficult to fix during the post-placement implementation flow and could be the result of non-optimal XDC constraints or non-optimal design architecture
Related violations: <none>

TIMING-16#2 Warning
Large setup violation  
There is a large setup violation of -1.008 ns between U_AXI_DDR_FULL_BIST/beat_index_reg[2]/C (clocked by mmcm_clkout0) and U_AXI_DDR_FULL_BIST/error_count_reg[5]/CE (clocked by mmcm_clkout0). Large setup violations at the end of those stages might be difficult to fix during the post-placement implementation flow and could be the result of non-optimal XDC constraints or non-optimal design architecture
Related violations: <none>

TIMING-16#3 Warning
Large setup violation  
There is a large setup violation of -1.008 ns between U_AXI_DDR_FULL_BIST/beat_index_reg[2]/C (clocked by mmcm_clkout0) and U_AXI_DDR_FULL_BIST/error_count_reg[6]/CE (clocked by mmcm_clkout0). Large setup violations at the end of those stages might be difficult to fix during the post-placement implementation flow and could be the result of non-optimal XDC constraints or non-optimal design architecture
Related violations: <none>

TIMING-16#4 Warning
Large setup violation  
There is a large setup violation of -1.008 ns between U_AXI_DDR_FULL_BIST/beat_index_reg[2]/C (clocked by mmcm_clkout0) and U_AXI_DDR_FULL_BIST/error_count_reg[7]/CE (clocked by mmcm_clkout0). Large setup violations at the end of those stages might be difficult to fix during the post-placement implementation flow and could be the result of non-optimal XDC constraints or non-optimal design architecture
Related violations: <none>

TIMING-16#5 Warning
Large setup violation  
There is a large setup violation of -1.011 ns between U_AXI_DDR_FULL_BIST/beat_index_reg[2]/C (clocked by mmcm_clkout0) and U_AXI_DDR_FULL_BIST/error_count_reg[20]/CE (clocked by mmcm_clkout0). Large setup violations at the end of those stages might be difficult to fix during the post-placement implementation flow and could be the result of non-optimal XDC constraints or non-optimal design architecture
Related violations: <none>

TIMING-16#6 Warning
Large setup violation  
There is a large setup violation of -1.011 ns between U_AXI_DDR_FULL_BIST/beat_index_reg[2]/C (clocked by mmcm_clkout0) and U_AXI_DDR_FULL_BIST/error_count_reg[21]/CE (clocked by mmcm_clkout0). Large setup violations at the end of those stages might be difficult to fix during the post-placement implementation flow and could be the result of non-optimal XDC constraints or non-optimal design architecture
Related violations: <none>

TIMING-16#7 Warning
Large setup violation  
There is a large setup violation of -1.011 ns between U_AXI_DDR_FULL_BIST/beat_index_reg[2]/C (clocked by mmcm_clkout0) and U_AXI_DDR_FULL_BIST/error_count_reg[22]/CE (clocked by mmcm_clkout0). Large setup violations at the end of those stages might be difficult to fix during the post-placement implementation flow and could be the result of non-optimal XDC constraints or non-optimal design architecture
Related violations: <none>

TIMING-16#8 Warning
Large setup violation  
There is a large setup violation of -1.011 ns between U_AXI_DDR_FULL_BIST/beat_index_reg[2]/C (clocked by mmcm_clkout0) and U_AXI_DDR_FULL_BIST/error_count_reg[23]/CE (clocked by mmcm_clkout0). Large setup violations at the end of those stages might be difficult to fix during the post-placement implementation flow and could be the result of non-optimal XDC constraints or non-optimal design architecture
Related violations: <none>

TIMING-16#9 Warning
Large setup violation  
There is a large setup violation of -1.011 ns between U_AXI_DDR_FULL_BIST/beat_index_reg[2]/C (clocked by mmcm_clkout0) and U_AXI_DDR_FULL_BIST/fail_reg/D (clocked by mmcm_clkout0). Large setup violations at the end of those stages might be difficult to fix during the post-placement implementation flow and could be the result of non-optimal XDC constraints or non-optimal design architecture
Related violations: <none>

TIMING-16#10 Warning
Large setup violation  
There is a large setup violation of -1.028 ns between U_AXI_DDR_FULL_BIST/burst_index_reg[0]/C (clocked by mmcm_clkout0) and U_AXI_DDR_FULL_BIST/progress_reg[8]/D (clocked by mmcm_clkout0). Large setup violations at the end of those stages might be difficult to fix during the post-placement implementation flow and could be the result of non-optimal XDC constraints or non-optimal design architecture
Related violations: <none>

TIMING-16#11 Warning
Large setup violation  
There is a large setup violation of -1.052 ns between U_AXI_DDR_FULL_BIST/beat_index_reg[2]/C (clocked by mmcm_clkout0) and U_AXI_DDR_FULL_BIST/error_count_reg[12]/CE (clocked by mmcm_clkout0). Large setup violations at the end of those stages might be difficult to fix during the post-placement implementation flow and could be the result of non-optimal XDC constraints or non-optimal design architecture
Related violations: <none>

TIMING-16#12 Warning
Large setup violation  
There is a large setup violation of -1.052 ns between U_AXI_DDR_FULL_BIST/beat_index_reg[2]/C (clocked by mmcm_clkout0) and U_AXI_DDR_FULL_BIST/error_count_reg[13]/CE (clocked by mmcm_clkout0). Large setup violations at the end of those stages might be difficult to fix during the post-placement implementation flow and could be the result of non-optimal XDC constraints or non-optimal design architecture
Related violations: <none>

TIMING-16#13 Warning
Large setup violation  
There is a large setup violation of -1.052 ns between U_AXI_DDR_FULL_BIST/beat_index_reg[2]/C (clocked by mmcm_clkout0) and U_AXI_DDR_FULL_BIST/error_count_reg[14]/CE (clocked by mmcm_clkout0). Large setup violations at the end of those stages might be difficult to fix during the post-placement implementation flow and could be the result of non-optimal XDC constraints or non-optimal design architecture
Related violations: <none>

TIMING-16#14 Warning
Large setup violation  
There is a large setup violation of -1.052 ns between U_AXI_DDR_FULL_BIST/beat_index_reg[2]/C (clocked by mmcm_clkout0) and U_AXI_DDR_FULL_BIST/error_count_reg[15]/CE (clocked by mmcm_clkout0). Large setup violations at the end of those stages might be difficult to fix during the post-placement implementation flow and could be the result of non-optimal XDC constraints or non-optimal design architecture
Related violations: <none>

TIMING-16#15 Warning
Large setup violation  
There is a large setup violation of -1.082 ns between U_AXI_DDR_FULL_BIST/beat_index_reg[2]/C (clocked by mmcm_clkout0) and U_AXI_DDR_FULL_BIST/error_count_reg[28]/CE (clocked by mmcm_clkout0). Large setup violations at the end of those stages might be difficult to fix during the post-placement implementation flow and could be the result of non-optimal XDC constraints or non-optimal design architecture
Related violations: <none>

TIMING-16#16 Warning
Large setup violation  
There is a large setup violation of -1.082 ns between U_AXI_DDR_FULL_BIST/beat_index_reg[2]/C (clocked by mmcm_clkout0) and U_AXI_DDR_FULL_BIST/error_count_reg[29]/CE (clocked by mmcm_clkout0). Large setup violations at the end of those stages might be difficult to fix during the post-placement implementation flow and could be the result of non-optimal XDC constraints or non-optimal design architecture
Related violations: <none>

TIMING-16#17 Warning
Large setup violation  
There is a large setup violation of -1.082 ns between U_AXI_DDR_FULL_BIST/beat_index_reg[2]/C (clocked by mmcm_clkout0) and U_AXI_DDR_FULL_BIST/error_count_reg[30]/CE (clocked by mmcm_clkout0). Large setup violations at the end of those stages might be difficult to fix during the post-placement implementation flow and could be the result of non-optimal XDC constraints or non-optimal design architecture
Related violations: <none>

TIMING-16#18 Warning
Large setup violation  
There is a large setup violation of -1.082 ns between U_AXI_DDR_FULL_BIST/beat_index_reg[2]/C (clocked by mmcm_clkout0) and U_AXI_DDR_FULL_BIST/error_count_reg[31]/CE (clocked by mmcm_clkout0). Large setup violations at the end of those stages might be difficult to fix during the post-placement implementation flow and could be the result of non-optimal XDC constraints or non-optimal design architecture
Related violations: <none>

TIMING-16#19 Warning
Large setup violation  
There is a large setup violation of -1.133 ns between U_AXI_DDR_FULL_BIST/beat_index_reg[2]/C (clocked by mmcm_clkout0) and U_AXI_DDR_FULL_BIST/first_expected_data_reg[25]/CE (clocked by mmcm_clkout0). Large setup violations at the end of those stages might be difficult to fix during the post-placement implementation flow and could be the result of non-optimal XDC constraints or non-optimal design architecture
Related violations: <none>

TIMING-16#20 Warning
Large setup violation  
There is a large setup violation of -1.137 ns between U_AXI_DDR_FULL_BIST/beat_index_reg[2]/C (clocked by mmcm_clkout0) and U_AXI_DDR_FULL_BIST/first_expected_data_reg[26]/CE (clocked by mmcm_clkout0). Large setup violations at the end of those stages might be difficult to fix during the post-placement implementation flow and could be the result of non-optimal XDC constraints or non-optimal design architecture
Related violations: <none>

TIMING-16#21 Warning
Large setup violation  
There is a large setup violation of -1.138 ns between U_AXI_DDR_FULL_BIST/beat_index_reg[2]/C (clocked by mmcm_clkout0) and U_AXI_DDR_FULL_BIST/first_expected_data_reg[15]/CE (clocked by mmcm_clkout0). Large setup violations at the end of those stages might be difficult to fix during the post-placement implementation flow and could be the result of non-optimal XDC constraints or non-optimal design architecture
Related violations: <none>

TIMING-16#22 Warning
Large setup violation  
There is a large setup violation of -1.138 ns between U_AXI_DDR_FULL_BIST/beat_index_reg[2]/C (clocked by mmcm_clkout0) and U_AXI_DDR_FULL_BIST/first_expected_data_reg[29]/CE (clocked by mmcm_clkout0). Large setup violations at the end of those stages might be difficult to fix during the post-placement implementation flow and could be the result of non-optimal XDC constraints or non-optimal design architecture
Related violations: <none>

TIMING-16#23 Warning
Large setup violation  
There is a large setup violation of -1.138 ns between U_AXI_DDR_FULL_BIST/beat_index_reg[2]/C (clocked by mmcm_clkout0) and U_AXI_DDR_FULL_BIST/first_expected_data_reg[45]/CE (clocked by mmcm_clkout0). Large setup violations at the end of those stages might be difficult to fix during the post-placement implementation flow and could be the result of non-optimal XDC constraints or non-optimal design architecture
Related violations: <none>

TIMING-16#24 Warning
Large setup violation  
There is a large setup violation of -1.138 ns between U_AXI_DDR_FULL_BIST/beat_index_reg[2]/C (clocked by mmcm_clkout0) and U_AXI_DDR_FULL_BIST/first_expected_data_reg[55]/CE (clocked by mmcm_clkout0). Large setup violations at the end of those stages might be difficult to fix during the post-placement implementation flow and could be the result of non-optimal XDC constraints or non-optimal design architecture
Related violations: <none>

TIMING-16#25 Warning
Large setup violation  
There is a large setup violation of -1.146 ns between U_AXI_DDR_FULL_BIST/phase_reg[8]_replica/C (clocked by mmcm_clkout0) and U_AXI_DDR_FULL_BIST/m_axi_wdata_reg[36]/D (clocked by mmcm_clkout0). Large setup violations at the end of those stages might be difficult to fix during the post-placement implementation flow and could be the result of non-optimal XDC constraints or non-optimal design architecture
Related violations: <none>

TIMING-16#26 Warning
Large setup violation  
There is a large setup violation of -1.153 ns between U_AXI_DDR_FULL_BIST/beat_index_reg[2]/C (clocked by mmcm_clkout0) and U_AXI_DDR_FULL_BIST/first_expected_data_reg[22]/CE (clocked by mmcm_clkout0). Large setup violations at the end of those stages might be difficult to fix during the post-placement implementation flow and could be the result of non-optimal XDC constraints or non-optimal design architecture
Related violations: <none>

TIMING-16#27 Warning
Large setup violation  
There is a large setup violation of -1.153 ns between U_AXI_DDR_FULL_BIST/beat_index_reg[2]/C (clocked by mmcm_clkout0) and U_AXI_DDR_FULL_BIST/first_expected_data_reg[28]/CE (clocked by mmcm_clkout0). Large setup violations at the end of those stages might be difficult to fix during the post-placement implementation flow and could be the result of non-optimal XDC constraints or non-optimal design architecture
Related violations: <none>

TIMING-16#28 Warning
Large setup violation  
There is a large setup violation of -1.153 ns between U_AXI_DDR_FULL_BIST/beat_index_reg[2]/C (clocked by mmcm_clkout0) and U_AXI_DDR_FULL_BIST/first_expected_data_reg[3]/CE (clocked by mmcm_clkout0). Large setup violations at the end of those stages might be difficult to fix during the post-placement implementation flow and could be the result of non-optimal XDC constraints or non-optimal design architecture
Related violations: <none>

TIMING-16#29 Warning
Large setup violation  
There is a large setup violation of -1.153 ns between U_AXI_DDR_FULL_BIST/beat_index_reg[2]/C (clocked by mmcm_clkout0) and U_AXI_DDR_FULL_BIST/first_expected_data_reg[51]/CE (clocked by mmcm_clkout0). Large setup violations at the end of those stages might be difficult to fix during the post-placement implementation flow and could be the result of non-optimal XDC constraints or non-optimal design architecture
Related violations: <none>

TIMING-16#30 Warning
Large setup violation  
There is a large setup violation of -1.188 ns between U_AXI_DDR_FULL_BIST/beat_index_reg[2]/C (clocked by mmcm_clkout0) and U_AXI_DDR_FULL_BIST/first_expected_data_reg[7]/CE (clocked by mmcm_clkout0). Large setup violations at the end of those stages might be difficult to fix during the post-placement implementation flow and could be the result of non-optimal XDC constraints or non-optimal design architecture
Related violations: <none>

TIMING-16#31 Warning
Large setup violation  
There is a large setup violation of -1.191 ns between U_AXI_DDR_FULL_BIST/beat_index_reg[2]/C (clocked by mmcm_clkout0) and U_AXI_DDR_FULL_BIST/first_expected_data_reg[14]/CE (clocked by mmcm_clkout0). Large setup violations at the end of those stages might be difficult to fix during the post-placement implementation flow and could be the result of non-optimal XDC constraints or non-optimal design architecture
Related violations: <none>

TIMING-16#32 Warning
Large setup violation  
There is a large setup violation of -1.191 ns between U_AXI_DDR_FULL_BIST/beat_index_reg[2]/C (clocked by mmcm_clkout0) and U_AXI_DDR_FULL_BIST/first_expected_data_reg[19]/CE (clocked by mmcm_clkout0). Large setup violations at the end of those stages might be difficult to fix during the post-placement implementation flow and could be the result of non-optimal XDC constraints or non-optimal design architecture
Related violations: <none>

TIMING-16#33 Warning
Large setup violation  
There is a large setup violation of -1.191 ns between U_AXI_DDR_FULL_BIST/beat_index_reg[2]/C (clocked by mmcm_clkout0) and U_AXI_DDR_FULL_BIST/first_expected_data_reg[40]/CE (clocked by mmcm_clkout0). Large setup violations at the end of those stages might be difficult to fix during the post-placement implementation flow and could be the result of non-optimal XDC constraints or non-optimal design architecture
Related violations: <none>

TIMING-16#34 Warning
Large setup violation  
There is a large setup violation of -1.194 ns between U_AXI_DDR_FULL_BIST/beat_index_reg[2]/C (clocked by mmcm_clkout0) and U_AXI_DDR_FULL_BIST/first_actual_data_reg[14]/CE (clocked by mmcm_clkout0). Large setup violations at the end of those stages might be difficult to fix during the post-placement implementation flow and could be the result of non-optimal XDC constraints or non-optimal design architecture
Related violations: <none>

TIMING-16#35 Warning
Large setup violation  
There is a large setup violation of -1.194 ns between U_AXI_DDR_FULL_BIST/beat_index_reg[2]/C (clocked by mmcm_clkout0) and U_AXI_DDR_FULL_BIST/first_actual_data_reg[17]/CE (clocked by mmcm_clkout0). Large setup violations at the end of those stages might be difficult to fix during the post-placement implementation flow and could be the result of non-optimal XDC constraints or non-optimal design architecture
Related violations: <none>

TIMING-16#36 Warning
Large setup violation  
There is a large setup violation of -1.194 ns between U_AXI_DDR_FULL_BIST/beat_index_reg[2]/C (clocked by mmcm_clkout0) and U_AXI_DDR_FULL_BIST/first_actual_data_reg[20]/CE (clocked by mmcm_clkout0). Large setup violations at the end of those stages might be difficult to fix during the post-placement implementation flow and could be the result of non-optimal XDC constraints or non-optimal design architecture
Related violations: <none>

TIMING-16#37 Warning
Large setup violation  
There is a large setup violation of -1.194 ns between U_AXI_DDR_FULL_BIST/beat_index_reg[2]/C (clocked by mmcm_clkout0) and U_AXI_DDR_FULL_BIST/first_actual_data_reg[46]/CE (clocked by mmcm_clkout0). Large setup violations at the end of those stages might be difficult to fix during the post-placement implementation flow and could be the result of non-optimal XDC constraints or non-optimal design architecture
Related violations: <none>

TIMING-16#38 Warning
Large setup violation  
There is a large setup violation of -1.198 ns between U_AXI_DDR_FULL_BIST/beat_index_reg[2]/C (clocked by mmcm_clkout0) and U_AXI_DDR_FULL_BIST/first_expected_data_reg[16]/CE (clocked by mmcm_clkout0). Large setup violations at the end of those stages might be difficult to fix during the post-placement implementation flow and could be the result of non-optimal XDC constraints or non-optimal design architecture
Related violations: <none>

TIMING-16#39 Warning
Large setup violation  
There is a large setup violation of -1.200 ns between U_AXI_DDR_FULL_BIST/beat_index_reg[2]/C (clocked by mmcm_clkout0) and U_AXI_DDR_FULL_BIST/first_actual_data_reg[15]/CE (clocked by mmcm_clkout0). Large setup violations at the end of those stages might be difficult to fix during the post-placement implementation flow and could be the result of non-optimal XDC constraints or non-optimal design architecture
Related violations: <none>

TIMING-16#40 Warning
Large setup violation  
There is a large setup violation of -1.200 ns between U_AXI_DDR_FULL_BIST/beat_index_reg[2]/C (clocked by mmcm_clkout0) and U_AXI_DDR_FULL_BIST/first_actual_data_reg[21]/CE (clocked by mmcm_clkout0). Large setup violations at the end of those stages might be difficult to fix during the post-placement implementation flow and could be the result of non-optimal XDC constraints or non-optimal design architecture
Related violations: <none>

TIMING-16#41 Warning
Large setup violation  
There is a large setup violation of -1.200 ns between U_AXI_DDR_FULL_BIST/beat_index_reg[2]/C (clocked by mmcm_clkout0) and U_AXI_DDR_FULL_BIST/first_actual_data_reg[47]/CE (clocked by mmcm_clkout0). Large setup violations at the end of those stages might be difficult to fix during the post-placement implementation flow and could be the result of non-optimal XDC constraints or non-optimal design architecture
Related violations: <none>

TIMING-16#42 Warning
Large setup violation  
There is a large setup violation of -1.204 ns between U_AXI_DDR_FULL_BIST/beat_index_reg[2]/C (clocked by mmcm_clkout0) and U_AXI_DDR_FULL_BIST/first_expected_data_reg[32]/CE (clocked by mmcm_clkout0). Large setup violations at the end of those stages might be difficult to fix during the post-placement implementation flow and could be the result of non-optimal XDC constraints or non-optimal design architecture
Related violations: <none>

TIMING-16#43 Warning
Large setup violation  
There is a large setup violation of -1.205 ns between U_AXI_DDR_FULL_BIST/beat_index_reg[2]/C (clocked by mmcm_clkout0) and U_AXI_DDR_FULL_BIST/first_expected_data_reg[11]/CE (clocked by mmcm_clkout0). Large setup violations at the end of those stages might be difficult to fix during the post-placement implementation flow and could be the result of non-optimal XDC constraints or non-optimal design architecture
Related violations: <none>

TIMING-16#44 Warning
Large setup violation  
There is a large setup violation of -1.205 ns between U_AXI_DDR_FULL_BIST/beat_index_reg[2]/C (clocked by mmcm_clkout0) and U_AXI_DDR_FULL_BIST/first_expected_data_reg[18]/CE (clocked by mmcm_clkout0). Large setup violations at the end of those stages might be difficult to fix during the post-placement implementation flow and could be the result of non-optimal XDC constraints or non-optimal design architecture
Related violations: <none>

TIMING-16#45 Warning
Large setup violation  
There is a large setup violation of -1.205 ns between U_AXI_DDR_FULL_BIST/beat_index_reg[2]/C (clocked by mmcm_clkout0) and U_AXI_DDR_FULL_BIST/first_expected_data_reg[52]/CE (clocked by mmcm_clkout0). Large setup violations at the end of those stages might be difficult to fix during the post-placement implementation flow and could be the result of non-optimal XDC constraints or non-optimal design architecture
Related violations: <none>

TIMING-16#46 Warning
Large setup violation  
There is a large setup violation of -1.205 ns between U_AXI_DDR_FULL_BIST/beat_index_reg[2]/C (clocked by mmcm_clkout0) and U_AXI_DDR_FULL_BIST/first_expected_data_reg[58]/CE (clocked by mmcm_clkout0). Large setup violations at the end of those stages might be difficult to fix during the post-placement implementation flow and could be the result of non-optimal XDC constraints or non-optimal design architecture
Related violations: <none>

TIMING-16#47 Warning
Large setup violation  
There is a large setup violation of -1.212 ns between U_AXI_DDR_FULL_BIST/beat_index_reg[2]/C (clocked by mmcm_clkout0) and U_AXI_DDR_FULL_BIST/first_expected_data_reg[39]/CE (clocked by mmcm_clkout0). Large setup violations at the end of those stages might be difficult to fix during the post-placement implementation flow and could be the result of non-optimal XDC constraints or non-optimal design architecture
Related violations: <none>

TIMING-16#48 Warning
Large setup violation  
There is a large setup violation of -1.212 ns between U_AXI_DDR_FULL_BIST/beat_index_reg[2]/C (clocked by mmcm_clkout0) and U_AXI_DDR_FULL_BIST/first_expected_data_reg[41]/CE (clocked by mmcm_clkout0). Large setup violations at the end of those stages might be difficult to fix during the post-placement implementation flow and could be the result of non-optimal XDC constraints or non-optimal design architecture
Related violations: <none>

TIMING-16#49 Warning
Large setup violation  
There is a large setup violation of -1.212 ns between U_AXI_DDR_FULL_BIST/beat_index_reg[2]/C (clocked by mmcm_clkout0) and U_AXI_DDR_FULL_BIST/first_expected_data_reg[49]/CE (clocked by mmcm_clkout0). Large setup violations at the end of those stages might be difficult to fix during the post-placement implementation flow and could be the result of non-optimal XDC constraints or non-optimal design architecture
Related violations: <none>

TIMING-16#50 Warning
Large setup violation  
There is a large setup violation of -1.212 ns between U_AXI_DDR_FULL_BIST/beat_index_reg[2]/C (clocked by mmcm_clkout0) and U_AXI_DDR_FULL_BIST/first_expected_data_reg[63]/CE (clocked by mmcm_clkout0). Large setup violations at the end of those stages might be difficult to fix during the post-placement implementation flow and could be the result of non-optimal XDC constraints or non-optimal design architecture
Related violations: <none>

TIMING-16#51 Warning
Large setup violation  
There is a large setup violation of -1.222 ns between U_AXI_DDR_FULL_BIST/beat_index_reg[2]/C (clocked by mmcm_clkout0) and U_AXI_DDR_FULL_BIST/first_expected_data_reg[17]/CE (clocked by mmcm_clkout0). Large setup violations at the end of those stages might be difficult to fix during the post-placement implementation flow and could be the result of non-optimal XDC constraints or non-optimal design architecture
Related violations: <none>

TIMING-16#52 Warning
Large setup violation  
There is a large setup violation of -1.222 ns between U_AXI_DDR_FULL_BIST/beat_index_reg[2]/C (clocked by mmcm_clkout0) and U_AXI_DDR_FULL_BIST/first_expected_data_reg[31]/CE (clocked by mmcm_clkout0). Large setup violations at the end of those stages might be difficult to fix during the post-placement implementation flow and could be the result of non-optimal XDC constraints or non-optimal design architecture
Related violations: <none>

TIMING-16#53 Warning
Large setup violation  
There is a large setup violation of -1.222 ns between U_AXI_DDR_FULL_BIST/beat_index_reg[2]/C (clocked by mmcm_clkout0) and U_AXI_DDR_FULL_BIST/first_expected_data_reg[34]/CE (clocked by mmcm_clkout0). Large setup violations at the end of those stages might be difficult to fix during the post-placement implementation flow and could be the result of non-optimal XDC constraints or non-optimal design architecture
Related violations: <none>

TIMING-16#54 Warning
Large setup violation  
There is a large setup violation of -1.223 ns between U_AXI_DDR_FULL_BIST/beat_index_reg[2]/C (clocked by mmcm_clkout0) and U_AXI_DDR_FULL_BIST/first_expected_data_reg[12]/CE (clocked by mmcm_clkout0). Large setup violations at the end of those stages might be difficult to fix during the post-placement implementation flow and could be the result of non-optimal XDC constraints or non-optimal design architecture
Related violations: <none>

TIMING-16#55 Warning
Large setup violation  
There is a large setup violation of -1.223 ns between U_AXI_DDR_FULL_BIST/beat_index_reg[2]/C (clocked by mmcm_clkout0) and U_AXI_DDR_FULL_BIST/first_expected_data_reg[30]/CE (clocked by mmcm_clkout0). Large setup violations at the end of those stages might be difficult to fix during the post-placement implementation flow and could be the result of non-optimal XDC constraints or non-optimal design architecture
Related violations: <none>

TIMING-16#56 Warning
Large setup violation  
There is a large setup violation of -1.223 ns between U_AXI_DDR_FULL_BIST/beat_index_reg[2]/C (clocked by mmcm_clkout0) and U_AXI_DDR_FULL_BIST/first_expected_data_reg[46]/CE (clocked by mmcm_clkout0). Large setup violations at the end of those stages might be difficult to fix during the post-placement implementation flow and could be the result of non-optimal XDC constraints or non-optimal design architecture
Related violations: <none>

TIMING-16#57 Warning
Large setup violation  
There is a large setup violation of -1.223 ns between U_AXI_DDR_FULL_BIST/beat_index_reg[2]/C (clocked by mmcm_clkout0) and U_AXI_DDR_FULL_BIST/first_expected_data_reg[62]/CE (clocked by mmcm_clkout0). Large setup violations at the end of those stages might be difficult to fix during the post-placement implementation flow and could be the result of non-optimal XDC constraints or non-optimal design architecture
Related violations: <none>

TIMING-16#58 Warning
Large setup violation  
There is a large setup violation of -1.225 ns between U_AXI_DDR_FULL_BIST/beat_index_reg[2]/C (clocked by mmcm_clkout0) and U_AXI_DDR_FULL_BIST/first_expected_data_reg[53]/CE (clocked by mmcm_clkout0). Large setup violations at the end of those stages might be difficult to fix during the post-placement implementation flow and could be the result of non-optimal XDC constraints or non-optimal design architecture
Related violations: <none>

TIMING-16#59 Warning
Large setup violation  
There is a large setup violation of -1.225 ns between U_AXI_DDR_FULL_BIST/beat_index_reg[2]/C (clocked by mmcm_clkout0) and U_AXI_DDR_FULL_BIST/first_expected_data_reg[59]/CE (clocked by mmcm_clkout0). Large setup violations at the end of those stages might be difficult to fix during the post-placement implementation flow and could be the result of non-optimal XDC constraints or non-optimal design architecture
Related violations: <none>

TIMING-16#60 Warning
Large setup violation  
There is a large setup violation of -1.225 ns between U_AXI_DDR_FULL_BIST/beat_index_reg[2]/C (clocked by mmcm_clkout0) and U_AXI_DDR_FULL_BIST/first_expected_data_reg[61]/CE (clocked by mmcm_clkout0). Large setup violations at the end of those stages might be difficult to fix during the post-placement implementation flow and could be the result of non-optimal XDC constraints or non-optimal design architecture
Related violations: <none>

TIMING-16#61 Warning
Large setup violation  
There is a large setup violation of -1.232 ns between U_AXI_DDR_FULL_BIST/beat_index_reg[2]/C (clocked by mmcm_clkout0) and U_AXI_DDR_FULL_BIST/first_expected_data_reg[13]/CE (clocked by mmcm_clkout0). Large setup violations at the end of those stages might be difficult to fix during the post-placement implementation flow and could be the result of non-optimal XDC constraints or non-optimal design architecture
Related violations: <none>

TIMING-16#62 Warning
Large setup violation  
There is a large setup violation of -1.232 ns between U_AXI_DDR_FULL_BIST/beat_index_reg[2]/C (clocked by mmcm_clkout0) and U_AXI_DDR_FULL_BIST/first_expected_data_reg[47]/CE (clocked by mmcm_clkout0). Large setup violations at the end of those stages might be difficult to fix during the post-placement implementation flow and could be the result of non-optimal XDC constraints or non-optimal design architecture
Related violations: <none>

TIMING-16#63 Warning
Large setup violation  
There is a large setup violation of -1.232 ns between U_AXI_DDR_FULL_BIST/beat_index_reg[2]/C (clocked by mmcm_clkout0) and U_AXI_DDR_FULL_BIST/first_expected_data_reg[50]/CE (clocked by mmcm_clkout0). Large setup violations at the end of those stages might be difficult to fix during the post-placement implementation flow and could be the result of non-optimal XDC constraints or non-optimal design architecture
Related violations: <none>

TIMING-16#64 Warning
Large setup violation  
There is a large setup violation of -1.232 ns between U_AXI_DDR_FULL_BIST/beat_index_reg[2]/C (clocked by mmcm_clkout0) and U_AXI_DDR_FULL_BIST/first_expected_data_reg[9]/CE (clocked by mmcm_clkout0). Large setup violations at the end of those stages might be difficult to fix during the post-placement implementation flow and could be the result of non-optimal XDC constraints or non-optimal design architecture
Related violations: <none>

TIMING-16#65 Warning
Large setup violation  
There is a large setup violation of -1.234 ns between U_AXI_DDR_FULL_BIST/beat_index_reg[2]/C (clocked by mmcm_clkout0) and U_AXI_DDR_FULL_BIST/first_expected_data_reg[23]/CE (clocked by mmcm_clkout0). Large setup violations at the end of those stages might be difficult to fix during the post-placement implementation flow and could be the result of non-optimal XDC constraints or non-optimal design architecture
Related violations: <none>

TIMING-16#66 Warning
Large setup violation  
There is a large setup violation of -1.234 ns between U_AXI_DDR_FULL_BIST/beat_index_reg[2]/C (clocked by mmcm_clkout0) and U_AXI_DDR_FULL_BIST/first_expected_data_reg[37]/CE (clocked by mmcm_clkout0). Large setup violations at the end of those stages might be difficult to fix during the post-placement implementation flow and could be the result of non-optimal XDC constraints or non-optimal design architecture
Related violations: <none>

TIMING-16#67 Warning
Large setup violation  
There is a large setup violation of -1.234 ns between U_AXI_DDR_FULL_BIST/beat_index_reg[2]/C (clocked by mmcm_clkout0) and U_AXI_DDR_FULL_BIST/first_expected_data_reg[48]/CE (clocked by mmcm_clkout0). Large setup violations at the end of those stages might be difficult to fix during the post-placement implementation flow and could be the result of non-optimal XDC constraints or non-optimal design architecture
Related violations: <none>

TIMING-16#68 Warning
Large setup violation  
There is a large setup violation of -1.235 ns between U_AXI_DDR_FULL_BIST/beat_index_reg[2]/C (clocked by mmcm_clkout0) and U_AXI_DDR_FULL_BIST/first_expected_data_reg[10]/CE (clocked by mmcm_clkout0). Large setup violations at the end of those stages might be difficult to fix during the post-placement implementation flow and could be the result of non-optimal XDC constraints or non-optimal design architecture
Related violations: <none>

TIMING-16#69 Warning
Large setup violation  
There is a large setup violation of -1.235 ns between U_AXI_DDR_FULL_BIST/beat_index_reg[2]/C (clocked by mmcm_clkout0) and U_AXI_DDR_FULL_BIST/first_expected_data_reg[8]/CE (clocked by mmcm_clkout0). Large setup violations at the end of those stages might be difficult to fix during the post-placement implementation flow and could be the result of non-optimal XDC constraints or non-optimal design architecture
Related violations: <none>

TIMING-16#70 Warning
Large setup violation  
There is a large setup violation of -1.236 ns between U_AXI_DDR_FULL_BIST/beat_index_reg[2]/C (clocked by mmcm_clkout0) and U_AXI_DDR_FULL_BIST/first_actual_data_reg[18]/CE (clocked by mmcm_clkout0). Large setup violations at the end of those stages might be difficult to fix during the post-placement implementation flow and could be the result of non-optimal XDC constraints or non-optimal design architecture
Related violations: <none>

TIMING-16#71 Warning
Large setup violation  
There is a large setup violation of -1.236 ns between U_AXI_DDR_FULL_BIST/beat_index_reg[2]/C (clocked by mmcm_clkout0) and U_AXI_DDR_FULL_BIST/first_actual_data_reg[25]/CE (clocked by mmcm_clkout0). Large setup violations at the end of those stages might be difficult to fix during the post-placement implementation flow and could be the result of non-optimal XDC constraints or non-optimal design architecture
Related violations: <none>

TIMING-16#72 Warning
Large setup violation  
There is a large setup violation of -1.236 ns between U_AXI_DDR_FULL_BIST/beat_index_reg[2]/C (clocked by mmcm_clkout0) and U_AXI_DDR_FULL_BIST/first_actual_data_reg[36]/CE (clocked by mmcm_clkout0). Large setup violations at the end of those stages might be difficult to fix during the post-placement implementation flow and could be the result of non-optimal XDC constraints or non-optimal design architecture
Related violations: <none>

TIMING-16#73 Warning
Large setup violation  
There is a large setup violation of -1.236 ns between U_AXI_DDR_FULL_BIST/beat_index_reg[2]/C (clocked by mmcm_clkout0) and U_AXI_DDR_FULL_BIST/first_actual_data_reg[8]/CE (clocked by mmcm_clkout0). Large setup violations at the end of those stages might be difficult to fix during the post-placement implementation flow and could be the result of non-optimal XDC constraints or non-optimal design architecture
Related violations: <none>

TIMING-16#74 Warning
Large setup violation  
There is a large setup violation of -1.238 ns between U_AXI_DDR_FULL_BIST/beat_index_reg[2]/C (clocked by mmcm_clkout0) and U_AXI_DDR_FULL_BIST/first_expected_data_reg[0]/CE (clocked by mmcm_clkout0). Large setup violations at the end of those stages might be difficult to fix during the post-placement implementation flow and could be the result of non-optimal XDC constraints or non-optimal design architecture
Related violations: <none>

TIMING-16#75 Warning
Large setup violation  
There is a large setup violation of -1.245 ns between U_AXI_DDR_FULL_BIST/beat_index_reg[2]/C (clocked by mmcm_clkout0) and U_AXI_DDR_FULL_BIST/first_expected_data_reg[44]/CE (clocked by mmcm_clkout0). Large setup violations at the end of those stages might be difficult to fix during the post-placement implementation flow and could be the result of non-optimal XDC constraints or non-optimal design architecture
Related violations: <none>

TIMING-16#76 Warning
Large setup violation  
There is a large setup violation of -1.245 ns between U_AXI_DDR_FULL_BIST/beat_index_reg[2]/C (clocked by mmcm_clkout0) and U_AXI_DDR_FULL_BIST/first_expected_data_reg[54]/CE (clocked by mmcm_clkout0). Large setup violations at the end of those stages might be difficult to fix during the post-placement implementation flow and could be the result of non-optimal XDC constraints or non-optimal design architecture
Related violations: <none>

TIMING-16#77 Warning
Large setup violation  
There is a large setup violation of -1.245 ns between U_AXI_DDR_FULL_BIST/beat_index_reg[2]/C (clocked by mmcm_clkout0) and U_AXI_DDR_FULL_BIST/first_expected_data_reg[57]/CE (clocked by mmcm_clkout0). Large setup violations at the end of those stages might be difficult to fix during the post-placement implementation flow and could be the result of non-optimal XDC constraints or non-optimal design architecture
Related violations: <none>

TIMING-16#78 Warning
Large setup violation  
There is a large setup violation of -1.245 ns between U_AXI_DDR_FULL_BIST/beat_index_reg[2]/C (clocked by mmcm_clkout0) and U_AXI_DDR_FULL_BIST/first_expected_data_reg[60]/CE (clocked by mmcm_clkout0). Large setup violations at the end of those stages might be difficult to fix during the post-placement implementation flow and could be the result of non-optimal XDC constraints or non-optimal design architecture
Related violations: <none>

TIMING-16#79 Warning
Large setup violation  
There is a large setup violation of -1.246 ns between U_AXI_DDR_FULL_BIST/beat_index_reg[2]/C (clocked by mmcm_clkout0) and U_AXI_DDR_FULL_BIST/first_expected_data_reg[33]/CE (clocked by mmcm_clkout0). Large setup violations at the end of those stages might be difficult to fix during the post-placement implementation flow and could be the result of non-optimal XDC constraints or non-optimal design architecture
Related violations: <none>

TIMING-16#80 Warning
Large setup violation  
There is a large setup violation of -1.246 ns between U_AXI_DDR_FULL_BIST/beat_index_reg[2]/C (clocked by mmcm_clkout0) and U_AXI_DDR_FULL_BIST/first_expected_data_reg[43]/CE (clocked by mmcm_clkout0). Large setup violations at the end of those stages might be difficult to fix during the post-placement implementation flow and could be the result of non-optimal XDC constraints or non-optimal design architecture
Related violations: <none>

TIMING-16#81 Warning
Large setup violation  
There is a large setup violation of -1.261 ns between U_AXI_DDR_FULL_BIST/beat_index_reg[2]/C (clocked by mmcm_clkout0) and U_AXI_DDR_FULL_BIST/first_expected_data_reg[1]/R (clocked by mmcm_clkout0). Large setup violations at the end of those stages might be difficult to fix during the post-placement implementation flow and could be the result of non-optimal XDC constraints or non-optimal design architecture
Related violations: <none>

TIMING-16#82 Warning
Large setup violation  
There is a large setup violation of -1.261 ns between U_AXI_DDR_FULL_BIST/beat_index_reg[2]/C (clocked by mmcm_clkout0) and U_AXI_DDR_FULL_BIST/first_expected_data_reg[2]/R (clocked by mmcm_clkout0). Large setup violations at the end of those stages might be difficult to fix during the post-placement implementation flow and could be the result of non-optimal XDC constraints or non-optimal design architecture
Related violations: <none>

TIMING-16#83 Warning
Large setup violation  
There is a large setup violation of -1.261 ns between U_AXI_DDR_FULL_BIST/beat_index_reg[2]/C (clocked by mmcm_clkout0) and U_AXI_DDR_FULL_BIST/first_expected_data_reg[4]/R (clocked by mmcm_clkout0). Large setup violations at the end of those stages might be difficult to fix during the post-placement implementation flow and could be the result of non-optimal XDC constraints or non-optimal design architecture
Related violations: <none>

TIMING-16#84 Warning
Large setup violation  
There is a large setup violation of -1.261 ns between U_AXI_DDR_FULL_BIST/beat_index_reg[2]/C (clocked by mmcm_clkout0) and U_AXI_DDR_FULL_BIST/first_expected_data_reg[6]/R (clocked by mmcm_clkout0). Large setup violations at the end of those stages might be difficult to fix during the post-placement implementation flow and could be the result of non-optimal XDC constraints or non-optimal design architecture
Related violations: <none>

TIMING-16#85 Warning
Large setup violation  
There is a large setup violation of -1.262 ns between U_AXI_DDR_FULL_BIST/beat_index_reg[2]/C (clocked by mmcm_clkout0) and U_AXI_DDR_FULL_BIST/first_actual_data_reg[10]/CE (clocked by mmcm_clkout0). Large setup violations at the end of those stages might be difficult to fix during the post-placement implementation flow and could be the result of non-optimal XDC constraints or non-optimal design architecture
Related violations: <none>

TIMING-16#86 Warning
Large setup violation  
There is a large setup violation of -1.262 ns between U_AXI_DDR_FULL_BIST/beat_index_reg[2]/C (clocked by mmcm_clkout0) and U_AXI_DDR_FULL_BIST/first_actual_data_reg[16]/CE (clocked by mmcm_clkout0). Large setup violations at the end of those stages might be difficult to fix during the post-placement implementation flow and could be the result of non-optimal XDC constraints or non-optimal design architecture
Related violations: <none>

TIMING-16#87 Warning
Large setup violation  
There is a large setup violation of -1.264 ns between U_AXI_DDR_FULL_BIST/beat_index_reg[2]/C (clocked by mmcm_clkout0) and U_AXI_DDR_FULL_BIST/first_expected_data_reg[1]/CE (clocked by mmcm_clkout0). Large setup violations at the end of those stages might be difficult to fix during the post-placement implementation flow and could be the result of non-optimal XDC constraints or non-optimal design architecture
Related violations: <none>

TIMING-16#88 Warning
Large setup violation  
There is a large setup violation of -1.264 ns between U_AXI_DDR_FULL_BIST/beat_index_reg[2]/C (clocked by mmcm_clkout0) and U_AXI_DDR_FULL_BIST/first_expected_data_reg[2]/CE (clocked by mmcm_clkout0). Large setup violations at the end of those stages might be difficult to fix during the post-placement implementation flow and could be the result of non-optimal XDC constraints or non-optimal design architecture
Related violations: <none>

TIMING-16#89 Warning
Large setup violation  
There is a large setup violation of -1.264 ns between U_AXI_DDR_FULL_BIST/beat_index_reg[2]/C (clocked by mmcm_clkout0) and U_AXI_DDR_FULL_BIST/first_expected_data_reg[6]/CE (clocked by mmcm_clkout0). Large setup violations at the end of those stages might be difficult to fix during the post-placement implementation flow and could be the result of non-optimal XDC constraints or non-optimal design architecture
Related violations: <none>

TIMING-16#90 Warning
Large setup violation  
There is a large setup violation of -1.266 ns between U_AXI_DDR_FULL_BIST/beat_index_reg[2]/C (clocked by mmcm_clkout0) and U_AXI_DDR_FULL_BIST/first_actual_data_reg[19]/CE (clocked by mmcm_clkout0). Large setup violations at the end of those stages might be difficult to fix during the post-placement implementation flow and could be the result of non-optimal XDC constraints or non-optimal design architecture
Related violations: <none>

TIMING-16#91 Warning
Large setup violation  
There is a large setup violation of -1.266 ns between U_AXI_DDR_FULL_BIST/beat_index_reg[2]/C (clocked by mmcm_clkout0) and U_AXI_DDR_FULL_BIST/first_actual_data_reg[22]/CE (clocked by mmcm_clkout0). Large setup violations at the end of those stages might be difficult to fix during the post-placement implementation flow and could be the result of non-optimal XDC constraints or non-optimal design architecture
Related violations: <none>

TIMING-16#92 Warning
Large setup violation  
There is a large setup violation of -1.266 ns between U_AXI_DDR_FULL_BIST/beat_index_reg[2]/C (clocked by mmcm_clkout0) and U_AXI_DDR_FULL_BIST/first_actual_data_reg[37]/CE (clocked by mmcm_clkout0). Large setup violations at the end of those stages might be difficult to fix during the post-placement implementation flow and could be the result of non-optimal XDC constraints or non-optimal design architecture
Related violations: <none>

TIMING-16#93 Warning
Large setup violation  
There is a large setup violation of -1.266 ns between U_AXI_DDR_FULL_BIST/beat_index_reg[2]/C (clocked by mmcm_clkout0) and U_AXI_DDR_FULL_BIST/first_actual_data_reg[9]/CE (clocked by mmcm_clkout0). Large setup violations at the end of those stages might be difficult to fix during the post-placement implementation flow and could be the result of non-optimal XDC constraints or non-optimal design architecture
Related violations: <none>

TIMING-16#94 Warning
Large setup violation  
There is a large setup violation of -1.268 ns between U_AXI_DDR_FULL_BIST/beat_index_reg[2]/C (clocked by mmcm_clkout0) and U_AXI_DDR_FULL_BIST/first_actual_data_reg[24]/CE (clocked by mmcm_clkout0). Large setup violations at the end of those stages might be difficult to fix during the post-placement implementation flow and could be the result of non-optimal XDC constraints or non-optimal design architecture
Related violations: <none>

TIMING-16#95 Warning
Large setup violation  
There is a large setup violation of -1.268 ns between U_AXI_DDR_FULL_BIST/beat_index_reg[2]/C (clocked by mmcm_clkout0) and U_AXI_DDR_FULL_BIST/first_actual_data_reg[26]/CE (clocked by mmcm_clkout0). Large setup violations at the end of those stages might be difficult to fix during the post-placement implementation flow and could be the result of non-optimal XDC constraints or non-optimal design architecture
Related violations: <none>

TIMING-16#96 Warning
Large setup violation  
There is a large setup violation of -1.268 ns between U_AXI_DDR_FULL_BIST/beat_index_reg[2]/C (clocked by mmcm_clkout0) and U_AXI_DDR_FULL_BIST/first_actual_data_reg[2]/CE (clocked by mmcm_clkout0). Large setup violations at the end of those stages might be difficult to fix during the post-placement implementation flow and could be the result of non-optimal XDC constraints or non-optimal design architecture
Related violations: <none>

TIMING-16#97 Warning
Large setup violation  
There is a large setup violation of -1.268 ns between U_AXI_DDR_FULL_BIST/beat_index_reg[2]/C (clocked by mmcm_clkout0) and U_AXI_DDR_FULL_BIST/first_actual_data_reg[34]/CE (clocked by mmcm_clkout0). Large setup violations at the end of those stages might be difficult to fix during the post-placement implementation flow and could be the result of non-optimal XDC constraints or non-optimal design architecture
Related violations: <none>

TIMING-16#98 Warning
Large setup violation  
There is a large setup violation of -1.269 ns between U_AXI_DDR_FULL_BIST/beat_index_reg[2]/C (clocked by mmcm_clkout0) and U_AXI_DDR_FULL_BIST/first_actual_data_reg[0]/CE (clocked by mmcm_clkout0). Large setup violations at the end of those stages might be difficult to fix during the post-placement implementation flow and could be the result of non-optimal XDC constraints or non-optimal design architecture
Related violations: <none>

TIMING-16#99 Warning
Large setup violation  
There is a large setup violation of -1.269 ns between U_AXI_DDR_FULL_BIST/beat_index_reg[2]/C (clocked by mmcm_clkout0) and U_AXI_DDR_FULL_BIST/first_actual_data_reg[11]/CE (clocked by mmcm_clkout0). Large setup violations at the end of those stages might be difficult to fix during the post-placement implementation flow and could be the result of non-optimal XDC constraints or non-optimal design architecture
Related violations: <none>

TIMING-16#100 Warning
Large setup violation  
There is a large setup violation of -1.269 ns between U_AXI_DDR_FULL_BIST/beat_index_reg[2]/C (clocked by mmcm_clkout0) and U_AXI_DDR_FULL_BIST/first_actual_data_reg[1]/CE (clocked by mmcm_clkout0). Large setup violations at the end of those stages might be difficult to fix during the post-placement implementation flow and could be the result of non-optimal XDC constraints or non-optimal design architecture
Related violations: <none>

TIMING-16#101 Warning
Large setup violation  
There is a large setup violation of -1.269 ns between U_AXI_DDR_FULL_BIST/beat_index_reg[2]/C (clocked by mmcm_clkout0) and U_AXI_DDR_FULL_BIST/first_actual_data_reg[23]/CE (clocked by mmcm_clkout0). Large setup violations at the end of those stages might be difficult to fix during the post-placement implementation flow and could be the result of non-optimal XDC constraints or non-optimal design architecture
Related violations: <none>

TIMING-16#102 Warning
Large setup violation  
There is a large setup violation of -1.271 ns between U_AXI_DDR_FULL_BIST/beat_index_reg[2]/C (clocked by mmcm_clkout0) and U_AXI_DDR_FULL_BIST/first_expected_data_reg[4]/CE (clocked by mmcm_clkout0). Large setup violations at the end of those stages might be difficult to fix during the post-placement implementation flow and could be the result of non-optimal XDC constraints or non-optimal design architecture
Related violations: <none>

TIMING-16#103 Warning
Large setup violation  
There is a large setup violation of -1.272 ns between U_AXI_DDR_FULL_BIST/beat_index_reg[2]/C (clocked by mmcm_clkout0) and U_AXI_DDR_FULL_BIST/first_actual_data_reg[27]/CE (clocked by mmcm_clkout0). Large setup violations at the end of those stages might be difficult to fix during the post-placement implementation flow and could be the result of non-optimal XDC constraints or non-optimal design architecture
Related violations: <none>

TIMING-16#104 Warning
Large setup violation  
There is a large setup violation of -1.272 ns between U_AXI_DDR_FULL_BIST/beat_index_reg[2]/C (clocked by mmcm_clkout0) and U_AXI_DDR_FULL_BIST/first_actual_data_reg[31]/CE (clocked by mmcm_clkout0). Large setup violations at the end of those stages might be difficult to fix during the post-placement implementation flow and could be the result of non-optimal XDC constraints or non-optimal design architecture
Related violations: <none>

TIMING-16#105 Warning
Large setup violation  
There is a large setup violation of -1.272 ns between U_AXI_DDR_FULL_BIST/beat_index_reg[2]/C (clocked by mmcm_clkout0) and U_AXI_DDR_FULL_BIST/first_actual_data_reg[35]/CE (clocked by mmcm_clkout0). Large setup violations at the end of those stages might be difficult to fix during the post-placement implementation flow and could be the result of non-optimal XDC constraints or non-optimal design architecture
Related violations: <none>

TIMING-16#106 Warning
Large setup violation  
There is a large setup violation of -1.272 ns between U_AXI_DDR_FULL_BIST/beat_index_reg[2]/C (clocked by mmcm_clkout0) and U_AXI_DDR_FULL_BIST/first_actual_data_reg[3]/CE (clocked by mmcm_clkout0). Large setup violations at the end of those stages might be difficult to fix during the post-placement implementation flow and could be the result of non-optimal XDC constraints or non-optimal design architecture
Related violations: <none>

TIMING-16#107 Warning
Large setup violation  
There is a large setup violation of -1.272 ns between U_AXI_DDR_FULL_BIST/beat_index_reg[2]/C (clocked by mmcm_clkout0) and U_AXI_DDR_FULL_BIST/first_expected_data_reg[20]/CE (clocked by mmcm_clkout0). Large setup violations at the end of those stages might be difficult to fix during the post-placement implementation flow and could be the result of non-optimal XDC constraints or non-optimal design architecture
Related violations: <none>

TIMING-16#108 Warning
Large setup violation  
There is a large setup violation of -1.272 ns between U_AXI_DDR_FULL_BIST/beat_index_reg[2]/C (clocked by mmcm_clkout0) and U_AXI_DDR_FULL_BIST/first_expected_data_reg[27]/CE (clocked by mmcm_clkout0). Large setup violations at the end of those stages might be difficult to fix during the post-placement implementation flow and could be the result of non-optimal XDC constraints or non-optimal design architecture
Related violations: <none>

TIMING-16#109 Warning
Large setup violation  
There is a large setup violation of -1.272 ns between U_AXI_DDR_FULL_BIST/beat_index_reg[2]/C (clocked by mmcm_clkout0) and U_AXI_DDR_FULL_BIST/first_expected_data_reg[38]/CE (clocked by mmcm_clkout0). Large setup violations at the end of those stages might be difficult to fix during the post-placement implementation flow and could be the result of non-optimal XDC constraints or non-optimal design architecture
Related violations: <none>

TIMING-16#110 Warning
Large setup violation  
There is a large setup violation of -1.272 ns between U_AXI_DDR_FULL_BIST/beat_index_reg[2]/C (clocked by mmcm_clkout0) and U_AXI_DDR_FULL_BIST/first_expected_data_reg[56]/CE (clocked by mmcm_clkout0). Large setup violations at the end of those stages might be difficult to fix during the post-placement implementation flow and could be the result of non-optimal XDC constraints or non-optimal design architecture
Related violations: <none>

TIMING-16#111 Warning
Large setup violation  
There is a large setup violation of -1.290 ns between U_AXI_DDR_FULL_BIST/beat_index_reg[2]/C (clocked by mmcm_clkout0) and U_AXI_DDR_FULL_BIST/first_expected_data_reg[35]/CE (clocked by mmcm_clkout0). Large setup violations at the end of those stages might be difficult to fix during the post-placement implementation flow and could be the result of non-optimal XDC constraints or non-optimal design architecture
Related violations: <none>

TIMING-16#112 Warning
Large setup violation  
There is a large setup violation of -1.294 ns between U_AXI_DDR_FULL_BIST/beat_index_reg[2]/C (clocked by mmcm_clkout0) and U_AXI_DDR_FULL_BIST/first_actual_data_reg[29]/CE (clocked by mmcm_clkout0). Large setup violations at the end of those stages might be difficult to fix during the post-placement implementation flow and could be the result of non-optimal XDC constraints or non-optimal design architecture
Related violations: <none>

TIMING-16#113 Warning
Large setup violation  
There is a large setup violation of -1.294 ns between U_AXI_DDR_FULL_BIST/beat_index_reg[2]/C (clocked by mmcm_clkout0) and U_AXI_DDR_FULL_BIST/first_actual_data_reg[32]/CE (clocked by mmcm_clkout0). Large setup violations at the end of those stages might be difficult to fix during the post-placement implementation flow and could be the result of non-optimal XDC constraints or non-optimal design architecture
Related violations: <none>

TIMING-16#114 Warning
Large setup violation  
There is a large setup violation of -1.294 ns between U_AXI_DDR_FULL_BIST/beat_index_reg[2]/C (clocked by mmcm_clkout0) and U_AXI_DDR_FULL_BIST/first_actual_data_reg[53]/CE (clocked by mmcm_clkout0). Large setup violations at the end of those stages might be difficult to fix during the post-placement implementation flow and could be the result of non-optimal XDC constraints or non-optimal design architecture
Related violations: <none>

TIMING-16#115 Warning
Large setup violation  
There is a large setup violation of -1.294 ns between U_AXI_DDR_FULL_BIST/beat_index_reg[2]/C (clocked by mmcm_clkout0) and U_AXI_DDR_FULL_BIST/first_actual_data_reg[56]/CE (clocked by mmcm_clkout0). Large setup violations at the end of those stages might be difficult to fix during the post-placement implementation flow and could be the result of non-optimal XDC constraints or non-optimal design architecture
Related violations: <none>

TIMING-16#116 Warning
Large setup violation  
There is a large setup violation of -1.300 ns between U_AXI_DDR_FULL_BIST/beat_index_reg[2]/C (clocked by mmcm_clkout0) and U_AXI_DDR_FULL_BIST/first_actual_data_reg[41]/CE (clocked by mmcm_clkout0). Large setup violations at the end of those stages might be difficult to fix during the post-placement implementation flow and could be the result of non-optimal XDC constraints or non-optimal design architecture
Related violations: <none>

TIMING-16#117 Warning
Large setup violation  
There is a large setup violation of -1.300 ns between U_AXI_DDR_FULL_BIST/beat_index_reg[2]/C (clocked by mmcm_clkout0) and U_AXI_DDR_FULL_BIST/first_expected_data_reg[5]/CE (clocked by mmcm_clkout0). Large setup violations at the end of those stages might be difficult to fix during the post-placement implementation flow and could be the result of non-optimal XDC constraints or non-optimal design architecture
Related violations: <none>

TIMING-16#118 Warning
Large setup violation  
There is a large setup violation of -1.301 ns between U_AXI_DDR_FULL_BIST/beat_index_reg[2]/C (clocked by mmcm_clkout0) and U_AXI_DDR_FULL_BIST/first_actual_data_reg[33]/CE (clocked by mmcm_clkout0). Large setup violations at the end of those stages might be difficult to fix during the post-placement implementation flow and could be the result of non-optimal XDC constraints or non-optimal design architecture
Related violations: <none>

TIMING-16#119 Warning
Large setup violation  
There is a large setup violation of -1.301 ns between U_AXI_DDR_FULL_BIST/beat_index_reg[2]/C (clocked by mmcm_clkout0) and U_AXI_DDR_FULL_BIST/first_actual_data_reg[57]/CE (clocked by mmcm_clkout0). Large setup violations at the end of those stages might be difficult to fix during the post-placement implementation flow and could be the result of non-optimal XDC constraints or non-optimal design architecture
Related violations: <none>

TIMING-16#120 Warning
Large setup violation  
There is a large setup violation of -1.303 ns between U_AXI_DDR_FULL_BIST/beat_index_reg[2]/C (clocked by mmcm_clkout0) and U_AXI_DDR_FULL_BIST/first_actual_data_reg[30]/CE (clocked by mmcm_clkout0). Large setup violations at the end of those stages might be difficult to fix during the post-placement implementation flow and could be the result of non-optimal XDC constraints or non-optimal design architecture
Related violations: <none>

TIMING-16#121 Warning
Large setup violation  
There is a large setup violation of -1.303 ns between U_AXI_DDR_FULL_BIST/beat_index_reg[2]/C (clocked by mmcm_clkout0) and U_AXI_DDR_FULL_BIST/first_actual_data_reg[38]/CE (clocked by mmcm_clkout0). Large setup violations at the end of those stages might be difficult to fix during the post-placement implementation flow and could be the result of non-optimal XDC constraints or non-optimal design architecture
Related violations: <none>

TIMING-16#122 Warning
Large setup violation  
There is a large setup violation of -1.303 ns between U_AXI_DDR_FULL_BIST/beat_index_reg[2]/C (clocked by mmcm_clkout0) and U_AXI_DDR_FULL_BIST/first_actual_data_reg[39]/CE (clocked by mmcm_clkout0). Large setup violations at the end of those stages might be difficult to fix during the post-placement implementation flow and could be the result of non-optimal XDC constraints or non-optimal design architecture
Related violations: <none>

TIMING-16#123 Warning
Large setup violation  
There is a large setup violation of -1.303 ns between U_AXI_DDR_FULL_BIST/beat_index_reg[2]/C (clocked by mmcm_clkout0) and U_AXI_DDR_FULL_BIST/first_actual_data_reg[40]/CE (clocked by mmcm_clkout0). Large setup violations at the end of those stages might be difficult to fix during the post-placement implementation flow and could be the result of non-optimal XDC constraints or non-optimal design architecture
Related violations: <none>

TIMING-16#124 Warning
Large setup violation  
There is a large setup violation of -1.304 ns between U_AXI_DDR_FULL_BIST/beat_index_reg[2]/C (clocked by mmcm_clkout0) and U_AXI_DDR_FULL_BIST/first_actual_data_reg[28]/CE (clocked by mmcm_clkout0). Large setup violations at the end of those stages might be difficult to fix during the post-placement implementation flow and could be the result of non-optimal XDC constraints or non-optimal design architecture
Related violations: <none>

TIMING-16#125 Warning
Large setup violation  
There is a large setup violation of -1.304 ns between U_AXI_DDR_FULL_BIST/beat_index_reg[2]/C (clocked by mmcm_clkout0) and U_AXI_DDR_FULL_BIST/first_actual_data_reg[52]/CE (clocked by mmcm_clkout0). Large setup violations at the end of those stages might be difficult to fix during the post-placement implementation flow and could be the result of non-optimal XDC constraints or non-optimal design architecture
Related violations: <none>

TIMING-16#126 Warning
Large setup violation  
There is a large setup violation of -1.304 ns between U_AXI_DDR_FULL_BIST/beat_index_reg[2]/C (clocked by mmcm_clkout0) and U_AXI_DDR_FULL_BIST/first_actual_data_reg[61]/CE (clocked by mmcm_clkout0). Large setup violations at the end of those stages might be difficult to fix during the post-placement implementation flow and could be the result of non-optimal XDC constraints or non-optimal design architecture
Related violations: <none>

TIMING-16#127 Warning
Large setup violation  
There is a large setup violation of -1.304 ns between U_AXI_DDR_FULL_BIST/beat_index_reg[2]/C (clocked by mmcm_clkout0) and U_AXI_DDR_FULL_BIST/first_actual_data_reg[63]/CE (clocked by mmcm_clkout0). Large setup violations at the end of those stages might be difficult to fix during the post-placement implementation flow and could be the result of non-optimal XDC constraints or non-optimal design architecture
Related violations: <none>

TIMING-16#128 Warning
Large setup violation  
There is a large setup violation of -1.305 ns between U_AXI_DDR_FULL_BIST/beat_index_reg[2]/C (clocked by mmcm_clkout0) and U_AXI_DDR_FULL_BIST/first_actual_data_reg[42]/CE (clocked by mmcm_clkout0). Large setup violations at the end of those stages might be difficult to fix during the post-placement implementation flow and could be the result of non-optimal XDC constraints or non-optimal design architecture
Related violations: <none>

TIMING-16#129 Warning
Large setup violation  
There is a large setup violation of -1.305 ns between U_AXI_DDR_FULL_BIST/beat_index_reg[2]/C (clocked by mmcm_clkout0) and U_AXI_DDR_FULL_BIST/first_actual_data_reg[48]/CE (clocked by mmcm_clkout0). Large setup violations at the end of those stages might be difficult to fix during the post-placement implementation flow and could be the result of non-optimal XDC constraints or non-optimal design architecture
Related violations: <none>

TIMING-16#130 Warning
Large setup violation  
There is a large setup violation of -1.305 ns between U_AXI_DDR_FULL_BIST/beat_index_reg[2]/C (clocked by mmcm_clkout0) and U_AXI_DDR_FULL_BIST/first_actual_data_reg[50]/CE (clocked by mmcm_clkout0). Large setup violations at the end of those stages might be difficult to fix during the post-placement implementation flow and could be the result of non-optimal XDC constraints or non-optimal design architecture
Related violations: <none>

TIMING-16#131 Warning
Large setup violation  
There is a large setup violation of -1.305 ns between U_AXI_DDR_FULL_BIST/beat_index_reg[2]/C (clocked by mmcm_clkout0) and U_AXI_DDR_FULL_BIST/first_actual_data_reg[6]/CE (clocked by mmcm_clkout0). Large setup violations at the end of those stages might be difficult to fix during the post-placement implementation flow and could be the result of non-optimal XDC constraints or non-optimal design architecture
Related violations: <none>

TIMING-16#132 Warning
Large setup violation  
There is a large setup violation of -1.309 ns between U_AXI_DDR_FULL_BIST/beat_index_reg[2]/C (clocked by mmcm_clkout0) and U_AXI_DDR_FULL_BIST/first_actual_data_reg[43]/CE (clocked by mmcm_clkout0). Large setup violations at the end of those stages might be difficult to fix during the post-placement implementation flow and could be the result of non-optimal XDC constraints or non-optimal design architecture
Related violations: <none>

TIMING-16#133 Warning
Large setup violation  
There is a large setup violation of -1.309 ns between U_AXI_DDR_FULL_BIST/beat_index_reg[2]/C (clocked by mmcm_clkout0) and U_AXI_DDR_FULL_BIST/first_actual_data_reg[49]/CE (clocked by mmcm_clkout0). Large setup violations at the end of those stages might be difficult to fix during the post-placement implementation flow and could be the result of non-optimal XDC constraints or non-optimal design architecture
Related violations: <none>

TIMING-16#134 Warning
Large setup violation  
There is a large setup violation of -1.309 ns between U_AXI_DDR_FULL_BIST/beat_index_reg[2]/C (clocked by mmcm_clkout0) and U_AXI_DDR_FULL_BIST/first_actual_data_reg[51]/CE (clocked by mmcm_clkout0). Large setup violations at the end of those stages might be difficult to fix during the post-placement implementation flow and could be the result of non-optimal XDC constraints or non-optimal design architecture
Related violations: <none>

TIMING-16#135 Warning
Large setup violation  
There is a large setup violation of -1.309 ns between U_AXI_DDR_FULL_BIST/beat_index_reg[2]/C (clocked by mmcm_clkout0) and U_AXI_DDR_FULL_BIST/first_actual_data_reg[7]/CE (clocked by mmcm_clkout0). Large setup violations at the end of those stages might be difficult to fix during the post-placement implementation flow and could be the result of non-optimal XDC constraints or non-optimal design architecture
Related violations: <none>

TIMING-16#136 Warning
Large setup violation  
There is a large setup violation of -1.310 ns between U_AXI_DDR_FULL_BIST/beat_index_reg[2]/C (clocked by mmcm_clkout0) and U_AXI_DDR_FULL_BIST/first_actual_data_reg[44]/CE (clocked by mmcm_clkout0). Large setup violations at the end of those stages might be difficult to fix during the post-placement implementation flow and could be the result of non-optimal XDC constraints or non-optimal design architecture
Related violations: <none>

TIMING-16#137 Warning
Large setup violation  
There is a large setup violation of -1.310 ns between U_AXI_DDR_FULL_BIST/beat_index_reg[2]/C (clocked by mmcm_clkout0) and U_AXI_DDR_FULL_BIST/first_actual_data_reg[4]/CE (clocked by mmcm_clkout0). Large setup violations at the end of those stages might be difficult to fix during the post-placement implementation flow and could be the result of non-optimal XDC constraints or non-optimal design architecture
Related violations: <none>

TIMING-16#138 Warning
Large setup violation  
There is a large setup violation of -1.310 ns between U_AXI_DDR_FULL_BIST/beat_index_reg[2]/C (clocked by mmcm_clkout0) and U_AXI_DDR_FULL_BIST/first_actual_data_reg[55]/CE (clocked by mmcm_clkout0). Large setup violations at the end of those stages might be difficult to fix during the post-placement implementation flow and could be the result of non-optimal XDC constraints or non-optimal design architecture
Related violations: <none>

TIMING-16#139 Warning
Large setup violation  
There is a large setup violation of -1.310 ns between U_AXI_DDR_FULL_BIST/beat_index_reg[2]/C (clocked by mmcm_clkout0) and U_AXI_DDR_FULL_BIST/first_actual_data_reg[59]/CE (clocked by mmcm_clkout0). Large setup violations at the end of those stages might be difficult to fix during the post-placement implementation flow and could be the result of non-optimal XDC constraints or non-optimal design architecture
Related violations: <none>

TIMING-16#140 Warning
Large setup violation  
There is a large setup violation of -1.313 ns between U_AXI_DDR_FULL_BIST/beat_index_reg[2]/C (clocked by mmcm_clkout0) and U_AXI_DDR_FULL_BIST/first_expected_data_reg[21]/CE (clocked by mmcm_clkout0). Large setup violations at the end of those stages might be difficult to fix during the post-placement implementation flow and could be the result of non-optimal XDC constraints or non-optimal design architecture
Related violations: <none>

TIMING-16#141 Warning
Large setup violation  
There is a large setup violation of -1.313 ns between U_AXI_DDR_FULL_BIST/beat_index_reg[2]/C (clocked by mmcm_clkout0) and U_AXI_DDR_FULL_BIST/first_expected_data_reg[42]/CE (clocked by mmcm_clkout0). Large setup violations at the end of those stages might be difficult to fix during the post-placement implementation flow and could be the result of non-optimal XDC constraints or non-optimal design architecture
Related violations: <none>

TIMING-16#142 Warning
Large setup violation  
There is a large setup violation of -1.317 ns between U_AXI_DDR_FULL_BIST/beat_index_reg[2]/C (clocked by mmcm_clkout0) and U_AXI_DDR_FULL_BIST/first_expected_data_reg[24]/CE (clocked by mmcm_clkout0). Large setup violations at the end of those stages might be difficult to fix during the post-placement implementation flow and could be the result of non-optimal XDC constraints or non-optimal design architecture
Related violations: <none>

TIMING-16#143 Warning
Large setup violation  
There is a large setup violation of -1.317 ns between U_AXI_DDR_FULL_BIST/beat_index_reg[2]/C (clocked by mmcm_clkout0) and U_AXI_DDR_FULL_BIST/first_expected_data_reg[36]/CE (clocked by mmcm_clkout0). Large setup violations at the end of those stages might be difficult to fix during the post-placement implementation flow and could be the result of non-optimal XDC constraints or non-optimal design architecture
Related violations: <none>

TIMING-16#144 Warning
Large setup violation  
There is a large setup violation of -1.327 ns between U_AXI_DDR_FULL_BIST/beat_index_reg[2]/C (clocked by mmcm_clkout0) and U_AXI_DDR_FULL_BIST/first_actual_data_reg[12]/CE (clocked by mmcm_clkout0). Large setup violations at the end of those stages might be difficult to fix during the post-placement implementation flow and could be the result of non-optimal XDC constraints or non-optimal design architecture
Related violations: <none>

TIMING-16#145 Warning
Large setup violation  
There is a large setup violation of -1.327 ns between U_AXI_DDR_FULL_BIST/beat_index_reg[2]/C (clocked by mmcm_clkout0) and U_AXI_DDR_FULL_BIST/first_actual_data_reg[13]/CE (clocked by mmcm_clkout0). Large setup violations at the end of those stages might be difficult to fix during the post-placement implementation flow and could be the result of non-optimal XDC constraints or non-optimal design architecture
Related violations: <none>

TIMING-16#146 Warning
Large setup violation  
There is a large setup violation of -1.327 ns between U_AXI_DDR_FULL_BIST/beat_index_reg[2]/C (clocked by mmcm_clkout0) and U_AXI_DDR_FULL_BIST/first_actual_data_reg[54]/CE (clocked by mmcm_clkout0). Large setup violations at the end of those stages might be difficult to fix during the post-placement implementation flow and could be the result of non-optimal XDC constraints or non-optimal design architecture
Related violations: <none>

TIMING-16#147 Warning
Large setup violation  
There is a large setup violation of -1.327 ns between U_AXI_DDR_FULL_BIST/beat_index_reg[2]/C (clocked by mmcm_clkout0) and U_AXI_DDR_FULL_BIST/first_actual_data_reg[58]/CE (clocked by mmcm_clkout0). Large setup violations at the end of those stages might be difficult to fix during the post-placement implementation flow and could be the result of non-optimal XDC constraints or non-optimal design architecture
Related violations: <none>

TIMING-16#148 Warning
Large setup violation  
There is a large setup violation of -1.330 ns between U_AXI_DDR_FULL_BIST/beat_index_reg[2]/C (clocked by mmcm_clkout0) and U_AXI_DDR_FULL_BIST/first_actual_data_reg[45]/CE (clocked by mmcm_clkout0). Large setup violations at the end of those stages might be difficult to fix during the post-placement implementation flow and could be the result of non-optimal XDC constraints or non-optimal design architecture
Related violations: <none>

TIMING-16#149 Warning
Large setup violation  
There is a large setup violation of -1.330 ns between U_AXI_DDR_FULL_BIST/beat_index_reg[2]/C (clocked by mmcm_clkout0) and U_AXI_DDR_FULL_BIST/first_actual_data_reg[5]/CE (clocked by mmcm_clkout0). Large setup violations at the end of those stages might be difficult to fix during the post-placement implementation flow and could be the result of non-optimal XDC constraints or non-optimal design architecture
Related violations: <none>

TIMING-16#150 Warning
Large setup violation  
There is a large setup violation of -1.330 ns between U_AXI_DDR_FULL_BIST/beat_index_reg[2]/C (clocked by mmcm_clkout0) and U_AXI_DDR_FULL_BIST/first_actual_data_reg[60]/CE (clocked by mmcm_clkout0). Large setup violations at the end of those stages might be difficult to fix during the post-placement implementation flow and could be the result of non-optimal XDC constraints or non-optimal design architecture
Related violations: <none>

TIMING-16#151 Warning
Large setup violation  
There is a large setup violation of -1.330 ns between U_AXI_DDR_FULL_BIST/beat_index_reg[2]/C (clocked by mmcm_clkout0) and U_AXI_DDR_FULL_BIST/first_actual_data_reg[62]/CE (clocked by mmcm_clkout0). Large setup violations at the end of those stages might be difficult to fix during the post-placement implementation flow and could be the result of non-optimal XDC constraints or non-optimal design architecture
Related violations: <none>

TIMING-18#1 Warning
Missing input or output delay  
An input delay is missing on sys_rst_n relative to clock(s) sys_clk_p
Related violations: <none>


