PORT c0_ddr4_act_n
  DIRECTION=OUT
  PACKAGE_PIN=AF18
  IOSTANDARD=SSTL12_DCI
  IS_CLOCK=
PORT c0_ddr4_adr[0]
  DIRECTION=OUT
  PACKAGE_PIN=AG14
  IOSTANDARD=SSTL12_DCI
  IS_CLOCK=
PORT c0_ddr4_adr[10]
  DIRECTION=OUT
  PACKAGE_PIN=AD19
  IOSTANDARD=SSTL12_DCI
  IS_CLOCK=
PORT c0_ddr4_adr[11]
  DIRECTION=OUT
  PACKAGE_PIN=AD15
  IOSTANDARD=SSTL12_DCI
  IS_CLOCK=
PORT c0_ddr4_adr[12]
  DIRECTION=OUT
  PACKAGE_PIN=AH16
  IOSTANDARD=SSTL12_DCI
  IS_CLOCK=
PORT c0_ddr4_adr[13]
  DIRECTION=OUT
  PACKAGE_PIN=AL17
  IOSTANDARD=SSTL12_DCI
  IS_CLOCK=
PORT c0_ddr4_adr[14]
  DIRECTION=OUT
  PACKAGE_PIN=AL15
  IOSTANDARD=SSTL12_DCI
  IS_CLOCK=
PORT c0_ddr4_adr[15]
  DIRECTION=OUT
  PACKAGE_PIN=AL19
  IOSTANDARD=SSTL12_DCI
  IS_CLOCK=
PORT c0_ddr4_adr[16]
  DIRECTION=OUT
  PACKAGE_PIN=AM19
  IOSTANDARD=SSTL12_DCI
  IS_CLOCK=
PORT c0_ddr4_adr[1]
  DIRECTION=OUT
  PACKAGE_PIN=AF17
  IOSTANDARD=SSTL12_DCI
  IS_CLOCK=
PORT c0_ddr4_adr[2]
  DIRECTION=OUT
  PACKAGE_PIN=AF15
  IOSTANDARD=SSTL12_DCI
  IS_CLOCK=
PORT c0_ddr4_adr[3]
  DIRECTION=OUT
  PACKAGE_PIN=AJ14
  IOSTANDARD=SSTL12_DCI
  IS_CLOCK=
PORT c0_ddr4_adr[4]
  DIRECTION=OUT
  PACKAGE_PIN=AD18
  IOSTANDARD=SSTL12_DCI
  IS_CLOCK=
PORT c0_ddr4_adr[5]
  DIRECTION=OUT
  PACKAGE_PIN=AG17
  IOSTANDARD=SSTL12_DCI
  IS_CLOCK=
PORT c0_ddr4_adr[6]
  DIRECTION=OUT
  PACKAGE_PIN=AE17
  IOSTANDARD=SSTL12_DCI
  IS_CLOCK=
PORT c0_ddr4_adr[7]
  DIRECTION=OUT
  PACKAGE_PIN=AK18
  IOSTANDARD=SSTL12_DCI
  IS_CLOCK=
PORT c0_ddr4_adr[8]
  DIRECTION=OUT
  PACKAGE_PIN=AD16
  IOSTANDARD=SSTL12_DCI
  IS_CLOCK=
PORT c0_ddr4_adr[9]
  DIRECTION=OUT
  PACKAGE_PIN=AH18
  IOSTANDARD=SSTL12_DCI
  IS_CLOCK=
PORT c0_ddr4_ba[0]
  DIRECTION=OUT
  PACKAGE_PIN=AG15
  IOSTANDARD=SSTL12_DCI
  IS_CLOCK=
PORT c0_ddr4_ba[1]
  DIRECTION=OUT
  PACKAGE_PIN=AL18
  IOSTANDARD=SSTL12_DCI
  IS_CLOCK=
PORT c0_ddr4_bg[0]
  DIRECTION=OUT
  PACKAGE_PIN=AJ15
  IOSTANDARD=SSTL12_DCI
  IS_CLOCK=
PORT c0_ddr4_ck_c[0]
  DIRECTION=OUT
  PACKAGE_PIN=AE15
  IOSTANDARD=DIFF_SSTL12_DCI
  IS_CLOCK=
PORT c0_ddr4_ck_t[0]
  DIRECTION=OUT
  PACKAGE_PIN=AE16
  IOSTANDARD=DIFF_SSTL12_DCI
  IS_CLOCK=
PORT c0_ddr4_cke[0]
  DIRECTION=OUT
  PACKAGE_PIN=AJ16
  IOSTANDARD=SSTL12_DCI
  IS_CLOCK=
PORT c0_ddr4_cs_n[0]
  DIRECTION=OUT
  PACKAGE_PIN=AE18
  IOSTANDARD=SSTL12_DCI
  IS_CLOCK=
PORT c0_ddr4_dm_dbi_n[0]
  DIRECTION=INOUT
  PACKAGE_PIN=AD21
  IOSTANDARD=POD12_DCI
  IS_CLOCK=
PORT c0_ddr4_dm_dbi_n[1]
  DIRECTION=INOUT
  PACKAGE_PIN=AE25
  IOSTANDARD=POD12_DCI
  IS_CLOCK=
PORT c0_ddr4_dm_dbi_n[2]
  DIRECTION=INOUT
  PACKAGE_PIN=AJ21
  IOSTANDARD=POD12_DCI
  IS_CLOCK=
PORT c0_ddr4_dm_dbi_n[3]
  DIRECTION=INOUT
  PACKAGE_PIN=AM21
  IOSTANDARD=POD12_DCI
  IS_CLOCK=
PORT c0_ddr4_dm_dbi_n[4]
  DIRECTION=INOUT
  PACKAGE_PIN=AH26
  IOSTANDARD=POD12_DCI
  IS_CLOCK=
PORT c0_ddr4_dm_dbi_n[5]
  DIRECTION=INOUT
  PACKAGE_PIN=AN26
  IOSTANDARD=POD12_DCI
  IS_CLOCK=
PORT c0_ddr4_dm_dbi_n[6]
  DIRECTION=INOUT
  PACKAGE_PIN=AJ29
  IOSTANDARD=POD12_DCI
  IS_CLOCK=
PORT c0_ddr4_dm_dbi_n[7]
  DIRECTION=INOUT
  PACKAGE_PIN=AL32
  IOSTANDARD=POD12_DCI
  IS_CLOCK=
PORT c0_ddr4_dq[0]
  DIRECTION=INOUT
  PACKAGE_PIN=AE20
  IOSTANDARD=POD12_DCI
  IS_CLOCK=
PORT c0_ddr4_dq[10]
  DIRECTION=INOUT
  PACKAGE_PIN=AF23
  IOSTANDARD=POD12_DCI
  IS_CLOCK=
PORT c0_ddr4_dq[11]
  DIRECTION=INOUT
  PACKAGE_PIN=AH23
  IOSTANDARD=POD12_DCI
  IS_CLOCK=
PORT c0_ddr4_dq[12]
  DIRECTION=INOUT
  PACKAGE_PIN=AG25
  IOSTANDARD=POD12_DCI
  IS_CLOCK=
PORT c0_ddr4_dq[13]
  DIRECTION=INOUT
  PACKAGE_PIN=AJ24
  IOSTANDARD=POD12_DCI
  IS_CLOCK=
PORT c0_ddr4_dq[14]
  DIRECTION=INOUT
  PACKAGE_PIN=AG24
  IOSTANDARD=POD12_DCI
  IS_CLOCK=
PORT c0_ddr4_dq[15]
  DIRECTION=INOUT
  PACKAGE_PIN=AH22
  IOSTANDARD=POD12_DCI
  IS_CLOCK=
PORT c0_ddr4_dq[16]
  DIRECTION=INOUT
  PACKAGE_PIN=AK22
  IOSTANDARD=POD12_DCI
  IS_CLOCK=
PORT c0_ddr4_dq[17]
  DIRECTION=INOUT
  PACKAGE_PIN=AM20
  IOSTANDARD=POD12_DCI
  IS_CLOCK=
PORT c0_ddr4_dq[18]
  DIRECTION=INOUT
  PACKAGE_PIN=AL22
  IOSTANDARD=POD12_DCI
  IS_CLOCK=
PORT c0_ddr4_dq[19]
  DIRECTION=INOUT
  PACKAGE_PIN=AL23
  IOSTANDARD=POD12_DCI
  IS_CLOCK=
PORT c0_ddr4_dq[1]
  DIRECTION=INOUT
  PACKAGE_PIN=AF22
  IOSTANDARD=POD12_DCI
  IS_CLOCK=
PORT c0_ddr4_dq[20]
  DIRECTION=INOUT
  PACKAGE_PIN=AL20
  IOSTANDARD=POD12_DCI
  IS_CLOCK=
PORT c0_ddr4_dq[21]
  DIRECTION=INOUT
  PACKAGE_PIN=AL24
  IOSTANDARD=POD12_DCI
  IS_CLOCK=
PORT c0_ddr4_dq[22]
  DIRECTION=INOUT
  PACKAGE_PIN=AK23
  IOSTANDARD=POD12_DCI
  IS_CLOCK=
PORT c0_ddr4_dq[23]
  DIRECTION=INOUT
  PACKAGE_PIN=AL25
  IOSTANDARD=POD12_DCI
  IS_CLOCK=
PORT c0_ddr4_dq[24]
  DIRECTION=INOUT
  PACKAGE_PIN=AM22
  IOSTANDARD=POD12_DCI
  IS_CLOCK=
PORT c0_ddr4_dq[25]
  DIRECTION=INOUT
  PACKAGE_PIN=AP24
  IOSTANDARD=POD12_DCI
  IS_CLOCK=
PORT c0_ddr4_dq[26]
  DIRECTION=INOUT
  PACKAGE_PIN=AN22
  IOSTANDARD=POD12_DCI
  IS_CLOCK=
PORT c0_ddr4_dq[27]
  DIRECTION=INOUT
  PACKAGE_PIN=AN24
  IOSTANDARD=POD12_DCI
  IS_CLOCK=
PORT c0_ddr4_dq[28]
  DIRECTION=INOUT
  PACKAGE_PIN=AN23
  IOSTANDARD=POD12_DCI
  IS_CLOCK=
PORT c0_ddr4_dq[29]
  DIRECTION=INOUT
  PACKAGE_PIN=AP25
  IOSTANDARD=POD12_DCI
  IS_CLOCK=
PORT c0_ddr4_dq[2]
  DIRECTION=INOUT
  PACKAGE_PIN=AF20
  IOSTANDARD=POD12_DCI
  IS_CLOCK=
PORT c0_ddr4_dq[30]
  DIRECTION=INOUT
  PACKAGE_PIN=AP23
  IOSTANDARD=POD12_DCI
  IS_CLOCK=
PORT c0_ddr4_dq[31]
  DIRECTION=INOUT
  PACKAGE_PIN=AM24
  IOSTANDARD=POD12_DCI
  IS_CLOCK=
PORT c0_ddr4_dq[32]
  DIRECTION=INOUT
  PACKAGE_PIN=AM26
  IOSTANDARD=POD12_DCI
  IS_CLOCK=
PORT c0_ddr4_dq[33]
  DIRECTION=INOUT
  PACKAGE_PIN=AK26
  IOSTANDARD=POD12_DCI
  IS_CLOCK=
PORT c0_ddr4_dq[34]
  DIRECTION=INOUT
  PACKAGE_PIN=AM27
  IOSTANDARD=POD12_DCI
  IS_CLOCK=
PORT c0_ddr4_dq[35]
  DIRECTION=INOUT
  PACKAGE_PIN=AJ28
  IOSTANDARD=POD12_DCI
  IS_CLOCK=
PORT c0_ddr4_dq[36]
  DIRECTION=INOUT
  PACKAGE_PIN=AK27
  IOSTANDARD=POD12_DCI
  IS_CLOCK=
PORT c0_ddr4_dq[37]
  DIRECTION=INOUT
  PACKAGE_PIN=AH28
  IOSTANDARD=POD12_DCI
  IS_CLOCK=
PORT c0_ddr4_dq[38]
  DIRECTION=INOUT
  PACKAGE_PIN=AK28
  IOSTANDARD=POD12_DCI
  IS_CLOCK=
PORT c0_ddr4_dq[39]
  DIRECTION=INOUT
  PACKAGE_PIN=AH27
  IOSTANDARD=POD12_DCI
  IS_CLOCK=
PORT c0_ddr4_dq[3]
  DIRECTION=INOUT
  PACKAGE_PIN=AG20
  IOSTANDARD=POD12_DCI
  IS_CLOCK=
PORT c0_ddr4_dq[40]
  DIRECTION=INOUT
  PACKAGE_PIN=AM30
  IOSTANDARD=POD12_DCI
  IS_CLOCK=
PORT c0_ddr4_dq[41]
  DIRECTION=INOUT
  PACKAGE_PIN=AP29
  IOSTANDARD=POD12_DCI
  IS_CLOCK=
PORT c0_ddr4_dq[42]
  DIRECTION=INOUT
  PACKAGE_PIN=AM29
  IOSTANDARD=POD12_DCI
  IS_CLOCK=
PORT c0_ddr4_dq[43]
  DIRECTION=INOUT
  PACKAGE_PIN=AP28
  IOSTANDARD=POD12_DCI
  IS_CLOCK=
PORT c0_ddr4_dq[44]
  DIRECTION=INOUT
  PACKAGE_PIN=AL29
  IOSTANDARD=POD12_DCI
  IS_CLOCK=
PORT c0_ddr4_dq[45]
  DIRECTION=INOUT
  PACKAGE_PIN=AN28
  IOSTANDARD=POD12_DCI
  IS_CLOCK=
PORT c0_ddr4_dq[46]
  DIRECTION=INOUT
  PACKAGE_PIN=AL30
  IOSTANDARD=POD12_DCI
  IS_CLOCK=
PORT c0_ddr4_dq[47]
  DIRECTION=INOUT
  PACKAGE_PIN=AN27
  IOSTANDARD=POD12_DCI
  IS_CLOCK=
PORT c0_ddr4_dq[48]
  DIRECTION=INOUT
  PACKAGE_PIN=AH31
  IOSTANDARD=POD12_DCI
  IS_CLOCK=
PORT c0_ddr4_dq[49]
  DIRECTION=INOUT
  PACKAGE_PIN=AH34
  IOSTANDARD=POD12_DCI
  IS_CLOCK=
PORT c0_ddr4_dq[4]
  DIRECTION=INOUT
  PACKAGE_PIN=AD20
  IOSTANDARD=POD12_DCI
  IS_CLOCK=
PORT c0_ddr4_dq[50]
  DIRECTION=INOUT
  PACKAGE_PIN=AJ31
  IOSTANDARD=POD12_DCI
  IS_CLOCK=
PORT c0_ddr4_dq[51]
  DIRECTION=INOUT
  PACKAGE_PIN=AK32
  IOSTANDARD=POD12_DCI
  IS_CLOCK=
PORT c0_ddr4_dq[52]
  DIRECTION=INOUT
  PACKAGE_PIN=AH32
  IOSTANDARD=POD12_DCI
  IS_CLOCK=
PORT c0_ddr4_dq[53]
  DIRECTION=INOUT
  PACKAGE_PIN=AJ34
  IOSTANDARD=POD12_DCI
  IS_CLOCK=
PORT c0_ddr4_dq[54]
  DIRECTION=INOUT
  PACKAGE_PIN=AJ30
  IOSTANDARD=POD12_DCI
  IS_CLOCK=
PORT c0_ddr4_dq[55]
  DIRECTION=INOUT
  PACKAGE_PIN=AK31
  IOSTANDARD=POD12_DCI
  IS_CLOCK=
PORT c0_ddr4_dq[56]
  DIRECTION=INOUT
  PACKAGE_PIN=AN31
  IOSTANDARD=POD12_DCI
  IS_CLOCK=
PORT c0_ddr4_dq[57]
  DIRECTION=INOUT
  PACKAGE_PIN=AP33
  IOSTANDARD=POD12_DCI
  IS_CLOCK=
PORT c0_ddr4_dq[58]
  DIRECTION=INOUT
  PACKAGE_PIN=AP31
  IOSTANDARD=POD12_DCI
  IS_CLOCK=
PORT c0_ddr4_dq[59]
  DIRECTION=INOUT
  PACKAGE_PIN=AM32
  IOSTANDARD=POD12_DCI
  IS_CLOCK=
PORT c0_ddr4_dq[5]
  DIRECTION=INOUT
  PACKAGE_PIN=AG22
  IOSTANDARD=POD12_DCI
  IS_CLOCK=
PORT c0_ddr4_dq[60]
  DIRECTION=INOUT
  PACKAGE_PIN=AN32
  IOSTANDARD=POD12_DCI
  IS_CLOCK=
PORT c0_ddr4_dq[61]
  DIRECTION=INOUT
  PACKAGE_PIN=AM34
  IOSTANDARD=POD12_DCI
  IS_CLOCK=
PORT c0_ddr4_dq[62]
  DIRECTION=INOUT
  PACKAGE_PIN=AN33
  IOSTANDARD=POD12_DCI
  IS_CLOCK=
PORT c0_ddr4_dq[63]
  DIRECTION=INOUT
  PACKAGE_PIN=AL34
  IOSTANDARD=POD12_DCI
  IS_CLOCK=
PORT c0_ddr4_dq[6]
  DIRECTION=INOUT
  PACKAGE_PIN=AE22
  IOSTANDARD=POD12_DCI
  IS_CLOCK=
PORT c0_ddr4_dq[7]
  DIRECTION=INOUT
  PACKAGE_PIN=AE23
  IOSTANDARD=POD12_DCI
  IS_CLOCK=
PORT c0_ddr4_dq[8]
  DIRECTION=INOUT
  PACKAGE_PIN=AF24
  IOSTANDARD=POD12_DCI
  IS_CLOCK=
PORT c0_ddr4_dq[9]
  DIRECTION=INOUT
  PACKAGE_PIN=AJ23
  IOSTANDARD=POD12_DCI
  IS_CLOCK=
PORT c0_ddr4_dqs_c[0]
  DIRECTION=INOUT
  PACKAGE_PIN=AH21
  IOSTANDARD=DIFF_POD12_DCI
  IS_CLOCK=
PORT c0_ddr4_dqs_c[1]
  DIRECTION=INOUT
  PACKAGE_PIN=AJ25
  IOSTANDARD=DIFF_POD12_DCI
  IS_CLOCK=
PORT c0_ddr4_dqs_c[2]
  DIRECTION=INOUT
  PACKAGE_PIN=AK20
  IOSTANDARD=DIFF_POD12_DCI
  IS_CLOCK=
PORT c0_ddr4_dqs_c[3]
  DIRECTION=INOUT
  PACKAGE_PIN=AP21
  IOSTANDARD=DIFF_POD12_DCI
  IS_CLOCK=
PORT c0_ddr4_dqs_c[4]
  DIRECTION=INOUT
  PACKAGE_PIN=AL28
  IOSTANDARD=DIFF_POD12_DCI
  IS_CLOCK=
PORT c0_ddr4_dqs_c[5]
  DIRECTION=INOUT
  PACKAGE_PIN=AP30
  IOSTANDARD=DIFF_POD12_DCI
  IS_CLOCK=
PORT c0_ddr4_dqs_c[6]
  DIRECTION=INOUT
  PACKAGE_PIN=AJ33
  IOSTANDARD=DIFF_POD12_DCI
  IS_CLOCK=
PORT c0_ddr4_dqs_c[7]
  DIRECTION=INOUT
  PACKAGE_PIN=AP34
  IOSTANDARD=DIFF_POD12_DCI
  IS_CLOCK=
PORT c0_ddr4_dqs_t[0]
  DIRECTION=INOUT
  PACKAGE_PIN=AG21
  IOSTANDARD=DIFF_POD12_DCI
  IS_CLOCK=
PORT c0_ddr4_dqs_t[1]
  DIRECTION=INOUT
  PACKAGE_PIN=AH24
  IOSTANDARD=DIFF_POD12_DCI
  IS_CLOCK=
PORT c0_ddr4_dqs_t[2]
  DIRECTION=INOUT
  PACKAGE_PIN=AJ20
  IOSTANDARD=DIFF_POD12_DCI
  IS_CLOCK=
PORT c0_ddr4_dqs_t[3]
  DIRECTION=INOUT
  PACKAGE_PIN=AP20
  IOSTANDARD=DIFF_POD12_DCI
  IS_CLOCK=
PORT c0_ddr4_dqs_t[4]
  DIRECTION=INOUT
  PACKAGE_PIN=AL27
  IOSTANDARD=DIFF_POD12_DCI
  IS_CLOCK=
PORT c0_ddr4_dqs_t[5]
  DIRECTION=INOUT
  PACKAGE_PIN=AN29
  IOSTANDARD=DIFF_POD12_DCI
  IS_CLOCK=
PORT c0_ddr4_dqs_t[6]
  DIRECTION=INOUT
  PACKAGE_PIN=AH33
  IOSTANDARD=DIFF_POD12_DCI
  IS_CLOCK=
PORT c0_ddr4_dqs_t[7]
  DIRECTION=INOUT
  PACKAGE_PIN=AN34
  IOSTANDARD=DIFF_POD12_DCI
  IS_CLOCK=
PORT c0_ddr4_odt[0]
  DIRECTION=OUT
  PACKAGE_PIN=AG19
  IOSTANDARD=SSTL12_DCI
  IS_CLOCK=
PORT c0_ddr4_reset_n
  DIRECTION=OUT
  PACKAGE_PIN=AG16
  IOSTANDARD=LVCMOS12
  IS_CLOCK=
PORT led[0]
  DIRECTION=OUT
  PACKAGE_PIN=T22
  IOSTANDARD=LVCMOS18
  IS_CLOCK=
PORT led[1]
  DIRECTION=OUT
  PACKAGE_PIN=T23
  IOSTANDARD=LVCMOS18
  IS_CLOCK=
PORT sys_clk_n
  DIRECTION=IN
  PACKAGE_PIN=AK16
  IOSTANDARD=DIFF_HSTL_I_12
  IS_CLOCK=
PORT sys_clk_p
  DIRECTION=IN
  PACKAGE_PIN=AK17
  IOSTANDARD=DIFF_HSTL_I_12
  IS_CLOCK=
PORT sys_rst_n
  DIRECTION=IN
  PACKAGE_PIN=AC34
  IOSTANDARD=LVCMOS18
  IS_CLOCK=
