Copyright 1986-2020 Xilinx, Inc. All Rights Reserved.
---------------------------------------------------------------------------------------------------
| Tool Version : Vivado v.2020.2 (win64) Build 3064766 Wed Nov 18 09:12:45 MST 2020
| Date         : Mon Sep 21 08:11:34 2026
| Host         : LAPTOP-P4UDTRLL running 64-bit major release  (build 9200)
| Command      : report_drc -file TOP_drc_routed.rpt -pb TOP_drc_routed.pb -rpx TOP_drc_routed.rpx
| Design       : TOP
| Device       : xcku040-ffva1156-2-i
| Speed File   : -2
| Design State : Fully Routed
---------------------------------------------------------------------------------------------------

Report DRC

Table of Contents
-----------------
1. REPORT SUMMARY
2. REPORT DETAILS

1. REPORT SUMMARY
-----------------
            Netlist: netlist
          Floorplan: design_1
      Design limits: <entire design considered>
           Ruledeck: default
             Max violations: <unlimited>
             Violations found: 6
+-------------+------------------+-----------------------------------------------------+------------+
| Rule        | Severity         | Description                                         | Violations |
+-------------+------------------+-----------------------------------------------------+------------+
| NSTD-1      | Critical Warning | Unspecified I/O Standard                            | 1          |
| UCIO-1      | Critical Warning | Unconstrained Logical Port                          | 1          |
| CFGBVS-1    | Warning          | Missing CFGBVS and CONFIG_VOLTAGE Design Properties | 1          |
| REQP-1853   | Warning          | BUFGCE_DIV_cascade_from_clock_buf                   | 1          |
| RTSTAT-10   | Warning          | No routable loads                                   | 1          |
| PORTPROP-10 | Advisory         | Incorrect IOStandard on MCAP reset                  | 1          |
+-------------+------------------+-----------------------------------------------------+------------+

2. REPORT DETAILS
-----------------
NSTD-1#1 Critical Warning
Unspecified I/O Standard  
6 out of 146 logical ports use I/O standard (IOSTANDARD) value 'DEFAULT', instead of a user assigned specific value. This may cause I/O contention or incompatibility with the board power or connectivity affecting performance, signal integrity or in extreme cases cause damage to the device or the components to which it is connected. To correct this violation, specify all I/O standards. This design will fail to generate a bitstream unless all logical ports have a user specified I/O standard value defined. To allow bitstream creation with unspecified I/O standard values (not recommended), use this command: set_property SEVERITY {Warning} [get_drc_checks NSTD-1].  NOTE: When using the Vivado Runs infrastructure (e.g. launch_runs Tcl command), add this command to a .tcl file and add that file as a pre-hook for write_bitstream step for the implementation run. Problem ports: led, pcie_rst_n, sfp_rs0, sfp_rs1, sfp_tx_disable, user_lnk_up.
Related violations: <none>

UCIO-1#1 Critical Warning
Unconstrained Logical Port  
7 out of 146 logical ports have no user assigned specific location constraint (LOC). This may cause I/O contention or incompatibility with the board power or connectivity affecting performance, signal integrity or in extreme cases cause damage to the device or the components to which it is connected. To correct this violation, specify all pin locations. This design will fail to generate a bitstream unless all logical ports have a user specified site LOC constraint defined.  To allow bitstream creation with unspecified pin locations (not recommended), use this command: set_property SEVERITY {Warning} [get_drc_checks UCIO-1].  NOTE: When using the Vivado Runs infrastructure (e.g. launch_runs Tcl command), add this command to a .tcl file and add that file as a pre-hook for write_bitstream step for the implementation run.  Problem ports: led, pcie_diff_clk_n[0], pcie_diff_clk_p[0], sfp_rs0, sfp_rs1,
sfp_tx_disable, user_lnk_up.
Related violations: <none>

CFGBVS-1#1 Warning
Missing CFGBVS and CONFIG_VOLTAGE Design Properties  
Neither the CFGBVS nor CONFIG_VOLTAGE voltage property is set in the current_design.  Configuration bank voltage select (CFGBVS) must be set to VCCO or GND, and CONFIG_VOLTAGE must be set to the correct configuration voltage, in order to determine the I/O voltage support for the pins in bank 0.  It is suggested to specify these either using the 'Edit Device Properties' function in the GUI or directly in the XDC file using the following syntax:

 set_property CFGBVS value1 [current_design]
 #where value1 is either VCCO or GND

 set_property CONFIG_VOLTAGE value2 [current_design]
 #where value2 is the voltage provided to configuration bank 0

Refer to the device configuration user guide for more information.
Related violations: <none>

REQP-1853#1 Warning
BUFGCE_DIV_cascade_from_clock_buf  
Cascaded clock buffers exist in the design with constant CE pin. This may result in large clock skew and timing violations. Cell BUFGCE_DIV U_RTDS_FPGA_1G_INIT/U_BUFGCE_DIV_INIT I pin is driven by another clock buffer u_clk_gen/clk_wiz_0_inst/inst/clkout3_buf.
Related violations: <none>

RTSTAT-10#1 Warning
No routable loads  
231 net(s) have no routable loads. The problem bus(es) and/or net(s) are u_pcie/u_rtds_ddr4_backend/u_ddr4_mig/inst/u_ddr4_mem_intfc/u_ddr_cal_riu/LMB_CE_riu,
u_pcie/u_rtds_ddr4_backend/u_ddr4_mig/inst/u_ddr4_mem_intfc/u_ddr_cal_riu/LMB_UE_riu,
u_pcie/u_rtds_ddr4_backend/u_ddr4_mig/inst/u_ddr4_mem_intfc/u_ddr_cal_top/u_ddr_cal/u_xsdb_arbiter/Q[12],
u_pcie/u_rtds_ddr4_backend/u_ddr4_mig/inst/u_ddr4_mem_intfc/u_ddr_cal_top/u_ddr_cal/u_xsdb_arbiter/Q[13],
u_pcie/u_rtds_ddr4_backend/u_ddr4_mig/inst/u_ddr4_mem_intfc/u_ddr_cal_top/u_ddr_cal/u_xsdb_arbiter/Q[14],
u_pcie/u_rtds_ddr4_backend/u_ddr4_mig/inst/u_ddr4_mem_intfc/u_ddr_cal_top/u_ddr_cal/u_xsdb_arbiter/Q[15],
u_pcie/u_rtds_ddr4_backend/u_ddr4_mig/inst/u_ddr4_mem_intfc/u_phy2clb_fixdly_rdy_low/SYNC[0].sync_reg[1],
u_pcie/u_rtds_ddr4_backend/u_ddr4_mig/inst/u_ddr4_mem_intfc/u_phy2clb_fixdly_rdy_low/SYNC[1].sync_reg[1],
u_pcie/u_rtds_ddr4_backend/u_ddr4_mig/inst/u_ddr4_mem_intfc/u_phy2clb_fixdly_rdy_upp/SYNC[0].sync_reg[1],
u_pcie/u_rtds_ddr4_backend/u_ddr4_mig/inst/u_ddr4_mem_intfc/u_phy2clb_fixdly_rdy_upp/SYNC[1].sync_reg[1],
u_pcie/u_rtds_ddr4_backend/u_ddr4_mig/inst/u_ddr4_mem_intfc/u_phy2clb_phy_rdy_low/SYNC[0].sync_reg[1],
u_pcie/u_rtds_ddr4_backend/u_ddr4_mig/inst/u_ddr4_mem_intfc/u_phy2clb_phy_rdy_low/SYNC[1].sync_reg[1],
u_pcie/u_rtds_ddr4_backend/u_ddr4_mig/inst/u_ddr4_mem_intfc/u_phy2clb_phy_rdy_low/SYNC[2].sync_reg[1],
u_pcie/u_rtds_ddr4_backend/u_ddr4_mig/inst/u_ddr4_mem_intfc/u_phy2clb_phy_rdy_upp/SYNC[0].sync_reg[1],
u_pcie/u_rtds_ddr4_backend/u_ddr4_mig/inst/u_ddr4_mem_intfc/u_phy2clb_phy_rdy_upp/SYNC[1].sync_reg[1]
 (the first 15 of 184 listed).
Related violations: <none>

PORTPROP-10#1 Advisory
Incorrect IOStandard on MCAP reset  
The PCI Express reset pin pcie_rst_n is driven by an IOB with a 1.8V IO standard.  This is incompatible with the 3.3V signal that is generated by the reset pin of the PCI Express edge connector.  If this pin cannot be driven at 3.3V, your  design will require an external level shifter to convert the incoming 3.3V reset signal from the edge connector to the 1.8V at the FPGA pin.
Related violations: <none>


