
*** Running vivado
    with args -log TOP_AXI_DDR4_FULL_BIST.vds -m64 -product Vivado -mode batch -messageDb vivado.pb -notrace -source TOP_AXI_DDR4_FULL_BIST.tcl



****** Vivado v2020.2 (64-bit)
  **** SW Build 3064766 on Wed Nov 18 09:12:45 MST 2020
  **** IP Build 3064653 on Wed Nov 18 14:17:31 MST 2020
    ** Copyright 1986-2020 Xilinx, Inc. All Rights Reserved.

source TOP_AXI_DDR4_FULL_BIST.tcl -notrace
Command: synth_design -top TOP_AXI_DDR4_FULL_BIST -part xcku040-ffva1156-2-i
Starting synth_design
Attempting to get a license for feature 'Synthesis' and/or device 'xcku040'
INFO: [Common 17-349] Got license for feature 'Synthesis' and/or device 'xcku040'
INFO: [Device 21-403] Loading part xcku040-ffva1156-2-i
INFO: [Synth 8-7079] Multithreading enabled for synth_design using a maximum of 2 processes.
INFO: [Synth 8-7078] Launching helper process for spawning children vivado processes
INFO: [Synth 8-7075] Helper process launched with PID 13248
---------------------------------------------------------------------------------
Starting RTL Elaboration : Time (s): cpu = 00:00:04 ; elapsed = 00:00:04 . Memory (MB): peak = 1442.082 ; gain = 255.504
---------------------------------------------------------------------------------
	Parameter AUTO_START bound to: 1 - type: integer 
	Parameter AXI_ADDR_WIDTH bound to: 32 - type: integer 
	Parameter AXI_DATA_WIDTH bound to: 64 - type: integer 
	Parameter AXI_ID_WIDTH bound to: 4 - type: integer 
	Parameter ADDR_WIDTH bound to: 32 - type: integer 
	Parameter DATA_WIDTH bound to: 64 - type: integer 
	Parameter ID_WIDTH bound to: 4 - type: integer 
	Parameter FULL_SPACE_LIMIT bound to: 33'b100000000000000000000000000000000 
	Parameter SMOKE_BURST_COUNT bound to: 256 - type: integer 
	Parameter STRESS_BURST_COUNT bound to: 33554432 - type: integer 
	Parameter HOLD_CYCLES bound to: 64'b0000000000000000000000000010100111101000110101100000100000000000 
	Parameter TIMEOUT_CYCLES bound to: 30000000 - type: integer 
	Parameter BYTE_LANES bound to: 8 - type: integer 
	Parameter BURST_BEATS_MINUS_ONE bound to: 8'b00001111 
	Parameter BURST_BYTES bound to: 33'b000000000000000000000000010000000 
	Parameter BIST_IDLE bound to: 4'b0000 
	Parameter BIST_PREPARE bound to: 4'b0001 
	Parameter BIST_WRITE_DATA bound to: 4'b0010 
	Parameter BIST_WRITE_RESP bound to: 4'b0011 
	Parameter BIST_READ_ADDR bound to: 4'b0100 
	Parameter BIST_READ_DATA bound to: 4'b0101 
	Parameter BIST_HOLD bound to: 4'b0110 
	Parameter BIST_DONE bound to: 4'b0111 
	Parameter BIST_READ_CHECK bound to: 4'b1000 
	Parameter BIST_WRITE_FIRST bound to: 4'b1001 
---------------------------------------------------------------------------------
Finished RTL Elaboration : Time (s): cpu = 00:00:05 ; elapsed = 00:00:05 . Memory (MB): peak = 1516.590 ; gain = 330.012
---------------------------------------------------------------------------------
---------------------------------------------------------------------------------
Start Handling Custom Attributes
---------------------------------------------------------------------------------
---------------------------------------------------------------------------------
Finished Handling Custom Attributes : Time (s): cpu = 00:00:06 ; elapsed = 00:00:06 . Memory (MB): peak = 1534.512 ; gain = 347.934
---------------------------------------------------------------------------------
---------------------------------------------------------------------------------
Finished RTL Optimization Phase 1 : Time (s): cpu = 00:00:06 ; elapsed = 00:00:06 . Memory (MB): peak = 1534.512 ; gain = 347.934
---------------------------------------------------------------------------------
Netlist sorting complete. Time (s): cpu = 00:00:00 ; elapsed = 00:00:00.042 . Memory (MB): peak = 1534.512 ; gain = 0.000
INFO: [Project 1-570] Preparing netlist for logic optimization

Processing XDC Constraints
Initializing timing engine
Resolution: To avoid this warning, move constraints listed in [.Xil/TOP_AXI_DDR4_FULL_BIST_propImpl.xdc] to another XDC file and exclude this new file from synthesis with the used_in_synthesis property (File Properties dialog in GUI) and re-run elaboration/synthesis.
Completed Processing XDC Constraints

Netlist sorting complete. Time (s): cpu = 00:00:00 ; elapsed = 00:00:00.001 . Memory (MB): peak = 1643.523 ; gain = 0.000
INFO: [Project 1-111] Unisim Transformation Summary:
No Unisim elements were transformed.

Constraint Validation Runtime : Time (s): cpu = 00:00:00 ; elapsed = 00:00:00.017 . Memory (MB): peak = 1643.523 ; gain = 0.000
WARNING: [Timing 38-316] Clock period '10.000' specified during out-of-context synthesis of instance 'U_ILA_BIST_STATUS' at clock pin 'clk' is different from the actual clock period '3.332', this can lead to different synthesis results.
WARNING: [Timing 38-316] Clock period '10.000' specified during out-of-context synthesis of instance 'U_VIO_BIST_CTRL' at clock pin 'clk' is different from the actual clock period '3.332', this can lead to different synthesis results.
---------------------------------------------------------------------------------
Finished Constraint Validation : Time (s): cpu = 00:00:11 ; elapsed = 00:00:12 . Memory (MB): peak = 1643.523 ; gain = 456.945
---------------------------------------------------------------------------------
---------------------------------------------------------------------------------
Start Loading Part and Timing Information
---------------------------------------------------------------------------------
Loading part: xcku040-ffva1156-2-i
INFO: [Synth 8-6742] Reading net delay rules and data
---------------------------------------------------------------------------------
Finished Loading Part and Timing Information : Time (s): cpu = 00:00:11 ; elapsed = 00:00:12 . Memory (MB): peak = 1643.523 ; gain = 456.945
---------------------------------------------------------------------------------
---------------------------------------------------------------------------------
Start Applying 'set_property' XDC Constraints
---------------------------------------------------------------------------------
Applied set_property KEEP_HIERARCHY = SOFT for U_VIO_BIST_CTRL. (constraint file  auto generated constraint).
Applied set_property KEEP_HIERARCHY = SOFT for U_DDR4_AXI_0. (constraint file  auto generated constraint).
Applied set_property KEEP_HIERARCHY = SOFT for U_ILA_BIST_STATUS. (constraint file  auto generated constraint).
---------------------------------------------------------------------------------
Finished applying 'set_property' XDC Constraints : Time (s): cpu = 00:00:11 ; elapsed = 00:00:12 . Memory (MB): peak = 1643.523 ; gain = 456.945
---------------------------------------------------------------------------------
---------------------------------------------------------------------------------
Finished RTL Optimization Phase 2 : Time (s): cpu = 00:00:12 ; elapsed = 00:00:13 . Memory (MB): peak = 1643.523 ; gain = 456.945
---------------------------------------------------------------------------------
---------------------------------------------------------------------------------
Start RTL Component Statistics 
---------------------------------------------------------------------------------
Detailed RTL Component Info : 
+---Adders : 
	   2 Input   64 Bit       Adders := 2     
	   2 Input   33 Bit       Adders := 3     
	   2 Input   32 Bit       Adders := 7     
	   2 Input   11 Bit       Adders := 1     
	   2 Input    9 Bit       Adders := 3     
	   2 Input    8 Bit       Adders := 1     
	   2 Input    6 Bit       Adders := 1     
	   2 Input    5 Bit       Adders := 1     
+---XORs : 
	   2 Input     64 Bit         XORs := 20    
	   2 Input     32 Bit         XORs := 4     
+---Registers : 
	               64 Bit    Registers := 9     
	               33 Bit    Registers := 2     
	               32 Bit    Registers := 6     
	               16 Bit    Registers := 1     
	                9 Bit    Registers := 1     
	                8 Bit    Registers := 1     
	                5 Bit    Registers := 1     
	                4 Bit    Registers := 2     
	                3 Bit    Registers := 1     
	                2 Bit    Registers := 2     
	                1 Bit    Registers := 20    
+---Muxes : 
	  11 Input   64 Bit        Muxes := 5     
	   2 Input   64 Bit        Muxes := 18    
	   4 Input   64 Bit        Muxes := 2     
	   2 Input   33 Bit        Muxes := 1     
	   3 Input   33 Bit        Muxes := 1     
	  11 Input   33 Bit        Muxes := 2     
	   4 Input   32 Bit        Muxes := 2     
	  11 Input   32 Bit        Muxes := 3     
	   6 Input   32 Bit        Muxes := 1     
	   2 Input   32 Bit        Muxes := 2     
	   3 Input   32 Bit        Muxes := 1     
	   8 Input   26 Bit        Muxes := 1     
	   7 Input   16 Bit        Muxes := 1     
	   2 Input   16 Bit        Muxes := 1     
	  11 Input    9 Bit        Muxes := 1     
	   2 Input    9 Bit        Muxes := 2     
	   2 Input    8 Bit        Muxes := 8     
	  11 Input    5 Bit        Muxes := 1     
	   2 Input    4 Bit        Muxes := 5     
	  11 Input    4 Bit        Muxes := 1     
	   3 Input    3 Bit        Muxes := 1     
	   5 Input    3 Bit        Muxes := 1     
	   2 Input    1 Bit        Muxes := 33    
	  11 Input    1 Bit        Muxes := 39    
	   3 Input    1 Bit        Muxes := 1     
---------------------------------------------------------------------------------
Finished RTL Component Statistics 
---------------------------------------------------------------------------------
---------------------------------------------------------------------------------
Start Part Resource Summary
---------------------------------------------------------------------------------
Part Resources:
DSPs: 1920 (col length:120)
BRAMs: 1200 (col length: RAMB18 120 RAMB36 60)
---------------------------------------------------------------------------------
Finished Part Resource Summary
---------------------------------------------------------------------------------
---------------------------------------------------------------------------------
Start Cross Boundary and Area Optimization
---------------------------------------------------------------------------------
---------------------------------------------------------------------------------
Finished Cross Boundary and Area Optimization : Time (s): cpu = 00:00:22 ; elapsed = 00:00:23 . Memory (MB): peak = 1643.523 ; gain = 456.945
---------------------------------------------------------------------------------
---------------------------------------------------------------------------------
Start ROM, RAM, DSP, Shift Register and Retiming Reporting
---------------------------------------------------------------------------------

ROM: Preliminary Mapping	Report
+------------------+----------------+---------------+----------------+
|Module Name       | RTL Object     | Depth x Width | Implemented As | 
+------------------+----------------+---------------+----------------+
|AXI_DDR_FULL_BIST | progress_value | 32x14         | LUT            | 
|AXI_DDR_FULL_BIST | progress_value | 32x14         | LUT            | 
+------------------+----------------+---------------+----------------+

---------------------------------------------------------------------------------
Finished ROM, RAM, DSP, Shift Register and Retiming Reporting
---------------------------------------------------------------------------------
---------------------------------------------------------------------------------
Start Applying XDC Timing Constraints
---------------------------------------------------------------------------------
---------------------------------------------------------------------------------
Finished Applying XDC Timing Constraints : Time (s): cpu = 00:00:29 ; elapsed = 00:00:31 . Memory (MB): peak = 1723.930 ; gain = 537.352
---------------------------------------------------------------------------------
---------------------------------------------------------------------------------
Start Timing Optimization
---------------------------------------------------------------------------------
---------------------------------------------------------------------------------
Finished Timing Optimization : Time (s): cpu = 00:00:39 ; elapsed = 00:00:42 . Memory (MB): peak = 1918.988 ; gain = 732.410
---------------------------------------------------------------------------------
---------------------------------------------------------------------------------
Start Technology Mapping
---------------------------------------------------------------------------------
---------------------------------------------------------------------------------
Finished Technology Mapping : Time (s): cpu = 00:00:41 ; elapsed = 00:00:44 . Memory (MB): peak = 1928.051 ; gain = 741.473
---------------------------------------------------------------------------------
---------------------------------------------------------------------------------
Start IO Insertion
---------------------------------------------------------------------------------
---------------------------------------------------------------------------------
Start Flattening Before IO Insertion
---------------------------------------------------------------------------------
---------------------------------------------------------------------------------
Finished Flattening Before IO Insertion
---------------------------------------------------------------------------------
---------------------------------------------------------------------------------
Start Final Netlist Cleanup
---------------------------------------------------------------------------------
---------------------------------------------------------------------------------
Finished Final Netlist Cleanup
---------------------------------------------------------------------------------
---------------------------------------------------------------------------------
Finished IO Insertion : Time (s): cpu = 00:00:44 ; elapsed = 00:00:47 . Memory (MB): peak = 1928.051 ; gain = 741.473
---------------------------------------------------------------------------------
---------------------------------------------------------------------------------
Start Renaming Generated Instances
---------------------------------------------------------------------------------
---------------------------------------------------------------------------------
Finished Renaming Generated Instances : Time (s): cpu = 00:00:44 ; elapsed = 00:00:47 . Memory (MB): peak = 1928.051 ; gain = 741.473
---------------------------------------------------------------------------------
---------------------------------------------------------------------------------
Start Rebuilding User Hierarchy
---------------------------------------------------------------------------------
---------------------------------------------------------------------------------
Finished Rebuilding User Hierarchy : Time (s): cpu = 00:00:44 ; elapsed = 00:00:47 . Memory (MB): peak = 1928.051 ; gain = 741.473
---------------------------------------------------------------------------------
---------------------------------------------------------------------------------
Start Renaming Generated Ports
---------------------------------------------------------------------------------
---------------------------------------------------------------------------------
Finished Renaming Generated Ports : Time (s): cpu = 00:00:44 ; elapsed = 00:00:47 . Memory (MB): peak = 1928.051 ; gain = 741.473
---------------------------------------------------------------------------------
---------------------------------------------------------------------------------
Start Handling Custom Attributes
---------------------------------------------------------------------------------
---------------------------------------------------------------------------------
Finished Handling Custom Attributes : Time (s): cpu = 00:00:44 ; elapsed = 00:00:47 . Memory (MB): peak = 1928.051 ; gain = 741.473
---------------------------------------------------------------------------------
---------------------------------------------------------------------------------
Start Renaming Generated Nets
---------------------------------------------------------------------------------
---------------------------------------------------------------------------------
Finished Renaming Generated Nets : Time (s): cpu = 00:00:44 ; elapsed = 00:00:47 . Memory (MB): peak = 1928.051 ; gain = 741.473
---------------------------------------------------------------------------------
---------------------------------------------------------------------------------
Start Writing Synthesis Report
---------------------------------------------------------------------------------

Report BlackBoxes: 
+------+----------------+----------+
|      |BlackBox name   |Instances |
+------+----------------+----------+
|1     |vio_bist_ctrl   |         1|
|2     |ila_bist_status |         1|
|3     |ddr4_axi_0      |         1|
+------+----------------+----------+

Report Cell Usage: 
+------+----------------+------+
|      |Cell            |Count |
+------+----------------+------+
|1     |ddr4_axi        |     1|
|2     |ila_bist_status |     1|
|3     |vio_bist_ctrl   |     1|
|4     |CARRY8          |    67|
|5     |LUT1            |    30|
|6     |LUT2            |   254|
|7     |LUT3            |   190|
|8     |LUT4            |   233|
|9     |LUT5            |   287|
|10    |LUT6            |   864|
|11    |MUXF7           |     2|
|12    |FDRE            |   988|
|13    |FDSE            |     1|
|14    |IBUF            |     1|
|15    |OBUF            |     2|
+------+----------------+------+
---------------------------------------------------------------------------------
Finished Writing Synthesis Report : Time (s): cpu = 00:00:44 ; elapsed = 00:00:47 . Memory (MB): peak = 1928.051 ; gain = 741.473
---------------------------------------------------------------------------------
Synthesis finished with 0 errors, 0 critical warnings and 0 warnings.
Synthesis Optimization Runtime : Time (s): cpu = 00:00:37 ; elapsed = 00:00:46 . Memory (MB): peak = 1928.051 ; gain = 632.461
Synthesis Optimization Complete : Time (s): cpu = 00:00:44 ; elapsed = 00:00:47 . Memory (MB): peak = 1928.051 ; gain = 741.473
INFO: [Project 1-571] Translating synthesized netlist
Netlist sorting complete. Time (s): cpu = 00:00:00 ; elapsed = 00:00:00.034 . Memory (MB): peak = 1939.941 ; gain = 0.000
INFO: [Netlist 29-17] Analyzing 70 Unisim elements for replacement
INFO: [Netlist 29-28] Unisim Transformation completed in 0 CPU seconds
WARNING: [Netlist 29-101] Netlist 'TOP_AXI_DDR4_FULL_BIST' is not ideal for floorplanning, since the cellview 'AXI_DDR_FULL_BIST' contains a large number of primitives.  Please consider enabling hierarchy in synthesis if you want to do floorplanning.
INFO: [Project 1-570] Preparing netlist for logic optimization
INFO: [Opt 31-138] Pushed 0 inverter(s) to 0 load pin(s).
Netlist sorting complete. Time (s): cpu = 00:00:00 ; elapsed = 00:00:00 . Memory (MB): peak = 1947.535 ; gain = 0.000
INFO: [Project 1-111] Unisim Transformation Summary:
  A total of 1 instances were transformed.
  IBUF => IBUF (IBUFCTRL, INBUF): 1 instance 

INFO: [Common 17-83] Releasing license: Synthesis
30 Infos, 4 Warnings, 0 Critical Warnings and 0 Errors encountered.
synth_design completed successfully
synth_design: Time (s): cpu = 00:00:49 ; elapsed = 00:01:11 . Memory (MB): peak = 1947.535 ; gain = 839.996
INFO: [runtcl-4] Executing : report_utilization -file TOP_AXI_DDR4_FULL_BIST_utilization_synth.rpt -pb TOP_AXI_DDR4_FULL_BIST_utilization_synth.pb
INFO: [Common 17-206] Exiting Vivado at Wed Sep 16 09:24:43 2026...
